Information: Propagating switching activity (low effort zero delay simulation). (PWR-6)
Warning: Design has unannotated primary inputs. (PWR-414)
Warning: Design has unannotated sequential cell outputs. (PWR-415)
 
****************************************
Report : power
        -hier
        -analysis_effort low
Design : tinytpu_isa
Version: W-2024.09
Date   : Tue Sep 22 11:50:21 2026
****************************************


Library(s) Used:

    NangateOpenCellLibrary (File: /scratch/users/sk3463/builds/tinytpu-t8/4-synopsys-dc-synthesis/inputs/adk/stdcells.db)


Operating Conditions: typical   Library: NangateOpenCellLibrary
Wire Load Model Mode: Inactive.


Global Operating Voltage = 1.1  
Power-specific unit information :
    Voltage Units = 1V
    Capacitance Units = 1.000000ff
    Time Units = 1ns
    Dynamic Power Units = 1uW    (derived from V,C,T units)
    Leakage Power Units = 1nW


--------------------------------------------------------------------------------
                                       Switch   Int      Leak     Total
Hierarchy                              Power    Power    Power    Power    %
--------------------------------------------------------------------------------
tinytpu_isa                            1.26e+04 6.27e+04 4.25e+07 1.18e+05 100.0
  v5978_c_U (tinytpu_isa_fifo_w64_d22_A)   35.246  201.983 1.31e+05  368.251   0.3
  accu_0_U0 (tinytpu_isa_accu_0)         65.038  563.146 3.36e+06 3.99e+03   3.4
  vru_0_U0 (tinytpu_isa_vru_0)           25.609 1.04e+03 3.06e+06 4.12e+03   3.5
  spm_0_U0 (tinytpu_isa_spm_0)           34.176 1.08e+03 3.06e+06 4.17e+03   3.5
  dma_ld_0_1_U0 (tinytpu_isa_dma_ld_0_1)  734.331 4.98e+03 6.25e+06 1.20e+04  10.2
  sequencer_0_1_U0 (tinytpu_isa_sequencer_0_1)  291.031 1.38e+03 5.79e+05 2.25e+03   1.9
  gmem3_m_axi_U (tinytpu_isa_gmem3_m_axi_CONSERVATIVE1_NUM_READ_OUTSTANDING16_NUM_WRITE_OUTSTANDING16_MAX_READ_BURST_LENGTH16_MAX_WRITE_BURST_LENGTH16_C_M_AXI_ID_WIDTH1_C_M_AXI_ADDR_WIDTH64_C_M_AXI_DATA_WIDTH64_C_M_AXI_AWUSER_WIDTH1_C_M_AXI_ARUSER_WIDTH1_C_M_AXI_WUSER_WIDTH1_C_M_AXI_RUSER_WIDTH1_C_M_AXI_BUSER_WIDTH1_C_USER_VALUE0_C_PROT_VALUE0_C_CACHE_VALUE3_USER_DW64_USER_AW64_USER_MAXREQS4_USER_RFIFONUM_WIDTH9)  212.631 1.19e+03 4.77e+05 1.88e+03   1.6
  gmem2_m_axi_U (tinytpu_isa_gmem2_m_axi_CONSERVATIVE1_NUM_READ_OUTSTANDING16_NUM_WRITE_OUTSTANDING16_MAX_READ_BURST_LENGTH16_MAX_WRITE_BURST_LENGTH16_C_M_AXI_ID_WIDTH1_C_M_AXI_ADDR_WIDTH64_C_M_AXI_DATA_WIDTH64_C_M_AXI_AWUSER_WIDTH1_C_M_AXI_ARUSER_WIDTH1_C_M_AXI_WUSER_WIDTH1_C_M_AXI_RUSER_WIDTH1_C_M_AXI_BUSER_WIDTH1_C_USER_VALUE0_C_PROT_VALUE0_C_CACHE_VALUE3_USER_DW64_USER_AW64_USER_MAXREQS7_USER_RFIFONUM_WIDTH9)  493.158 2.32e+03 1.77e+06 4.59e+03   3.9
  gmem1_m_axi_U (tinytpu_isa_gmem1_m_axi_CONSERVATIVE1_NUM_READ_OUTSTANDING16_NUM_WRITE_OUTSTANDING16_MAX_READ_BURST_LENGTH16_MAX_WRITE_BURST_LENGTH16_C_M_AXI_ID_WIDTH1_C_M_AXI_ADDR_WIDTH64_C_M_AXI_DATA_WIDTH64_C_M_AXI_AWUSER_WIDTH1_C_M_AXI_ARUSER_WIDTH1_C_M_AXI_WUSER_WIDTH1_C_M_AXI_RUSER_WIDTH1_C_M_AXI_BUSER_WIDTH1_C_USER_VALUE0_C_PROT_VALUE0_C_CACHE_VALUE3_USER_DW64_USER_AW64_USER_MAXREQS7_USER_RFIFONUM_WIDTH9)  503.122 2.29e+03 1.78e+06 4.57e+03   3.9
  gmem0_m_axi_U (tinytpu_isa_gmem0_m_axi_CONSERVATIVE1_NUM_READ_OUTSTANDING16_NUM_WRITE_OUTSTANDING16_MAX_READ_BURST_LENGTH16_MAX_WRITE_BURST_LENGTH16_C_M_AXI_ID_WIDTH1_C_M_AXI_ADDR_WIDTH64_C_M_AXI_DATA_WIDTH512_C_M_AXI_AWUSER_WIDTH1_C_M_AXI_ARUSER_WIDTH1_C_M_AXI_WUSER_WIDTH1_C_M_AXI_RUSER_WIDTH1_C_M_AXI_BUSER_WIDTH1_C_USER_VALUE0_C_PROT_VALUE0_C_CACHE_VALUE3_USER_DW512_USER_AW64_USER_MAXREQS7_USER_RFIFONUM_WIDTH9) 3.81e+03 1.02e+04 1.22e+07 2.62e+04  22.2
1
