 
****************************************
Report : area
Design : top
Version: W-2024.09
Date   : Thu Oct  8 10:58:59 2026
****************************************

Information: Updating design information... (UID-85)
Library(s) Used:

    NangateOpenCellLibrary (File: /scratch/users/sk3463/build_T4_MAXDIM16_shipped_baseline/1-freepdk-45nm/view-standard/stdcells.db)

Number of ports:                          987
Number of nets:                          2354
Number of cells:                         2205
Number of combinational cells:           1383
Number of sequential cells:               332
Number of macros/black boxes:               0
Number of buf/inv:                        647
Number of references:                      27

Combinational area:               1194.074003
Buf/Inv area:                      354.578002
Noncombinational area:            1759.590056
Macro/Black Box area:                0.000000
Net Interconnect area:      undefined  (Wire load has zero net area)

Total cell area:                  2953.664060
Total area:                 undefined
1
