Warning: Layer 'metal1' is missing the optional 'edge capacitance' attribute. (PSYN-101)
Warning: Layer 'metal2' is missing the optional 'edge capacitance' attribute. (PSYN-101)
Warning: Layer 'metal3' is missing the optional 'edge capacitance' attribute. (PSYN-101)
Warning: Layer 'metal4' is missing the optional 'edge capacitance' attribute. (PSYN-101)
Warning: Layer 'metal5' is missing the optional 'edge capacitance' attribute. (PSYN-101)
Warning: Layer 'metal6' is missing the optional 'edge capacitance' attribute. (PSYN-101)
Warning: Layer 'metal7' is missing the optional 'edge capacitance' attribute. (PSYN-101)
Warning: Layer 'metal8' is missing the optional 'edge capacitance' attribute. (PSYN-101)
Warning: Layer 'metal9' is missing the optional 'edge capacitance' attribute. (PSYN-101)
Warning: Layer 'metal10' is missing the optional 'edge capacitance' attribute. (PSYN-101)
 
****************************************
Report : area
Design : tinytpu_isa
Version: W-2024.09
Date   : Thu Sep 24 07:48:48 2026
****************************************

Library(s) Used:

    NangateOpenCellLibrary (File: /scratch/users/sk3463/builds/t8-qd16-logic/4-synopsys-dc-synthesis/inputs/adk/stdcells.db)

Number of ports:                        27210
Number of nets:                        810471
Number of cells:                       786062
Number of combinational cells:         380716
Number of sequential cells:            400530
Number of macros/black boxes:               0
Number of buf/inv:                      61912
Number of references:                    1176

Combinational area:             463055.203344
Buf/Inv area:                    43308.523341
Noncombinational area:         1809516.804868
Macro/Black Box area:                0.000000
Net Interconnect area:      undefined  (Wire load has zero net area)

Total cell area:               2272572.008212
Total area:                 undefined

