 
****************************************
Report : qor
Design : tinytpu_isa
Version: W-2024.09
Date   : Thu Sep 24 06:38:33 2026
****************************************


  Timing Path Group 'FEEDTHROUGH'
  -----------------------------------
  Levels of Logic:               7.00
  Critical Path Length:          0.45
  Critical Path Slack:           1.21
  Critical Path Clk Period:      3.33
  Total Negative Slack:          0.00
  No. of Violating Paths:        0.00
  Worst Hold Violation:          0.00
  Total Hold Violation:          0.00
  No. of Hold Violations:        0.00
  -----------------------------------

  Timing Path Group 'REGIN'
  -----------------------------------
  Levels of Logic:               7.00
  Critical Path Length:          1.11
  Critical Path Slack:           0.51
  Critical Path Clk Period:      3.33
  Total Negative Slack:          0.00
  No. of Violating Paths:        0.00
  Worst Hold Violation:          0.00
  Total Hold Violation:          0.00
  No. of Hold Violations:        0.00
  -----------------------------------

  Timing Path Group 'REGOUT'
  -----------------------------------
  Levels of Logic:               8.00
  Critical Path Length:          1.04
  Critical Path Slack:           2.29
  Critical Path Clk Period:      3.33
  Total Negative Slack:          0.00
  No. of Violating Paths:        0.00
  Worst Hold Violation:          0.00
  Total Hold Violation:          0.00
  No. of Hold Violations:        0.00
  -----------------------------------

  Timing Path Group 'ideal_clock'
  -----------------------------------
  Levels of Logic:              61.00
  Critical Path Length:          3.12
  Critical Path Slack:           0.17
  Critical Path Clk Period:      3.33
  Total Negative Slack:          0.00
  No. of Violating Paths:        0.00
  Worst Hold Violation:          0.00
  Total Hold Violation:          0.00
  No. of Hold Violations:        0.00
  -----------------------------------


  Cell Count
  -----------------------------------
  Hierarchical Cell Count:       4410
  Hierarchical Port Count:      29745
  Leaf Cell Count:             965430
  Buf/Inv Cell Count:           75151
  Buf Cell Count:               49919
  Inv Cell Count:               25232
  CT Buf/Inv Cell Count:            0
  Combinational Cell Count:    463004
  Sequential Cell Count:       502426
  Macro Count:                      0
  -----------------------------------


  Area
  -----------------------------------
  Combinational Area:   563836.753901
  Noncombinational Area:
                       2269707.162358
  Buf/Inv Area:          53870.851075
  Total Buffer Area:         40444.50
  Total Inverter Area:       13426.35
  Macro/Black Box Area:      0.000000
  Net Area:                  0.000000
  Net XLength        :    11591583.00
  Net YLength        :    13115313.00
  -----------------------------------
  Cell Area:           2833543.916259
  Design Area:         2833543.916259
  Net Length        :     24706896.00


  Design Rules
  -----------------------------------
  Total Number of Nets:        975027
  Nets With Violations:           213
  Max Trans Violations:             0
  Max Cap Violations:             213
  -----------------------------------


  Hostname: zhang-21.ece.cornell.edu

  Compile CPU Statistics
  -----------------------------------------
  Resource Sharing:                  392.43
  Logic Optimization:               1117.99
  Mapping Optimization:             1808.78
  -----------------------------------------
  Overall Compile Time:             8408.43
  Overall Compile Wall Clock Time:  4518.46

  --------------------------------------------------------------------

  Design  WNS: 0.00  TNS: 0.00  Number of Violating Paths: 0


  Design (Hold)  WNS: 0.00  TNS: 0.00  Number of Violating Paths: 0

  --------------------------------------------------------------------


1
