

================================================================
== Vitis HLS Report for 'tinytpu_isa'
================================================================
* Date:           Tue Sep 22 03:36:52 2026

* Version:        2023.2 (Build 4023990 on Oct 11 2023)
* Project:        out.prj
* Solution:       solution1 (Vivado IP Flow Target)
* Product family: virtexuplusHBM
* Target device:  xcu280-fsvh2892-2L-e


================================================================
== Performance Estimates
================================================================
+ Timing: 
    * Summary: 
    +--------+---------+----------+------------+
    |  Clock |  Target | Estimated| Uncertainty|
    +--------+---------+----------+------------+
    |ap_clk  |  3.33 ns|  2.431 ns|     0.90 ns|
    +--------+---------+----------+------------+

+ Latency: 
    * Summary: 
    +---------+---------+----------+----------+-----+-----+----------+
    |  Latency (cycles) |  Latency (absolute) |  Interval | Pipeline |
    |   min   |   max   |    min   |    max   | min | max |   Type   |
    +---------+---------+----------+----------+-----+-----+----------+
    |        ?|        ?|         ?|         ?|    ?|    ?|  dataflow|
    +---------+---------+----------+----------+-----+-----+----------+

    + Detail: 
        * Instance: 
        +------------------+---------------+---------+---------+-----------+----------+-----+--------+---------+
        |                  |               |  Latency (cycles) |  Latency (absolute)  |   Interval   | Pipeline|
        |     Instance     |     Module    |   min   |   max   |    min    |    max   | min |   max  |   Type  |
        +------------------+---------------+---------+---------+-----------+----------+-----+--------+---------+
        |entry_proc_U0     |entry_proc     |        0|        0|       0 ns|      0 ns|    0|       0|       no|
        |sequencer_0_1_U0  |sequencer_0_1  |        ?|        ?|          ?|         ?|    ?|       ?|       no|
        |dma_ld_0_1_U0     |dma_ld_0_1     |        ?|        ?|          ?|         ?|    ?|       ?|       no|
        |spm_0_U0          |spm_0          |        5|    65544|  16.650 ns|  0.218 ms|    5|   65544|       no|
        |vru_0_U0          |vru_0          |        4|    65543|  13.320 ns|  0.218 ms|    4|   65543|       no|
        |wld_0_0_U0        |wld_0_0        |        4|   327679|  13.320 ns|  1.091 ms|    4|  327679|       no|
        |wld_0_1_U0        |wld_0_1        |        4|   131074|  13.320 ns|  0.436 ms|    4|  131074|       no|
        |wld_1_0_U0        |wld_1_0        |        4|   262144|  13.320 ns|  0.873 ms|    4|  262144|       no|
        |pe_0_0_U0         |pe_0_0         |        4|    65541|  13.320 ns|  0.218 ms|    4|   65541|       no|
        |wld_0_2_U0        |wld_0_2        |        4|   131074|  13.320 ns|  0.436 ms|    4|  131074|       no|
        |wld_1_1_U0        |wld_1_1        |        4|   131074|  13.320 ns|  0.436 ms|    4|  131074|       no|
        |wld_2_0_U0        |wld_2_0        |        4|   196609|  13.320 ns|  0.655 ms|    4|  196609|       no|
        |pe_0_1_U0         |pe_0_1         |        4|    65541|  13.320 ns|  0.218 ms|    4|   65541|       no|
        |pe_1_0_U0         |pe_1_0         |        4|    65543|  13.320 ns|  0.218 ms|    4|   65543|       no|
        |wld_0_3_U0        |wld_0_3        |        4|   131074|  13.320 ns|  0.436 ms|    4|  131074|       no|
        |wld_1_2_U0        |wld_1_2        |        4|   131074|  13.320 ns|  0.436 ms|    4|  131074|       no|
        |wld_2_1_U0        |wld_2_1        |        4|   131074|  13.320 ns|  0.436 ms|    4|  131074|       no|
        |wld_3_0_U0        |wld_3_0        |        4|   131074|  13.320 ns|  0.436 ms|    4|  131074|       no|
        |pe_0_2_U0         |pe_0_2         |        4|    65541|  13.320 ns|  0.218 ms|    4|   65541|       no|
        |pe_1_1_U0         |pe_1_1         |        4|    65543|  13.320 ns|  0.218 ms|    4|   65543|       no|
        |pe_2_0_U0         |pe_2_0         |        4|    65543|  13.320 ns|  0.218 ms|    4|   65543|       no|
        |wld_1_3_U0        |wld_1_3        |        4|   131074|  13.320 ns|  0.436 ms|    4|  131074|       no|
        |wld_2_2_U0        |wld_2_2        |        4|   131074|  13.320 ns|  0.436 ms|    4|  131074|       no|
        |wld_3_1_U0        |wld_3_1        |        4|   131074|  13.320 ns|  0.436 ms|    4|  131074|       no|
        |pe_0_3_U0         |pe_0_3         |        4|    65541|  13.320 ns|  0.218 ms|    4|   65541|       no|
        |pe_1_2_U0         |pe_1_2         |        4|    65543|  13.320 ns|  0.218 ms|    4|   65543|       no|
        |pe_2_1_U0         |pe_2_1         |        4|    65543|  13.320 ns|  0.218 ms|    4|   65543|       no|
        |pe_3_0_U0         |pe_3_0         |        4|    65543|  13.320 ns|  0.218 ms|    4|   65543|       no|
        |wld_2_3_U0        |wld_2_3        |        4|   131074|  13.320 ns|  0.436 ms|    4|  131074|       no|
        |wld_3_2_U0        |wld_3_2        |        4|   131074|  13.320 ns|  0.436 ms|    4|  131074|       no|
        |pe_1_3_U0         |pe_1_3         |        4|    65543|  13.320 ns|  0.218 ms|    4|   65543|       no|
        |pe_2_2_U0         |pe_2_2         |        4|    65543|  13.320 ns|  0.218 ms|    4|   65543|       no|
        |pe_3_1_U0         |pe_3_1         |        4|    65543|  13.320 ns|  0.218 ms|    4|   65543|       no|
        |wld_3_3_U0        |wld_3_3        |        4|   131074|  13.320 ns|  0.436 ms|    4|  131074|       no|
        |pe_2_3_U0         |pe_2_3         |        4|    65543|  13.320 ns|  0.218 ms|    4|   65543|       no|
        |pe_3_2_U0         |pe_3_2         |        4|    65543|  13.320 ns|  0.218 ms|    4|   65543|       no|
        |pe_3_3_U0         |pe_3_3         |        4|    65543|  13.320 ns|  0.218 ms|    4|   65543|       no|
        |accu_0_U0         |accu_0         |        4|    65543|  13.320 ns|  0.218 ms|    4|   65543|       no|
        |dma_st_0_1_U0     |dma_st_0_1     |        4|    65647|  13.320 ns|  0.219 ms|    4|   65647|       no|
        +------------------+---------------+---------+---------+-----------+----------+-----+--------+---------+

        * Loop: 
        N/A



================================================================
== Utilization Estimates
================================================================
* Summary: 
+---------------------+---------+------+---------+---------+-----+
|         Name        | BRAM_18K|  DSP |    FF   |   LUT   | URAM|
+---------------------+---------+------+---------+---------+-----+
|DSP                  |        -|     -|        -|        -|    -|
|Expression           |        -|     -|        0|       30|    -|
|FIFO                 |        -|     -|      438|     2316|    -|
|Instance             |      116|    14|    23956|    30046|    0|
|Memory               |        -|     -|        -|        -|    -|
|Multiplexer          |        -|     -|        -|       27|    -|
|Register             |        -|     -|        3|        -|    -|
+---------------------+---------+------+---------+---------+-----+
|Total                |      116|    14|    24397|    32419|    0|
+---------------------+---------+------+---------+---------+-----+
|Available SLR        |     1344|  3008|   869120|   434560|  320|
+---------------------+---------+------+---------+---------+-----+
|Utilization SLR (%)  |        8|    ~0|        2|        7|    0|
+---------------------+---------+------+---------+---------+-----+
|Available            |     4032|  9024|  2607360|  1303680|  960|
+---------------------+---------+------+---------+---------+-----+
|Utilization (%)      |        2|    ~0|       ~0|        2|    0|
+---------------------+---------+------+---------+---------+-----+

+ Detail: 
    * Instance: 
    +------------------+---------------+---------+----+------+------+-----+
    |     Instance     |     Module    | BRAM_18K| DSP|  FF  |  LUT | URAM|
    +------------------+---------------+---------+----+------+------+-----+
    |accu_0_U0         |accu_0         |        4|   0|  1748|  1771|    0|
    |control_s_axi_U   |control_s_axi  |        0|   0|   310|   552|    0|
    |dma_ld_0_1_U0     |dma_ld_0_1     |       16|   0|  1523|  2452|    0|
    |dma_st_0_1_U0     |dma_st_0_1     |        0|   0|   538|   509|    0|
    |entry_proc_U0     |entry_proc     |        0|   0|     3|    29|    0|
    |gmem0_m_axi_U     |gmem0_m_axi    |       30|   0|  3521|  2695|    0|
    |gmem1_m_axi_U     |gmem1_m_axi    |       30|   0|  3521|  2695|    0|
    |gmem2_m_axi_U     |gmem2_m_axi    |       30|   0|  3521|  2695|    0|
    |gmem3_m_axi_U     |gmem3_m_axi    |        2|   0|   696|   720|    0|
    |pe_0_0_U0         |pe_0_0         |        0|   0|   195|   397|    0|
    |pe_0_1_U0         |pe_0_1         |        0|   0|   131|   379|    0|
    |pe_0_2_U0         |pe_0_2         |        0|   0|   131|   379|    0|
    |pe_0_3_U0         |pe_0_3         |        0|   0|   123|   359|    0|
    |pe_1_0_U0         |pe_1_0         |        0|   1|   335|   441|    0|
    |pe_1_1_U0         |pe_1_1         |        0|   1|   239|   391|    0|
    |pe_1_2_U0         |pe_1_2         |        0|   1|   239|   391|    0|
    |pe_1_3_U0         |pe_1_3         |        0|   1|   167|   339|    0|
    |pe_2_0_U0         |pe_2_0         |        0|   1|   335|   441|    0|
    |pe_2_1_U0         |pe_2_1         |        0|   1|   239|   391|    0|
    |pe_2_2_U0         |pe_2_2         |        0|   1|   239|   391|    0|
    |pe_2_3_U0         |pe_2_3         |        0|   1|   167|   339|    0|
    |pe_3_0_U0         |pe_3_0         |        0|   1|   238|   382|    0|
    |pe_3_1_U0         |pe_3_1         |        0|   1|   430|   432|    0|
    |pe_3_2_U0         |pe_3_2         |        0|   1|   430|   432|    0|
    |pe_3_3_U0         |pe_3_3         |        0|   1|   358|   380|    0|
    |sequencer_0_1_U0  |sequencer_0_1  |        0|   2|  2374|  3828|    0|
    |spm_0_U0          |spm_0          |        2|   0|   455|   816|    0|
    |vru_0_U0          |vru_0          |        2|   0|   500|   548|    0|
    |wld_0_0_U0        |wld_0_0        |        0|   0|   107|   362|    0|
    |wld_0_1_U0        |wld_0_1        |        0|   0|    72|   278|    0|
    |wld_0_2_U0        |wld_0_2        |        0|   0|    72|   278|    0|
    |wld_0_3_U0        |wld_0_3        |        0|   0|    71|   228|    0|
    |wld_1_0_U0        |wld_1_0        |        0|   0|   106|   353|    0|
    |wld_1_1_U0        |wld_1_1        |        0|   0|    72|   278|    0|
    |wld_1_2_U0        |wld_1_2        |        0|   0|    72|   278|    0|
    |wld_1_3_U0        |wld_1_3        |        0|   0|    71|   228|    0|
    |wld_2_0_U0        |wld_2_0        |        0|   0|   105|   343|    0|
    |wld_2_1_U0        |wld_2_1        |        0|   0|    72|   278|    0|
    |wld_2_2_U0        |wld_2_2        |        0|   0|    72|   278|    0|
    |wld_2_3_U0        |wld_2_3        |        0|   0|    71|   228|    0|
    |wld_3_0_U0        |wld_3_0        |        0|   0|    72|   278|    0|
    |wld_3_1_U0        |wld_3_1        |        0|   0|    72|   278|    0|
    |wld_3_2_U0        |wld_3_2        |        0|   0|    72|   278|    0|
    |wld_3_3_U0        |wld_3_3        |        0|   0|    71|   228|    0|
    +------------------+---------------+---------+----+------+------+-----+
    |Total             |               |      116|  14| 23956| 30046|    0|
    +------------------+---------------+---------+----+------+------+-----+

    * DSP: 
    N/A

    * Memory: 
    N/A

    * FIFO: 
    +-----------+---------+---+----+-----+------+-----+---------+
    |    Name   | BRAM_18K| FF| LUT| URAM| Depth| Bits| Size:D*B|
    +-----------+---------+---+----+-----+------+-----+---------+
    |v3062_c_U  |        0|  7|   0|    -|    14|   64|      896|
    |v3063_U    |        0|  7|   0|    -|     8|   64|      512|
    |v3064_U    |        0|  7|   0|    -|     8|   64|      512|
    |v3065_U    |        0|  7|   0|    -|     8|   64|      512|
    |v3066_U    |        0|  7|   0|    -|     8|   64|      512|
    |v3067_U    |        0|  7|   0|    -|     8|   64|      512|
    |v3068_U    |        0|  6|   0|    -|     8|   32|      256|
    |v3069_U    |        0|  6|   0|    -|     8|   32|      256|
    |v3070_U    |        0|  6|   0|    -|     8|   32|      256|
    |v3071_U    |        0|  6|   0|    -|     8|   32|      256|
    |v3072_U    |        0|  6|   0|    -|     8|   32|      256|
    |v3073_U    |        0|  6|   0|    -|     8|   32|      256|
    |v3074_U    |        0|  6|   0|    -|     8|   32|      256|
    |v3075_U    |        0|  6|   0|    -|     8|   32|      256|
    |v3076_U    |        0|  6|   0|    -|     8|   32|      256|
    |v3077_U    |        0|  6|   0|    -|     8|   32|      256|
    |v3078_U    |        0|  6|   0|    -|     8|   32|      256|
    |v3080_U    |        0|  6|   0|    -|     8|   32|      256|
    |v3081_U    |        0|  6|   0|    -|     8|   32|      256|
    |v3082_U    |        0|  6|   0|    -|     8|   32|      256|
    |v3084_U    |        0|  6|   0|    -|     8|   32|      256|
    |v3085_U    |        0|  6|   0|    -|     8|   32|      256|
    |v3086_U    |        0|  6|   0|    -|     8|   32|      256|
    |v3088_U    |        0|  6|   0|    -|     8|   32|      256|
    |v3089_U    |        0|  6|   0|    -|     8|   32|      256|
    |v3090_U    |        0|  6|   0|    -|     8|   32|      256|
    |v3092_U    |        0|  6|   0|    -|     8|   32|      256|
    |v3093_U    |        0|  6|   0|    -|     8|   32|      256|
    |v3094_U    |        0|  6|   0|    -|     8|   32|      256|
    |v3095_U    |        0|  6|   0|    -|     8|   32|      256|
    |v3096_U    |        0|  6|   0|    -|     8|    8|       64|
    |v3097_U    |        0|  6|   0|    -|     8|    8|       64|
    |v3098_U    |        0|  6|   0|    -|     8|    8|       64|
    |v3100_U    |        0|  6|   0|    -|     8|    8|       64|
    |v3101_U    |        0|  6|   0|    -|     8|    8|       64|
    |v3102_U    |        0|  6|   0|    -|     8|    8|       64|
    |v3104_U    |        0|  6|   0|    -|     8|    8|       64|
    |v3105_U    |        0|  6|   0|    -|     8|    8|       64|
    |v3106_U    |        0|  6|   0|    -|     8|    8|       64|
    |v3108_U    |        0|  6|   0|    -|     8|    8|       64|
    |v3109_U    |        0|  6|   0|    -|     8|    8|       64|
    |v3110_U    |        0|  6|   0|    -|     8|    8|       64|
    |v3112_U    |        0|  6|   0|    -|     8|   32|      256|
    |v3113_U    |        0|  6|   0|    -|     8|   32|      256|
    |v3114_U    |        0|  6|   0|    -|     8|   32|      256|
    |v3115_U    |        0|  6|   0|    -|     8|   32|      256|
    |v3116_U    |        0|  6|   0|    -|     8|   32|      256|
    |v3117_U    |        0|  6|   0|    -|     8|   32|      256|
    |v3118_U    |        0|  6|   0|    -|     8|   32|      256|
    |v3119_U    |        0|  6|   0|    -|     8|   32|      256|
    |v3120_U    |        0|  6|   0|    -|     8|   32|      256|
    |v3121_U    |        0|  6|   0|    -|     8|   32|      256|
    |v3122_U    |        0|  6|   0|    -|     8|   32|      256|
    |v3123_U    |        0|  6|   0|    -|     8|   32|      256|
    |v3128_U    |        0|  7|   0|    -|     8|  128|     1024|
    |v3129_U    |        0|  7|   0|    -|     8|  128|     1024|
    |v3130_U    |        0|  7|   0|    -|     8|  128|     1024|
    |v3131_U    |        0|  7|   0|    -|     8|  128|     1024|
    |v3132_U    |        0|  5|   0|    -|     4|   32|      128|
    |v3133_U    |        0|  5|   0|    -|     4|   32|      128|
    |v3134_U    |        0|  5|   0|    -|     4|   32|      128|
    |v3135_U    |        0|  5|   0|    -|     4|   32|      128|
    |v3136_U    |        0|  5|   0|    -|     4|   32|      128|
    |v3137_U    |        0|  5|   0|    -|     4|   32|      128|
    |v3138_U    |        0|  5|   0|    -|     4|   32|      128|
    |v3139_U    |        0|  5|   0|    -|     4|   32|      128|
    |v3140_U    |        0|  5|   0|    -|     4|   32|      128|
    |v3141_U    |        0|  5|   0|    -|     4|   32|      128|
    |v3142_U    |        0|  5|   0|    -|     4|   32|      128|
    |v3143_U    |        0|  5|   0|    -|     4|   32|      128|
    |v3144_U    |        0|  5|   0|    -|     4|   32|      128|
    |v3145_U    |        0|  5|   0|    -|     4|   32|      128|
    |v3146_U    |        0|  5|   0|    -|     4|   32|      128|
    |v3147_U    |        0|  5|   0|    -|     4|   32|      128|
    +-----------+---------+---+----+-----+------+-----+---------+
    |Total      |        0|438|   0|    0|   534| 2656|    19584|
    +-----------+---------+---+----+-----+------+-----+---------+

    * Expression: 
    +-----------------------------------+----------+----+---+----+------------+------------+
    |           Variable Name           | Operation| DSP| FF| LUT| Bitwidth P0| Bitwidth P1|
    +-----------------------------------+----------+----+---+----+------------+------------+
    |ap_idle                            |       and|   0|  0|   2|           1|           1|
    |ap_sync_ready                      |       and|   0|  0|   2|           1|           1|
    |dma_ld_0_1_U0_ap_start             |       and|   0|  0|   2|           1|           1|
    |entry_proc_U0_ap_start             |       and|   0|  0|   2|           1|           1|
    |pe_0_0_U0_start_full_n             |       and|   0|  0|   2|           1|           1|
    |pe_0_1_U0_start_full_n             |       and|   0|  0|   2|           1|           1|
    |pe_0_2_U0_start_full_n             |       and|   0|  0|   2|           1|           1|
    |sequencer_0_1_U0_ap_start          |       and|   0|  0|   2|           1|           1|
    |sequencer_0_1_U0_start_full_n      |       and|   0|  0|   2|           1|           1|
    |wld_0_0_U0_start_full_n            |       and|   0|  0|   2|           1|           1|
    |wld_1_0_U0_start_full_n            |       and|   0|  0|   2|           1|           1|
    |wld_2_0_U0_start_full_n            |       and|   0|  0|   2|           1|           1|
    |ap_sync_dma_ld_0_1_U0_ap_ready     |        or|   0|  0|   2|           1|           1|
    |ap_sync_entry_proc_U0_ap_ready     |        or|   0|  0|   2|           1|           1|
    |ap_sync_sequencer_0_1_U0_ap_ready  |        or|   0|  0|   2|           1|           1|
    +-----------------------------------+----------+----+---+----+------------+------------+
    |Total                              |          |   0|  0|  30|          15|          15|
    +-----------------------------------+----------+----+---+----+------------+------------+

    * Multiplexer: 
    +---------------------------------------+----+-----------+-----+-----------+
    |                  Name                 | LUT| Input Size| Bits| Total Bits|
    +---------------------------------------+----+-----------+-----+-----------+
    |ap_sync_reg_dma_ld_0_1_U0_ap_ready     |   9|          2|    1|          2|
    |ap_sync_reg_entry_proc_U0_ap_ready     |   9|          2|    1|          2|
    |ap_sync_reg_sequencer_0_1_U0_ap_ready  |   9|          2|    1|          2|
    +---------------------------------------+----+-----------+-----+-----------+
    |Total                                  |  27|          6|    3|          6|
    +---------------------------------------+----+-----------+-----+-----------+

    * Register: 
    +---------------------------------------+---+----+-----+-----------+
    |                  Name                 | FF| LUT| Bits| Const Bits|
    +---------------------------------------+---+----+-----+-----------+
    |ap_sync_reg_dma_ld_0_1_U0_ap_ready     |  1|   0|    1|          0|
    |ap_sync_reg_entry_proc_U0_ap_ready     |  1|   0|    1|          0|
    |ap_sync_reg_sequencer_0_1_U0_ap_ready  |  1|   0|    1|          0|
    +---------------------------------------+---+----+-----+-----------+
    |Total                                  |  3|   0|    3|          0|
    +---------------------------------------+---+----+-----+-----------+



================================================================
== Interface
================================================================
* Summary: 
+-----------------------+-----+-----+------------+--------------+--------------+
|       RTL Ports       | Dir | Bits|  Protocol  | Source Object|    C Type    |
+-----------------------+-----+-----+------------+--------------+--------------+
|s_axi_control_AWVALID  |   in|    1|       s_axi|       control|        scalar|
|s_axi_control_AWREADY  |  out|    1|       s_axi|       control|        scalar|
|s_axi_control_AWADDR   |   in|    6|       s_axi|       control|        scalar|
|s_axi_control_WVALID   |   in|    1|       s_axi|       control|        scalar|
|s_axi_control_WREADY   |  out|    1|       s_axi|       control|        scalar|
|s_axi_control_WDATA    |   in|   32|       s_axi|       control|        scalar|
|s_axi_control_WSTRB    |   in|    4|       s_axi|       control|        scalar|
|s_axi_control_ARVALID  |   in|    1|       s_axi|       control|        scalar|
|s_axi_control_ARREADY  |  out|    1|       s_axi|       control|        scalar|
|s_axi_control_ARADDR   |   in|    6|       s_axi|       control|        scalar|
|s_axi_control_RVALID   |  out|    1|       s_axi|       control|        scalar|
|s_axi_control_RREADY   |   in|    1|       s_axi|       control|        scalar|
|s_axi_control_RDATA    |  out|   32|       s_axi|       control|        scalar|
|s_axi_control_RRESP    |  out|    2|       s_axi|       control|        scalar|
|s_axi_control_BVALID   |  out|    1|       s_axi|       control|        scalar|
|s_axi_control_BREADY   |   in|    1|       s_axi|       control|        scalar|
|s_axi_control_BRESP    |  out|    2|       s_axi|       control|        scalar|
|ap_clk                 |   in|    1|  ap_ctrl_hs|   tinytpu_isa|  return value|
|ap_rst_n               |   in|    1|  ap_ctrl_hs|   tinytpu_isa|  return value|
|ap_start               |   in|    1|  ap_ctrl_hs|   tinytpu_isa|  return value|
|ap_done                |  out|    1|  ap_ctrl_hs|   tinytpu_isa|  return value|
|ap_ready               |  out|    1|  ap_ctrl_hs|   tinytpu_isa|  return value|
|ap_idle                |  out|    1|  ap_ctrl_hs|   tinytpu_isa|  return value|
|m_axi_gmem0_AWVALID    |  out|    1|       m_axi|         gmem0|       pointer|
|m_axi_gmem0_AWREADY    |   in|    1|       m_axi|         gmem0|       pointer|
|m_axi_gmem0_AWADDR     |  out|   64|       m_axi|         gmem0|       pointer|
|m_axi_gmem0_AWID       |  out|    1|       m_axi|         gmem0|       pointer|
|m_axi_gmem0_AWLEN      |  out|    8|       m_axi|         gmem0|       pointer|
|m_axi_gmem0_AWSIZE     |  out|    3|       m_axi|         gmem0|       pointer|
|m_axi_gmem0_AWBURST    |  out|    2|       m_axi|         gmem0|       pointer|
|m_axi_gmem0_AWLOCK     |  out|    2|       m_axi|         gmem0|       pointer|
|m_axi_gmem0_AWCACHE    |  out|    4|       m_axi|         gmem0|       pointer|
|m_axi_gmem0_AWPROT     |  out|    3|       m_axi|         gmem0|       pointer|
|m_axi_gmem0_AWQOS      |  out|    4|       m_axi|         gmem0|       pointer|
|m_axi_gmem0_AWREGION   |  out|    4|       m_axi|         gmem0|       pointer|
|m_axi_gmem0_AWUSER     |  out|    1|       m_axi|         gmem0|       pointer|
|m_axi_gmem0_WVALID     |  out|    1|       m_axi|         gmem0|       pointer|
|m_axi_gmem0_WREADY     |   in|    1|       m_axi|         gmem0|       pointer|
|m_axi_gmem0_WDATA      |  out|  512|       m_axi|         gmem0|       pointer|
|m_axi_gmem0_WSTRB      |  out|   64|       m_axi|         gmem0|       pointer|
|m_axi_gmem0_WLAST      |  out|    1|       m_axi|         gmem0|       pointer|
|m_axi_gmem0_WID        |  out|    1|       m_axi|         gmem0|       pointer|
|m_axi_gmem0_WUSER      |  out|    1|       m_axi|         gmem0|       pointer|
|m_axi_gmem0_ARVALID    |  out|    1|       m_axi|         gmem0|       pointer|
|m_axi_gmem0_ARREADY    |   in|    1|       m_axi|         gmem0|       pointer|
|m_axi_gmem0_ARADDR     |  out|   64|       m_axi|         gmem0|       pointer|
|m_axi_gmem0_ARID       |  out|    1|       m_axi|         gmem0|       pointer|
|m_axi_gmem0_ARLEN      |  out|    8|       m_axi|         gmem0|       pointer|
|m_axi_gmem0_ARSIZE     |  out|    3|       m_axi|         gmem0|       pointer|
|m_axi_gmem0_ARBURST    |  out|    2|       m_axi|         gmem0|       pointer|
|m_axi_gmem0_ARLOCK     |  out|    2|       m_axi|         gmem0|       pointer|
|m_axi_gmem0_ARCACHE    |  out|    4|       m_axi|         gmem0|       pointer|
|m_axi_gmem0_ARPROT     |  out|    3|       m_axi|         gmem0|       pointer|
|m_axi_gmem0_ARQOS      |  out|    4|       m_axi|         gmem0|       pointer|
|m_axi_gmem0_ARREGION   |  out|    4|       m_axi|         gmem0|       pointer|
|m_axi_gmem0_ARUSER     |  out|    1|       m_axi|         gmem0|       pointer|
|m_axi_gmem0_RVALID     |   in|    1|       m_axi|         gmem0|       pointer|
|m_axi_gmem0_RREADY     |  out|    1|       m_axi|         gmem0|       pointer|
|m_axi_gmem0_RDATA      |   in|  512|       m_axi|         gmem0|       pointer|
|m_axi_gmem0_RLAST      |   in|    1|       m_axi|         gmem0|       pointer|
|m_axi_gmem0_RID        |   in|    1|       m_axi|         gmem0|       pointer|
|m_axi_gmem0_RUSER      |   in|    1|       m_axi|         gmem0|       pointer|
|m_axi_gmem0_RRESP      |   in|    2|       m_axi|         gmem0|       pointer|
|m_axi_gmem0_BVALID     |   in|    1|       m_axi|         gmem0|       pointer|
|m_axi_gmem0_BREADY     |  out|    1|       m_axi|         gmem0|       pointer|
|m_axi_gmem0_BRESP      |   in|    2|       m_axi|         gmem0|       pointer|
|m_axi_gmem0_BID        |   in|    1|       m_axi|         gmem0|       pointer|
|m_axi_gmem0_BUSER      |   in|    1|       m_axi|         gmem0|       pointer|
|m_axi_gmem1_AWVALID    |  out|    1|       m_axi|         gmem1|       pointer|
|m_axi_gmem1_AWREADY    |   in|    1|       m_axi|         gmem1|       pointer|
|m_axi_gmem1_AWADDR     |  out|   64|       m_axi|         gmem1|       pointer|
|m_axi_gmem1_AWID       |  out|    1|       m_axi|         gmem1|       pointer|
|m_axi_gmem1_AWLEN      |  out|    8|       m_axi|         gmem1|       pointer|
|m_axi_gmem1_AWSIZE     |  out|    3|       m_axi|         gmem1|       pointer|
|m_axi_gmem1_AWBURST    |  out|    2|       m_axi|         gmem1|       pointer|
|m_axi_gmem1_AWLOCK     |  out|    2|       m_axi|         gmem1|       pointer|
|m_axi_gmem1_AWCACHE    |  out|    4|       m_axi|         gmem1|       pointer|
|m_axi_gmem1_AWPROT     |  out|    3|       m_axi|         gmem1|       pointer|
|m_axi_gmem1_AWQOS      |  out|    4|       m_axi|         gmem1|       pointer|
|m_axi_gmem1_AWREGION   |  out|    4|       m_axi|         gmem1|       pointer|
|m_axi_gmem1_AWUSER     |  out|    1|       m_axi|         gmem1|       pointer|
|m_axi_gmem1_WVALID     |  out|    1|       m_axi|         gmem1|       pointer|
|m_axi_gmem1_WREADY     |   in|    1|       m_axi|         gmem1|       pointer|
|m_axi_gmem1_WDATA      |  out|  512|       m_axi|         gmem1|       pointer|
|m_axi_gmem1_WSTRB      |  out|   64|       m_axi|         gmem1|       pointer|
|m_axi_gmem1_WLAST      |  out|    1|       m_axi|         gmem1|       pointer|
|m_axi_gmem1_WID        |  out|    1|       m_axi|         gmem1|       pointer|
|m_axi_gmem1_WUSER      |  out|    1|       m_axi|         gmem1|       pointer|
|m_axi_gmem1_ARVALID    |  out|    1|       m_axi|         gmem1|       pointer|
|m_axi_gmem1_ARREADY    |   in|    1|       m_axi|         gmem1|       pointer|
|m_axi_gmem1_ARADDR     |  out|   64|       m_axi|         gmem1|       pointer|
|m_axi_gmem1_ARID       |  out|    1|       m_axi|         gmem1|       pointer|
|m_axi_gmem1_ARLEN      |  out|    8|       m_axi|         gmem1|       pointer|
|m_axi_gmem1_ARSIZE     |  out|    3|       m_axi|         gmem1|       pointer|
|m_axi_gmem1_ARBURST    |  out|    2|       m_axi|         gmem1|       pointer|
|m_axi_gmem1_ARLOCK     |  out|    2|       m_axi|         gmem1|       pointer|
|m_axi_gmem1_ARCACHE    |  out|    4|       m_axi|         gmem1|       pointer|
|m_axi_gmem1_ARPROT     |  out|    3|       m_axi|         gmem1|       pointer|
|m_axi_gmem1_ARQOS      |  out|    4|       m_axi|         gmem1|       pointer|
|m_axi_gmem1_ARREGION   |  out|    4|       m_axi|         gmem1|       pointer|
|m_axi_gmem1_ARUSER     |  out|    1|       m_axi|         gmem1|       pointer|
|m_axi_gmem1_RVALID     |   in|    1|       m_axi|         gmem1|       pointer|
|m_axi_gmem1_RREADY     |  out|    1|       m_axi|         gmem1|       pointer|
|m_axi_gmem1_RDATA      |   in|  512|       m_axi|         gmem1|       pointer|
|m_axi_gmem1_RLAST      |   in|    1|       m_axi|         gmem1|       pointer|
|m_axi_gmem1_RID        |   in|    1|       m_axi|         gmem1|       pointer|
|m_axi_gmem1_RUSER      |   in|    1|       m_axi|         gmem1|       pointer|
|m_axi_gmem1_RRESP      |   in|    2|       m_axi|         gmem1|       pointer|
|m_axi_gmem1_BVALID     |   in|    1|       m_axi|         gmem1|       pointer|
|m_axi_gmem1_BREADY     |  out|    1|       m_axi|         gmem1|       pointer|
|m_axi_gmem1_BRESP      |   in|    2|       m_axi|         gmem1|       pointer|
|m_axi_gmem1_BID        |   in|    1|       m_axi|         gmem1|       pointer|
|m_axi_gmem1_BUSER      |   in|    1|       m_axi|         gmem1|       pointer|
|m_axi_gmem2_AWVALID    |  out|    1|       m_axi|         gmem2|       pointer|
|m_axi_gmem2_AWREADY    |   in|    1|       m_axi|         gmem2|       pointer|
|m_axi_gmem2_AWADDR     |  out|   64|       m_axi|         gmem2|       pointer|
|m_axi_gmem2_AWID       |  out|    1|       m_axi|         gmem2|       pointer|
|m_axi_gmem2_AWLEN      |  out|    8|       m_axi|         gmem2|       pointer|
|m_axi_gmem2_AWSIZE     |  out|    3|       m_axi|         gmem2|       pointer|
|m_axi_gmem2_AWBURST    |  out|    2|       m_axi|         gmem2|       pointer|
|m_axi_gmem2_AWLOCK     |  out|    2|       m_axi|         gmem2|       pointer|
|m_axi_gmem2_AWCACHE    |  out|    4|       m_axi|         gmem2|       pointer|
|m_axi_gmem2_AWPROT     |  out|    3|       m_axi|         gmem2|       pointer|
|m_axi_gmem2_AWQOS      |  out|    4|       m_axi|         gmem2|       pointer|
|m_axi_gmem2_AWREGION   |  out|    4|       m_axi|         gmem2|       pointer|
|m_axi_gmem2_AWUSER     |  out|    1|       m_axi|         gmem2|       pointer|
|m_axi_gmem2_WVALID     |  out|    1|       m_axi|         gmem2|       pointer|
|m_axi_gmem2_WREADY     |   in|    1|       m_axi|         gmem2|       pointer|
|m_axi_gmem2_WDATA      |  out|  512|       m_axi|         gmem2|       pointer|
|m_axi_gmem2_WSTRB      |  out|   64|       m_axi|         gmem2|       pointer|
|m_axi_gmem2_WLAST      |  out|    1|       m_axi|         gmem2|       pointer|
|m_axi_gmem2_WID        |  out|    1|       m_axi|         gmem2|       pointer|
|m_axi_gmem2_WUSER      |  out|    1|       m_axi|         gmem2|       pointer|
|m_axi_gmem2_ARVALID    |  out|    1|       m_axi|         gmem2|       pointer|
|m_axi_gmem2_ARREADY    |   in|    1|       m_axi|         gmem2|       pointer|
|m_axi_gmem2_ARADDR     |  out|   64|       m_axi|         gmem2|       pointer|
|m_axi_gmem2_ARID       |  out|    1|       m_axi|         gmem2|       pointer|
|m_axi_gmem2_ARLEN      |  out|    8|       m_axi|         gmem2|       pointer|
|m_axi_gmem2_ARSIZE     |  out|    3|       m_axi|         gmem2|       pointer|
|m_axi_gmem2_ARBURST    |  out|    2|       m_axi|         gmem2|       pointer|
|m_axi_gmem2_ARLOCK     |  out|    2|       m_axi|         gmem2|       pointer|
|m_axi_gmem2_ARCACHE    |  out|    4|       m_axi|         gmem2|       pointer|
|m_axi_gmem2_ARPROT     |  out|    3|       m_axi|         gmem2|       pointer|
|m_axi_gmem2_ARQOS      |  out|    4|       m_axi|         gmem2|       pointer|
|m_axi_gmem2_ARREGION   |  out|    4|       m_axi|         gmem2|       pointer|
|m_axi_gmem2_ARUSER     |  out|    1|       m_axi|         gmem2|       pointer|
|m_axi_gmem2_RVALID     |   in|    1|       m_axi|         gmem2|       pointer|
|m_axi_gmem2_RREADY     |  out|    1|       m_axi|         gmem2|       pointer|
|m_axi_gmem2_RDATA      |   in|  512|       m_axi|         gmem2|       pointer|
|m_axi_gmem2_RLAST      |   in|    1|       m_axi|         gmem2|       pointer|
|m_axi_gmem2_RID        |   in|    1|       m_axi|         gmem2|       pointer|
|m_axi_gmem2_RUSER      |   in|    1|       m_axi|         gmem2|       pointer|
|m_axi_gmem2_RRESP      |   in|    2|       m_axi|         gmem2|       pointer|
|m_axi_gmem2_BVALID     |   in|    1|       m_axi|         gmem2|       pointer|
|m_axi_gmem2_BREADY     |  out|    1|       m_axi|         gmem2|       pointer|
|m_axi_gmem2_BRESP      |   in|    2|       m_axi|         gmem2|       pointer|
|m_axi_gmem2_BID        |   in|    1|       m_axi|         gmem2|       pointer|
|m_axi_gmem2_BUSER      |   in|    1|       m_axi|         gmem2|       pointer|
|m_axi_gmem3_AWVALID    |  out|    1|       m_axi|         gmem3|       pointer|
|m_axi_gmem3_AWREADY    |   in|    1|       m_axi|         gmem3|       pointer|
|m_axi_gmem3_AWADDR     |  out|   64|       m_axi|         gmem3|       pointer|
|m_axi_gmem3_AWID       |  out|    1|       m_axi|         gmem3|       pointer|
|m_axi_gmem3_AWLEN      |  out|    8|       m_axi|         gmem3|       pointer|
|m_axi_gmem3_AWSIZE     |  out|    3|       m_axi|         gmem3|       pointer|
|m_axi_gmem3_AWBURST    |  out|    2|       m_axi|         gmem3|       pointer|
|m_axi_gmem3_AWLOCK     |  out|    2|       m_axi|         gmem3|       pointer|
|m_axi_gmem3_AWCACHE    |  out|    4|       m_axi|         gmem3|       pointer|
|m_axi_gmem3_AWPROT     |  out|    3|       m_axi|         gmem3|       pointer|
|m_axi_gmem3_AWQOS      |  out|    4|       m_axi|         gmem3|       pointer|
|m_axi_gmem3_AWREGION   |  out|    4|       m_axi|         gmem3|       pointer|
|m_axi_gmem3_AWUSER     |  out|    1|       m_axi|         gmem3|       pointer|
|m_axi_gmem3_WVALID     |  out|    1|       m_axi|         gmem3|       pointer|
|m_axi_gmem3_WREADY     |   in|    1|       m_axi|         gmem3|       pointer|
|m_axi_gmem3_WDATA      |  out|   32|       m_axi|         gmem3|       pointer|
|m_axi_gmem3_WSTRB      |  out|    4|       m_axi|         gmem3|       pointer|
|m_axi_gmem3_WLAST      |  out|    1|       m_axi|         gmem3|       pointer|
|m_axi_gmem3_WID        |  out|    1|       m_axi|         gmem3|       pointer|
|m_axi_gmem3_WUSER      |  out|    1|       m_axi|         gmem3|       pointer|
|m_axi_gmem3_ARVALID    |  out|    1|       m_axi|         gmem3|       pointer|
|m_axi_gmem3_ARREADY    |   in|    1|       m_axi|         gmem3|       pointer|
|m_axi_gmem3_ARADDR     |  out|   64|       m_axi|         gmem3|       pointer|
|m_axi_gmem3_ARID       |  out|    1|       m_axi|         gmem3|       pointer|
|m_axi_gmem3_ARLEN      |  out|    8|       m_axi|         gmem3|       pointer|
|m_axi_gmem3_ARSIZE     |  out|    3|       m_axi|         gmem3|       pointer|
|m_axi_gmem3_ARBURST    |  out|    2|       m_axi|         gmem3|       pointer|
|m_axi_gmem3_ARLOCK     |  out|    2|       m_axi|         gmem3|       pointer|
|m_axi_gmem3_ARCACHE    |  out|    4|       m_axi|         gmem3|       pointer|
|m_axi_gmem3_ARPROT     |  out|    3|       m_axi|         gmem3|       pointer|
|m_axi_gmem3_ARQOS      |  out|    4|       m_axi|         gmem3|       pointer|
|m_axi_gmem3_ARREGION   |  out|    4|       m_axi|         gmem3|       pointer|
|m_axi_gmem3_ARUSER     |  out|    1|       m_axi|         gmem3|       pointer|
|m_axi_gmem3_RVALID     |   in|    1|       m_axi|         gmem3|       pointer|
|m_axi_gmem3_RREADY     |  out|    1|       m_axi|         gmem3|       pointer|
|m_axi_gmem3_RDATA      |   in|   32|       m_axi|         gmem3|       pointer|
|m_axi_gmem3_RLAST      |   in|    1|       m_axi|         gmem3|       pointer|
|m_axi_gmem3_RID        |   in|    1|       m_axi|         gmem3|       pointer|
|m_axi_gmem3_RUSER      |   in|    1|       m_axi|         gmem3|       pointer|
|m_axi_gmem3_RRESP      |   in|    2|       m_axi|         gmem3|       pointer|
|m_axi_gmem3_BVALID     |   in|    1|       m_axi|         gmem3|       pointer|
|m_axi_gmem3_BREADY     |  out|    1|       m_axi|         gmem3|       pointer|
|m_axi_gmem3_BRESP      |   in|    2|       m_axi|         gmem3|       pointer|
|m_axi_gmem3_BID        |   in|    1|       m_axi|         gmem3|       pointer|
|m_axi_gmem3_BUSER      |   in|    1|       m_axi|         gmem3|       pointer|
+-----------------------+-----+-----+------------+--------------+--------------+

