

================================================================
== Vitis HLS Report for 'tinytpu_isa'
================================================================
* Date:           Tue Sep 22 03:15:24 2026

* Version:        2023.2 (Build 4023990 on Oct 11 2023)
* Project:        out.prj
* Solution:       solution1 (Vivado IP Flow Target)
* Product family: virtexuplusHBM
* Target device:  xcu280-fsvh2892-2L-e


================================================================
== Performance Estimates
================================================================
+ Timing: 
    * Summary: 
    +--------+---------+----------+------------+
    |  Clock |  Target | Estimated| Uncertainty|
    +--------+---------+----------+------------+
    |ap_clk  |  3.33 ns|  2.431 ns|     0.90 ns|
    +--------+---------+----------+------------+

+ Latency: 
    * Summary: 
    +---------+---------+----------+----------+-----+-----+----------+
    |  Latency (cycles) |  Latency (absolute) |  Interval | Pipeline |
    |   min   |   max   |    min   |    max   | min | max |   Type   |
    +---------+---------+----------+----------+-----+-----+----------+
    |        ?|        ?|         ?|         ?|    ?|    ?|  dataflow|
    +---------+---------+----------+----------+-----+-----+----------+

    + Detail: 
        * Instance: 
        +------------------+---------------+---------+---------+-----------+----------+-----+--------+---------+
        |                  |               |  Latency (cycles) |  Latency (absolute)  |   Interval   | Pipeline|
        |     Instance     |     Module    |   min   |   max   |    min    |    max   | min |   max  |   Type  |
        +------------------+---------------+---------+---------+-----------+----------+-----+--------+---------+
        |entry_proc_U0     |entry_proc     |        0|        0|       0 ns|      0 ns|    0|       0|       no|
        |sequencer_0_1_U0  |sequencer_0_1  |        ?|        ?|          ?|         ?|    ?|       ?|       no|
        |dma_ld_0_1_U0     |dma_ld_0_1     |       17|   589836|  56.610 ns|  1.964 ms|   17|  589836|       no|
        |spm_0_U0          |spm_0          |        5|    65544|  16.650 ns|  0.218 ms|    5|   65544|       no|
        |vru_0_U0          |vru_0          |        4|    65543|  13.320 ns|  0.218 ms|    4|   65543|       no|
        |wld_0_0_U0        |wld_0_0        |        4|   589819|  13.320 ns|  1.964 ms|    4|  589819|       no|
        |wld_0_1_U0        |wld_0_1        |        4|   131074|  13.320 ns|  0.436 ms|    4|  131074|       no|
        |wld_1_0_U0        |wld_1_0        |        4|   524284|  13.320 ns|  1.746 ms|    4|  524284|       no|
        |pe_0_0_U0         |pe_0_0         |        4|    65541|  13.320 ns|  0.218 ms|    4|   65541|       no|
        |wld_0_2_U0        |wld_0_2        |        4|   131074|  13.320 ns|  0.436 ms|    4|  131074|       no|
        |wld_1_1_U0        |wld_1_1        |        4|   131074|  13.320 ns|  0.436 ms|    4|  131074|       no|
        |wld_2_0_U0        |wld_2_0        |        4|   458749|  13.320 ns|  1.528 ms|    4|  458749|       no|
        |pe_0_1_U0         |pe_0_1         |        4|    65541|  13.320 ns|  0.218 ms|    4|   65541|       no|
        |pe_1_0_U0         |pe_1_0         |        4|    65543|  13.320 ns|  0.218 ms|    4|   65543|       no|
        |wld_0_3_U0        |wld_0_3        |        4|   131074|  13.320 ns|  0.436 ms|    4|  131074|       no|
        |wld_1_2_U0        |wld_1_2        |        4|   131074|  13.320 ns|  0.436 ms|    4|  131074|       no|
        |wld_2_1_U0        |wld_2_1        |        4|   131074|  13.320 ns|  0.436 ms|    4|  131074|       no|
        |wld_3_0_U0        |wld_3_0        |        4|   393214|  13.320 ns|  1.309 ms|    4|  393214|       no|
        |pe_0_2_U0         |pe_0_2         |        4|    65541|  13.320 ns|  0.218 ms|    4|   65541|       no|
        |pe_1_1_U0         |pe_1_1         |        4|    65543|  13.320 ns|  0.218 ms|    4|   65543|       no|
        |pe_2_0_U0         |pe_2_0         |        4|    65543|  13.320 ns|  0.218 ms|    4|   65543|       no|
        |wld_0_4_U0        |wld_0_4        |        4|   131074|  13.320 ns|  0.436 ms|    4|  131074|       no|
        |wld_1_3_U0        |wld_1_3        |        4|   131074|  13.320 ns|  0.436 ms|    4|  131074|       no|
        |wld_2_2_U0        |wld_2_2        |        4|   131074|  13.320 ns|  0.436 ms|    4|  131074|       no|
        |wld_3_1_U0        |wld_3_1        |        4|   131074|  13.320 ns|  0.436 ms|    4|  131074|       no|
        |wld_4_0_U0        |wld_4_0        |        4|   327679|  13.320 ns|  1.091 ms|    4|  327679|       no|
        |pe_0_3_U0         |pe_0_3         |        4|    65541|  13.320 ns|  0.218 ms|    4|   65541|       no|
        |pe_1_2_U0         |pe_1_2         |        4|    65543|  13.320 ns|  0.218 ms|    4|   65543|       no|
        |pe_2_1_U0         |pe_2_1         |        4|    65543|  13.320 ns|  0.218 ms|    4|   65543|       no|
        |pe_3_0_U0         |pe_3_0         |        4|    65543|  13.320 ns|  0.218 ms|    4|   65543|       no|
        |wld_0_5_U0        |wld_0_5        |        4|   131074|  13.320 ns|  0.436 ms|    4|  131074|       no|
        |wld_1_4_U0        |wld_1_4        |        4|   131074|  13.320 ns|  0.436 ms|    4|  131074|       no|
        |wld_2_3_U0        |wld_2_3        |        4|   131074|  13.320 ns|  0.436 ms|    4|  131074|       no|
        |wld_3_2_U0        |wld_3_2        |        4|   131074|  13.320 ns|  0.436 ms|    4|  131074|       no|
        |wld_4_1_U0        |wld_4_1        |        4|   131074|  13.320 ns|  0.436 ms|    4|  131074|       no|
        |wld_5_0_U0        |wld_5_0        |        4|   262144|  13.320 ns|  0.873 ms|    4|  262144|       no|
        |pe_0_4_U0         |pe_0_4         |        4|    65541|  13.320 ns|  0.218 ms|    4|   65541|       no|
        |pe_1_3_U0         |pe_1_3         |        4|    65543|  13.320 ns|  0.218 ms|    4|   65543|       no|
        |pe_2_2_U0         |pe_2_2         |        4|    65543|  13.320 ns|  0.218 ms|    4|   65543|       no|
        |pe_3_1_U0         |pe_3_1         |        4|    65543|  13.320 ns|  0.218 ms|    4|   65543|       no|
        |pe_4_0_U0         |pe_4_0         |        4|    65543|  13.320 ns|  0.218 ms|    4|   65543|       no|
        |wld_0_6_U0        |wld_0_6        |        4|   131074|  13.320 ns|  0.436 ms|    4|  131074|       no|
        |wld_1_5_U0        |wld_1_5        |        4|   131074|  13.320 ns|  0.436 ms|    4|  131074|       no|
        |wld_2_4_U0        |wld_2_4        |        4|   131074|  13.320 ns|  0.436 ms|    4|  131074|       no|
        |wld_3_3_U0        |wld_3_3        |        4|   131074|  13.320 ns|  0.436 ms|    4|  131074|       no|
        |wld_4_2_U0        |wld_4_2        |        4|   131074|  13.320 ns|  0.436 ms|    4|  131074|       no|
        |wld_5_1_U0        |wld_5_1        |        4|   131074|  13.320 ns|  0.436 ms|    4|  131074|       no|
        |wld_6_0_U0        |wld_6_0        |        4|   196609|  13.320 ns|  0.655 ms|    4|  196609|       no|
        |pe_0_5_U0         |pe_0_5         |        4|    65541|  13.320 ns|  0.218 ms|    4|   65541|       no|
        |pe_1_4_U0         |pe_1_4         |        4|    65543|  13.320 ns|  0.218 ms|    4|   65543|       no|
        |pe_2_3_U0         |pe_2_3         |        4|    65543|  13.320 ns|  0.218 ms|    4|   65543|       no|
        |pe_3_2_U0         |pe_3_2         |        4|    65543|  13.320 ns|  0.218 ms|    4|   65543|       no|
        |pe_4_1_U0         |pe_4_1         |        4|    65543|  13.320 ns|  0.218 ms|    4|   65543|       no|
        |pe_5_0_U0         |pe_5_0         |        4|    65543|  13.320 ns|  0.218 ms|    4|   65543|       no|
        |wld_0_7_U0        |wld_0_7        |        4|   131074|  13.320 ns|  0.436 ms|    4|  131074|       no|
        |wld_1_6_U0        |wld_1_6        |        4|   131074|  13.320 ns|  0.436 ms|    4|  131074|       no|
        |wld_2_5_U0        |wld_2_5        |        4|   131074|  13.320 ns|  0.436 ms|    4|  131074|       no|
        |wld_3_4_U0        |wld_3_4        |        4|   131074|  13.320 ns|  0.436 ms|    4|  131074|       no|
        |wld_4_3_U0        |wld_4_3        |        4|   131074|  13.320 ns|  0.436 ms|    4|  131074|       no|
        |wld_5_2_U0        |wld_5_2        |        4|   131074|  13.320 ns|  0.436 ms|    4|  131074|       no|
        |wld_6_1_U0        |wld_6_1        |        4|   131074|  13.320 ns|  0.436 ms|    4|  131074|       no|
        |wld_7_0_U0        |wld_7_0        |        4|   131074|  13.320 ns|  0.436 ms|    4|  131074|       no|
        |pe_0_6_U0         |pe_0_6         |        4|    65541|  13.320 ns|  0.218 ms|    4|   65541|       no|
        |pe_1_5_U0         |pe_1_5         |        4|    65543|  13.320 ns|  0.218 ms|    4|   65543|       no|
        |pe_2_4_U0         |pe_2_4         |        4|    65543|  13.320 ns|  0.218 ms|    4|   65543|       no|
        |pe_3_3_U0         |pe_3_3         |        4|    65543|  13.320 ns|  0.218 ms|    4|   65543|       no|
        |pe_4_2_U0         |pe_4_2         |        4|    65543|  13.320 ns|  0.218 ms|    4|   65543|       no|
        |pe_5_1_U0         |pe_5_1         |        4|    65543|  13.320 ns|  0.218 ms|    4|   65543|       no|
        |pe_6_0_U0         |pe_6_0         |        4|    65543|  13.320 ns|  0.218 ms|    4|   65543|       no|
        |wld_1_7_U0        |wld_1_7        |        4|   131074|  13.320 ns|  0.436 ms|    4|  131074|       no|
        |wld_2_6_U0        |wld_2_6        |        4|   131074|  13.320 ns|  0.436 ms|    4|  131074|       no|
        |wld_3_5_U0        |wld_3_5        |        4|   131074|  13.320 ns|  0.436 ms|    4|  131074|       no|
        |wld_4_4_U0        |wld_4_4        |        4|   131074|  13.320 ns|  0.436 ms|    4|  131074|       no|
        |wld_5_3_U0        |wld_5_3        |        4|   131074|  13.320 ns|  0.436 ms|    4|  131074|       no|
        |wld_6_2_U0        |wld_6_2        |        4|   131074|  13.320 ns|  0.436 ms|    4|  131074|       no|
        |wld_7_1_U0        |wld_7_1        |        4|   131074|  13.320 ns|  0.436 ms|    4|  131074|       no|
        |pe_0_7_U0         |pe_0_7         |        4|    65541|  13.320 ns|  0.218 ms|    4|   65541|       no|
        |pe_1_6_U0         |pe_1_6         |        4|    65543|  13.320 ns|  0.218 ms|    4|   65543|       no|
        |pe_2_5_U0         |pe_2_5         |        4|    65543|  13.320 ns|  0.218 ms|    4|   65543|       no|
        |pe_3_4_U0         |pe_3_4         |        4|    65543|  13.320 ns|  0.218 ms|    4|   65543|       no|
        |pe_4_3_U0         |pe_4_3         |        4|    65543|  13.320 ns|  0.218 ms|    4|   65543|       no|
        |pe_5_2_U0         |pe_5_2         |        4|    65543|  13.320 ns|  0.218 ms|    4|   65543|       no|
        |pe_6_1_U0         |pe_6_1         |        4|    65543|  13.320 ns|  0.218 ms|    4|   65543|       no|
        |pe_7_0_U0         |pe_7_0         |        4|    65543|  13.320 ns|  0.218 ms|    4|   65543|       no|
        |wld_2_7_U0        |wld_2_7        |        4|   131074|  13.320 ns|  0.436 ms|    4|  131074|       no|
        |wld_3_6_U0        |wld_3_6        |        4|   131074|  13.320 ns|  0.436 ms|    4|  131074|       no|
        |wld_4_5_U0        |wld_4_5        |        4|   131074|  13.320 ns|  0.436 ms|    4|  131074|       no|
        |wld_5_4_U0        |wld_5_4        |        4|   131074|  13.320 ns|  0.436 ms|    4|  131074|       no|
        |wld_6_3_U0        |wld_6_3        |        4|   131074|  13.320 ns|  0.436 ms|    4|  131074|       no|
        |wld_7_2_U0        |wld_7_2        |        4|   131074|  13.320 ns|  0.436 ms|    4|  131074|       no|
        |pe_1_7_U0         |pe_1_7         |        4|    65543|  13.320 ns|  0.218 ms|    4|   65543|       no|
        |pe_2_6_U0         |pe_2_6         |        4|    65543|  13.320 ns|  0.218 ms|    4|   65543|       no|
        |pe_3_5_U0         |pe_3_5         |        4|    65543|  13.320 ns|  0.218 ms|    4|   65543|       no|
        |pe_4_4_U0         |pe_4_4         |        4|    65543|  13.320 ns|  0.218 ms|    4|   65543|       no|
        |pe_5_3_U0         |pe_5_3         |        4|    65543|  13.320 ns|  0.218 ms|    4|   65543|       no|
        |pe_6_2_U0         |pe_6_2         |        4|    65543|  13.320 ns|  0.218 ms|    4|   65543|       no|
        |pe_7_1_U0         |pe_7_1         |        4|    65543|  13.320 ns|  0.218 ms|    4|   65543|       no|
        |wld_3_7_U0        |wld_3_7        |        4|   131074|  13.320 ns|  0.436 ms|    4|  131074|       no|
        |wld_4_6_U0        |wld_4_6        |        4|   131074|  13.320 ns|  0.436 ms|    4|  131074|       no|
        |wld_5_5_U0        |wld_5_5        |        4|   131074|  13.320 ns|  0.436 ms|    4|  131074|       no|
        |wld_6_4_U0        |wld_6_4        |        4|   131074|  13.320 ns|  0.436 ms|    4|  131074|       no|
        |wld_7_3_U0        |wld_7_3        |        4|   131074|  13.320 ns|  0.436 ms|    4|  131074|       no|
        |pe_2_7_U0         |pe_2_7         |        4|    65543|  13.320 ns|  0.218 ms|    4|   65543|       no|
        |pe_3_6_U0         |pe_3_6         |        4|    65543|  13.320 ns|  0.218 ms|    4|   65543|       no|
        |pe_4_5_U0         |pe_4_5         |        4|    65543|  13.320 ns|  0.218 ms|    4|   65543|       no|
        |pe_5_4_U0         |pe_5_4         |        4|    65543|  13.320 ns|  0.218 ms|    4|   65543|       no|
        |pe_6_3_U0         |pe_6_3         |        4|    65543|  13.320 ns|  0.218 ms|    4|   65543|       no|
        |pe_7_2_U0         |pe_7_2         |        4|    65543|  13.320 ns|  0.218 ms|    4|   65543|       no|
        |wld_4_7_U0        |wld_4_7        |        4|   131074|  13.320 ns|  0.436 ms|    4|  131074|       no|
        |wld_5_6_U0        |wld_5_6        |        4|   131074|  13.320 ns|  0.436 ms|    4|  131074|       no|
        |wld_6_5_U0        |wld_6_5        |        4|   131074|  13.320 ns|  0.436 ms|    4|  131074|       no|
        |wld_7_4_U0        |wld_7_4        |        4|   131074|  13.320 ns|  0.436 ms|    4|  131074|       no|
        |pe_3_7_U0         |pe_3_7         |        4|    65543|  13.320 ns|  0.218 ms|    4|   65543|       no|
        |pe_4_6_U0         |pe_4_6         |        4|    65543|  13.320 ns|  0.218 ms|    4|   65543|       no|
        |pe_5_5_U0         |pe_5_5         |        4|    65543|  13.320 ns|  0.218 ms|    4|   65543|       no|
        |pe_6_4_U0         |pe_6_4         |        4|    65543|  13.320 ns|  0.218 ms|    4|   65543|       no|
        |pe_7_3_U0         |pe_7_3         |        4|    65543|  13.320 ns|  0.218 ms|    4|   65543|       no|
        |wld_5_7_U0        |wld_5_7        |        4|   131074|  13.320 ns|  0.436 ms|    4|  131074|       no|
        |wld_6_6_U0        |wld_6_6        |        4|   131074|  13.320 ns|  0.436 ms|    4|  131074|       no|
        |wld_7_5_U0        |wld_7_5        |        4|   131074|  13.320 ns|  0.436 ms|    4|  131074|       no|
        |pe_4_7_U0         |pe_4_7         |        4|    65543|  13.320 ns|  0.218 ms|    4|   65543|       no|
        |pe_5_6_U0         |pe_5_6         |        4|    65543|  13.320 ns|  0.218 ms|    4|   65543|       no|
        |pe_6_5_U0         |pe_6_5         |        4|    65543|  13.320 ns|  0.218 ms|    4|   65543|       no|
        |pe_7_4_U0         |pe_7_4         |        4|    65543|  13.320 ns|  0.218 ms|    4|   65543|       no|
        |wld_6_7_U0        |wld_6_7        |        4|   131074|  13.320 ns|  0.436 ms|    4|  131074|       no|
        |wld_7_6_U0        |wld_7_6        |        4|   131074|  13.320 ns|  0.436 ms|    4|  131074|       no|
        |pe_5_7_U0         |pe_5_7         |        4|    65543|  13.320 ns|  0.218 ms|    4|   65543|       no|
        |pe_6_6_U0         |pe_6_6         |        4|    65543|  13.320 ns|  0.218 ms|    4|   65543|       no|
        |pe_7_5_U0         |pe_7_5         |        4|    65543|  13.320 ns|  0.218 ms|    4|   65543|       no|
        |wld_7_7_U0        |wld_7_7        |        4|   131074|  13.320 ns|  0.436 ms|    4|  131074|       no|
        |pe_6_7_U0         |pe_6_7         |        4|    65543|  13.320 ns|  0.218 ms|    4|   65543|       no|
        |pe_7_6_U0         |pe_7_6         |        4|    65543|  13.320 ns|  0.218 ms|    4|   65543|       no|
        |pe_7_7_U0         |pe_7_7         |        4|    65543|  13.320 ns|  0.218 ms|    4|   65543|       no|
        |accu_0_U0         |accu_0         |        4|    65544|  13.320 ns|  0.218 ms|    4|   65544|       no|
        |dma_st_0_1_U0     |dma_st_0_1     |        4|    65548|  13.320 ns|  0.218 ms|    4|   65548|       no|
        +------------------+---------------+---------+---------+-----------+----------+-----+--------+---------+

        * Loop: 
        N/A



================================================================
== Utilization Estimates
================================================================
* Summary: 
+---------------------+---------+------+---------+---------+-----+
|         Name        | BRAM_18K|  DSP |    FF   |   LUT   | URAM|
+---------------------+---------+------+---------+---------+-----+
|DSP                  |        -|     -|        -|        -|    -|
|Expression           |        -|     -|        0|       46|    -|
|FIFO                 |        0|     -|     8018|    11790|    -|
|Instance             |       58|    58|    35889|    58416|    0|
|Memory               |        -|     -|        -|        -|    -|
|Multiplexer          |        -|     -|        -|       27|    -|
|Register             |        -|     -|        3|        -|    -|
+---------------------+---------+------+---------+---------+-----+
|Total                |       58|    58|    43910|    70279|    0|
+---------------------+---------+------+---------+---------+-----+
|Available SLR        |     1344|  3008|   869120|   434560|  320|
+---------------------+---------+------+---------+---------+-----+
|Utilization SLR (%)  |        4|     1|        5|       16|    0|
+---------------------+---------+------+---------+---------+-----+
|Available            |     4032|  9024|  2607360|  1303680|  960|
+---------------------+---------+------+---------+---------+-----+
|Utilization (%)      |        1|    ~0|        1|        5|    0|
+---------------------+---------+------+---------+---------+-----+

+ Detail: 
    * Instance: 
    +------------------+---------------+---------+----+------+------+-----+
    |     Instance     |     Module    | BRAM_18K| DSP|  FF  |  LUT | URAM|
    +------------------+---------------+---------+----+------+------+-----+
    |accu_0_U0         |accu_0         |        8|   0|  2870|  2784|    0|
    |control_s_axi_U   |control_s_axi  |        0|   0|   310|   552|    0|
    |dma_ld_0_1_U0     |dma_ld_0_1     |        4|   0|   648|  1076|    0|
    |dma_st_0_1_U0     |dma_st_0_1     |        0|   0|   368|   509|    0|
    |entry_proc_U0     |entry_proc     |        0|   0|     3|    29|    0|
    |gmem0_m_axi_U     |gmem0_m_axi    |       30|   0|  3521|  2695|    0|
    |gmem1_m_axi_U     |gmem1_m_axi    |        4|   0|   878|   966|    0|
    |gmem2_m_axi_U     |gmem2_m_axi    |        4|   0|   878|   966|    0|
    |gmem3_m_axi_U     |gmem3_m_axi    |        4|   0|   878|   966|    0|
    |pe_0_0_U0         |pe_0_0         |        0|   0|   259|   397|    0|
    |pe_0_1_U0         |pe_0_1         |        0|   0|   131|   379|    0|
    |pe_0_2_U0         |pe_0_2         |        0|   0|   131|   379|    0|
    |pe_0_3_U0         |pe_0_3         |        0|   0|   131|   379|    0|
    |pe_0_4_U0         |pe_0_4         |        0|   0|   131|   379|    0|
    |pe_0_5_U0         |pe_0_5         |        0|   0|   131|   379|    0|
    |pe_0_6_U0         |pe_0_6         |        0|   0|   131|   379|    0|
    |pe_0_7_U0         |pe_0_7         |        0|   0|   123|   359|    0|
    |pe_1_0_U0         |pe_1_0         |        0|   1|   367|   441|    0|
    |pe_1_1_U0         |pe_1_1         |        0|   1|   239|   391|    0|
    |pe_1_2_U0         |pe_1_2         |        0|   1|   239|   391|    0|
    |pe_1_3_U0         |pe_1_3         |        0|   1|   239|   391|    0|
    |pe_1_4_U0         |pe_1_4         |        0|   1|   239|   391|    0|
    |pe_1_5_U0         |pe_1_5         |        0|   1|   239|   391|    0|
    |pe_1_6_U0         |pe_1_6         |        0|   1|   239|   391|    0|
    |pe_1_7_U0         |pe_1_7         |        0|   1|   167|   339|    0|
    |pe_2_0_U0         |pe_2_0         |        0|   1|   367|   441|    0|
    |pe_2_1_U0         |pe_2_1         |        0|   1|   239|   391|    0|
    |pe_2_2_U0         |pe_2_2         |        0|   1|   239|   391|    0|
    |pe_2_3_U0         |pe_2_3         |        0|   1|   239|   391|    0|
    |pe_2_4_U0         |pe_2_4         |        0|   1|   239|   391|    0|
    |pe_2_5_U0         |pe_2_5         |        0|   1|   239|   391|    0|
    |pe_2_6_U0         |pe_2_6         |        0|   1|   239|   391|    0|
    |pe_2_7_U0         |pe_2_7         |        0|   1|   167|   339|    0|
    |pe_3_0_U0         |pe_3_0         |        0|   1|   367|   441|    0|
    |pe_3_1_U0         |pe_3_1         |        0|   1|   239|   391|    0|
    |pe_3_2_U0         |pe_3_2         |        0|   1|   239|   391|    0|
    |pe_3_3_U0         |pe_3_3         |        0|   1|   239|   391|    0|
    |pe_3_4_U0         |pe_3_4         |        0|   1|   239|   391|    0|
    |pe_3_5_U0         |pe_3_5         |        0|   1|   239|   391|    0|
    |pe_3_6_U0         |pe_3_6         |        0|   1|   239|   391|    0|
    |pe_3_7_U0         |pe_3_7         |        0|   1|   167|   339|    0|
    |pe_4_0_U0         |pe_4_0         |        0|   1|   367|   441|    0|
    |pe_4_1_U0         |pe_4_1         |        0|   1|   239|   391|    0|
    |pe_4_2_U0         |pe_4_2         |        0|   1|   239|   391|    0|
    |pe_4_3_U0         |pe_4_3         |        0|   1|   239|   391|    0|
    |pe_4_4_U0         |pe_4_4         |        0|   1|   239|   391|    0|
    |pe_4_5_U0         |pe_4_5         |        0|   1|   239|   391|    0|
    |pe_4_6_U0         |pe_4_6         |        0|   1|   239|   391|    0|
    |pe_4_7_U0         |pe_4_7         |        0|   1|   167|   339|    0|
    |pe_5_0_U0         |pe_5_0         |        0|   1|   367|   441|    0|
    |pe_5_1_U0         |pe_5_1         |        0|   1|   239|   391|    0|
    |pe_5_2_U0         |pe_5_2         |        0|   1|   239|   391|    0|
    |pe_5_3_U0         |pe_5_3         |        0|   1|   239|   391|    0|
    |pe_5_4_U0         |pe_5_4         |        0|   1|   239|   391|    0|
    |pe_5_5_U0         |pe_5_5         |        0|   1|   239|   391|    0|
    |pe_5_6_U0         |pe_5_6         |        0|   1|   239|   391|    0|
    |pe_5_7_U0         |pe_5_7         |        0|   1|   167|   339|    0|
    |pe_6_0_U0         |pe_6_0         |        0|   1|   367|   441|    0|
    |pe_6_1_U0         |pe_6_1         |        0|   1|   239|   391|    0|
    |pe_6_2_U0         |pe_6_2         |        0|   1|   239|   391|    0|
    |pe_6_3_U0         |pe_6_3         |        0|   1|   239|   391|    0|
    |pe_6_4_U0         |pe_6_4         |        0|   1|   239|   391|    0|
    |pe_6_5_U0         |pe_6_5         |        0|   1|   239|   391|    0|
    |pe_6_6_U0         |pe_6_6         |        0|   1|   239|   391|    0|
    |pe_6_7_U0         |pe_6_7         |        0|   1|   167|   339|    0|
    |pe_7_0_U0         |pe_7_0         |        0|   1|   238|   382|    0|
    |pe_7_1_U0         |pe_7_1         |        0|   1|   558|   432|    0|
    |pe_7_2_U0         |pe_7_2         |        0|   1|   558|   432|    0|
    |pe_7_3_U0         |pe_7_3         |        0|   1|   558|   432|    0|
    |pe_7_4_U0         |pe_7_4         |        0|   1|   558|   432|    0|
    |pe_7_5_U0         |pe_7_5         |        0|   1|   558|   432|    0|
    |pe_7_6_U0         |pe_7_6         |        0|   1|   558|   432|    0|
    |pe_7_7_U0         |pe_7_7         |        0|   1|   486|   380|    0|
    |sequencer_0_1_U0  |sequencer_0_1  |        0|   2|  2275|  3313|    0|
    |spm_0_U0          |spm_0          |        2|   0|   484|   843|    0|
    |vru_0_U0          |vru_0          |        2|   0|   652|   546|    0|
    |wld_0_0_U0        |wld_0_0        |        0|   0|   143|   393|    0|
    |wld_0_1_U0        |wld_0_1        |        0|   0|    72|   278|    0|
    |wld_0_2_U0        |wld_0_2        |        0|   0|    72|   278|    0|
    |wld_0_3_U0        |wld_0_3        |        0|   0|    72|   278|    0|
    |wld_0_4_U0        |wld_0_4        |        0|   0|    72|   278|    0|
    |wld_0_5_U0        |wld_0_5        |        0|   0|    72|   278|    0|
    |wld_0_6_U0        |wld_0_6        |        0|   0|    72|   278|    0|
    |wld_0_7_U0        |wld_0_7        |        0|   0|    71|   228|    0|
    |wld_1_0_U0        |wld_1_0        |        0|   0|   142|   386|    0|
    |wld_1_1_U0        |wld_1_1        |        0|   0|    72|   278|    0|
    |wld_1_2_U0        |wld_1_2        |        0|   0|    72|   278|    0|
    |wld_1_3_U0        |wld_1_3        |        0|   0|    72|   278|    0|
    |wld_1_4_U0        |wld_1_4        |        0|   0|    72|   278|    0|
    |wld_1_5_U0        |wld_1_5        |        0|   0|    72|   278|    0|
    |wld_1_6_U0        |wld_1_6        |        0|   0|    72|   278|    0|
    |wld_1_7_U0        |wld_1_7        |        0|   0|    71|   228|    0|
    |wld_2_0_U0        |wld_2_0        |        0|   0|   141|   378|    0|
    |wld_2_1_U0        |wld_2_1        |        0|   0|    72|   278|    0|
    |wld_2_2_U0        |wld_2_2        |        0|   0|    72|   278|    0|
    |wld_2_3_U0        |wld_2_3        |        0|   0|    72|   278|    0|
    |wld_2_4_U0        |wld_2_4        |        0|   0|    72|   278|    0|
    |wld_2_5_U0        |wld_2_5        |        0|   0|    72|   278|    0|
    |wld_2_6_U0        |wld_2_6        |        0|   0|    72|   278|    0|
    |wld_2_7_U0        |wld_2_7        |        0|   0|    71|   228|    0|
    |wld_3_0_U0        |wld_3_0        |        0|   0|   140|   370|    0|
    |wld_3_1_U0        |wld_3_1        |        0|   0|    72|   278|    0|
    |wld_3_2_U0        |wld_3_2        |        0|   0|    72|   278|    0|
    |wld_3_3_U0        |wld_3_3        |        0|   0|    72|   278|    0|
    |wld_3_4_U0        |wld_3_4        |        0|   0|    72|   278|    0|
    |wld_3_5_U0        |wld_3_5        |        0|   0|    72|   278|    0|
    |wld_3_6_U0        |wld_3_6        |        0|   0|    72|   278|    0|
    |wld_3_7_U0        |wld_3_7        |        0|   0|    71|   228|    0|
    |wld_4_0_U0        |wld_4_0        |        0|   0|   139|   362|    0|
    |wld_4_1_U0        |wld_4_1        |        0|   0|    72|   278|    0|
    |wld_4_2_U0        |wld_4_2        |        0|   0|    72|   278|    0|
    |wld_4_3_U0        |wld_4_3        |        0|   0|    72|   278|    0|
    |wld_4_4_U0        |wld_4_4        |        0|   0|    72|   278|    0|
    |wld_4_5_U0        |wld_4_5        |        0|   0|    72|   278|    0|
    |wld_4_6_U0        |wld_4_6        |        0|   0|    72|   278|    0|
    |wld_4_7_U0        |wld_4_7        |        0|   0|    71|   228|    0|
    |wld_5_0_U0        |wld_5_0        |        0|   0|   138|   353|    0|
    |wld_5_1_U0        |wld_5_1        |        0|   0|    72|   278|    0|
    |wld_5_2_U0        |wld_5_2        |        0|   0|    72|   278|    0|
    |wld_5_3_U0        |wld_5_3        |        0|   0|    72|   278|    0|
    |wld_5_4_U0        |wld_5_4        |        0|   0|    72|   278|    0|
    |wld_5_5_U0        |wld_5_5        |        0|   0|    72|   278|    0|
    |wld_5_6_U0        |wld_5_6        |        0|   0|    72|   278|    0|
    |wld_5_7_U0        |wld_5_7        |        0|   0|    71|   228|    0|
    |wld_6_0_U0        |wld_6_0        |        0|   0|   137|   343|    0|
    |wld_6_1_U0        |wld_6_1        |        0|   0|    72|   278|    0|
    |wld_6_2_U0        |wld_6_2        |        0|   0|    72|   278|    0|
    |wld_6_3_U0        |wld_6_3        |        0|   0|    72|   278|    0|
    |wld_6_4_U0        |wld_6_4        |        0|   0|    72|   278|    0|
    |wld_6_5_U0        |wld_6_5        |        0|   0|    72|   278|    0|
    |wld_6_6_U0        |wld_6_6        |        0|   0|    72|   278|    0|
    |wld_6_7_U0        |wld_6_7        |        0|   0|    71|   228|    0|
    |wld_7_0_U0        |wld_7_0        |        0|   0|    72|   278|    0|
    |wld_7_1_U0        |wld_7_1        |        0|   0|    72|   278|    0|
    |wld_7_2_U0        |wld_7_2        |        0|   0|    72|   278|    0|
    |wld_7_3_U0        |wld_7_3        |        0|   0|    72|   278|    0|
    |wld_7_4_U0        |wld_7_4        |        0|   0|    72|   278|    0|
    |wld_7_5_U0        |wld_7_5        |        0|   0|    72|   278|    0|
    |wld_7_6_U0        |wld_7_6        |        0|   0|    72|   278|    0|
    |wld_7_7_U0        |wld_7_7        |        0|   0|    71|   228|    0|
    +------------------+---------------+---------+----+------+------+-----+
    |Total             |               |       58|  58| 35889| 58416|    0|
    +------------------+---------------+---------+----+------+------+-----+

    * DSP: 
    N/A

    * Memory: 
    N/A

    * FIFO: 
    +-----------+---------+-----+----+-----+------+-----+---------+
    |    Name   | BRAM_18K|  FF | LUT| URAM| Depth| Bits| Size:D*B|
    +-----------+---------+-----+----+-----+------+-----+---------+
    |v5972_c_U  |        0|  211|   0|    -|    22|   64|     1408|
    |v5973_U    |        0|    7|   0|    -|     8|   64|      512|
    |v5974_U    |        0|    7|   0|    -|     8|   64|      512|
    |v5975_U    |        0|    7|   0|    -|     8|   64|      512|
    |v5976_U    |        0|    7|   0|    -|     8|   64|      512|
    |v5977_U    |        0|    7|   0|    -|     8|   64|      512|
    |v5978_U    |        0|    7|   0|    -|     8|   64|      512|
    |v5979_U    |        0|    7|   0|    -|     8|   64|      512|
    |v5980_U    |        0|    7|   0|    -|     8|   64|      512|
    |v5981_U    |        0|    7|   0|    -|     8|   64|      512|
    |v5982_U    |        0|    7|   0|    -|     8|   64|      512|
    |v5983_U    |        0|    7|   0|    -|     8|   64|      512|
    |v5984_U    |        0|    7|   0|    -|     8|   64|      512|
    |v5985_U    |        0|    7|   0|    -|     8|   64|      512|
    |v5986_U    |        0|    7|   0|    -|     8|   64|      512|
    |v5987_U    |        0|    7|   0|    -|     8|   64|      512|
    |v5988_U    |        0|    7|   0|    -|     8|   64|      512|
    |v5989_U    |        0|    7|   0|    -|     8|   64|      512|
    |v5990_U    |        0|    7|   0|    -|     8|   64|      512|
    |v5991_U    |        0|    7|   0|    -|     8|   64|      512|
    |v5992_U    |        0|    7|   0|    -|     8|   64|      512|
    |v5993_U    |        0|    7|   0|    -|     8|   64|      512|
    |v5994_U    |        0|    7|   0|    -|     8|   64|      512|
    |v5995_U    |        0|    7|   0|    -|     8|   64|      512|
    |v5996_U    |        0|    7|   0|    -|     8|   64|      512|
    |v5998_U    |        0|    7|   0|    -|     8|   64|      512|
    |v5999_U    |        0|    7|   0|    -|     8|   64|      512|
    |v6000_U    |        0|    7|   0|    -|     8|   64|      512|
    |v6001_U    |        0|    7|   0|    -|     8|   64|      512|
    |v6002_U    |        0|    7|   0|    -|     8|   64|      512|
    |v6003_U    |        0|    7|   0|    -|     8|   64|      512|
    |v6004_U    |        0|    7|   0|    -|     8|   64|      512|
    |v6006_U    |        0|    7|   0|    -|     8|   64|      512|
    |v6007_U    |        0|    7|   0|    -|     8|   64|      512|
    |v6008_U    |        0|    7|   0|    -|     8|   64|      512|
    |v6009_U    |        0|    7|   0|    -|     8|   64|      512|
    |v6010_U    |        0|    7|   0|    -|     8|   64|      512|
    |v6011_U    |        0|    7|   0|    -|     8|   64|      512|
    |v6012_U    |        0|    7|   0|    -|     8|   64|      512|
    |v6014_U    |        0|    7|   0|    -|     8|   64|      512|
    |v6015_U    |        0|    7|   0|    -|     8|   64|      512|
    |v6016_U    |        0|    7|   0|    -|     8|   64|      512|
    |v6017_U    |        0|    7|   0|    -|     8|   64|      512|
    |v6018_U    |        0|    7|   0|    -|     8|   64|      512|
    |v6019_U    |        0|    7|   0|    -|     8|   64|      512|
    |v6020_U    |        0|    7|   0|    -|     8|   64|      512|
    |v6022_U    |        0|    7|   0|    -|     8|   64|      512|
    |v6023_U    |        0|    7|   0|    -|     8|   64|      512|
    |v6024_U    |        0|    7|   0|    -|     8|   64|      512|
    |v6025_U    |        0|    7|   0|    -|     8|   64|      512|
    |v6026_U    |        0|    7|   0|    -|     8|   64|      512|
    |v6027_U    |        0|    7|   0|    -|     8|   64|      512|
    |v6028_U    |        0|    7|   0|    -|     8|   64|      512|
    |v6030_U    |        0|    7|   0|    -|     8|   64|      512|
    |v6031_U    |        0|    7|   0|    -|     8|   64|      512|
    |v6032_U    |        0|    7|   0|    -|     8|   64|      512|
    |v6033_U    |        0|    7|   0|    -|     8|   64|      512|
    |v6034_U    |        0|    7|   0|    -|     8|   64|      512|
    |v6035_U    |        0|    7|   0|    -|     8|   64|      512|
    |v6036_U    |        0|    7|   0|    -|     8|   64|      512|
    |v6038_U    |        0|    7|   0|    -|     8|   64|      512|
    |v6039_U    |        0|    7|   0|    -|     8|   64|      512|
    |v6040_U    |        0|    7|   0|    -|     8|   64|      512|
    |v6041_U    |        0|    7|   0|    -|     8|   64|      512|
    |v6042_U    |        0|    7|   0|    -|     8|   64|      512|
    |v6043_U    |        0|    7|   0|    -|     8|   64|      512|
    |v6044_U    |        0|    7|   0|    -|     8|   64|      512|
    |v6046_U    |        0|    7|   0|    -|     8|   64|      512|
    |v6047_U    |        0|    7|   0|    -|     8|   64|      512|
    |v6048_U    |        0|    7|   0|    -|     8|   64|      512|
    |v6049_U    |        0|    7|   0|    -|     8|   64|      512|
    |v6050_U    |        0|    7|   0|    -|     8|   64|      512|
    |v6051_U    |        0|    7|   0|    -|     8|   64|      512|
    |v6052_U    |        0|    7|   0|    -|     8|   64|      512|
    |v6054_U    |        0|    7|   0|    -|     8|   64|      512|
    |v6055_U    |        0|    7|   0|    -|     8|   64|      512|
    |v6056_U    |        0|    7|   0|    -|     8|   64|      512|
    |v6057_U    |        0|    7|   0|    -|     8|   64|      512|
    |v6058_U    |        0|    7|   0|    -|     8|   64|      512|
    |v6059_U    |        0|    7|   0|    -|     8|   64|      512|
    |v6060_U    |        0|    7|   0|    -|     8|   64|      512|
    |v6061_U    |        0|    7|   0|    -|     8|   64|      512|
    |v6062_U    |        0|    6|   0|    -|     8|    8|       64|
    |v6063_U    |        0|    6|   0|    -|     8|    8|       64|
    |v6064_U    |        0|    6|   0|    -|     8|    8|       64|
    |v6065_U    |        0|    6|   0|    -|     8|    8|       64|
    |v6066_U    |        0|    6|   0|    -|     8|    8|       64|
    |v6067_U    |        0|    6|   0|    -|     8|    8|       64|
    |v6068_U    |        0|    6|   0|    -|     8|    8|       64|
    |v6070_U    |        0|    6|   0|    -|     8|    8|       64|
    |v6071_U    |        0|    6|   0|    -|     8|    8|       64|
    |v6072_U    |        0|    6|   0|    -|     8|    8|       64|
    |v6073_U    |        0|    6|   0|    -|     8|    8|       64|
    |v6074_U    |        0|    6|   0|    -|     8|    8|       64|
    |v6075_U    |        0|    6|   0|    -|     8|    8|       64|
    |v6076_U    |        0|    6|   0|    -|     8|    8|       64|
    |v6078_U    |        0|    6|   0|    -|     8|    8|       64|
    |v6079_U    |        0|    6|   0|    -|     8|    8|       64|
    |v6080_U    |        0|    6|   0|    -|     8|    8|       64|
    |v6081_U    |        0|    6|   0|    -|     8|    8|       64|
    |v6082_U    |        0|    6|   0|    -|     8|    8|       64|
    |v6083_U    |        0|    6|   0|    -|     8|    8|       64|
    |v6084_U    |        0|    6|   0|    -|     8|    8|       64|
    |v6086_U    |        0|    6|   0|    -|     8|    8|       64|
    |v6087_U    |        0|    6|   0|    -|     8|    8|       64|
    |v6088_U    |        0|    6|   0|    -|     8|    8|       64|
    |v6089_U    |        0|    6|   0|    -|     8|    8|       64|
    |v6090_U    |        0|    6|   0|    -|     8|    8|       64|
    |v6091_U    |        0|    6|   0|    -|     8|    8|       64|
    |v6092_U    |        0|    6|   0|    -|     8|    8|       64|
    |v6094_U    |        0|    6|   0|    -|     8|    8|       64|
    |v6095_U    |        0|    6|   0|    -|     8|    8|       64|
    |v6096_U    |        0|    6|   0|    -|     8|    8|       64|
    |v6097_U    |        0|    6|   0|    -|     8|    8|       64|
    |v6098_U    |        0|    6|   0|    -|     8|    8|       64|
    |v6099_U    |        0|    6|   0|    -|     8|    8|       64|
    |v6100_U    |        0|    6|   0|    -|     8|    8|       64|
    |v6102_U    |        0|    6|   0|    -|     8|    8|       64|
    |v6103_U    |        0|    6|   0|    -|     8|    8|       64|
    |v6104_U    |        0|    6|   0|    -|     8|    8|       64|
    |v6105_U    |        0|    6|   0|    -|     8|    8|       64|
    |v6106_U    |        0|    6|   0|    -|     8|    8|       64|
    |v6107_U    |        0|    6|   0|    -|     8|    8|       64|
    |v6108_U    |        0|    6|   0|    -|     8|    8|       64|
    |v6110_U    |        0|    6|   0|    -|     8|    8|       64|
    |v6111_U    |        0|    6|   0|    -|     8|    8|       64|
    |v6112_U    |        0|    6|   0|    -|     8|    8|       64|
    |v6113_U    |        0|    6|   0|    -|     8|    8|       64|
    |v6114_U    |        0|    6|   0|    -|     8|    8|       64|
    |v6115_U    |        0|    6|   0|    -|     8|    8|       64|
    |v6116_U    |        0|    6|   0|    -|     8|    8|       64|
    |v6118_U    |        0|    6|   0|    -|     8|    8|       64|
    |v6119_U    |        0|    6|   0|    -|     8|    8|       64|
    |v6120_U    |        0|    6|   0|    -|     8|    8|       64|
    |v6121_U    |        0|    6|   0|    -|     8|    8|       64|
    |v6122_U    |        0|    6|   0|    -|     8|    8|       64|
    |v6123_U    |        0|    6|   0|    -|     8|    8|       64|
    |v6124_U    |        0|    6|   0|    -|     8|    8|       64|
    |v6126_U    |        0|    6|   0|    -|     8|   32|      256|
    |v6127_U    |        0|    6|   0|    -|     8|   32|      256|
    |v6128_U    |        0|    6|   0|    -|     8|   32|      256|
    |v6129_U    |        0|    6|   0|    -|     8|   32|      256|
    |v6130_U    |        0|    6|   0|    -|     8|   32|      256|
    |v6131_U    |        0|    6|   0|    -|     8|   32|      256|
    |v6132_U    |        0|    6|   0|    -|     8|   32|      256|
    |v6133_U    |        0|    6|   0|    -|     8|   32|      256|
    |v6134_U    |        0|    6|   0|    -|     8|   32|      256|
    |v6135_U    |        0|    6|   0|    -|     8|   32|      256|
    |v6136_U    |        0|    6|   0|    -|     8|   32|      256|
    |v6137_U    |        0|    6|   0|    -|     8|   32|      256|
    |v6138_U    |        0|    6|   0|    -|     8|   32|      256|
    |v6139_U    |        0|    6|   0|    -|     8|   32|      256|
    |v6140_U    |        0|    6|   0|    -|     8|   32|      256|
    |v6141_U    |        0|    6|   0|    -|     8|   32|      256|
    |v6142_U    |        0|    6|   0|    -|     8|   32|      256|
    |v6143_U    |        0|    6|   0|    -|     8|   32|      256|
    |v6144_U    |        0|    6|   0|    -|     8|   32|      256|
    |v6145_U    |        0|    6|   0|    -|     8|   32|      256|
    |v6146_U    |        0|    6|   0|    -|     8|   32|      256|
    |v6147_U    |        0|    6|   0|    -|     8|   32|      256|
    |v6148_U    |        0|    6|   0|    -|     8|   32|      256|
    |v6149_U    |        0|    6|   0|    -|     8|   32|      256|
    |v6150_U    |        0|    6|   0|    -|     8|   32|      256|
    |v6151_U    |        0|    6|   0|    -|     8|   32|      256|
    |v6152_U    |        0|    6|   0|    -|     8|   32|      256|
    |v6153_U    |        0|    6|   0|    -|     8|   32|      256|
    |v6154_U    |        0|    6|   0|    -|     8|   32|      256|
    |v6155_U    |        0|    6|   0|    -|     8|   32|      256|
    |v6156_U    |        0|    6|   0|    -|     8|   32|      256|
    |v6157_U    |        0|    6|   0|    -|     8|   32|      256|
    |v6158_U    |        0|    6|   0|    -|     8|   32|      256|
    |v6159_U    |        0|    6|   0|    -|     8|   32|      256|
    |v6160_U    |        0|    6|   0|    -|     8|   32|      256|
    |v6161_U    |        0|    6|   0|    -|     8|   32|      256|
    |v6162_U    |        0|    6|   0|    -|     8|   32|      256|
    |v6163_U    |        0|    6|   0|    -|     8|   32|      256|
    |v6164_U    |        0|    6|   0|    -|     8|   32|      256|
    |v6165_U    |        0|    6|   0|    -|     8|   32|      256|
    |v6166_U    |        0|    6|   0|    -|     8|   32|      256|
    |v6167_U    |        0|    6|   0|    -|     8|   32|      256|
    |v6168_U    |        0|    6|   0|    -|     8|   32|      256|
    |v6169_U    |        0|    6|   0|    -|     8|   32|      256|
    |v6170_U    |        0|    6|   0|    -|     8|   32|      256|
    |v6171_U    |        0|    6|   0|    -|     8|   32|      256|
    |v6172_U    |        0|    6|   0|    -|     8|   32|      256|
    |v6173_U    |        0|    6|   0|    -|     8|   32|      256|
    |v6174_U    |        0|    6|   0|    -|     8|   32|      256|
    |v6175_U    |        0|    6|   0|    -|     8|   32|      256|
    |v6176_U    |        0|    6|   0|    -|     8|   32|      256|
    |v6177_U    |        0|    6|   0|    -|     8|   32|      256|
    |v6178_U    |        0|    6|   0|    -|     8|   32|      256|
    |v6179_U    |        0|    6|   0|    -|     8|   32|      256|
    |v6180_U    |        0|    6|   0|    -|     8|   32|      256|
    |v6181_U    |        0|    6|   0|    -|     8|   32|      256|
    |v6190_U    |        0|  781|   0|    -|     8|  256|     2048|
    |v6191_U    |        0|  781|   0|    -|     8|  256|     2048|
    |v6192_U    |        0|  781|   0|    -|     8|  256|     2048|
    |v6193_U    |        0|  781|   0|    -|     8|  256|     2048|
    |v6194_U    |        0|  781|   0|    -|     8|  256|     2048|
    |v6195_U    |        0|  781|   0|    -|     8|  256|     2048|
    |v6196_U    |        0|  781|   0|    -|     8|  256|     2048|
    |v6197_U    |        0|  781|   0|    -|     8|  256|     2048|
    |v6198_U    |        0|    5|   0|    -|     4|   32|      128|
    |v6199_U    |        0|    5|   0|    -|     4|   32|      128|
    |v6200_U    |        0|    5|   0|    -|     4|   32|      128|
    |v6201_U    |        0|    5|   0|    -|     4|   32|      128|
    |v6202_U    |        0|    5|   0|    -|     4|   32|      128|
    |v6203_U    |        0|    5|   0|    -|     4|   32|      128|
    |v6204_U    |        0|    5|   0|    -|     4|   32|      128|
    |v6205_U    |        0|    5|   0|    -|     4|   32|      128|
    |v6206_U    |        0|    5|   0|    -|     4|   32|      128|
    |v6207_U    |        0|    5|   0|    -|     4|   32|      128|
    |v6208_U    |        0|    5|   0|    -|     4|   32|      128|
    |v6209_U    |        0|    5|   0|    -|     4|   32|      128|
    |v6210_U    |        0|    5|   0|    -|     4|   32|      128|
    |v6211_U    |        0|    5|   0|    -|     4|   32|      128|
    |v6212_U    |        0|    5|   0|    -|     4|   32|      128|
    |v6213_U    |        0|    5|   0|    -|     4|   32|      128|
    |v6214_U    |        0|    5|   0|    -|     4|   32|      128|
    |v6215_U    |        0|    5|   0|    -|     4|   32|      128|
    |v6216_U    |        0|    5|   0|    -|     4|   32|      128|
    |v6217_U    |        0|    5|   0|    -|     4|   32|      128|
    |v6218_U    |        0|    5|   0|    -|     4|   32|      128|
    |v6219_U    |        0|    5|   0|    -|     4|   32|      128|
    |v6220_U    |        0|    5|   0|    -|     4|   32|      128|
    |v6221_U    |        0|    5|   0|    -|     4|   32|      128|
    |v6222_U    |        0|    5|   0|    -|     4|   32|      128|
    |v6223_U    |        0|    5|   0|    -|     4|   32|      128|
    |v6224_U    |        0|    5|   0|    -|     4|   32|      128|
    |v6225_U    |        0|    5|   0|    -|     4|   32|      128|
    |v6226_U    |        0|    5|   0|    -|     4|   32|      128|
    |v6227_U    |        0|    5|   0|    -|     4|   32|      128|
    |v6228_U    |        0|    5|   0|    -|     4|   32|      128|
    |v6229_U    |        0|    5|   0|    -|     4|   32|      128|
    |v6230_U    |        0|    5|   0|    -|     4|   32|      128|
    |v6231_U    |        0|    5|   0|    -|     4|   32|      128|
    |v6232_U    |        0|    5|   0|    -|     4|   32|      128|
    |v6233_U    |        0|    5|   0|    -|     4|   32|      128|
    |v6234_U    |        0|    5|   0|    -|     4|   32|      128|
    |v6235_U    |        0|    5|   0|    -|     4|   32|      128|
    |v6236_U    |        0|    5|   0|    -|     4|   32|      128|
    |v6237_U    |        0|    5|   0|    -|     4|   32|      128|
    |v6238_U    |        0|    5|   0|    -|     4|   32|      128|
    |v6239_U    |        0|    5|   0|    -|     4|   32|      128|
    |v6240_U    |        0|    5|   0|    -|     4|   32|      128|
    |v6241_U    |        0|    5|   0|    -|     4|   32|      128|
    |v6242_U    |        0|    5|   0|    -|     4|   32|      128|
    |v6243_U    |        0|    5|   0|    -|     4|   32|      128|
    |v6244_U    |        0|    5|   0|    -|     4|   32|      128|
    |v6245_U    |        0|    5|   0|    -|     4|   32|      128|
    |v6246_U    |        0|    5|   0|    -|     4|   32|      128|
    |v6247_U    |        0|    5|   0|    -|     4|   32|      128|
    |v6248_U    |        0|    5|   0|    -|     4|   32|      128|
    |v6249_U    |        0|    5|   0|    -|     4|   32|      128|
    |v6250_U    |        0|    5|   0|    -|     4|   32|      128|
    |v6251_U    |        0|    5|   0|    -|     4|   32|      128|
    |v6252_U    |        0|    5|   0|    -|     4|   32|      128|
    |v6253_U    |        0|    5|   0|    -|     4|   32|      128|
    |v6254_U    |        0|    5|   0|    -|     4|   32|      128|
    |v6255_U    |        0|    5|   0|    -|     4|   32|      128|
    |v6256_U    |        0|    5|   0|    -|     4|   32|      128|
    |v6257_U    |        0|    5|   0|    -|     4|   32|      128|
    |v6258_U    |        0|    5|   0|    -|     4|   32|      128|
    |v6259_U    |        0|    5|   0|    -|     4|   32|      128|
    |v6260_U    |        0|    5|   0|    -|     4|   32|      128|
    |v6261_U    |        0|    5|   0|    -|     4|   32|      128|
    +-----------+---------+-----+----+-----+------+-----+---------+
    |Total      |        0| 8018|   0|    0|  1886|11584|    85376|
    +-----------+---------+-----+----+-----+------+-----+---------+

    * Expression: 
    +-----------------------------------+----------+----+---+----+------------+------------+
    |           Variable Name           | Operation| DSP| FF| LUT| Bitwidth P0| Bitwidth P1|
    +-----------------------------------+----------+----+---+----+------------+------------+
    |ap_idle                            |       and|   0|  0|   2|           1|           1|
    |ap_sync_ready                      |       and|   0|  0|   2|           1|           1|
    |dma_ld_0_1_U0_ap_start             |       and|   0|  0|   2|           1|           1|
    |entry_proc_U0_ap_start             |       and|   0|  0|   2|           1|           1|
    |pe_0_0_U0_start_full_n             |       and|   0|  0|   2|           1|           1|
    |pe_0_1_U0_start_full_n             |       and|   0|  0|   2|           1|           1|
    |pe_0_2_U0_start_full_n             |       and|   0|  0|   2|           1|           1|
    |pe_0_3_U0_start_full_n             |       and|   0|  0|   2|           1|           1|
    |pe_0_4_U0_start_full_n             |       and|   0|  0|   2|           1|           1|
    |pe_0_5_U0_start_full_n             |       and|   0|  0|   2|           1|           1|
    |pe_0_6_U0_start_full_n             |       and|   0|  0|   2|           1|           1|
    |sequencer_0_1_U0_ap_start          |       and|   0|  0|   2|           1|           1|
    |sequencer_0_1_U0_start_full_n      |       and|   0|  0|   2|           1|           1|
    |wld_0_0_U0_start_full_n            |       and|   0|  0|   2|           1|           1|
    |wld_1_0_U0_start_full_n            |       and|   0|  0|   2|           1|           1|
    |wld_2_0_U0_start_full_n            |       and|   0|  0|   2|           1|           1|
    |wld_3_0_U0_start_full_n            |       and|   0|  0|   2|           1|           1|
    |wld_4_0_U0_start_full_n            |       and|   0|  0|   2|           1|           1|
    |wld_5_0_U0_start_full_n            |       and|   0|  0|   2|           1|           1|
    |wld_6_0_U0_start_full_n            |       and|   0|  0|   2|           1|           1|
    |ap_sync_dma_ld_0_1_U0_ap_ready     |        or|   0|  0|   2|           1|           1|
    |ap_sync_entry_proc_U0_ap_ready     |        or|   0|  0|   2|           1|           1|
    |ap_sync_sequencer_0_1_U0_ap_ready  |        or|   0|  0|   2|           1|           1|
    +-----------------------------------+----------+----+---+----+------------+------------+
    |Total                              |          |   0|  0|  46|          23|          23|
    +-----------------------------------+----------+----+---+----+------------+------------+

    * Multiplexer: 
    +---------------------------------------+----+-----------+-----+-----------+
    |                  Name                 | LUT| Input Size| Bits| Total Bits|
    +---------------------------------------+----+-----------+-----+-----------+
    |ap_sync_reg_dma_ld_0_1_U0_ap_ready     |   9|          2|    1|          2|
    |ap_sync_reg_entry_proc_U0_ap_ready     |   9|          2|    1|          2|
    |ap_sync_reg_sequencer_0_1_U0_ap_ready  |   9|          2|    1|          2|
    +---------------------------------------+----+-----------+-----+-----------+
    |Total                                  |  27|          6|    3|          6|
    +---------------------------------------+----+-----------+-----+-----------+

    * Register: 
    +---------------------------------------+---+----+-----+-----------+
    |                  Name                 | FF| LUT| Bits| Const Bits|
    +---------------------------------------+---+----+-----+-----------+
    |ap_sync_reg_dma_ld_0_1_U0_ap_ready     |  1|   0|    1|          0|
    |ap_sync_reg_entry_proc_U0_ap_ready     |  1|   0|    1|          0|
    |ap_sync_reg_sequencer_0_1_U0_ap_ready  |  1|   0|    1|          0|
    +---------------------------------------+---+----+-----+-----------+
    |Total                                  |  3|   0|    3|          0|
    +---------------------------------------+---+----+-----+-----------+



================================================================
== Interface
================================================================
* Summary: 
+-----------------------+-----+-----+------------+--------------+--------------+
|       RTL Ports       | Dir | Bits|  Protocol  | Source Object|    C Type    |
+-----------------------+-----+-----+------------+--------------+--------------+
|s_axi_control_AWVALID  |   in|    1|       s_axi|       control|        scalar|
|s_axi_control_AWREADY  |  out|    1|       s_axi|       control|        scalar|
|s_axi_control_AWADDR   |   in|    6|       s_axi|       control|        scalar|
|s_axi_control_WVALID   |   in|    1|       s_axi|       control|        scalar|
|s_axi_control_WREADY   |  out|    1|       s_axi|       control|        scalar|
|s_axi_control_WDATA    |   in|   32|       s_axi|       control|        scalar|
|s_axi_control_WSTRB    |   in|    4|       s_axi|       control|        scalar|
|s_axi_control_ARVALID  |   in|    1|       s_axi|       control|        scalar|
|s_axi_control_ARREADY  |  out|    1|       s_axi|       control|        scalar|
|s_axi_control_ARADDR   |   in|    6|       s_axi|       control|        scalar|
|s_axi_control_RVALID   |  out|    1|       s_axi|       control|        scalar|
|s_axi_control_RREADY   |   in|    1|       s_axi|       control|        scalar|
|s_axi_control_RDATA    |  out|   32|       s_axi|       control|        scalar|
|s_axi_control_RRESP    |  out|    2|       s_axi|       control|        scalar|
|s_axi_control_BVALID   |  out|    1|       s_axi|       control|        scalar|
|s_axi_control_BREADY   |   in|    1|       s_axi|       control|        scalar|
|s_axi_control_BRESP    |  out|    2|       s_axi|       control|        scalar|
|ap_clk                 |   in|    1|  ap_ctrl_hs|   tinytpu_isa|  return value|
|ap_rst_n               |   in|    1|  ap_ctrl_hs|   tinytpu_isa|  return value|
|ap_start               |   in|    1|  ap_ctrl_hs|   tinytpu_isa|  return value|
|ap_done                |  out|    1|  ap_ctrl_hs|   tinytpu_isa|  return value|
|ap_ready               |  out|    1|  ap_ctrl_hs|   tinytpu_isa|  return value|
|ap_idle                |  out|    1|  ap_ctrl_hs|   tinytpu_isa|  return value|
|m_axi_gmem0_AWVALID    |  out|    1|       m_axi|         gmem0|       pointer|
|m_axi_gmem0_AWREADY    |   in|    1|       m_axi|         gmem0|       pointer|
|m_axi_gmem0_AWADDR     |  out|   64|       m_axi|         gmem0|       pointer|
|m_axi_gmem0_AWID       |  out|    1|       m_axi|         gmem0|       pointer|
|m_axi_gmem0_AWLEN      |  out|    8|       m_axi|         gmem0|       pointer|
|m_axi_gmem0_AWSIZE     |  out|    3|       m_axi|         gmem0|       pointer|
|m_axi_gmem0_AWBURST    |  out|    2|       m_axi|         gmem0|       pointer|
|m_axi_gmem0_AWLOCK     |  out|    2|       m_axi|         gmem0|       pointer|
|m_axi_gmem0_AWCACHE    |  out|    4|       m_axi|         gmem0|       pointer|
|m_axi_gmem0_AWPROT     |  out|    3|       m_axi|         gmem0|       pointer|
|m_axi_gmem0_AWQOS      |  out|    4|       m_axi|         gmem0|       pointer|
|m_axi_gmem0_AWREGION   |  out|    4|       m_axi|         gmem0|       pointer|
|m_axi_gmem0_AWUSER     |  out|    1|       m_axi|         gmem0|       pointer|
|m_axi_gmem0_WVALID     |  out|    1|       m_axi|         gmem0|       pointer|
|m_axi_gmem0_WREADY     |   in|    1|       m_axi|         gmem0|       pointer|
|m_axi_gmem0_WDATA      |  out|  512|       m_axi|         gmem0|       pointer|
|m_axi_gmem0_WSTRB      |  out|   64|       m_axi|         gmem0|       pointer|
|m_axi_gmem0_WLAST      |  out|    1|       m_axi|         gmem0|       pointer|
|m_axi_gmem0_WID        |  out|    1|       m_axi|         gmem0|       pointer|
|m_axi_gmem0_WUSER      |  out|    1|       m_axi|         gmem0|       pointer|
|m_axi_gmem0_ARVALID    |  out|    1|       m_axi|         gmem0|       pointer|
|m_axi_gmem0_ARREADY    |   in|    1|       m_axi|         gmem0|       pointer|
|m_axi_gmem0_ARADDR     |  out|   64|       m_axi|         gmem0|       pointer|
|m_axi_gmem0_ARID       |  out|    1|       m_axi|         gmem0|       pointer|
|m_axi_gmem0_ARLEN      |  out|    8|       m_axi|         gmem0|       pointer|
|m_axi_gmem0_ARSIZE     |  out|    3|       m_axi|         gmem0|       pointer|
|m_axi_gmem0_ARBURST    |  out|    2|       m_axi|         gmem0|       pointer|
|m_axi_gmem0_ARLOCK     |  out|    2|       m_axi|         gmem0|       pointer|
|m_axi_gmem0_ARCACHE    |  out|    4|       m_axi|         gmem0|       pointer|
|m_axi_gmem0_ARPROT     |  out|    3|       m_axi|         gmem0|       pointer|
|m_axi_gmem0_ARQOS      |  out|    4|       m_axi|         gmem0|       pointer|
|m_axi_gmem0_ARREGION   |  out|    4|       m_axi|         gmem0|       pointer|
|m_axi_gmem0_ARUSER     |  out|    1|       m_axi|         gmem0|       pointer|
|m_axi_gmem0_RVALID     |   in|    1|       m_axi|         gmem0|       pointer|
|m_axi_gmem0_RREADY     |  out|    1|       m_axi|         gmem0|       pointer|
|m_axi_gmem0_RDATA      |   in|  512|       m_axi|         gmem0|       pointer|
|m_axi_gmem0_RLAST      |   in|    1|       m_axi|         gmem0|       pointer|
|m_axi_gmem0_RID        |   in|    1|       m_axi|         gmem0|       pointer|
|m_axi_gmem0_RUSER      |   in|    1|       m_axi|         gmem0|       pointer|
|m_axi_gmem0_RRESP      |   in|    2|       m_axi|         gmem0|       pointer|
|m_axi_gmem0_BVALID     |   in|    1|       m_axi|         gmem0|       pointer|
|m_axi_gmem0_BREADY     |  out|    1|       m_axi|         gmem0|       pointer|
|m_axi_gmem0_BRESP      |   in|    2|       m_axi|         gmem0|       pointer|
|m_axi_gmem0_BID        |   in|    1|       m_axi|         gmem0|       pointer|
|m_axi_gmem0_BUSER      |   in|    1|       m_axi|         gmem0|       pointer|
|m_axi_gmem1_AWVALID    |  out|    1|       m_axi|         gmem1|       pointer|
|m_axi_gmem1_AWREADY    |   in|    1|       m_axi|         gmem1|       pointer|
|m_axi_gmem1_AWADDR     |  out|   64|       m_axi|         gmem1|       pointer|
|m_axi_gmem1_AWID       |  out|    1|       m_axi|         gmem1|       pointer|
|m_axi_gmem1_AWLEN      |  out|    8|       m_axi|         gmem1|       pointer|
|m_axi_gmem1_AWSIZE     |  out|    3|       m_axi|         gmem1|       pointer|
|m_axi_gmem1_AWBURST    |  out|    2|       m_axi|         gmem1|       pointer|
|m_axi_gmem1_AWLOCK     |  out|    2|       m_axi|         gmem1|       pointer|
|m_axi_gmem1_AWCACHE    |  out|    4|       m_axi|         gmem1|       pointer|
|m_axi_gmem1_AWPROT     |  out|    3|       m_axi|         gmem1|       pointer|
|m_axi_gmem1_AWQOS      |  out|    4|       m_axi|         gmem1|       pointer|
|m_axi_gmem1_AWREGION   |  out|    4|       m_axi|         gmem1|       pointer|
|m_axi_gmem1_AWUSER     |  out|    1|       m_axi|         gmem1|       pointer|
|m_axi_gmem1_WVALID     |  out|    1|       m_axi|         gmem1|       pointer|
|m_axi_gmem1_WREADY     |   in|    1|       m_axi|         gmem1|       pointer|
|m_axi_gmem1_WDATA      |  out|   64|       m_axi|         gmem1|       pointer|
|m_axi_gmem1_WSTRB      |  out|    8|       m_axi|         gmem1|       pointer|
|m_axi_gmem1_WLAST      |  out|    1|       m_axi|         gmem1|       pointer|
|m_axi_gmem1_WID        |  out|    1|       m_axi|         gmem1|       pointer|
|m_axi_gmem1_WUSER      |  out|    1|       m_axi|         gmem1|       pointer|
|m_axi_gmem1_ARVALID    |  out|    1|       m_axi|         gmem1|       pointer|
|m_axi_gmem1_ARREADY    |   in|    1|       m_axi|         gmem1|       pointer|
|m_axi_gmem1_ARADDR     |  out|   64|       m_axi|         gmem1|       pointer|
|m_axi_gmem1_ARID       |  out|    1|       m_axi|         gmem1|       pointer|
|m_axi_gmem1_ARLEN      |  out|    8|       m_axi|         gmem1|       pointer|
|m_axi_gmem1_ARSIZE     |  out|    3|       m_axi|         gmem1|       pointer|
|m_axi_gmem1_ARBURST    |  out|    2|       m_axi|         gmem1|       pointer|
|m_axi_gmem1_ARLOCK     |  out|    2|       m_axi|         gmem1|       pointer|
|m_axi_gmem1_ARCACHE    |  out|    4|       m_axi|         gmem1|       pointer|
|m_axi_gmem1_ARPROT     |  out|    3|       m_axi|         gmem1|       pointer|
|m_axi_gmem1_ARQOS      |  out|    4|       m_axi|         gmem1|       pointer|
|m_axi_gmem1_ARREGION   |  out|    4|       m_axi|         gmem1|       pointer|
|m_axi_gmem1_ARUSER     |  out|    1|       m_axi|         gmem1|       pointer|
|m_axi_gmem1_RVALID     |   in|    1|       m_axi|         gmem1|       pointer|
|m_axi_gmem1_RREADY     |  out|    1|       m_axi|         gmem1|       pointer|
|m_axi_gmem1_RDATA      |   in|   64|       m_axi|         gmem1|       pointer|
|m_axi_gmem1_RLAST      |   in|    1|       m_axi|         gmem1|       pointer|
|m_axi_gmem1_RID        |   in|    1|       m_axi|         gmem1|       pointer|
|m_axi_gmem1_RUSER      |   in|    1|       m_axi|         gmem1|       pointer|
|m_axi_gmem1_RRESP      |   in|    2|       m_axi|         gmem1|       pointer|
|m_axi_gmem1_BVALID     |   in|    1|       m_axi|         gmem1|       pointer|
|m_axi_gmem1_BREADY     |  out|    1|       m_axi|         gmem1|       pointer|
|m_axi_gmem1_BRESP      |   in|    2|       m_axi|         gmem1|       pointer|
|m_axi_gmem1_BID        |   in|    1|       m_axi|         gmem1|       pointer|
|m_axi_gmem1_BUSER      |   in|    1|       m_axi|         gmem1|       pointer|
|m_axi_gmem2_AWVALID    |  out|    1|       m_axi|         gmem2|       pointer|
|m_axi_gmem2_AWREADY    |   in|    1|       m_axi|         gmem2|       pointer|
|m_axi_gmem2_AWADDR     |  out|   64|       m_axi|         gmem2|       pointer|
|m_axi_gmem2_AWID       |  out|    1|       m_axi|         gmem2|       pointer|
|m_axi_gmem2_AWLEN      |  out|    8|       m_axi|         gmem2|       pointer|
|m_axi_gmem2_AWSIZE     |  out|    3|       m_axi|         gmem2|       pointer|
|m_axi_gmem2_AWBURST    |  out|    2|       m_axi|         gmem2|       pointer|
|m_axi_gmem2_AWLOCK     |  out|    2|       m_axi|         gmem2|       pointer|
|m_axi_gmem2_AWCACHE    |  out|    4|       m_axi|         gmem2|       pointer|
|m_axi_gmem2_AWPROT     |  out|    3|       m_axi|         gmem2|       pointer|
|m_axi_gmem2_AWQOS      |  out|    4|       m_axi|         gmem2|       pointer|
|m_axi_gmem2_AWREGION   |  out|    4|       m_axi|         gmem2|       pointer|
|m_axi_gmem2_AWUSER     |  out|    1|       m_axi|         gmem2|       pointer|
|m_axi_gmem2_WVALID     |  out|    1|       m_axi|         gmem2|       pointer|
|m_axi_gmem2_WREADY     |   in|    1|       m_axi|         gmem2|       pointer|
|m_axi_gmem2_WDATA      |  out|   64|       m_axi|         gmem2|       pointer|
|m_axi_gmem2_WSTRB      |  out|    8|       m_axi|         gmem2|       pointer|
|m_axi_gmem2_WLAST      |  out|    1|       m_axi|         gmem2|       pointer|
|m_axi_gmem2_WID        |  out|    1|       m_axi|         gmem2|       pointer|
|m_axi_gmem2_WUSER      |  out|    1|       m_axi|         gmem2|       pointer|
|m_axi_gmem2_ARVALID    |  out|    1|       m_axi|         gmem2|       pointer|
|m_axi_gmem2_ARREADY    |   in|    1|       m_axi|         gmem2|       pointer|
|m_axi_gmem2_ARADDR     |  out|   64|       m_axi|         gmem2|       pointer|
|m_axi_gmem2_ARID       |  out|    1|       m_axi|         gmem2|       pointer|
|m_axi_gmem2_ARLEN      |  out|    8|       m_axi|         gmem2|       pointer|
|m_axi_gmem2_ARSIZE     |  out|    3|       m_axi|         gmem2|       pointer|
|m_axi_gmem2_ARBURST    |  out|    2|       m_axi|         gmem2|       pointer|
|m_axi_gmem2_ARLOCK     |  out|    2|       m_axi|         gmem2|       pointer|
|m_axi_gmem2_ARCACHE    |  out|    4|       m_axi|         gmem2|       pointer|
|m_axi_gmem2_ARPROT     |  out|    3|       m_axi|         gmem2|       pointer|
|m_axi_gmem2_ARQOS      |  out|    4|       m_axi|         gmem2|       pointer|
|m_axi_gmem2_ARREGION   |  out|    4|       m_axi|         gmem2|       pointer|
|m_axi_gmem2_ARUSER     |  out|    1|       m_axi|         gmem2|       pointer|
|m_axi_gmem2_RVALID     |   in|    1|       m_axi|         gmem2|       pointer|
|m_axi_gmem2_RREADY     |  out|    1|       m_axi|         gmem2|       pointer|
|m_axi_gmem2_RDATA      |   in|   64|       m_axi|         gmem2|       pointer|
|m_axi_gmem2_RLAST      |   in|    1|       m_axi|         gmem2|       pointer|
|m_axi_gmem2_RID        |   in|    1|       m_axi|         gmem2|       pointer|
|m_axi_gmem2_RUSER      |   in|    1|       m_axi|         gmem2|       pointer|
|m_axi_gmem2_RRESP      |   in|    2|       m_axi|         gmem2|       pointer|
|m_axi_gmem2_BVALID     |   in|    1|       m_axi|         gmem2|       pointer|
|m_axi_gmem2_BREADY     |  out|    1|       m_axi|         gmem2|       pointer|
|m_axi_gmem2_BRESP      |   in|    2|       m_axi|         gmem2|       pointer|
|m_axi_gmem2_BID        |   in|    1|       m_axi|         gmem2|       pointer|
|m_axi_gmem2_BUSER      |   in|    1|       m_axi|         gmem2|       pointer|
|m_axi_gmem3_AWVALID    |  out|    1|       m_axi|         gmem3|       pointer|
|m_axi_gmem3_AWREADY    |   in|    1|       m_axi|         gmem3|       pointer|
|m_axi_gmem3_AWADDR     |  out|   64|       m_axi|         gmem3|       pointer|
|m_axi_gmem3_AWID       |  out|    1|       m_axi|         gmem3|       pointer|
|m_axi_gmem3_AWLEN      |  out|    8|       m_axi|         gmem3|       pointer|
|m_axi_gmem3_AWSIZE     |  out|    3|       m_axi|         gmem3|       pointer|
|m_axi_gmem3_AWBURST    |  out|    2|       m_axi|         gmem3|       pointer|
|m_axi_gmem3_AWLOCK     |  out|    2|       m_axi|         gmem3|       pointer|
|m_axi_gmem3_AWCACHE    |  out|    4|       m_axi|         gmem3|       pointer|
|m_axi_gmem3_AWPROT     |  out|    3|       m_axi|         gmem3|       pointer|
|m_axi_gmem3_AWQOS      |  out|    4|       m_axi|         gmem3|       pointer|
|m_axi_gmem3_AWREGION   |  out|    4|       m_axi|         gmem3|       pointer|
|m_axi_gmem3_AWUSER     |  out|    1|       m_axi|         gmem3|       pointer|
|m_axi_gmem3_WVALID     |  out|    1|       m_axi|         gmem3|       pointer|
|m_axi_gmem3_WREADY     |   in|    1|       m_axi|         gmem3|       pointer|
|m_axi_gmem3_WDATA      |  out|   64|       m_axi|         gmem3|       pointer|
|m_axi_gmem3_WSTRB      |  out|    8|       m_axi|         gmem3|       pointer|
|m_axi_gmem3_WLAST      |  out|    1|       m_axi|         gmem3|       pointer|
|m_axi_gmem3_WID        |  out|    1|       m_axi|         gmem3|       pointer|
|m_axi_gmem3_WUSER      |  out|    1|       m_axi|         gmem3|       pointer|
|m_axi_gmem3_ARVALID    |  out|    1|       m_axi|         gmem3|       pointer|
|m_axi_gmem3_ARREADY    |   in|    1|       m_axi|         gmem3|       pointer|
|m_axi_gmem3_ARADDR     |  out|   64|       m_axi|         gmem3|       pointer|
|m_axi_gmem3_ARID       |  out|    1|       m_axi|         gmem3|       pointer|
|m_axi_gmem3_ARLEN      |  out|    8|       m_axi|         gmem3|       pointer|
|m_axi_gmem3_ARSIZE     |  out|    3|       m_axi|         gmem3|       pointer|
|m_axi_gmem3_ARBURST    |  out|    2|       m_axi|         gmem3|       pointer|
|m_axi_gmem3_ARLOCK     |  out|    2|       m_axi|         gmem3|       pointer|
|m_axi_gmem3_ARCACHE    |  out|    4|       m_axi|         gmem3|       pointer|
|m_axi_gmem3_ARPROT     |  out|    3|       m_axi|         gmem3|       pointer|
|m_axi_gmem3_ARQOS      |  out|    4|       m_axi|         gmem3|       pointer|
|m_axi_gmem3_ARREGION   |  out|    4|       m_axi|         gmem3|       pointer|
|m_axi_gmem3_ARUSER     |  out|    1|       m_axi|         gmem3|       pointer|
|m_axi_gmem3_RVALID     |   in|    1|       m_axi|         gmem3|       pointer|
|m_axi_gmem3_RREADY     |  out|    1|       m_axi|         gmem3|       pointer|
|m_axi_gmem3_RDATA      |   in|   64|       m_axi|         gmem3|       pointer|
|m_axi_gmem3_RLAST      |   in|    1|       m_axi|         gmem3|       pointer|
|m_axi_gmem3_RID        |   in|    1|       m_axi|         gmem3|       pointer|
|m_axi_gmem3_RUSER      |   in|    1|       m_axi|         gmem3|       pointer|
|m_axi_gmem3_RRESP      |   in|    2|       m_axi|         gmem3|       pointer|
|m_axi_gmem3_BVALID     |   in|    1|       m_axi|         gmem3|       pointer|
|m_axi_gmem3_BREADY     |  out|    1|       m_axi|         gmem3|       pointer|
|m_axi_gmem3_BRESP      |   in|    2|       m_axi|         gmem3|       pointer|
|m_axi_gmem3_BID        |   in|    1|       m_axi|         gmem3|       pointer|
|m_axi_gmem3_BUSER      |   in|    1|       m_axi|         gmem3|       pointer|
+-----------------------+-----+-----+------------+--------------+--------------+

