 
****************************************
Report : area
Design : tinytpu_isa
Version: W-2024.09
Date   : Tue Sep 22 11:48:28 2026
****************************************

Library(s) Used:

    NangateOpenCellLibrary (File: /scratch/users/sk3463/builds/tinytpu-t8/4-synopsys-dc-synthesis/inputs/adk/stdcells.db)


Number of ports:                        28704
Number of nets:                        877804
Number of cells:                       853171
Number of combinational cells:         408352
Number of sequential cells:            438922
Number of macros/black boxes:               0
Number of buf/inv:                      71585
Number of references:                    1211

Combinational area:             499371.386185
Buf/Inv area:                    51496.535112
Noncombinational area:         1982554.320761
Macro/Black Box area:                0.000000
Net Interconnect area:      undefined  (Wire load has zero net area)

Total cell area:               2481925.706946
