 
****************************************
Report : reference
Design : add_0
Version: W-2024.09
Date   : Fri Oct  2 04:42:31 2026
****************************************

Attributes:
    b - black box (unknown)
   bo - allows boundary optimization
    d - dont_touch
   mo - map_only
    h - hierarchical
    n - noncombinational
    r - removable
    s - synthetic operator
    u - contains unmapped logic

Reference          Library       Unit Area   Count    Total Area   Attributes
-----------------------------------------------------------------------------
AND2_X1            NangateOpenCellLibrary
                                  1.064000     128    136.192001  
AND3_X1            NangateOpenCellLibrary
                                  1.330000      23     30.590001  
AND4_X1            NangateOpenCellLibrary
                                  1.596000      22     35.111999  
AOI21_X1           NangateOpenCellLibrary
                                  1.064000      28     29.792000  
AOI22_X1           NangateOpenCellLibrary
                                  1.330000      42     55.860002  
AOI211_X1          NangateOpenCellLibrary
                                  1.330000       7      9.310000  
AOI221_X1          NangateOpenCellLibrary
                                  1.596000       3      4.788000  
BUF_X1             NangateOpenCellLibrary
                                  0.798000       1      0.798000  
BUF_X2             NangateOpenCellLibrary
                                  1.064000       1      1.064000  
CLKBUF_X1          NangateOpenCellLibrary
                                  0.798000       6      4.788000  
DFFRS_X1           NangateOpenCellLibrary
                                  6.384000       1      6.384000  n
DFFR_X1            NangateOpenCellLibrary
                                  5.320000     106    563.920018  n
DFFS_X1            NangateOpenCellLibrary
                                  5.320000       1      5.320000  n
FA_X1              NangateOpenCellLibrary
                                  4.256000       1      4.256000  r
INV_X1             NangateOpenCellLibrary
                                  0.532000     240    127.680001  
MUX2_X1            NangateOpenCellLibrary
                                  1.862000      68    126.615999  
NAND2_X1           NangateOpenCellLibrary
                                  0.798000     307    244.985993  
NAND3_X1           NangateOpenCellLibrary
                                  1.064000      13     13.832000  
NAND4_X1           NangateOpenCellLibrary
                                  1.330000      28     37.240001  
NOR2_X1            NangateOpenCellLibrary
                                  0.798000      88     70.223998  
NOR2_X2            NangateOpenCellLibrary
                                  1.330000       1      1.330000  
NOR3_X1            NangateOpenCellLibrary
                                  1.064000       4      4.256000  
NOR4_X1            NangateOpenCellLibrary
                                  1.330000      12     15.960001  
OAI21_X1           NangateOpenCellLibrary
                                  1.064000      72     76.608001  
OAI22_X1           NangateOpenCellLibrary
                                  1.330000      31     41.230001  
OAI211_X1          NangateOpenCellLibrary
                                  1.330000      23     30.590001  
OAI221_X1          NangateOpenCellLibrary
                                  1.596000       9     14.364000  
OR2_X1             NangateOpenCellLibrary
                                  1.064000     243    258.552003  
OR3_X1             NangateOpenCellLibrary
                                  1.330000      15     19.950001  
OR4_X1             NangateOpenCellLibrary
                                  1.596000       9     14.364000  
SNPS_CLOCK_GATE_HIGH_add_0_run_0
                                  3.990000       1      3.990000  b, h
SNPS_CLOCK_GATE_HIGH_add_0_run_1
                                  3.990000       1      3.990000  b, h
XNOR2_X1           NangateOpenCellLibrary
                                  1.596000      56     89.375998  
XNOR2_X2           NangateOpenCellLibrary
                                  2.660000       1      2.660000  
XOR2_X1            NangateOpenCellLibrary
                                  1.596000      24     38.303999  
XOR2_X2            NangateOpenCellLibrary
                                  2.394000       1      2.394000  
-----------------------------------------------------------------------------
Total 36 references                                  2126.670018
1
