 
****************************************
Report : area
Design : Gemmini
Version: W-2024.09
Date   : Tue Sep 22 18:24:13 2026
****************************************

Information: Updating design information... (UID-85)
Warning: Design 'Gemmini' contains 1 high-fanout nets. A fanout number of 1000 will be used for delay calculations involving these nets. (TIM-134)
Library(s) Used:

    NangateOpenCellLibrary (File: /scratch/users/sk3463/build_gemmini_DIM4_nomem/4-synopsys-dc-synthesis/inputs/adk/stdcells.db)

Number of ports:                         7185
Number of nets:                        219560
Number of cells:                       201019
Number of combinational cells:         168099
Number of sequential cells:             32405
Number of macros/black boxes:               0
Number of buf/inv:                      30033
Number of references:                     345

Combinational area:             235740.373414
Buf/Inv area:                    18028.150042
Noncombinational area:          146285.630774
Macro/Black Box area:                0.000000
Net Interconnect area:      undefined  (Wire load has zero net area)

Total cell area:                382026.004187
Total area:                 undefined

Hierarchical area distribution
------------------------------

                                  Global cell area              Local cell area
                                  --------------------  -------------------------------- 
Hierarchical cell                 Absolute     Percent  Combi-       Noncombi-    Black-
                                  Total        Total    national     national     boxes   Design
--------------------------------  -----------  -------  -----------  -----------  ------  -------------------------------------------
Gemmini                           382026.0042    100.0   79790.4245   72210.7514  0.0000  Gemmini
clk_gate_tlb_tlbs_0_tlb_superpage_entries_3_valid_0_reg      3.9900     0.0      0.0000      3.9900 0.0000 SNPS_CLOCK_GATE_HIGH_Gemmini_2
counters                           11192.4819      2.9    5915.8401    5204.8218  0.0000  CounterController
counters/clk_gate_counterfile_counter_config_0_reg      3.9900     0.0      0.0000      3.9900 0.0000 SNPS_CLOCK_GATE_HIGH_CounterController_2
counters/clk_gate_counterfile_counter_config_1_reg      3.9900     0.0      0.0000      3.9900 0.0000 SNPS_CLOCK_GATE_HIGH_CounterController_3
counters/clk_gate_counterfile_counter_config_2_reg      3.9900     0.0      0.0000      3.9900 0.0000 SNPS_CLOCK_GATE_HIGH_CounterController_4
counters/clk_gate_counterfile_counter_config_3_reg      3.9900     0.0      0.0000      3.9900 0.0000 SNPS_CLOCK_GATE_HIGH_CounterController_5
counters/clk_gate_counterfile_counter_config_4_reg      3.9900     0.0      0.0000      3.9900 0.0000 SNPS_CLOCK_GATE_HIGH_CounterController_6
counters/clk_gate_counterfile_counter_config_5_reg      3.9900     0.0      0.0000      3.9900 0.0000 SNPS_CLOCK_GATE_HIGH_CounterController_7
counters/clk_gate_counterfile_counter_config_6_reg      3.9900     0.0      0.0000      3.9900 0.0000 SNPS_CLOCK_GATE_HIGH_CounterController_8
counters/clk_gate_counterfile_counter_config_7_reg      3.9900     0.0      0.0000      3.9900 0.0000 SNPS_CLOCK_GATE_HIGH_CounterController_1
counters/clk_gate_counterfile_counter_snapshot_7_reg      3.9900     0.0      0.0000      3.9900 0.0000 SNPS_CLOCK_GATE_HIGH_CounterController_9
counters/clk_gate_counterfile_counters_0_reg      3.9900     0.0      0.0000      3.9900 0.0000 SNPS_CLOCK_GATE_HIGH_CounterController_10
counters/clk_gate_counterfile_counters_1_reg      3.9900     0.0      0.0000      3.9900 0.0000 SNPS_CLOCK_GATE_HIGH_CounterController_11
counters/clk_gate_counterfile_counters_2_reg      3.9900     0.0      0.0000      3.9900 0.0000 SNPS_CLOCK_GATE_HIGH_CounterController_12
counters/clk_gate_counterfile_counters_3_reg      3.9900     0.0      0.0000      3.9900 0.0000 SNPS_CLOCK_GATE_HIGH_CounterController_13
counters/clk_gate_counterfile_counters_4_reg      3.9900     0.0      0.0000      3.9900 0.0000 SNPS_CLOCK_GATE_HIGH_CounterController_14
counters/clk_gate_counterfile_counters_5_reg      3.9900     0.0      0.0000      3.9900 0.0000 SNPS_CLOCK_GATE_HIGH_CounterController_15
counters/clk_gate_counterfile_counters_6_reg      3.9900     0.0      0.0000      3.9900 0.0000 SNPS_CLOCK_GATE_HIGH_CounterController_16
counters/clk_gate_counterfile_counters_7_reg      3.9900     0.0      0.0000      3.9900 0.0000 SNPS_CLOCK_GATE_HIGH_CounterController_17
counters/clk_gate_out_reg_data_reg      3.9900     0.0       0.0000       3.9900  0.0000  SNPS_CLOCK_GATE_HIGH_CounterController_0
ex_controller                      40085.4017     10.5   22313.6763   17400.6554  0.0000  ExecuteController
ex_controller/clk_gate_a_addr_offset_reg      3.9900     0.0      0.0000      3.9900 0.0000 SNPS_CLOCK_GATE_HIGH_ExecuteController_98
ex_controller/clk_gate_bd_transpose_reg      3.9900     0.0      0.0000      3.9900 0.0000 SNPS_CLOCK_GATE_HIGH_ExecuteController_101
ex_controller/clk_gate_c_addr_stride_reg      3.9900     0.0      0.0000      3.9900 0.0000 SNPS_CLOCK_GATE_HIGH_ExecuteController_97
ex_controller/clk_gate_cmd_q_len_reg      3.9900     0.0      0.0000      3.9900  0.0000  SNPS_CLOCK_GATE_HIGH_ExecuteController_92
ex_controller/clk_gate_cmd_q_raddr_reg      3.9900     0.0      0.0000      3.9900 0.0000 SNPS_CLOCK_GATE_HIGH_ExecuteController_93
ex_controller/clk_gate_cmd_q_regs_0_rob_id_valid_reg      3.9900     0.0      0.0000      3.9900 0.0000 SNPS_CLOCK_GATE_HIGH_ExecuteController_84
ex_controller/clk_gate_cmd_q_regs_1_rob_id_valid_reg      3.9900     0.0      0.0000      3.9900 0.0000 SNPS_CLOCK_GATE_HIGH_ExecuteController_85
ex_controller/clk_gate_cmd_q_regs_2_rob_id_valid_reg      3.9900     0.0      0.0000      3.9900 0.0000 SNPS_CLOCK_GATE_HIGH_ExecuteController_86
ex_controller/clk_gate_cmd_q_regs_3_rob_id_valid_reg      3.9900     0.0      0.0000      3.9900 0.0000 SNPS_CLOCK_GATE_HIGH_ExecuteController_87
ex_controller/clk_gate_cmd_q_regs_4_rob_id_valid_reg      3.9900     0.0      0.0000      3.9900 0.0000 SNPS_CLOCK_GATE_HIGH_ExecuteController_88
ex_controller/clk_gate_cmd_q_regs_5_rob_id_valid_reg      3.9900     0.0      0.0000      3.9900 0.0000 SNPS_CLOCK_GATE_HIGH_ExecuteController_89
ex_controller/clk_gate_cmd_q_regs_6_rob_id_valid_reg      3.9900     0.0      0.0000      3.9900 0.0000 SNPS_CLOCK_GATE_HIGH_ExecuteController_90
ex_controller/clk_gate_cmd_q_regs_7_rob_id_valid_reg      3.9900     0.0      0.0000      3.9900 0.0000 SNPS_CLOCK_GATE_HIGH_ExecuteController_91
ex_controller/clk_gate_cmd_q_waddr_reg      3.9900     0.0      0.0000      3.9900 0.0000 SNPS_CLOCK_GATE_HIGH_ExecuteController_94
ex_controller/clk_gate_mesh_a_buf_2_0_reg      3.9900     0.0      0.0000      3.9900 0.0000 SNPS_CLOCK_GATE_HIGH_ExecuteController_74
ex_controller/clk_gate_mesh_b_buf_2_0_reg      3.9900     0.0      0.0000      3.9900 0.0000 SNPS_CLOCK_GATE_HIGH_ExecuteController_75
ex_controller/clk_gate_mesh_cntl_signals_q_deq_ptr_value_reg      3.9900     0.0      0.0000      3.9900 0.0000 SNPS_CLOCK_GATE_HIGH_ExecuteController_83
ex_controller/clk_gate_mesh_cntl_signals_q_enq_ptr_value_reg      3.9900     0.0      0.0000      3.9900 0.0000 SNPS_CLOCK_GATE_HIGH_ExecuteController_82
ex_controller/clk_gate_mesh_cntl_signals_q_ram_ext_Memory_reg_0_      3.9900     0.0      0.0000      3.9900 0.0000 SNPS_CLOCK_GATE_HIGH_ExecuteController_77
ex_controller/clk_gate_mesh_cntl_signals_q_ram_ext_Memory_reg_1_      3.9900     0.0      0.0000      3.9900 0.0000 SNPS_CLOCK_GATE_HIGH_ExecuteController_78
ex_controller/clk_gate_mesh_cntl_signals_q_ram_ext_Memory_reg_2_      3.9900     0.0      0.0000      3.9900 0.0000 SNPS_CLOCK_GATE_HIGH_ExecuteController_79
ex_controller/clk_gate_mesh_cntl_signals_q_ram_ext_Memory_reg_3_      3.9900     0.0      0.0000      3.9900 0.0000 SNPS_CLOCK_GATE_HIGH_ExecuteController_80
ex_controller/clk_gate_mesh_cntl_signals_q_ram_ext_Memory_reg_4_      3.9900     0.0      0.0000      3.9900 0.0000 SNPS_CLOCK_GATE_HIGH_ExecuteController_81
ex_controller/clk_gate_mesh_d_buf_2_0_reg      3.9900     0.0      0.0000      3.9900 0.0000 SNPS_CLOCK_GATE_HIGH_ExecuteController_76
ex_controller/clk_gate_mesh_matmul_id_reg      3.9900     0.0      0.0000      3.9900 0.0000 SNPS_CLOCK_GATE_HIGH_ExecuteController_72
ex_controller/clk_gate_mesh_mesh_mesh_0_0_io_in_control_0_dataflow_pipe_b_reg      3.9900     0.0      0.0000      3.9900 0.0000 SNPS_CLOCK_GATE_HIGH_ExecuteController_55
ex_controller/clk_gate_mesh_mesh_mesh_0_0_tile_0_0_c1_reg      3.9900     0.0      0.0000      3.9900 0.0000 SNPS_CLOCK_GATE_HIGH_ExecuteController_54
ex_controller/clk_gate_mesh_mesh_mesh_0_0_tile_0_0_c2_reg      3.9900     0.0      0.0000      3.9900 0.0000 SNPS_CLOCK_GATE_HIGH_ExecuteController_53
ex_controller/clk_gate_mesh_mesh_mesh_0_1_tile_0_0_c1_reg      3.9900     0.0      0.0000      3.9900 0.0000 SNPS_CLOCK_GATE_HIGH_ExecuteController_52
ex_controller/clk_gate_mesh_mesh_mesh_0_1_tile_0_0_c2_reg      3.9900     0.0      0.0000      3.9900 0.0000 SNPS_CLOCK_GATE_HIGH_ExecuteController_51
ex_controller/clk_gate_mesh_mesh_mesh_0_2_tile_0_0_c1_reg      3.9900     0.0      0.0000      3.9900 0.0000 SNPS_CLOCK_GATE_HIGH_ExecuteController_50
ex_controller/clk_gate_mesh_mesh_mesh_0_2_tile_0_0_c2_reg      3.9900     0.0      0.0000      3.9900 0.0000 SNPS_CLOCK_GATE_HIGH_ExecuteController_49
ex_controller/clk_gate_mesh_mesh_mesh_0_3_tile_0_0_c1_reg      3.9900     0.0      0.0000      3.9900 0.0000 SNPS_CLOCK_GATE_HIGH_ExecuteController_48
ex_controller/clk_gate_mesh_mesh_mesh_0_3_tile_0_0_c2_reg      3.9900     0.0      0.0000      3.9900 0.0000 SNPS_CLOCK_GATE_HIGH_ExecuteController_47
ex_controller/clk_gate_mesh_mesh_mesh_1_0_io_in_control_0_dataflow_pipe_b_reg      3.9900     0.0      0.0000      3.9900 0.0000 SNPS_CLOCK_GATE_HIGH_ExecuteController_56
ex_controller/clk_gate_mesh_mesh_mesh_1_0_tile_0_0_c1_reg      3.9900     0.0      0.0000      3.9900 0.0000 SNPS_CLOCK_GATE_HIGH_ExecuteController_46
ex_controller/clk_gate_mesh_mesh_mesh_1_0_tile_0_0_c2_reg      3.9900     0.0      0.0000      3.9900 0.0000 SNPS_CLOCK_GATE_HIGH_ExecuteController_45
ex_controller/clk_gate_mesh_mesh_mesh_1_1_tile_0_0_c1_reg      3.9900     0.0      0.0000      3.9900 0.0000 SNPS_CLOCK_GATE_HIGH_ExecuteController_44
ex_controller/clk_gate_mesh_mesh_mesh_1_1_tile_0_0_c2_reg      3.9900     0.0      0.0000      3.9900 0.0000 SNPS_CLOCK_GATE_HIGH_ExecuteController_43
ex_controller/clk_gate_mesh_mesh_mesh_1_2_tile_0_0_c1_reg      3.9900     0.0      0.0000      3.9900 0.0000 SNPS_CLOCK_GATE_HIGH_ExecuteController_42
ex_controller/clk_gate_mesh_mesh_mesh_1_2_tile_0_0_c2_reg      3.9900     0.0      0.0000      3.9900 0.0000 SNPS_CLOCK_GATE_HIGH_ExecuteController_41
ex_controller/clk_gate_mesh_mesh_mesh_1_3_tile_0_0_c1_reg      3.9900     0.0      0.0000      3.9900 0.0000 SNPS_CLOCK_GATE_HIGH_ExecuteController_40
ex_controller/clk_gate_mesh_mesh_mesh_1_3_tile_0_0_c2_reg      3.9900     0.0      0.0000      3.9900 0.0000 SNPS_CLOCK_GATE_HIGH_ExecuteController_39
ex_controller/clk_gate_mesh_mesh_mesh_2_0_io_in_control_0_dataflow_pipe_b_reg      3.9900     0.0      0.0000      3.9900 0.0000 SNPS_CLOCK_GATE_HIGH_ExecuteController_57
ex_controller/clk_gate_mesh_mesh_mesh_2_0_tile_0_0_c1_reg      3.9900     0.0      0.0000      3.9900 0.0000 SNPS_CLOCK_GATE_HIGH_ExecuteController_38
ex_controller/clk_gate_mesh_mesh_mesh_2_0_tile_0_0_c2_reg      3.9900     0.0      0.0000      3.9900 0.0000 SNPS_CLOCK_GATE_HIGH_ExecuteController_37
ex_controller/clk_gate_mesh_mesh_mesh_2_1_tile_0_0_c1_reg      3.9900     0.0      0.0000      3.9900 0.0000 SNPS_CLOCK_GATE_HIGH_ExecuteController_36
ex_controller/clk_gate_mesh_mesh_mesh_2_1_tile_0_0_c2_reg      3.9900     0.0      0.0000      3.9900 0.0000 SNPS_CLOCK_GATE_HIGH_ExecuteController_35
ex_controller/clk_gate_mesh_mesh_mesh_2_2_tile_0_0_c1_reg      3.9900     0.0      0.0000      3.9900 0.0000 SNPS_CLOCK_GATE_HIGH_ExecuteController_34
ex_controller/clk_gate_mesh_mesh_mesh_2_2_tile_0_0_c2_reg      3.9900     0.0      0.0000      3.9900 0.0000 SNPS_CLOCK_GATE_HIGH_ExecuteController_33
ex_controller/clk_gate_mesh_mesh_mesh_2_3_tile_0_0_c1_reg      3.9900     0.0      0.0000      3.9900 0.0000 SNPS_CLOCK_GATE_HIGH_ExecuteController_32
ex_controller/clk_gate_mesh_mesh_mesh_2_3_tile_0_0_c2_reg      3.9900     0.0      0.0000      3.9900 0.0000 SNPS_CLOCK_GATE_HIGH_ExecuteController_31
ex_controller/clk_gate_mesh_mesh_mesh_3_0_io_in_control_0_dataflow_pipe_b_reg      3.9900     0.0      0.0000      3.9900 0.0000 SNPS_CLOCK_GATE_HIGH_ExecuteController_58
ex_controller/clk_gate_mesh_mesh_mesh_3_0_tile_0_0_c1_reg      3.9900     0.0      0.0000      3.9900 0.0000 SNPS_CLOCK_GATE_HIGH_ExecuteController_30
ex_controller/clk_gate_mesh_mesh_mesh_3_0_tile_0_0_c2_reg      3.9900     0.0      0.0000      3.9900 0.0000 SNPS_CLOCK_GATE_HIGH_ExecuteController_29
ex_controller/clk_gate_mesh_mesh_mesh_3_1_io_in_control_0_dataflow_pipe_b_reg      3.9900     0.0      0.0000      3.9900 0.0000 SNPS_CLOCK_GATE_HIGH_ExecuteController_62
ex_controller/clk_gate_mesh_mesh_mesh_3_1_tile_0_0_c1_reg      3.9900     0.0      0.0000      3.9900 0.0000 SNPS_CLOCK_GATE_HIGH_ExecuteController_28
ex_controller/clk_gate_mesh_mesh_mesh_3_1_tile_0_0_c2_reg      3.9900     0.0      0.0000      3.9900 0.0000 SNPS_CLOCK_GATE_HIGH_ExecuteController_27
ex_controller/clk_gate_mesh_mesh_mesh_3_2_io_in_control_0_dataflow_pipe_b_reg      3.9900     0.0      0.0000      3.9900 0.0000 SNPS_CLOCK_GATE_HIGH_ExecuteController_66
ex_controller/clk_gate_mesh_mesh_mesh_3_2_tile_0_0_c1_reg      3.9900     0.0      0.0000      3.9900 0.0000 SNPS_CLOCK_GATE_HIGH_ExecuteController_26
ex_controller/clk_gate_mesh_mesh_mesh_3_2_tile_0_0_c2_reg      3.9900     0.0      0.0000      3.9900 0.0000 SNPS_CLOCK_GATE_HIGH_ExecuteController_25
ex_controller/clk_gate_mesh_mesh_mesh_3_3_io_in_control_0_dataflow_pipe_b_reg      3.9900     0.0      0.0000      3.9900 0.0000 SNPS_CLOCK_GATE_HIGH_ExecuteController_70
ex_controller/clk_gate_mesh_mesh_mesh_3_3_tile_0_0_c1_reg      3.9900     0.0      0.0000      3.9900 0.0000 SNPS_CLOCK_GATE_HIGH_ExecuteController_24
ex_controller/clk_gate_mesh_mesh_mesh_3_3_tile_0_0_c2_reg      3.9900     0.0      0.0000      3.9900 0.0000 SNPS_CLOCK_GATE_HIGH_ExecuteController_23
ex_controller/clk_gate_mesh_req_bits_total_rows_reg      3.9900     0.0      0.0000      3.9900 0.0000 SNPS_CLOCK_GATE_HIGH_ExecuteController_73
ex_controller/clk_gate_mesh_tagq_len_reg      3.9900     0.0      0.0000      3.9900 0.0000 SNPS_CLOCK_GATE_HIGH_ExecuteController_14
ex_controller/clk_gate_mesh_tagq_raddr_reg      3.9900     0.0      0.0000      3.9900 0.0000 SNPS_CLOCK_GATE_HIGH_ExecuteController_21
ex_controller/clk_gate_mesh_tagq_regs_0_tag_addr_data_reg      3.9900     0.0      0.0000      3.9900 0.0000 SNPS_CLOCK_GATE_HIGH_ExecuteController_15
ex_controller/clk_gate_mesh_tagq_regs_0_tag_cols_reg      3.9900     0.0      0.0000      3.9900 0.0000 SNPS_CLOCK_GATE_HIGH_ExecuteController_8
ex_controller/clk_gate_mesh_tagq_regs_1_tag_addr_data_reg      3.9900     0.0      0.0000      3.9900 0.0000 SNPS_CLOCK_GATE_HIGH_ExecuteController_16
ex_controller/clk_gate_mesh_tagq_regs_1_tag_cols_reg      3.9900     0.0      0.0000      3.9900 0.0000 SNPS_CLOCK_GATE_HIGH_ExecuteController_9
ex_controller/clk_gate_mesh_tagq_regs_2_tag_addr_data_reg      3.9900     0.0      0.0000      3.9900 0.0000 SNPS_CLOCK_GATE_HIGH_ExecuteController_17
ex_controller/clk_gate_mesh_tagq_regs_2_tag_cols_reg      3.9900     0.0      0.0000      3.9900 0.0000 SNPS_CLOCK_GATE_HIGH_ExecuteController_10
ex_controller/clk_gate_mesh_tagq_regs_3_tag_addr_data_reg      3.9900     0.0      0.0000      3.9900 0.0000 SNPS_CLOCK_GATE_HIGH_ExecuteController_18
ex_controller/clk_gate_mesh_tagq_regs_3_tag_cols_reg      3.9900     0.0      0.0000      3.9900 0.0000 SNPS_CLOCK_GATE_HIGH_ExecuteController_11
ex_controller/clk_gate_mesh_tagq_regs_4_tag_addr_data_reg      3.9900     0.0      0.0000      3.9900 0.0000 SNPS_CLOCK_GATE_HIGH_ExecuteController_19
ex_controller/clk_gate_mesh_tagq_regs_4_tag_cols_reg      3.9900     0.0      0.0000      3.9900 0.0000 SNPS_CLOCK_GATE_HIGH_ExecuteController_12
ex_controller/clk_gate_mesh_tagq_regs_5_tag_addr_data_reg      3.9900     0.0      0.0000      3.9900 0.0000 SNPS_CLOCK_GATE_HIGH_ExecuteController_20
ex_controller/clk_gate_mesh_tagq_regs_5_tag_cols_reg      3.9900     0.0      0.0000      3.9900 0.0000 SNPS_CLOCK_GATE_HIGH_ExecuteController_13
ex_controller/clk_gate_mesh_tagq_waddr_reg      3.9900     0.0      0.0000      3.9900 0.0000 SNPS_CLOCK_GATE_HIGH_ExecuteController_22
ex_controller/clk_gate_mesh_total_rows_q_deq_ptr_value_reg      3.9900     0.0      0.0000      3.9900 0.0000 SNPS_CLOCK_GATE_HIGH_ExecuteController_7
ex_controller/clk_gate_mesh_total_rows_q_ram_ext_Memory_reg_0_      3.9900     0.0      0.0000      3.9900 0.0000 SNPS_CLOCK_GATE_HIGH_ExecuteController_1
ex_controller/clk_gate_mesh_total_rows_q_ram_ext_Memory_reg_1_      3.9900     0.0      0.0000      3.9900 0.0000 SNPS_CLOCK_GATE_HIGH_ExecuteController_2
ex_controller/clk_gate_mesh_total_rows_q_ram_ext_Memory_reg_2_      3.9900     0.0      0.0000      3.9900 0.0000 SNPS_CLOCK_GATE_HIGH_ExecuteController_3
ex_controller/clk_gate_mesh_total_rows_q_ram_ext_Memory_reg_3_      3.9900     0.0      0.0000      3.9900 0.0000 SNPS_CLOCK_GATE_HIGH_ExecuteController_4
ex_controller/clk_gate_mesh_total_rows_q_ram_ext_Memory_reg_4_      3.9900     0.0      0.0000      3.9900 0.0000 SNPS_CLOCK_GATE_HIGH_ExecuteController_5
ex_controller/clk_gate_mesh_total_rows_q_ram_ext_Memory_reg_5_      3.9900     0.0      0.0000      3.9900 0.0000 SNPS_CLOCK_GATE_HIGH_ExecuteController_6
ex_controller/clk_gate_mesh_transposer_pes_0_0_reg_0_reg      3.9900     0.0      0.0000      3.9900 0.0000 SNPS_CLOCK_GATE_HIGH_ExecuteController_71
ex_controller/clk_gate_pending_completed_rob_ids_0_bits_reg      3.9900     0.0      0.0000      3.9900 0.0000 SNPS_CLOCK_GATE_HIGH_ExecuteController_100
ex_controller/clk_gate_pending_completed_rob_ids_1_bits_reg      3.9900     0.0      0.0000      3.9900 0.0000 SNPS_CLOCK_GATE_HIGH_ExecuteController_99
ex_controller/clk_gate_perform_single_preload_reg      3.9900     0.0      0.0000      3.9900 0.0000 SNPS_CLOCK_GATE_HIGH_ExecuteController_102
ex_controller/clk_gate_unrolled_cmd_mod_q_regs_0_cmd_rs2_reg      3.9900     0.0      0.0000      3.9900 0.0000 SNPS_CLOCK_GATE_HIGH_ExecuteController_95
ex_controller/clk_gate_unrolled_cmd_mod_q_regs_1_cmd_rs2_reg      3.9900     0.0      0.0000      3.9900 0.0000 SNPS_CLOCK_GATE_HIGH_ExecuteController_96
load_controller_clk_gate_cmd_id_buf_reg      3.9900     0.0      0.0000      3.9900 0.0000 SNPS_CLOCK_GATE_HIGH_LoadController_3
load_controller_clk_gate_cmd_q_deq_ptr_value_reg      3.9900     0.0      0.0000      3.9900 0.0000 SNPS_CLOCK_GATE_HIGH_LoadController_4
load_controller_clk_gate_cmd_q_enq_ptr_value_reg      3.9900     0.0      0.0000      3.9900 0.0000 SNPS_CLOCK_GATE_HIGH_LoadController_5
load_controller_clk_gate_cmd_q_ram_ext_Memory_reg_0_      3.9900     0.0      0.0000      3.9900 0.0000 SNPS_CLOCK_GATE_HIGH_LoadController_13
load_controller_clk_gate_cmd_q_ram_ext_Memory_reg_1_      3.9900     0.0      0.0000      3.9900 0.0000 SNPS_CLOCK_GATE_HIGH_LoadController_12
load_controller_clk_gate_cmd_q_ram_ext_Memory_reg_2_      3.9900     0.0      0.0000      3.9900 0.0000 SNPS_CLOCK_GATE_HIGH_LoadController_11
load_controller_clk_gate_cmd_q_ram_ext_Memory_reg_3_      3.9900     0.0      0.0000      3.9900 0.0000 SNPS_CLOCK_GATE_HIGH_LoadController_10
load_controller_clk_gate_cmd_q_ram_ext_Memory_reg_4_      3.9900     0.0      0.0000      3.9900 0.0000 SNPS_CLOCK_GATE_HIGH_LoadController_9
load_controller_clk_gate_cmd_q_ram_ext_Memory_reg_5_      3.9900     0.0      0.0000      3.9900 0.0000 SNPS_CLOCK_GATE_HIGH_LoadController_8
load_controller_clk_gate_cmd_q_ram_ext_Memory_reg_6_      3.9900     0.0      0.0000      3.9900 0.0000 SNPS_CLOCK_GATE_HIGH_LoadController_7
load_controller_clk_gate_cmd_q_ram_ext_Memory_reg_7_      3.9900     0.0      0.0000      3.9900 0.0000 SNPS_CLOCK_GATE_HIGH_LoadController_6
load_controller_clk_gate_cmd_tracker_cmds_0_bytes_left_reg      3.9900     0.0      0.0000      3.9900 0.0000 SNPS_CLOCK_GATE_HIGH_LoadController_22
load_controller_clk_gate_cmd_tracker_cmds_0_tag_rob_id_reg      3.9900     0.0      0.0000      3.9900 0.0000 SNPS_CLOCK_GATE_HIGH_LoadController_23
load_controller_clk_gate_cmd_tracker_cmds_1_bytes_left_reg      3.9900     0.0      0.0000      3.9900 0.0000 SNPS_CLOCK_GATE_HIGH_LoadController_20
load_controller_clk_gate_cmd_tracker_cmds_1_tag_rob_id_reg      3.9900     0.0      0.0000      3.9900 0.0000 SNPS_CLOCK_GATE_HIGH_LoadController_21
load_controller_clk_gate_cmd_tracker_cmds_2_bytes_left_reg      3.9900     0.0      0.0000      3.9900 0.0000 SNPS_CLOCK_GATE_HIGH_LoadController_18
load_controller_clk_gate_cmd_tracker_cmds_2_tag_rob_id_reg      3.9900     0.0      0.0000      3.9900 0.0000 SNPS_CLOCK_GATE_HIGH_LoadController_19
load_controller_clk_gate_cmd_tracker_cmds_3_bytes_left_reg      3.9900     0.0      0.0000      3.9900 0.0000 SNPS_CLOCK_GATE_HIGH_LoadController_16
load_controller_clk_gate_cmd_tracker_cmds_3_tag_rob_id_reg      3.9900     0.0      0.0000      3.9900 0.0000 SNPS_CLOCK_GATE_HIGH_LoadController_17
load_controller_clk_gate_cmd_tracker_cmds_4_bytes_left_reg      3.9900     0.0      0.0000      3.9900 0.0000 SNPS_CLOCK_GATE_HIGH_LoadController_14
load_controller_clk_gate_cmd_tracker_cmds_4_tag_rob_id_reg      3.9900     0.0      0.0000      3.9900 0.0000 SNPS_CLOCK_GATE_HIGH_LoadController_15
load_controller_clk_gate_pixel_repeats_0_reg      3.9900     0.0      0.0000      3.9900 0.0000 SNPS_CLOCK_GATE_HIGH_LoadController_0
load_controller_clk_gate_pixel_repeats_1_reg      3.9900     0.0      0.0000      3.9900 0.0000 SNPS_CLOCK_GATE_HIGH_LoadController_1
load_controller_clk_gate_pixel_repeats_2_reg      3.9900     0.0      0.0000      3.9900 0.0000 SNPS_CLOCK_GATE_HIGH_LoadController_2
mod                               108515.7637     28.4   90353.2843   17954.9994  0.0000  LoopConv
mod/clk_gate_cmd_q_ram_ext_Memory_reg_0_      3.9900     0.0      0.0000      3.9900 0.0000 SNPS_CLOCK_GATE_HIGH_LoopConv_2
mod/clk_gate_cmd_q_ram_ext_Memory_reg_1_      3.9900     0.0      0.0000      3.9900 0.0000 SNPS_CLOCK_GATE_HIGH_LoopConv_3
mod/clk_gate_ex_b_reg                  3.9900      0.0       0.0000       3.9900  0.0000  SNPS_CLOCK_GATE_HIGH_LoopConv_20
mod/clk_gate_ex_command_p_stages_0_K_reg      3.9900     0.0      0.0000      3.9900 0.0000 SNPS_CLOCK_GATE_HIGH_LoopConv_12
mod/clk_gate_ex_command_p_stages_1_K_reg      3.9900     0.0      0.0000      3.9900 0.0000 SNPS_CLOCK_GATE_HIGH_LoopConv_13
mod/clk_gate_ex_kch_reg                3.9900      0.0       0.0000       3.9900  0.0000  SNPS_CLOCK_GATE_HIGH_LoopConv_19
mod/clk_gate_ex_kcol_reg               3.9900      0.0       0.0000       3.9900  0.0000  SNPS_CLOCK_GATE_HIGH_LoopConv_18
mod/clk_gate_ex_krow_reg               3.9900      0.0       0.0000       3.9900  0.0000  SNPS_CLOCK_GATE_HIGH_LoopConv_17
mod/clk_gate_ex_och_reg                3.9900      0.0       0.0000       3.9900  0.0000  SNPS_CLOCK_GATE_HIGH_LoopConv_16
mod/clk_gate_ex_ocol_reg               3.9900      0.0       0.0000       3.9900  0.0000  SNPS_CLOCK_GATE_HIGH_LoopConv_14
mod/clk_gate_ex_orow_reg               3.9900      0.0       0.0000       3.9900  0.0000  SNPS_CLOCK_GATE_HIGH_LoopConv_21
mod/clk_gate_ex_req_loop_id_reg        3.9900      0.0       0.0000       3.9900  0.0000  SNPS_CLOCK_GATE_HIGH_LoopConv_15
mod/clk_gate_ld_bias_b_reg             3.9900      0.0       0.0000       3.9900  0.0000  SNPS_CLOCK_GATE_HIGH_LoopConv_37
mod/clk_gate_ld_bias_command_p_stages_0_I_reg      3.9900     0.0      0.0000      3.9900 0.0000 SNPS_CLOCK_GATE_HIGH_LoopConv_33
mod/clk_gate_ld_bias_command_p_stages_1_I_reg      3.9900     0.0      0.0000      3.9900 0.0000 SNPS_CLOCK_GATE_HIGH_LoopConv_34
mod/clk_gate_ld_bias_och_reg           3.9900      0.0       0.0000       3.9900  0.0000  SNPS_CLOCK_GATE_HIGH_LoopConv_35
mod/clk_gate_ld_bias_ocol_reg          3.9900      0.0       0.0000       3.9900  0.0000  SNPS_CLOCK_GATE_HIGH_LoopConv_39
mod/clk_gate_ld_bias_orow_reg          3.9900      0.0       0.0000       3.9900  0.0000  SNPS_CLOCK_GATE_HIGH_LoopConv_38
mod/clk_gate_ld_bias_req_loop_id_reg      3.9900     0.0      0.0000      3.9900  0.0000  SNPS_CLOCK_GATE_HIGH_LoopConv_36
mod/clk_gate_ld_input_command_p_stages_0_I_reg      3.9900     0.0      0.0000      3.9900 0.0000 SNPS_CLOCK_GATE_HIGH_LoopConv_29
mod/clk_gate_ld_input_command_p_stages_1_I_reg      3.9900     0.0      0.0000      3.9900 0.0000 SNPS_CLOCK_GATE_HIGH_LoopConv_30
mod/clk_gate_ld_input_icol_reg         3.9900      0.0       0.0000       3.9900  0.0000  SNPS_CLOCK_GATE_HIGH_LoopConv_32
mod/clk_gate_ld_input_req_loop_id_reg      3.9900     0.0      0.0000      3.9900 0.0000  SNPS_CLOCK_GATE_HIGH_LoopConv_31
mod/clk_gate_ld_weights_command_p_stages_0_K_reg      3.9900     0.0      0.0000      3.9900 0.0000 SNPS_CLOCK_GATE_HIGH_LoopConv_22
mod/clk_gate_ld_weights_command_p_stages_1_K_reg      3.9900     0.0      0.0000      3.9900 0.0000 SNPS_CLOCK_GATE_HIGH_LoopConv_23
mod/clk_gate_ld_weights_kch_reg        3.9900      0.0       0.0000       3.9900  0.0000  SNPS_CLOCK_GATE_HIGH_LoopConv_24
mod/clk_gate_ld_weights_kcol_reg       3.9900      0.0       0.0000       3.9900  0.0000  SNPS_CLOCK_GATE_HIGH_LoopConv_28
mod/clk_gate_ld_weights_krow_reg       3.9900      0.0       0.0000       3.9900  0.0000  SNPS_CLOCK_GATE_HIGH_LoopConv_27
mod/clk_gate_ld_weights_och_reg        3.9900      0.0       0.0000       3.9900  0.0000  SNPS_CLOCK_GATE_HIGH_LoopConv_26
mod/clk_gate_ld_weights_req_loop_id_reg      3.9900     0.0      0.0000      3.9900 0.0000 SNPS_CLOCK_GATE_HIGH_LoopConv_25
mod/clk_gate_loops_0_bias_dram_addr_reg      3.9900     0.0      0.0000      3.9900 0.0000 SNPS_CLOCK_GATE_HIGH_LoopConv_52
mod/clk_gate_loops_0_no_bias_reg       3.9900      0.0       0.0000       3.9900  0.0000  SNPS_CLOCK_GATE_HIGH_LoopConv_50
mod/clk_gate_loops_0_outer_bounds_in_col_dim_reg      3.9900     0.0      0.0000      3.9900 0.0000 SNPS_CLOCK_GATE_HIGH_LoopConv_55
mod/clk_gate_loops_0_outer_bounds_kernel_dim_reg      3.9900     0.0      0.0000      3.9900 0.0000 SNPS_CLOCK_GATE_HIGH_LoopConv_53
mod/clk_gate_loops_0_outer_bounds_stride_reg      3.9900     0.0      0.0000      3.9900 0.0000 SNPS_CLOCK_GATE_HIGH_LoopConv_0
mod/clk_gate_loops_0_outer_bounds_weight_stride_reg      3.9900     0.0      0.0000      3.9900 0.0000 SNPS_CLOCK_GATE_HIGH_LoopConv_54
mod/clk_gate_loops_0_weights_dram_addr_reg      3.9900     0.0      0.0000      3.9900 0.0000 SNPS_CLOCK_GATE_HIGH_LoopConv_51
mod/clk_gate_loops_1_bias_dram_addr_reg      3.9900     0.0      0.0000      3.9900 0.0000 SNPS_CLOCK_GATE_HIGH_LoopConv_45
mod/clk_gate_loops_1_no_bias_reg       3.9900      0.0       0.0000       3.9900  0.0000  SNPS_CLOCK_GATE_HIGH_LoopConv_43
mod/clk_gate_loops_1_outer_bounds_in_col_dim_reg      3.9900     0.0      0.0000      3.9900 0.0000 SNPS_CLOCK_GATE_HIGH_LoopConv_48
mod/clk_gate_loops_1_outer_bounds_kernel_dim_reg      3.9900     0.0      0.0000      3.9900 0.0000 SNPS_CLOCK_GATE_HIGH_LoopConv_46
mod/clk_gate_loops_1_outer_bounds_stride_reg      3.9900     0.0      0.0000      3.9900 0.0000 SNPS_CLOCK_GATE_HIGH_LoopConv_49
mod/clk_gate_loops_1_outer_bounds_weight_stride_reg      3.9900     0.0      0.0000      3.9900 0.0000 SNPS_CLOCK_GATE_HIGH_LoopConv_47
mod/clk_gate_loops_1_weights_dram_addr_reg      3.9900     0.0      0.0000      3.9900 0.0000 SNPS_CLOCK_GATE_HIGH_LoopConv_44
mod/clk_gate_st_b_reg                  3.9900      0.0       0.0000       3.9900  0.0000  SNPS_CLOCK_GATE_HIGH_LoopConv_9
mod/clk_gate_st_command_p_stages_0_I_reg      3.9900     0.0      0.0000      3.9900 0.0000 SNPS_CLOCK_GATE_HIGH_LoopConv_4
mod/clk_gate_st_command_p_stages_1_I_reg      3.9900     0.0      0.0000      3.9900 0.0000 SNPS_CLOCK_GATE_HIGH_LoopConv_5
mod/clk_gate_st_och_reg                3.9900      0.0       0.0000       3.9900  0.0000  SNPS_CLOCK_GATE_HIGH_LoopConv_7
mod/clk_gate_st_ocol_reg               3.9900      0.0       0.0000       3.9900  0.0000  SNPS_CLOCK_GATE_HIGH_LoopConv_11
mod/clk_gate_st_orow_reg               3.9900      0.0       0.0000       3.9900  0.0000  SNPS_CLOCK_GATE_HIGH_LoopConv_10
mod/clk_gate_st_req_loop_id_reg        3.9900      0.0       0.0000       3.9900  0.0000  SNPS_CLOCK_GATE_HIGH_LoopConv_8
mod/clk_gate_st_state_reg              3.9900      0.0       0.0000       3.9900  0.0000  SNPS_CLOCK_GATE_HIGH_LoopConv_6
mod_1                              32562.1238      8.5   24509.7721    7928.6617  0.0000  LoopMatmul
mod_1/clk_gate_cmd_q_ram_ext_Memory_reg_0_      3.9900     0.0      0.0000      3.9900 0.0000 SNPS_CLOCK_GATE_HIGH_LoopMatmul_1
mod_1/clk_gate_cmd_q_ram_ext_Memory_reg_1_      3.9900     0.0      0.0000      3.9900 0.0000 SNPS_CLOCK_GATE_HIGH_LoopMatmul_2
mod_1/clk_gate_ex_i_reg                3.9900      0.0       0.0000       3.9900  0.0000  SNPS_CLOCK_GATE_HIGH_LoopMatmul_9
mod_1/clk_gate_ex_j_reg                3.9900      0.0       0.0000       3.9900  0.0000  SNPS_CLOCK_GATE_HIGH_LoopMatmul_12
mod_1/clk_gate_ex_k_reg                3.9900      0.0       0.0000       3.9900  0.0000  SNPS_CLOCK_GATE_HIGH_LoopMatmul_11
mod_1/clk_gate_ex_req_skip_reg         3.9900      0.0       0.0000       3.9900  0.0000  SNPS_CLOCK_GATE_HIGH_LoopMatmul_10
mod_1/clk_gate_ldA_i_reg               3.9900      0.0       0.0000       3.9900  0.0000  SNPS_CLOCK_GATE_HIGH_LoopMatmul_21
mod_1/clk_gate_ldA_k_reg               3.9900      0.0       0.0000       3.9900  0.0000  SNPS_CLOCK_GATE_HIGH_LoopMatmul_19
mod_1/clk_gate_ldA_req_is_resadd_reg      3.9900     0.0      0.0000      3.9900  0.0000  SNPS_CLOCK_GATE_HIGH_LoopMatmul_20
mod_1/clk_gate_ldB_j_reg               3.9900      0.0       0.0000       3.9900  0.0000  SNPS_CLOCK_GATE_HIGH_LoopMatmul_16
mod_1/clk_gate_ldB_k_reg               3.9900      0.0       0.0000       3.9900  0.0000  SNPS_CLOCK_GATE_HIGH_LoopMatmul_18
mod_1/clk_gate_ldB_req_is_resadd_reg      3.9900     0.0      0.0000      3.9900  0.0000  SNPS_CLOCK_GATE_HIGH_LoopMatmul_17
mod_1/clk_gate_ldD_i_reg               3.9900      0.0       0.0000       3.9900  0.0000  SNPS_CLOCK_GATE_HIGH_LoopMatmul_13
mod_1/clk_gate_ldD_j_reg               3.9900      0.0       0.0000       3.9900  0.0000  SNPS_CLOCK_GATE_HIGH_LoopMatmul_15
mod_1/clk_gate_ldD_req_loop_id_reg      3.9900     0.0       0.0000       3.9900  0.0000  SNPS_CLOCK_GATE_HIGH_LoopMatmul_14
mod_1/clk_gate_loops_0_b_dram_addr_reg      3.9900     0.0      0.0000      3.9900 0.0000 SNPS_CLOCK_GATE_HIGH_LoopMatmul_35
mod_1/clk_gate_loops_0_b_dram_stride_reg      3.9900     0.0      0.0000      3.9900 0.0000 SNPS_CLOCK_GATE_HIGH_LoopMatmul_33
mod_1/clk_gate_loops_0_b_ex_spad_id_reg      3.9900     0.0      0.0000      3.9900 0.0000 SNPS_CLOCK_GATE_HIGH_LoopMatmul_31
mod_1/clk_gate_loops_0_c_dram_addr_reg      3.9900     0.0      0.0000      3.9900 0.0000 SNPS_CLOCK_GATE_HIGH_LoopMatmul_34
mod_1/clk_gate_loops_0_c_dram_stride_reg      3.9900     0.0      0.0000      3.9900 0.0000 SNPS_CLOCK_GATE_HIGH_LoopMatmul_32
mod_1/clk_gate_loops_0_pad_i_reg       3.9900      0.0       0.0000       3.9900  0.0000  SNPS_CLOCK_GATE_HIGH_LoopMatmul_0
mod_1/clk_gate_loops_1_b_dram_addr_reg      3.9900     0.0      0.0000      3.9900 0.0000 SNPS_CLOCK_GATE_HIGH_LoopMatmul_29
mod_1/clk_gate_loops_1_b_dram_stride_reg      3.9900     0.0      0.0000      3.9900 0.0000 SNPS_CLOCK_GATE_HIGH_LoopMatmul_27
mod_1/clk_gate_loops_1_b_ex_spad_id_reg      3.9900     0.0      0.0000      3.9900 0.0000 SNPS_CLOCK_GATE_HIGH_LoopMatmul_25
mod_1/clk_gate_loops_1_c_dram_addr_reg      3.9900     0.0      0.0000      3.9900 0.0000 SNPS_CLOCK_GATE_HIGH_LoopMatmul_28
mod_1/clk_gate_loops_1_c_dram_stride_reg      3.9900     0.0      0.0000      3.9900 0.0000 SNPS_CLOCK_GATE_HIGH_LoopMatmul_26
mod_1/clk_gate_loops_1_pad_i_reg       3.9900      0.0       0.0000       3.9900  0.0000  SNPS_CLOCK_GATE_HIGH_LoopMatmul_30
mod_1/clk_gate_stC_i_reg               3.9900      0.0       0.0000       3.9900  0.0000  SNPS_CLOCK_GATE_HIGH_LoopMatmul_6
mod_1/clk_gate_stC_j_reg               3.9900      0.0       0.0000       3.9900  0.0000  SNPS_CLOCK_GATE_HIGH_LoopMatmul_5
mod_1/clk_gate_stC_ln_stat_id_reg      3.9900      0.0       0.0000       3.9900  0.0000  SNPS_CLOCK_GATE_HIGH_LoopMatmul_3
mod_1/clk_gate_stC_req_is_resadd_reg      3.9900     0.0      0.0000      3.9900  0.0000  SNPS_CLOCK_GATE_HIGH_LoopMatmul_4
raw_cmd_q_clk_gate_ram_ext_Memory_reg_0_      3.9900     0.0      0.0000      3.9900 0.0000 SNPS_CLOCK_GATE_HIGH_Queue2_GemminiCmd_1_1
raw_cmd_q_clk_gate_ram_ext_Memory_reg_1_      3.9900     0.0      0.0000      3.9900 0.0000 SNPS_CLOCK_GATE_HIGH_Queue2_GemminiCmd_1_0
reservation_station                36663.5772      9.6   12857.3761   23654.5811  0.0000  ReservationStation
reservation_station/clk_gate_c_stride_reg      3.9900     0.0      0.0000      3.9900 0.0000 SNPS_CLOCK_GATE_HIGH_ReservationStation_9
reservation_station/clk_gate_entries_ex_0_bits_cmd_from_conv_fsm_reg      3.9900     0.0      0.0000      3.9900 0.0000 SNPS_CLOCK_GATE_HIGH_ReservationStation_29
reservation_station/clk_gate_entries_ex_0_valid_reg      3.9900     0.0      0.0000      3.9900 0.0000 SNPS_CLOCK_GATE_HIGH_ReservationStation_2
reservation_station/clk_gate_entries_ex_10_bits_cmd_from_conv_fsm_reg      3.9900     0.0      0.0000      3.9900 0.0000 SNPS_CLOCK_GATE_HIGH_ReservationStation_19
reservation_station/clk_gate_entries_ex_11_bits_cmd_from_conv_fsm_reg      3.9900     0.0      0.0000      3.9900 0.0000 SNPS_CLOCK_GATE_HIGH_ReservationStation_18
reservation_station/clk_gate_entries_ex_12_bits_cmd_from_conv_fsm_reg      3.9900     0.0      0.0000      3.9900 0.0000 SNPS_CLOCK_GATE_HIGH_ReservationStation_17
reservation_station/clk_gate_entries_ex_13_bits_cmd_from_conv_fsm_reg      3.9900     0.0      0.0000      3.9900 0.0000 SNPS_CLOCK_GATE_HIGH_ReservationStation_16
reservation_station/clk_gate_entries_ex_14_bits_cmd_from_conv_fsm_reg      3.9900     0.0      0.0000      3.9900 0.0000 SNPS_CLOCK_GATE_HIGH_ReservationStation_15
reservation_station/clk_gate_entries_ex_15_bits_cmd_from_conv_fsm_reg      3.9900     0.0      0.0000      3.9900 0.0000 SNPS_CLOCK_GATE_HIGH_ReservationStation_14
reservation_station/clk_gate_entries_ex_1_bits_cmd_from_conv_fsm_reg      3.9900     0.0      0.0000      3.9900 0.0000 SNPS_CLOCK_GATE_HIGH_ReservationStation_28
reservation_station/clk_gate_entries_ex_2_bits_cmd_from_conv_fsm_reg      3.9900     0.0      0.0000      3.9900 0.0000 SNPS_CLOCK_GATE_HIGH_ReservationStation_27
reservation_station/clk_gate_entries_ex_3_bits_cmd_from_conv_fsm_reg      3.9900     0.0      0.0000      3.9900 0.0000 SNPS_CLOCK_GATE_HIGH_ReservationStation_26
reservation_station/clk_gate_entries_ex_4_bits_cmd_from_conv_fsm_reg      3.9900     0.0      0.0000      3.9900 0.0000 SNPS_CLOCK_GATE_HIGH_ReservationStation_25
reservation_station/clk_gate_entries_ex_5_bits_cmd_from_conv_fsm_reg      3.9900     0.0      0.0000      3.9900 0.0000 SNPS_CLOCK_GATE_HIGH_ReservationStation_24
reservation_station/clk_gate_entries_ex_6_bits_cmd_from_conv_fsm_reg      3.9900     0.0      0.0000      3.9900 0.0000 SNPS_CLOCK_GATE_HIGH_ReservationStation_23
reservation_station/clk_gate_entries_ex_7_bits_cmd_from_conv_fsm_reg      3.9900     0.0      0.0000      3.9900 0.0000 SNPS_CLOCK_GATE_HIGH_ReservationStation_22
reservation_station/clk_gate_entries_ex_8_bits_cmd_from_conv_fsm_reg      3.9900     0.0      0.0000      3.9900 0.0000 SNPS_CLOCK_GATE_HIGH_ReservationStation_21
reservation_station/clk_gate_entries_ex_9_bits_cmd_from_conv_fsm_reg      3.9900     0.0      0.0000      3.9900 0.0000 SNPS_CLOCK_GATE_HIGH_ReservationStation_20
reservation_station/clk_gate_entries_ld_0_bits_cmd_from_conv_fsm_reg      3.9900     0.0      0.0000      3.9900 0.0000 SNPS_CLOCK_GATE_HIGH_ReservationStation_0
reservation_station/clk_gate_entries_ld_0_bits_deps_ex_0_reg      3.9900     0.0      0.0000      3.9900 0.0000 SNPS_CLOCK_GATE_HIGH_ReservationStation_5
reservation_station/clk_gate_entries_ld_0_bits_deps_ld_0_reg      3.9900     0.0      0.0000      3.9900 0.0000 SNPS_CLOCK_GATE_HIGH_ReservationStation_4
reservation_station/clk_gate_entries_ld_0_bits_deps_st_0_reg      3.9900     0.0      0.0000      3.9900 0.0000 SNPS_CLOCK_GATE_HIGH_ReservationStation_3
reservation_station/clk_gate_entries_ld_1_bits_cmd_from_conv_fsm_reg      3.9900     0.0      0.0000      3.9900 0.0000 SNPS_CLOCK_GATE_HIGH_ReservationStation_36
reservation_station/clk_gate_entries_ld_2_bits_cmd_from_conv_fsm_reg      3.9900     0.0      0.0000      3.9900 0.0000 SNPS_CLOCK_GATE_HIGH_ReservationStation_35
reservation_station/clk_gate_entries_ld_3_bits_cmd_from_conv_fsm_reg      3.9900     0.0      0.0000      3.9900 0.0000 SNPS_CLOCK_GATE_HIGH_ReservationStation_34
reservation_station/clk_gate_entries_ld_4_bits_cmd_from_conv_fsm_reg      3.9900     0.0      0.0000      3.9900 0.0000 SNPS_CLOCK_GATE_HIGH_ReservationStation_33
reservation_station/clk_gate_entries_ld_5_bits_cmd_from_conv_fsm_reg      3.9900     0.0      0.0000      3.9900 0.0000 SNPS_CLOCK_GATE_HIGH_ReservationStation_32
reservation_station/clk_gate_entries_ld_6_bits_cmd_from_conv_fsm_reg      3.9900     0.0      0.0000      3.9900 0.0000 SNPS_CLOCK_GATE_HIGH_ReservationStation_31
reservation_station/clk_gate_entries_ld_7_bits_cmd_from_conv_fsm_reg      3.9900     0.0      0.0000      3.9900 0.0000 SNPS_CLOCK_GATE_HIGH_ReservationStation_30
reservation_station/clk_gate_entries_ld_7_valid_reg      3.9900     0.0      0.0000      3.9900 0.0000 SNPS_CLOCK_GATE_HIGH_ReservationStation_0_3
reservation_station/clk_gate_entries_st_0_bits_cmd_from_conv_fsm_reg      3.9900     0.0      0.0000      3.9900 0.0000 SNPS_CLOCK_GATE_HIGH_ReservationStation_13
reservation_station/clk_gate_entries_st_0_valid_reg      3.9900     0.0      0.0000      3.9900 0.0000 SNPS_CLOCK_GATE_HIGH_ReservationStation_1
reservation_station/clk_gate_entries_st_1_bits_cmd_from_conv_fsm_reg      3.9900     0.0      0.0000      3.9900 0.0000 SNPS_CLOCK_GATE_HIGH_ReservationStation_12
reservation_station/clk_gate_entries_st_2_bits_cmd_from_conv_fsm_reg      3.9900     0.0      0.0000      3.9900 0.0000 SNPS_CLOCK_GATE_HIGH_ReservationStation_11
reservation_station/clk_gate_entries_st_3_bits_cmd_from_conv_fsm_reg      3.9900     0.0      0.0000      3.9900 0.0000 SNPS_CLOCK_GATE_HIGH_ReservationStation_10
reservation_station/clk_gate_ld_block_strides_0_reg      3.9900     0.0      0.0000      3.9900 0.0000 SNPS_CLOCK_GATE_HIGH_ReservationStation_8
reservation_station/clk_gate_ld_block_strides_1_reg      3.9900     0.0      0.0000      3.9900 0.0000 SNPS_CLOCK_GATE_HIGH_ReservationStation_7
reservation_station/clk_gate_ld_block_strides_2_reg      3.9900     0.0      0.0000      3.9900 0.0000 SNPS_CLOCK_GATE_HIGH_ReservationStation_6
spad_clk_gate_acc_mems_0_q_ram_reg      3.9900     0.0       0.0000       3.9900  0.0000  SNPS_CLOCK_GATE_HIGH_Scratchpad_5
spad_clk_gate_acc_mems_1_q_ram_reg      3.9900     0.0       0.0000       3.9900  0.0000  SNPS_CLOCK_GATE_HIGH_Scratchpad_4
spad_clk_gate_acc_scale_unit_pipe_out_p_stages_0_full_data_2_0_reg      3.9900     0.0      0.0000      3.9900 0.0000 SNPS_CLOCK_GATE_HIGH_Scratchpad_6
spad_clk_gate_acc_scale_unit_pipe_out_p_stages_1_full_data_2_0_reg      3.9900     0.0      0.0000      3.9900 0.0000 SNPS_CLOCK_GATE_HIGH_Scratchpad_7
spad_clk_gate_acc_scale_unit_pipe_out_p_stages_2_full_data_2_0_reg      3.9900     0.0      0.0000      3.9900 0.0000 SNPS_CLOCK_GATE_HIGH_Scratchpad_8
spad_clk_gate_acc_scale_unit_pipe_out_p_stages_3_full_data_2_0_reg      3.9900     0.0      0.0000      3.9900 0.0000 SNPS_CLOCK_GATE_HIGH_Scratchpad_9
spad_clk_gate_acc_scale_unit_pipe_out_p_stages_4_full_data_2_0_reg      3.9900     0.0      0.0000      3.9900 0.0000 SNPS_CLOCK_GATE_HIGH_Scratchpad_10
spad_clk_gate_acc_scale_unit_pipe_out_p_stages_5_full_data_2_0_reg      3.9900     0.0      0.0000      3.9900 0.0000 SNPS_CLOCK_GATE_HIGH_Scratchpad_11
spad_clk_gate_acc_scale_unit_pipe_out_p_stages_6_full_data_2_0_reg      3.9900     0.0      0.0000      3.9900 0.0000 SNPS_CLOCK_GATE_HIGH_Scratchpad_12
spad_clk_gate_acc_scale_unit_pipe_out_p_stages_7_full_data_2_0_reg      3.9900     0.0      0.0000      3.9900 0.0000 SNPS_CLOCK_GATE_HIGH_Scratchpad_13
spad_clk_gate_buffer_1_nodeIn_d_q_ram_ext_Memory_reg_0_      3.9900     0.0      0.0000      3.9900 0.0000 SNPS_CLOCK_GATE_HIGH_Scratchpad_134
spad_clk_gate_buffer_1_nodeIn_d_q_ram_ext_Memory_reg_1_      3.9900     0.0      0.0000      3.9900 0.0000 SNPS_CLOCK_GATE_HIGH_Scratchpad_135
spad_clk_gate_buffer_1_nodeOut_a_q_ram_ext_Memory_reg_0_      3.9900     0.0      0.0000      3.9900 0.0000 SNPS_CLOCK_GATE_HIGH_Scratchpad_138
spad_clk_gate_buffer_1_nodeOut_a_q_ram_ext_Memory_reg_1_      3.9900     0.0      0.0000      3.9900 0.0000 SNPS_CLOCK_GATE_HIGH_Scratchpad_139
spad_clk_gate_buffer_2_nodeIn_d_q_ram_ext_Memory_reg_0_      3.9900     0.0      0.0000      3.9900 0.0000 SNPS_CLOCK_GATE_HIGH_Scratchpad_130
spad_clk_gate_buffer_2_nodeIn_d_q_ram_ext_Memory_reg_1_      3.9900     0.0      0.0000      3.9900 0.0000 SNPS_CLOCK_GATE_HIGH_Scratchpad_131
spad_clk_gate_buffer_2_nodeOut_a_q_ram_ext_Memory_reg_0_      3.9900     0.0      0.0000      3.9900 0.0000 SNPS_CLOCK_GATE_HIGH_Scratchpad_132
spad_clk_gate_buffer_2_nodeOut_a_q_ram_ext_Memory_reg_1_      3.9900     0.0      0.0000      3.9900 0.0000 SNPS_CLOCK_GATE_HIGH_Scratchpad_133
spad_clk_gate_buffer_nodeIn_d_q_ram_ext_Memory_reg_0_      3.9900     0.0      0.0000      3.9900 0.0000 SNPS_CLOCK_GATE_HIGH_Scratchpad_136
spad_clk_gate_buffer_nodeIn_d_q_ram_ext_Memory_reg_1_      3.9900     0.0      0.0000      3.9900 0.0000 SNPS_CLOCK_GATE_HIGH_Scratchpad_137
spad_clk_gate_buffer_nodeOut_a_q_ram_ext_Memory_reg_0_      3.9900     0.0      0.0000      3.9900 0.0000 SNPS_CLOCK_GATE_HIGH_Scratchpad_140
spad_clk_gate_buffer_nodeOut_a_q_ram_ext_Memory_reg_1_      3.9900     0.0      0.0000      3.9900 0.0000 SNPS_CLOCK_GATE_HIGH_Scratchpad_141
spad_clk_gate_dma_read_pipe_p_1_stages_0_data_reg      3.9900     0.0      0.0000      3.9900 0.0000 SNPS_CLOCK_GATE_HIGH_Scratchpad_36
spad_clk_gate_dma_read_pipe_p_1_stages_1_data_reg      3.9900     0.0      0.0000      3.9900 0.0000 SNPS_CLOCK_GATE_HIGH_Scratchpad_37
spad_clk_gate_dma_read_pipe_p_1_stages_2_data_reg      3.9900     0.0      0.0000      3.9900 0.0000 SNPS_CLOCK_GATE_HIGH_Scratchpad_38
spad_clk_gate_dma_read_pipe_p_1_stages_3_data_reg      3.9900     0.0      0.0000      3.9900 0.0000 SNPS_CLOCK_GATE_HIGH_Scratchpad_39
spad_clk_gate_dma_read_pipe_p_2_stages_0_data_reg      3.9900     0.0      0.0000      3.9900 0.0000 SNPS_CLOCK_GATE_HIGH_Scratchpad_28
spad_clk_gate_dma_read_pipe_p_2_stages_1_data_reg      3.9900     0.0      0.0000      3.9900 0.0000 SNPS_CLOCK_GATE_HIGH_Scratchpad_29
spad_clk_gate_dma_read_pipe_p_2_stages_2_data_reg      3.9900     0.0      0.0000      3.9900 0.0000 SNPS_CLOCK_GATE_HIGH_Scratchpad_30
spad_clk_gate_dma_read_pipe_p_2_stages_3_data_reg      3.9900     0.0      0.0000      3.9900 0.0000 SNPS_CLOCK_GATE_HIGH_Scratchpad_31
spad_clk_gate_dma_read_pipe_p_3_stages_0_data_reg      3.9900     0.0      0.0000      3.9900 0.0000 SNPS_CLOCK_GATE_HIGH_Scratchpad_20
spad_clk_gate_dma_read_pipe_p_3_stages_1_data_reg      3.9900     0.0      0.0000      3.9900 0.0000 SNPS_CLOCK_GATE_HIGH_Scratchpad_21
spad_clk_gate_dma_read_pipe_p_3_stages_2_data_reg      3.9900     0.0      0.0000      3.9900 0.0000 SNPS_CLOCK_GATE_HIGH_Scratchpad_22
spad_clk_gate_dma_read_pipe_p_3_stages_3_data_reg      3.9900     0.0      0.0000      3.9900 0.0000 SNPS_CLOCK_GATE_HIGH_Scratchpad_23
spad_clk_gate_dma_read_pipe_p_stages_0_data_reg      3.9900     0.0      0.0000      3.9900 0.0000 SNPS_CLOCK_GATE_HIGH_Scratchpad_44
spad_clk_gate_dma_read_pipe_p_stages_1_data_reg      3.9900     0.0      0.0000      3.9900 0.0000 SNPS_CLOCK_GATE_HIGH_Scratchpad_45
spad_clk_gate_dma_read_pipe_p_stages_2_data_reg      3.9900     0.0      0.0000      3.9900 0.0000 SNPS_CLOCK_GATE_HIGH_Scratchpad_46
spad_clk_gate_dma_read_pipe_p_stages_3_data_reg      3.9900     0.0      0.0000      3.9900 0.0000 SNPS_CLOCK_GATE_HIGH_Scratchpad_47
spad_clk_gate_ex_read_pipe_p_1_stages_0_data_reg      3.9900     0.0      0.0000      3.9900 0.0000 SNPS_CLOCK_GATE_HIGH_Scratchpad_32
spad_clk_gate_ex_read_pipe_p_1_stages_1_data_reg      3.9900     0.0      0.0000      3.9900 0.0000 SNPS_CLOCK_GATE_HIGH_Scratchpad_33
spad_clk_gate_ex_read_pipe_p_1_stages_2_data_reg      3.9900     0.0      0.0000      3.9900 0.0000 SNPS_CLOCK_GATE_HIGH_Scratchpad_34
spad_clk_gate_ex_read_pipe_p_1_stages_3_data_reg      3.9900     0.0      0.0000      3.9900 0.0000 SNPS_CLOCK_GATE_HIGH_Scratchpad_35
spad_clk_gate_ex_read_pipe_p_2_stages_0_data_reg      3.9900     0.0      0.0000      3.9900 0.0000 SNPS_CLOCK_GATE_HIGH_Scratchpad_24
spad_clk_gate_ex_read_pipe_p_2_stages_1_data_reg      3.9900     0.0      0.0000      3.9900 0.0000 SNPS_CLOCK_GATE_HIGH_Scratchpad_25
spad_clk_gate_ex_read_pipe_p_2_stages_2_data_reg      3.9900     0.0      0.0000      3.9900 0.0000 SNPS_CLOCK_GATE_HIGH_Scratchpad_26
spad_clk_gate_ex_read_pipe_p_2_stages_3_data_reg      3.9900     0.0      0.0000      3.9900 0.0000 SNPS_CLOCK_GATE_HIGH_Scratchpad_27
spad_clk_gate_ex_read_pipe_p_3_stages_0_data_reg      3.9900     0.0      0.0000      3.9900 0.0000 SNPS_CLOCK_GATE_HIGH_Scratchpad_16
spad_clk_gate_ex_read_pipe_p_3_stages_1_data_reg      3.9900     0.0      0.0000      3.9900 0.0000 SNPS_CLOCK_GATE_HIGH_Scratchpad_17
spad_clk_gate_ex_read_pipe_p_3_stages_2_data_reg      3.9900     0.0      0.0000      3.9900 0.0000 SNPS_CLOCK_GATE_HIGH_Scratchpad_18
spad_clk_gate_ex_read_pipe_p_3_stages_3_data_reg      3.9900     0.0      0.0000      3.9900 0.0000 SNPS_CLOCK_GATE_HIGH_Scratchpad_19
spad_clk_gate_ex_read_pipe_p_stages_0_data_reg      3.9900     0.0      0.0000      3.9900 0.0000 SNPS_CLOCK_GATE_HIGH_Scratchpad_40
spad_clk_gate_ex_read_pipe_p_stages_1_data_reg      3.9900     0.0      0.0000      3.9900 0.0000 SNPS_CLOCK_GATE_HIGH_Scratchpad_41
spad_clk_gate_ex_read_pipe_p_stages_2_data_reg      3.9900     0.0      0.0000      3.9900 0.0000 SNPS_CLOCK_GATE_HIGH_Scratchpad_42
spad_clk_gate_ex_read_pipe_p_stages_3_data_reg      3.9900     0.0      0.0000      3.9900 0.0000 SNPS_CLOCK_GATE_HIGH_Scratchpad_43
spad_clk_gate_mvin_scale_pixel_repeater_req_bits_pixel_repeats_reg      3.9900     0.0      0.0000      3.9900 0.0000 SNPS_CLOCK_GATE_HIGH_Scratchpad_52
spad_clk_gate_mvin_scale_pixel_repeater_req_bits_tag_bytes_read_reg      3.9900     0.0      0.0000      3.9900 0.0000 SNPS_CLOCK_GATE_HIGH_Scratchpad_53
spad_clk_gate_norm_unit_passthru_q_ram_ext_Memory_reg_0_      3.9900     0.0      0.0000      3.9900 0.0000 SNPS_CLOCK_GATE_HIGH_Scratchpad_14
spad_clk_gate_norm_unit_passthru_q_ram_ext_Memory_reg_1_      3.9900     0.0      0.0000      3.9900 0.0000 SNPS_CLOCK_GATE_HIGH_Scratchpad_15
spad_clk_gate_read_issue_q_deq_ptr_value_reg      3.9900     0.0      0.0000      3.9900 0.0000 SNPS_CLOCK_GATE_HIGH_Scratchpad_105
spad_clk_gate_read_issue_q_enq_ptr_value_reg      3.9900     0.0      0.0000      3.9900 0.0000 SNPS_CLOCK_GATE_HIGH_Scratchpad_104
spad_clk_gate_read_issue_q_ram_ext_Memory_reg_0_      3.9900     0.0      0.0000      3.9900 0.0000 SNPS_CLOCK_GATE_HIGH_Scratchpad_99
spad_clk_gate_read_issue_q_ram_ext_Memory_reg_1_      3.9900     0.0      0.0000      3.9900 0.0000 SNPS_CLOCK_GATE_HIGH_Scratchpad_100
spad_clk_gate_read_issue_q_ram_ext_Memory_reg_2_      3.9900     0.0      0.0000      3.9900 0.0000 SNPS_CLOCK_GATE_HIGH_Scratchpad_101
spad_clk_gate_read_issue_q_ram_ext_Memory_reg_3_      3.9900     0.0      0.0000      3.9900 0.0000 SNPS_CLOCK_GATE_HIGH_Scratchpad_102
spad_clk_gate_read_issue_q_ram_ext_Memory_reg_4_      3.9900     0.0      0.0000      3.9900 0.0000 SNPS_CLOCK_GATE_HIGH_Scratchpad_103
spad_clk_gate_reader_beatPacker_buffer_reg      3.9900     0.0      0.0000      3.9900 0.0000 SNPS_CLOCK_GATE_HIGH_Scratchpad_171
spad_clk_gate_reader_beatPacker_bytesRead_reg      3.9900     0.0      0.0000      3.9900 0.0000 SNPS_CLOCK_GATE_HIGH_Scratchpad_172
spad_clk_gate_reader_beatPacker_bytesSent_reg      3.9900     0.0      0.0000      3.9900 0.0000 SNPS_CLOCK_GATE_HIGH_Scratchpad_170
spad_clk_gate_reader_core_io_beatData_bits_last_counter_reg      3.9900     0.0      0.0000      3.9900 0.0000 SNPS_CLOCK_GATE_HIGH_Scratchpad_190
spad_clk_gate_reader_core_req_cmd_id_reg      3.9900     0.0      0.0000      3.9900 0.0000 SNPS_CLOCK_GATE_HIGH_Scratchpad_192
spad_clk_gate_reader_core_req_vaddr_reg      3.9900     0.0      0.0000      3.9900 0.0000 SNPS_CLOCK_GATE_HIGH_Scratchpad_191
spad_clk_gate_reader_core_tlb_q_ram_reg      3.9900     0.0      0.0000      3.9900 0.0000 SNPS_CLOCK_GATE_HIGH_Scratchpad_143
spad_clk_gate_reader_core_total_bytes_read_reg      3.9900     0.0      0.0000      3.9900 0.0000 SNPS_CLOCK_GATE_HIGH_Scratchpad_189
spad_clk_gate_reader_core_translate_q_ram_reg      3.9900     0.0      0.0000      3.9900 0.0000 SNPS_CLOCK_GATE_HIGH_Scratchpad_142
spad_clk_gate_reader_io_resp_bits_cmd_id_r_reg      3.9900     0.0      0.0000      3.9900 0.0000 SNPS_CLOCK_GATE_HIGH_Scratchpad_0
spad_clk_gate_reader_xactTracker_entries_0_bits_bytes_to_read_reg      3.9900     0.0      0.0000      3.9900 0.0000 SNPS_CLOCK_GATE_HIGH_Scratchpad_173
spad_clk_gate_reader_xactTracker_entries_10_bits_bytes_to_read_reg      3.9900     0.0      0.0000      3.9900 0.0000 SNPS_CLOCK_GATE_HIGH_Scratchpad_183
spad_clk_gate_reader_xactTracker_entries_11_bits_bytes_to_read_reg      3.9900     0.0      0.0000      3.9900 0.0000 SNPS_CLOCK_GATE_HIGH_Scratchpad_184
spad_clk_gate_reader_xactTracker_entries_12_bits_bytes_to_read_reg      3.9900     0.0      0.0000      3.9900 0.0000 SNPS_CLOCK_GATE_HIGH_Scratchpad_185
spad_clk_gate_reader_xactTracker_entries_13_bits_bytes_to_read_reg      3.9900     0.0      0.0000      3.9900 0.0000 SNPS_CLOCK_GATE_HIGH_Scratchpad_186
spad_clk_gate_reader_xactTracker_entries_14_bits_bytes_to_read_reg      3.9900     0.0      0.0000      3.9900 0.0000 SNPS_CLOCK_GATE_HIGH_Scratchpad_187
spad_clk_gate_reader_xactTracker_entries_15_bits_bytes_to_read_reg      3.9900     0.0      0.0000      3.9900 0.0000 SNPS_CLOCK_GATE_HIGH_Scratchpad_188
spad_clk_gate_reader_xactTracker_entries_15_valid_reg      3.9900     0.0      0.0000      3.9900 0.0000 SNPS_CLOCK_GATE_HIGH_Scratchpad_2
spad_clk_gate_reader_xactTracker_entries_1_bits_bytes_to_read_reg      3.9900     0.0      0.0000      3.9900 0.0000 SNPS_CLOCK_GATE_HIGH_Scratchpad_174
spad_clk_gate_reader_xactTracker_entries_2_bits_bytes_to_read_reg      3.9900     0.0      0.0000      3.9900 0.0000 SNPS_CLOCK_GATE_HIGH_Scratchpad_175
spad_clk_gate_reader_xactTracker_entries_3_bits_bytes_to_read_reg      3.9900     0.0      0.0000      3.9900 0.0000 SNPS_CLOCK_GATE_HIGH_Scratchpad_176
spad_clk_gate_reader_xactTracker_entries_4_bits_bytes_to_read_reg      3.9900     0.0      0.0000      3.9900 0.0000 SNPS_CLOCK_GATE_HIGH_Scratchpad_177
spad_clk_gate_reader_xactTracker_entries_5_bits_bytes_to_read_reg      3.9900     0.0      0.0000      3.9900 0.0000 SNPS_CLOCK_GATE_HIGH_Scratchpad_178
spad_clk_gate_reader_xactTracker_entries_6_bits_bytes_to_read_reg      3.9900     0.0      0.0000      3.9900 0.0000 SNPS_CLOCK_GATE_HIGH_Scratchpad_179
spad_clk_gate_reader_xactTracker_entries_7_bits_bytes_to_read_reg      3.9900     0.0      0.0000      3.9900 0.0000 SNPS_CLOCK_GATE_HIGH_Scratchpad_180
spad_clk_gate_reader_xactTracker_entries_8_bits_bytes_to_read_reg      3.9900     0.0      0.0000      3.9900 0.0000 SNPS_CLOCK_GATE_HIGH_Scratchpad_181
spad_clk_gate_reader_xactTracker_entries_9_bits_bytes_to_read_reg      3.9900     0.0      0.0000      3.9900 0.0000 SNPS_CLOCK_GATE_HIGH_Scratchpad_182
spad_clk_gate_spad_mems_0_q_ram_reg      3.9900     0.0      0.0000       3.9900  0.0000  SNPS_CLOCK_GATE_HIGH_Scratchpad_51
spad_clk_gate_spad_mems_1_q_ram_reg      3.9900     0.0      0.0000       3.9900  0.0000  SNPS_CLOCK_GATE_HIGH_Scratchpad_50
spad_clk_gate_spad_mems_2_q_ram_reg      3.9900     0.0      0.0000       3.9900  0.0000  SNPS_CLOCK_GATE_HIGH_Scratchpad_49
spad_clk_gate_spad_mems_3_q_ram_reg      3.9900     0.0      0.0000       3.9900  0.0000  SNPS_CLOCK_GATE_HIGH_Scratchpad_48
spad_clk_gate_vsm_1_in_bits_repeats_reg      3.9900     0.0      0.0000      3.9900 0.0000 SNPS_CLOCK_GATE_HIGH_Scratchpad_56
spad_clk_gate_vsm_1_in_bits_tag_bytes_read_reg      3.9900     0.0      0.0000      3.9900 0.0000 SNPS_CLOCK_GATE_HIGH_Scratchpad_57
spad_clk_gate_vsm_arb_3_ctrl_validMask_grantMask_lastGrant_reg      3.9900     0.0      0.0000      3.9900 0.0000 SNPS_CLOCK_GATE_HIGH_Scratchpad_0_2
spad_clk_gate_vsm_completed_masks_0_0_reg      3.9900     0.0      0.0000      3.9900 0.0000 SNPS_CLOCK_GATE_HIGH_Scratchpad_83
spad_clk_gate_vsm_completed_masks_0_1_reg      3.9900     0.0      0.0000      3.9900 0.0000 SNPS_CLOCK_GATE_HIGH_Scratchpad_84
spad_clk_gate_vsm_completed_masks_0_2_reg      3.9900     0.0      0.0000      3.9900 0.0000 SNPS_CLOCK_GATE_HIGH_Scratchpad_85
spad_clk_gate_vsm_completed_masks_0_3_reg      3.9900     0.0      0.0000      3.9900 0.0000 SNPS_CLOCK_GATE_HIGH_Scratchpad_86
spad_clk_gate_vsm_completed_masks_1_0_reg      3.9900     0.0      0.0000      3.9900 0.0000 SNPS_CLOCK_GATE_HIGH_Scratchpad_87
spad_clk_gate_vsm_completed_masks_1_1_reg      3.9900     0.0      0.0000      3.9900 0.0000 SNPS_CLOCK_GATE_HIGH_Scratchpad_88
spad_clk_gate_vsm_completed_masks_1_2_reg      3.9900     0.0      0.0000      3.9900 0.0000 SNPS_CLOCK_GATE_HIGH_Scratchpad_89
spad_clk_gate_vsm_completed_masks_1_3_reg      3.9900     0.0      0.0000      3.9900 0.0000 SNPS_CLOCK_GATE_HIGH_Scratchpad_90
spad_clk_gate_vsm_completed_masks_2_0_reg      3.9900     0.0      0.0000      3.9900 0.0000 SNPS_CLOCK_GATE_HIGH_Scratchpad_91
spad_clk_gate_vsm_completed_masks_2_1_reg      3.9900     0.0      0.0000      3.9900 0.0000 SNPS_CLOCK_GATE_HIGH_Scratchpad_92
spad_clk_gate_vsm_completed_masks_2_2_reg      3.9900     0.0      0.0000      3.9900 0.0000 SNPS_CLOCK_GATE_HIGH_Scratchpad_93
spad_clk_gate_vsm_completed_masks_2_3_reg      3.9900     0.0      0.0000      3.9900 0.0000 SNPS_CLOCK_GATE_HIGH_Scratchpad_94
spad_clk_gate_vsm_fired_masks_2_3_reg      3.9900     0.0      0.0000      3.9900 0.0000  SNPS_CLOCK_GATE_HIGH_Scratchpad_1
spad_clk_gate_vsm_head_oh_reg          3.9900      0.0       0.0000       3.9900  0.0000  SNPS_CLOCK_GATE_HIGH_Scratchpad_76
spad_clk_gate_vsm_in_bits_repeats_reg      3.9900     0.0      0.0000      3.9900 0.0000  SNPS_CLOCK_GATE_HIGH_Scratchpad_78
spad_clk_gate_vsm_in_bits_tag_bytes_read_reg      3.9900     0.0      0.0000      3.9900 0.0000 SNPS_CLOCK_GATE_HIGH_Scratchpad_79
spad_clk_gate_vsm_in_q_1_ram_ext_Memory_reg_0_      3.9900     0.0      0.0000      3.9900 0.0000 SNPS_CLOCK_GATE_HIGH_Scratchpad_54
spad_clk_gate_vsm_in_q_1_ram_ext_Memory_reg_1_      3.9900     0.0      0.0000      3.9900 0.0000 SNPS_CLOCK_GATE_HIGH_Scratchpad_55
spad_clk_gate_vsm_in_q_ram_ext_Memory_reg_0_      3.9900     0.0      0.0000      3.9900 0.0000 SNPS_CLOCK_GATE_HIGH_Scratchpad_58
spad_clk_gate_vsm_in_q_ram_ext_Memory_reg_1_      3.9900     0.0      0.0000      3.9900 0.0000 SNPS_CLOCK_GATE_HIGH_Scratchpad_59
spad_clk_gate_vsm_out_regs_0_tag_bytes_read_reg      3.9900     0.0      0.0000      3.9900 0.0000 SNPS_CLOCK_GATE_HIGH_Scratchpad_80
spad_clk_gate_vsm_out_regs_1_tag_bytes_read_reg      3.9900     0.0      0.0000      3.9900 0.0000 SNPS_CLOCK_GATE_HIGH_Scratchpad_81
spad_clk_gate_vsm_out_regs_2_tag_bytes_read_reg      3.9900     0.0      0.0000      3.9900 0.0000 SNPS_CLOCK_GATE_HIGH_Scratchpad_82
spad_clk_gate_vsm_pipe_1_io_out_pipe_b_id_reg      3.9900     0.0      0.0000      3.9900 0.0000 SNPS_CLOCK_GATE_HIGH_Scratchpad_68
spad_clk_gate_vsm_pipe_1_io_out_pipe_pipe_b_id_reg      3.9900     0.0      0.0000      3.9900 0.0000 SNPS_CLOCK_GATE_HIGH_Scratchpad_69
spad_clk_gate_vsm_pipe_1_io_out_pipe_pipe_pipe_b_id_reg      3.9900     0.0      0.0000      3.9900 0.0000 SNPS_CLOCK_GATE_HIGH_Scratchpad_70
spad_clk_gate_vsm_pipe_1_io_out_pipe_pipe_pipe_pipe_b_id_reg      3.9900     0.0      0.0000      3.9900 0.0000 SNPS_CLOCK_GATE_HIGH_Scratchpad_71
spad_clk_gate_vsm_pipe_2_io_out_pipe_b_id_reg      3.9900     0.0      0.0000      3.9900 0.0000 SNPS_CLOCK_GATE_HIGH_Scratchpad_64
spad_clk_gate_vsm_pipe_2_io_out_pipe_pipe_b_id_reg      3.9900     0.0      0.0000      3.9900 0.0000 SNPS_CLOCK_GATE_HIGH_Scratchpad_65
spad_clk_gate_vsm_pipe_2_io_out_pipe_pipe_pipe_b_id_reg      3.9900     0.0      0.0000      3.9900 0.0000 SNPS_CLOCK_GATE_HIGH_Scratchpad_66
spad_clk_gate_vsm_pipe_2_io_out_pipe_pipe_pipe_pipe_b_id_reg      3.9900     0.0      0.0000      3.9900 0.0000 SNPS_CLOCK_GATE_HIGH_Scratchpad_67
spad_clk_gate_vsm_pipe_3_io_out_pipe_b_id_reg      3.9900     0.0      0.0000      3.9900 0.0000 SNPS_CLOCK_GATE_HIGH_Scratchpad_60
spad_clk_gate_vsm_pipe_3_io_out_pipe_pipe_b_id_reg      3.9900     0.0      0.0000      3.9900 0.0000 SNPS_CLOCK_GATE_HIGH_Scratchpad_61
spad_clk_gate_vsm_pipe_3_io_out_pipe_pipe_pipe_b_id_reg      3.9900     0.0      0.0000      3.9900 0.0000 SNPS_CLOCK_GATE_HIGH_Scratchpad_62
spad_clk_gate_vsm_pipe_3_io_out_pipe_pipe_pipe_pipe_b_id_reg      3.9900     0.0      0.0000      3.9900 0.0000 SNPS_CLOCK_GATE_HIGH_Scratchpad_63
spad_clk_gate_vsm_pipe_io_out_pipe_b_id_reg      3.9900     0.0      0.0000      3.9900 0.0000 SNPS_CLOCK_GATE_HIGH_Scratchpad_72
spad_clk_gate_vsm_pipe_io_out_pipe_pipe_b_id_reg      3.9900     0.0      0.0000      3.9900 0.0000 SNPS_CLOCK_GATE_HIGH_Scratchpad_73
spad_clk_gate_vsm_pipe_io_out_pipe_pipe_pipe_b_id_reg      3.9900     0.0      0.0000      3.9900 0.0000 SNPS_CLOCK_GATE_HIGH_Scratchpad_74
spad_clk_gate_vsm_pipe_io_out_pipe_pipe_pipe_pipe_b_id_reg      3.9900     0.0      0.0000      3.9900 0.0000 SNPS_CLOCK_GATE_HIGH_Scratchpad_75
spad_clk_gate_vsm_tail_oh_reg          3.9900      0.0       0.0000       3.9900  0.0000  SNPS_CLOCK_GATE_HIGH_Scratchpad_77
spad_clk_gate_write_dispatch_q_q_ram_ext_Memory_reg_0_      3.9900     0.0      0.0000      3.9900 0.0000 SNPS_CLOCK_GATE_HIGH_Scratchpad_128
spad_clk_gate_write_dispatch_q_q_ram_ext_Memory_reg_1_      3.9900     0.0      0.0000      3.9900 0.0000 SNPS_CLOCK_GATE_HIGH_Scratchpad_129
spad_clk_gate_write_issue_q_deq_ptr_value_reg      3.9900     0.0      0.0000      3.9900 0.0000 SNPS_CLOCK_GATE_HIGH_Scratchpad_111
spad_clk_gate_write_issue_q_ram_ext_Memory_reg_0_      3.9900     0.0      0.0000      3.9900 0.0000 SNPS_CLOCK_GATE_HIGH_Scratchpad_106
spad_clk_gate_write_issue_q_ram_ext_Memory_reg_1_      3.9900     0.0      0.0000      3.9900 0.0000 SNPS_CLOCK_GATE_HIGH_Scratchpad_107
spad_clk_gate_write_issue_q_ram_ext_Memory_reg_2_      3.9900     0.0      0.0000      3.9900 0.0000 SNPS_CLOCK_GATE_HIGH_Scratchpad_108
spad_clk_gate_write_issue_q_ram_ext_Memory_reg_3_      3.9900     0.0      0.0000      3.9900 0.0000 SNPS_CLOCK_GATE_HIGH_Scratchpad_109
spad_clk_gate_write_issue_q_ram_ext_Memory_reg_4_      3.9900     0.0      0.0000      3.9900 0.0000 SNPS_CLOCK_GATE_HIGH_Scratchpad_110
spad_clk_gate_write_norm_q_enq_ptr_value_reg      3.9900     0.0      0.0000      3.9900 0.0000 SNPS_CLOCK_GATE_HIGH_Scratchpad_126
spad_clk_gate_write_norm_q_ram_ext_Memory_reg_0_      3.9900     0.0      0.0000      3.9900 0.0000 SNPS_CLOCK_GATE_HIGH_Scratchpad_118
spad_clk_gate_write_norm_q_ram_ext_Memory_reg_1_      3.9900     0.0      0.0000      3.9900 0.0000 SNPS_CLOCK_GATE_HIGH_Scratchpad_119
spad_clk_gate_write_norm_q_ram_ext_Memory_reg_2_      3.9900     0.0      0.0000      3.9900 0.0000 SNPS_CLOCK_GATE_HIGH_Scratchpad_120
spad_clk_gate_write_norm_q_ram_ext_Memory_reg_3_      3.9900     0.0      0.0000      3.9900 0.0000 SNPS_CLOCK_GATE_HIGH_Scratchpad_121
spad_clk_gate_write_norm_q_ram_ext_Memory_reg_4_      3.9900     0.0      0.0000      3.9900 0.0000 SNPS_CLOCK_GATE_HIGH_Scratchpad_122
spad_clk_gate_write_norm_q_ram_ext_Memory_reg_5_      3.9900     0.0      0.0000      3.9900 0.0000 SNPS_CLOCK_GATE_HIGH_Scratchpad_123
spad_clk_gate_write_scale_q_deq_ptr_value_reg      3.9900     0.0      0.0000      3.9900 0.0000 SNPS_CLOCK_GATE_HIGH_Scratchpad_125
spad_clk_gate_write_scale_q_enq_ptr_value_reg      3.9900     0.0      0.0000      3.9900 0.0000 SNPS_CLOCK_GATE_HIGH_Scratchpad_124
spad_clk_gate_write_scale_q_ram_ext_Memory_reg_0_      3.9900     0.0      0.0000      3.9900 0.0000 SNPS_CLOCK_GATE_HIGH_Scratchpad_112
spad_clk_gate_write_scale_q_ram_ext_Memory_reg_1_      3.9900     0.0      0.0000      3.9900 0.0000 SNPS_CLOCK_GATE_HIGH_Scratchpad_113
spad_clk_gate_write_scale_q_ram_ext_Memory_reg_2_      3.9900     0.0      0.0000      3.9900 0.0000 SNPS_CLOCK_GATE_HIGH_Scratchpad_114
spad_clk_gate_write_scale_q_ram_ext_Memory_reg_3_      3.9900     0.0      0.0000      3.9900 0.0000 SNPS_CLOCK_GATE_HIGH_Scratchpad_115
spad_clk_gate_write_scale_q_ram_ext_Memory_reg_4_      3.9900     0.0      0.0000      3.9900 0.0000 SNPS_CLOCK_GATE_HIGH_Scratchpad_116
spad_clk_gate_write_scale_q_ram_ext_Memory_reg_5_      3.9900     0.0      0.0000      3.9900 0.0000 SNPS_CLOCK_GATE_HIGH_Scratchpad_117
spad_clk_gate_writer_beatsLeft_reg      3.9900     0.0       0.0000       3.9900  0.0000  SNPS_CLOCK_GATE_HIGH_Scratchpad_168
spad_clk_gate_writer_bytesSent_reg      3.9900     0.0       0.0000       3.9900  0.0000  SNPS_CLOCK_GATE_HIGH_Scratchpad_148
spad_clk_gate_writer_data_blocks_0_reg      3.9900     0.0      0.0000      3.9900 0.0000 SNPS_CLOCK_GATE_HIGH_Scratchpad_151
spad_clk_gate_writer_data_blocks_10_reg      3.9900     0.0      0.0000      3.9900 0.0000 SNPS_CLOCK_GATE_HIGH_Scratchpad_161
spad_clk_gate_writer_data_blocks_11_reg      3.9900     0.0      0.0000      3.9900 0.0000 SNPS_CLOCK_GATE_HIGH_Scratchpad_162
spad_clk_gate_writer_data_blocks_12_reg      3.9900     0.0      0.0000      3.9900 0.0000 SNPS_CLOCK_GATE_HIGH_Scratchpad_163
spad_clk_gate_writer_data_blocks_13_reg      3.9900     0.0      0.0000      3.9900 0.0000 SNPS_CLOCK_GATE_HIGH_Scratchpad_164
spad_clk_gate_writer_data_blocks_14_reg      3.9900     0.0      0.0000      3.9900 0.0000 SNPS_CLOCK_GATE_HIGH_Scratchpad_165
spad_clk_gate_writer_data_blocks_15_reg      3.9900     0.0      0.0000      3.9900 0.0000 SNPS_CLOCK_GATE_HIGH_Scratchpad_166
spad_clk_gate_writer_data_blocks_1_reg      3.9900     0.0      0.0000      3.9900 0.0000 SNPS_CLOCK_GATE_HIGH_Scratchpad_152
spad_clk_gate_writer_data_blocks_2_reg      3.9900     0.0      0.0000      3.9900 0.0000 SNPS_CLOCK_GATE_HIGH_Scratchpad_153
spad_clk_gate_writer_data_blocks_3_reg      3.9900     0.0      0.0000      3.9900 0.0000 SNPS_CLOCK_GATE_HIGH_Scratchpad_154
spad_clk_gate_writer_data_blocks_4_reg      3.9900     0.0      0.0000      3.9900 0.0000 SNPS_CLOCK_GATE_HIGH_Scratchpad_155
spad_clk_gate_writer_data_blocks_5_reg      3.9900     0.0      0.0000      3.9900 0.0000 SNPS_CLOCK_GATE_HIGH_Scratchpad_156
spad_clk_gate_writer_data_blocks_6_reg      3.9900     0.0      0.0000      3.9900 0.0000 SNPS_CLOCK_GATE_HIGH_Scratchpad_157
spad_clk_gate_writer_data_blocks_7_reg      3.9900     0.0      0.0000      3.9900 0.0000 SNPS_CLOCK_GATE_HIGH_Scratchpad_158
spad_clk_gate_writer_data_blocks_8_reg      3.9900     0.0      0.0000      3.9900 0.0000 SNPS_CLOCK_GATE_HIGH_Scratchpad_159
spad_clk_gate_writer_data_blocks_9_reg      3.9900     0.0      0.0000      3.9900 0.0000 SNPS_CLOCK_GATE_HIGH_Scratchpad_160
spad_clk_gate_writer_data_single_block_reg      3.9900     0.0      0.0000      3.9900 0.0000 SNPS_CLOCK_GATE_HIGH_Scratchpad_150
spad_clk_gate_writer_nodeOut_a_bits_address_buf_reg      3.9900     0.0      0.0000      3.9900 0.0000 SNPS_CLOCK_GATE_HIGH_Scratchpad_169
spad_clk_gate_writer_putFull_buf_reg      3.9900     0.0      0.0000      3.9900  0.0000  SNPS_CLOCK_GATE_HIGH_Scratchpad_167
spad_clk_gate_writer_req_vaddr_reg      3.9900     0.0       0.0000       3.9900  0.0000  SNPS_CLOCK_GATE_HIGH_Scratchpad_149
spad_clk_gate_writer_shadow_retry_a_ram_reg      3.9900     0.0      0.0000      3.9900 0.0000 SNPS_CLOCK_GATE_HIGH_Scratchpad_146
spad_clk_gate_writer_tlb_q_ram_reg      3.9900     0.0       0.0000       3.9900  0.0000  SNPS_CLOCK_GATE_HIGH_Scratchpad_145
spad_clk_gate_writer_total_bytes_sent_reg      3.9900     0.0      0.0000      3.9900 0.0000 SNPS_CLOCK_GATE_HIGH_Scratchpad_147
spad_clk_gate_writer_translate_q_ram_reg      3.9900     0.0      0.0000      3.9900 0.0000 SNPS_CLOCK_GATE_HIGH_Scratchpad_144
spad_clk_gate_writer_xactBusy_reg      3.9900      0.0       0.0000       3.9900  0.0000  SNPS_CLOCK_GATE_HIGH_Scratchpad_3
spad_clk_gate_zero_writer_col_counter_reg      3.9900     0.0      0.0000      3.9900 0.0000 SNPS_CLOCK_GATE_HIGH_Scratchpad_97
spad_clk_gate_zero_writer_pixel_repeater_req_bits_pixel_repeats_reg      3.9900     0.0      0.0000      3.9900 0.0000 SNPS_CLOCK_GATE_HIGH_Scratchpad_95
spad_clk_gate_zero_writer_pixel_repeater_req_bits_tag_cols_reg      3.9900     0.0      0.0000      3.9900 0.0000 SNPS_CLOCK_GATE_HIGH_Scratchpad_96
spad_clk_gate_zero_writer_req_bits_block_stride_reg      3.9900     0.0      0.0000      3.9900 0.0000 SNPS_CLOCK_GATE_HIGH_Scratchpad_98
store_controller_clk_gate_acc_scale_bits_reg      3.9900     0.0      0.0000      3.9900 0.0000 SNPS_CLOCK_GATE_HIGH_StoreController_4
store_controller_clk_gate_cmd_id_buf_reg      3.9900     0.0      0.0000      3.9900 0.0000 SNPS_CLOCK_GATE_HIGH_StoreController_7
store_controller_clk_gate_cmd_q_ram_ext_Memory_reg_0_      3.9900     0.0      0.0000      3.9900 0.0000 SNPS_CLOCK_GATE_HIGH_StoreController_9
store_controller_clk_gate_cmd_q_ram_ext_Memory_reg_1_      3.9900     0.0      0.0000      3.9900 0.0000 SNPS_CLOCK_GATE_HIGH_StoreController_8
store_controller_clk_gate_cmd_tracker_cmds_0_bytes_left_reg      3.9900     0.0      0.0000      3.9900 0.0000 SNPS_CLOCK_GATE_HIGH_StoreController_18
store_controller_clk_gate_cmd_tracker_cmds_1_bytes_left_reg      3.9900     0.0      0.0000      3.9900 0.0000 SNPS_CLOCK_GATE_HIGH_StoreController_16
store_controller_clk_gate_cmd_tracker_cmds_2_bytes_left_reg      3.9900     0.0      0.0000      3.9900 0.0000 SNPS_CLOCK_GATE_HIGH_StoreController_14
store_controller_clk_gate_cmd_tracker_cmds_3_bytes_left_reg      3.9900     0.0      0.0000      3.9900 0.0000 SNPS_CLOCK_GATE_HIGH_StoreController_12
store_controller_clk_gate_cmd_tracker_cmds_4_bytes_left_reg      3.9900     0.0      0.0000      3.9900 0.0000 SNPS_CLOCK_GATE_HIGH_StoreController_10
store_controller_clk_gate_pocol_counter_reg      3.9900     0.0      0.0000      3.9900 0.0000 SNPS_CLOCK_GATE_HIGH_StoreController_2
store_controller_clk_gate_pool_lpad_reg      3.9900     0.0      0.0000      3.9900 0.0000 SNPS_CLOCK_GATE_HIGH_StoreController_6
store_controller_clk_gate_pool_ocols_reg      3.9900     0.0      0.0000      3.9900 0.0000 SNPS_CLOCK_GATE_HIGH_StoreController_5
store_controller_clk_gate_pool_size_reg      3.9900     0.0      0.0000      3.9900 0.0000 SNPS_CLOCK_GATE_HIGH_StoreController_3
store_controller_clk_gate_porow_counter_reg      3.9900     0.0      0.0000      3.9900 0.0000 SNPS_CLOCK_GATE_HIGH_StoreController_1
store_controller_clk_gate_row_counter_reg      3.9900     0.0      0.0000      3.9900 0.0000 SNPS_CLOCK_GATE_HIGH_StoreController_0
store_controller_clk_gate_wcol_counter_reg      3.9900     0.0      0.0000      3.9900 0.0000 SNPS_CLOCK_GATE_HIGH_StoreController_20
tlb_clk_gate_last_translated_ppn_1_reg      3.9900     0.0      0.0000      3.9900 0.0000 SNPS_CLOCK_GATE_HIGH_FrontendTLB_0
tlb_clk_gate_last_translated_valid_reg      3.9900     0.0      0.0000      3.9900 0.0000 SNPS_CLOCK_GATE_HIGH_FrontendTLB_13
tlb_clk_gate_last_translated_vpn_reg      3.9900     0.0      0.0000      3.9900  0.0000  SNPS_CLOCK_GATE_HIGH_FrontendTLB_1
tlb_clk_gate_tlbs_0_tlb_r_sectored_hit_valid_reg      3.9900     0.0      0.0000      3.9900 0.0000 SNPS_CLOCK_GATE_HIGH_FrontendTLB_2
tlb_clk_gate_tlbs_0_tlb_sectored_entries_0_0_data_0_reg      3.9900     0.0      0.0000      3.9900 0.0000 SNPS_CLOCK_GATE_HIGH_FrontendTLB_11
tlb_clk_gate_tlbs_0_tlb_sectored_entries_0_0_data_1_reg      3.9900     0.0      0.0000      3.9900 0.0000 SNPS_CLOCK_GATE_HIGH_FrontendTLB_10
tlb_clk_gate_tlbs_0_tlb_sectored_entries_0_0_data_2_reg      3.9900     0.0      0.0000      3.9900 0.0000 SNPS_CLOCK_GATE_HIGH_FrontendTLB_9
tlb_clk_gate_tlbs_0_tlb_sectored_entries_0_0_data_3_reg      3.9900     0.0      0.0000      3.9900 0.0000 SNPS_CLOCK_GATE_HIGH_FrontendTLB_8
tlb_clk_gate_tlbs_0_tlb_sectored_entries_0_0_tag_v_reg      3.9900     0.0      0.0000      3.9900 0.0000 SNPS_CLOCK_GATE_HIGH_FrontendTLB_12
tlb_clk_gate_tlbs_0_tlb_special_entry_tag_vpn_reg      3.9900     0.0      0.0000      3.9900 0.0000 SNPS_CLOCK_GATE_HIGH_FrontendTLB_3
tlb_clk_gate_tlbs_0_tlb_superpage_entries_0_data_0_reg      3.9900     0.0      0.0000      3.9900 0.0000 SNPS_CLOCK_GATE_HIGH_FrontendTLB_7
tlb_clk_gate_tlbs_0_tlb_superpage_entries_1_data_0_reg      3.9900     0.0      0.0000      3.9900 0.0000 SNPS_CLOCK_GATE_HIGH_FrontendTLB_6
tlb_clk_gate_tlbs_0_tlb_superpage_entries_2_data_0_reg      3.9900     0.0      0.0000      3.9900 0.0000 SNPS_CLOCK_GATE_HIGH_FrontendTLB_5
tlb_clk_gate_tlbs_0_tlb_superpage_entries_3_data_0_reg      3.9900     0.0      0.0000      3.9900 0.0000 SNPS_CLOCK_GATE_HIGH_FrontendTLB_4
unrolled_cmd_q_clk_gate_ram_ext_Memory_reg_0_      3.9900     0.0      0.0000      3.9900 0.0000 SNPS_CLOCK_GATE_HIGH_Queue2_GemminiCmd_0_1
unrolled_cmd_q_clk_gate_ram_ext_Memory_reg_1_      3.9900     0.0      0.0000      3.9900 0.0000 SNPS_CLOCK_GATE_HIGH_Queue2_GemminiCmd_0_0
--------------------------------  -----------  -------  -----------  -----------  ------  -------------------------------------------
Total                                                   235740.3734  146285.6308  0.0000

1
