 
****************************************
Report : qor
Design : tinytpu_isa
Version: W-2024.09
Date   : Tue Sep 22 15:11:12 2026
****************************************


  Timing Path Group 'FEEDTHROUGH'
  -----------------------------------
  Levels of Logic:               8.00
  Critical Path Length:          0.45
  Critical Path Slack:           1.22
  Critical Path Clk Period:      3.33
  Total Negative Slack:          0.00
  No. of Violating Paths:        0.00
  Worst Hold Violation:          0.00
  Total Hold Violation:          0.00
  No. of Hold Violations:        0.00
  -----------------------------------

  Timing Path Group 'REGIN'
  -----------------------------------
  Levels of Logic:               6.00
  Critical Path Length:          0.81
  Critical Path Slack:           0.82
  Critical Path Clk Period:      3.33
  Total Negative Slack:          0.00
  No. of Violating Paths:        0.00
  Worst Hold Violation:          0.00
  Total Hold Violation:          0.00
  No. of Hold Violations:        0.00
  -----------------------------------

  Timing Path Group 'REGOUT'
  -----------------------------------
  Levels of Logic:               7.00
  Critical Path Length:          0.74
  Critical Path Slack:           2.59
  Critical Path Clk Period:      3.33
  Total Negative Slack:          0.00
  No. of Violating Paths:        0.00
  Worst Hold Violation:          0.00
  Total Hold Violation:          0.00
  No. of Hold Violations:        0.00
  -----------------------------------

  Timing Path Group 'ideal_clock'
  -----------------------------------
  Levels of Logic:              62.00
  Critical Path Length:          3.08
  Critical Path Slack:           0.21
  Critical Path Clk Period:      3.33
  Total Negative Slack:          0.00
  No. of Violating Paths:        0.00
  Worst Hold Violation:          0.00
  Total Hold Violation:          0.00
  No. of Hold Violations:        0.00
  -----------------------------------


  Cell Count
  -----------------------------------
  Hierarchical Cell Count:       3591
  Hierarchical Port Count:      28249
  Leaf Cell Count:            1083807
  Buf/Inv Cell Count:           86611
  Buf Cell Count:               72824
  Inv Cell Count:               13787
  CT Buf/Inv Cell Count:            0
  Combinational Cell Count:    502191
  Sequential Cell Count:       581616
  Macro Count:                      0
  -----------------------------------


  Area
  -----------------------------------
  Combinational Area:   625767.142008
  Noncombinational Area:
                       2628257.061230
  Buf/Inv Area:          66779.564564
  Total Buffer Area:         59444.61
  Total Inverter Area:        7334.95
  Macro/Black Box Area:      0.000000
  Net Area:                  0.000000
  Net XLength        :    19290180.00
  Net YLength        :    14543267.00
  -----------------------------------
  Cell Area:           3254024.203238
  Design Area:         3254024.203238
  Net Length        :     33833448.00


  Design Rules
  -----------------------------------
  Total Number of Nets:       1090326
  Nets With Violations:           593
  Max Trans Violations:             0
  Max Cap Violations:             593
  -----------------------------------


  Hostname: zhang-21.ece.cornell.edu

  Compile CPU Statistics
  -----------------------------------------
  Resource Sharing:                  885.35
  Logic Optimization:               2926.84
  Mapping Optimization:             4670.70
  -----------------------------------------
  Overall Compile Time:            16848.88
  Overall Compile Wall Clock Time:  5016.96

  --------------------------------------------------------------------

  Design  WNS: 0.00  TNS: 0.00  Number of Violating Paths: 0


  Design (Hold)  WNS: 0.00  TNS: 0.00  Number of Violating Paths: 0

  --------------------------------------------------------------------


1
