 
****************************************
Report : qor
Design : tinytpu_isa
Version: W-2024.09
Date   : Tue Sep 22 11:57:31 2026
****************************************


  Timing Path Group 'FEEDTHROUGH'
  -----------------------------------
  Levels of Logic:               8.00
  Critical Path Length:          0.47
  Critical Path Slack:           1.20
  Critical Path Clk Period:      3.33
  Total Negative Slack:          0.00
  No. of Violating Paths:        0.00
  Worst Hold Violation:          0.00
  Total Hold Violation:          0.00
  No. of Hold Violations:        0.00
  -----------------------------------

  Timing Path Group 'REGIN'
  -----------------------------------
  Levels of Logic:               7.00
  Critical Path Length:          0.91
  Critical Path Slack:           0.71
  Critical Path Clk Period:      3.33
  Total Negative Slack:          0.00
  No. of Violating Paths:        0.00
  Worst Hold Violation:          0.00
  Total Hold Violation:          0.00
  No. of Hold Violations:        0.00
  -----------------------------------

  Timing Path Group 'REGOUT'
  -----------------------------------
  Levels of Logic:               7.00
  Critical Path Length:          0.74
  Critical Path Slack:           2.59
  Critical Path Clk Period:      3.33
  Total Negative Slack:          0.00
  No. of Violating Paths:        0.00
  Worst Hold Violation:          0.00
  Total Hold Violation:          0.00
  No. of Hold Violations:        0.00
  -----------------------------------

  Timing Path Group 'ideal_clock'
  -----------------------------------
  Levels of Logic:              62.00
  Critical Path Length:          3.08
  Critical Path Slack:           0.21
  Critical Path Clk Period:      3.33
  Total Negative Slack:          0.00
  No. of Violating Paths:        0.00
  Worst Hold Violation:          0.00
  Total Hold Violation:          0.00
  No. of Hold Violations:        0.00
  -----------------------------------


  Cell Count
  -----------------------------------
  Hierarchical Cell Count:       5512
  Hierarchical Port Count:      29826
  Leaf Cell Count:             628110
  Buf/Inv Cell Count:           51337
  Buf Cell Count:               40169
  Inv Cell Count:               11168
  CT Buf/Inv Cell Count:            0
  Combinational Cell Count:    294921
  Sequential Cell Count:       333189
  Macro Count:                      0
  -----------------------------------


  Area
  -----------------------------------
  Combinational Area:   361524.065912
  Noncombinational Area:
                       1503789.716306
  Buf/Inv Area:          38555.901210
  Total Buffer Area:         32613.99
  Total Inverter Area:        5941.91
  Macro/Black Box Area:      0.000000
  Net Area:                  0.000000
  Net XLength        :     8557907.00
  Net YLength        :     8842562.00
  -----------------------------------
  Cell Area:           1865313.782218
  Design Area:         1865313.782218
  Net Length        :     17400468.00


  Design Rules
  -----------------------------------
  Total Number of Nets:        632688
  Nets With Violations:           315
  Max Trans Violations:             0
  Max Cap Violations:             315
  -----------------------------------


  Hostname: zhang-21.ece.cornell.edu

  Compile CPU Statistics
  -----------------------------------------
  Resource Sharing:                  219.48
  Logic Optimization:               1719.63
  Mapping Optimization:             3069.56
  -----------------------------------------
  Overall Compile Time:             9543.26
  Overall Compile Wall Clock Time:  2893.18

  --------------------------------------------------------------------

  Design  WNS: 0.00  TNS: 0.00  Number of Violating Paths: 0


  Design (Hold)  WNS: 0.00  TNS: 0.00  Number of Violating Paths: 0

  --------------------------------------------------------------------


1
