ninja: Entering directory `mlir/build'
[1/72] Building CXX object lib/Support/CMakeFiles/obj.MLIRAlloSupport.dir/Liveness.cpp.o
[2/72] Building CXX object lib/Conversion/CMakeFiles/obj.MLIRAlloConversion.dir/Passes.cpp.o
[3/72] Building CXX object lib/Transforms/CMakeFiles/obj.MLIRAlloPasses.dir/LegalizeCast.cpp.o
[4/72] Building CXX object lib/Support/CMakeFiles/obj.MLIRAlloSupport.dir/Utils.cpp.o
[5/72] Building CXX object lib/Conversion/CMakeFiles/obj.MLIRAlloConversion.dir/LowerTransformLayoutOps.cpp.o
[6/72] Building CXX object lib/Conversion/CMakeFiles/obj.MLIRAlloConversion.dir/LowerMemCopyOps.cpp.o
[7/72] Building CXX object lib/Conversion/CMakeFiles/obj.MLIRAlloConversion.dir/LowerBitOps.cpp.o
[8/72] Building CXX object lib/Transforms/CMakeFiles/obj.MLIRAlloPasses.dir/MoveReturnToInput.cpp.o
[9/72] Building CXX object lib/Transforms/CMakeFiles/obj.MLIRAlloPasses.dir/AnyWidthInteger.cpp.o
[10/72] Building CXX object lib/Conversion/CMakeFiles/obj.MLIRAlloConversion.dir/LowerCompositeType.cpp.o
[11/72] Building CXX object lib/Conversion/CMakeFiles/obj.MLIRAlloConversion.dir/FixedPointToInteger.cpp.o
[12/72] Building CXX object lib/Transforms/CMakeFiles/obj.MLIRAlloPasses.dir/MemRefDCE.cpp.o
[13/72] Building CXX object lib/Transforms/CMakeFiles/obj.MLIRAlloPasses.dir/RemoveStrideMap.cpp.o
[14/72] Building CXX object lib/Conversion/CMakeFiles/obj.MLIRAlloConversion.dir/LowerPrintOps.cpp.o
[15/72] Building CXX object lib/Transforms/CMakeFiles/obj.MLIRAlloPasses.dir/LoopTransformations.cpp.o
[16/72] Building CXX object lib/Conversion/CMakeFiles/obj.MLIRAlloConversion.dir/AlloToLLVM.cpp.o
[17/72] Building CXX object lib/Transforms/CMakeFiles/obj.MLIRAlloPasses.dir/TransformationUtils.cpp.o
[18/72] Building CXX object lib/Transforms/CMakeFiles/obj.MLIRAlloPasses.dir/DataPlacement.cpp.o
[19/72] Building CXX object lib/Transforms/CMakeFiles/obj.MLIRAlloPasses.dir/UnifyKernels.cpp.o
[20/72] Building CXX object lib/Translation/CMakeFiles/obj.MLIRAlloEmitHLSCpp.dir/EmitBaseHLS.cpp.o
[21/72] Building CXX object lib/Dialect/CMakeFiles/obj.MLIRAllo.dir/AlloOps.cpp.o
[22/72] Building CXX object lib/CAPI/Dialect/CMakeFiles/obj.MLIRAlloCAPI.dir/AlloAttributes.cpp.o
[23/72] Building CXX object lib/Dialect/CMakeFiles/obj.MLIRAllo.dir/AlloDialect.cpp.o
[24/72] Building CXX object lib/CAPI/Dialect/CMakeFiles/obj.MLIRAlloCAPI.dir/AlloTypes.cpp.o
[25/72] Linking CXX static library lib/Dialect/libMLIRAllo.a
[26/72] Linking CXX static library lib/Support/libMLIRAlloSupport.a
[27/72] Building CXX object lib/Transforms/CMakeFiles/obj.MLIRAlloPasses.dir/CopyOnWrite.cpp.o
[28/72] Linking CXX static library lib/Conversion/libMLIRAlloConversion.a
[29/72] Linking CXX static library lib/Transforms/libMLIRAlloPasses.a
[30/72] Building CXX object lib/Translation/CMakeFiles/obj.MLIRAlloEmitHLSCpp.dir/Utils.cpp.o
[31/72] Creating library symlink lib/liballo_runtime_utils.so
[32/72] Building CXX object lib/Translation/CMakeFiles/obj.MLIRAlloEmitHLSCpp.dir/EmitCatapultHLS.cpp.o
[33/72] Building CXX object lib/Translation/CMakeFiles/obj.MLIRAlloEmitHLSCpp.dir/EmitSystemC.cpp.o
[34/72] Building CXX object lib/CAPI/Translation/CMakeFiles/obj.MLIRAlloCAPIEmitHLSCpp.dir/EmitVivadoHLS.cpp.o
[35/72] Building CXX object lib/Translation/CMakeFiles/obj.MLIRAlloEmitHLSCpp.dir/EmitXlsHLS.cpp.o
[36/72] Building CXX object lib/CAPI/Translation/CMakeFiles/obj.MLIRAlloCAPIEmitHLSCpp.dir/EmitIntelHLS.cpp.o
[37/72] Building CXX object lib/CAPI/Translation/CMakeFiles/obj.MLIRAlloCAPIEmitHLSCpp.dir/EmitTapaHLS.cpp.o
[38/72] Building CXX object include/allo/Bindings/CMakeFiles/AlloMLIRPythonModules.extension._allo.dso.dir/home/zsm9/allo_sup/mlir/lib/Bindings/AlloTypes.cpp.o
[39/72] Building CXX object lib/Translation/CMakeFiles/obj.MLIRAlloEmitHLSCpp.dir/EmitIntelHLS.cpp.o
[40/72] Building CXX object lib/CAPI/Translation/CMakeFiles/obj.MLIRAlloCAPIEmitHLSCpp.dir/EmitXlsHLS.cpp.o
[41/72] Building CXX object lib/Translation/CMakeFiles/obj.MLIRAlloEmitHLSCpp.dir/EmitTapaHLS.cpp.o
[42/72] Building CXX object include/allo/Bindings/CMakeFiles/AlloMLIRPythonModules.extension._allo.dso.dir/home/zsm9/allo_sup/mlir/lib/Bindings/AlloModule.cpp.o
[43/72] Building CXX object lib/CAPI/Dialect/CMakeFiles/obj.MLIRAlloCAPI.dir/__/__/Transforms/LoopTransformations.cpp.o
[44/72] Building CXX object lib/Translation/CMakeFiles/obj.MLIRAlloEmitHLSCpp.dir/EmitVivadoHLS.cpp.o
[45/72] Linking CXX static library lib/Translation/libMLIRAlloEmitHLSCpp.a
[46/72] Linking CXX static library lib/CAPI/Translation/libMLIRAlloCAPIEmitHLSCpp.a
[47/72] Building CXX object lib/TransformOps/CMakeFiles/obj.MLIRAlloTransformOps.dir/AlloTransformOps.cpp.o
[48/72] Linking CXX static library lib/TransformOps/libMLIRAlloTransformOps.a
[49/72] Building CXX object lib/CAPI/Dialect/CMakeFiles/obj.MLIRAlloCAPI.dir/Registration.cpp.o
[50/72] Linking CXX static library lib/CAPI/Dialect/libMLIRAlloCAPI.a
[51/72] Linking CXX shared library tools/allo/_mlir/libAlloMLIRAggregateCAPI.so.22.0git
[52/72] Creating library symlink tools/allo/_mlir/libAlloMLIRAggregateCAPI.so
[53/72] Linking CXX shared module tools/allo/_mlir/_mlir_libs/_mlirGPUPasses.cpython-312-x86_64-linux-gnu.so
[54/72] Linking CXX shared module tools/allo/_mlir/_mlir_libs/_mlirLinalgPasses.cpython-312-x86_64-linux-gnu.so
[55/72] Linking CXX shared module tools/allo/_mlir/_mlir_libs/_mlirSparseTensorPasses.cpython-312-x86_64-linux-gnu.so
[56/72] Linking CXX shared module tools/allo/_mlir/_mlir_libs/_mlirAsyncPasses.cpython-312-x86_64-linux-gnu.so
[57/72] Linking CXX shared module tools/allo/_mlir/_mlir_libs/_mlirDialectsTransform.cpython-312-x86_64-linux-gnu.so
[58/72] Linking CXX shared module tools/allo/_mlir/_mlir_libs/_mlirDialectsNVGPU.cpython-312-x86_64-linux-gnu.so
[59/72] Linking CXX shared module tools/allo/_mlir/_mlir_libs/_mlirTransformInterpreter.cpython-312-x86_64-linux-gnu.so
[60/72] Linking CXX shared module tools/allo/_mlir/_mlir_libs/_mlirDialectsLinalg.cpython-312-x86_64-linux-gnu.so
[61/72] Linking CXX shared module tools/allo/_mlir/_mlir_libs/_mlirDialectsSMT.cpython-312-x86_64-linux-gnu.so
[62/72] Linking CXX shared module tools/allo/_mlir/_mlir_libs/_mlirDialectsGPU.cpython-312-x86_64-linux-gnu.so
[63/72] Linking CXX shared module tools/allo/_mlir/_mlir_libs/_mlirDialectsSparseTensor.cpython-312-x86_64-linux-gnu.so
[64/72] Linking CXX shared module tools/allo/_mlir/_mlir_libs/_mlirDialectsLLVM.cpython-312-x86_64-linux-gnu.so
[65/72] Linking CXX shared module tools/allo/_mlir/_mlir_libs/_mlirDialectsQuant.cpython-312-x86_64-linux-gnu.so
[66/72] Linking CXX shared module tools/allo/_mlir/_mlir_libs/_mlirDialectsAMDGPU.cpython-312-x86_64-linux-gnu.so
[67/72] Linking CXX shared module tools/allo/_mlir/_mlir_libs/_mlirDialectsPDL.cpython-312-x86_64-linux-gnu.so
[68/72] Linking CXX shared module tools/allo/_mlir/_mlir_libs/_allo.cpython-312-x86_64-linux-gnu.so
[69/72] Linking CXX shared module tools/allo/_mlir/_mlir_libs/_mlirDialectsIRDL.cpython-312-x86_64-linux-gnu.so
[70/72] Linking CXX shared module tools/allo/_mlir/_mlir_libs/_mlirExecutionEngine.cpython-312-x86_64-linux-gnu.so
[71/72] Linking CXX shared module tools/allo/_mlir/_mlir_libs/_mlirRegisterEverything.cpython-312-x86_64-linux-gnu.so
[72/72] Linking CXX shared module tools/allo/_mlir/_mlir_libs/_mlir.cpython-312-x86_64-linux-gnu.so
OK (zhang-21.ece.cornell.edu): mlir/build/tools/allo/_mlir/_mlir_libs/_allo.cpython-312-x86_64-linux-gnu.so
