 
****************************************
Report : reference
Design : mtpu_mul_oreg
Version: W-2024.09
Date   : Fri Oct  2 04:40:10 2026
****************************************

Attributes:
    b - black box (unknown)
   bo - allows boundary optimization
    d - dont_touch
   mo - map_only
    h - hierarchical
    n - noncombinational
    r - removable
    s - synthetic operator
    u - contains unmapped logic

Reference          Library       Unit Area   Count    Total Area   Attributes
-----------------------------------------------------------------------------
AND2_X1            NangateOpenCellLibrary
                                  1.064000      15     15.960000  
AND3_X1            NangateOpenCellLibrary
                                  1.330000       3      3.990000  
AND4_X1            NangateOpenCellLibrary
                                  1.596000       2      3.192000  
AOI21_X1           NangateOpenCellLibrary
                                  1.064000      10     10.640000  
AOI22_X1           NangateOpenCellLibrary
                                  1.330000       5      6.650000  
AOI211_X1          NangateOpenCellLibrary
                                  1.330000       4      5.320000  
AOI221_X1          NangateOpenCellLibrary
                                  1.596000       3      4.788000  
AOI222_X1          NangateOpenCellLibrary
                                  2.128000       3      6.384000  
DFF_X1             NangateOpenCellLibrary
                                  4.522000      16     72.351997  n
FA_X1              NangateOpenCellLibrary
                                  4.256000      51    217.056002  r
INV_X1             NangateOpenCellLibrary
                                  0.532000      38     20.216000  
MUX2_X1            NangateOpenCellLibrary
                                  1.862000       1      1.862000  
NAND2_X1           NangateOpenCellLibrary
                                  0.798000      39     31.121999  
NAND3_X1           NangateOpenCellLibrary
                                  1.064000       2      2.128000  
NAND4_X1           NangateOpenCellLibrary
                                  1.330000       8     10.640000  
NOR2_X1            NangateOpenCellLibrary
                                  0.798000      49     39.101999  
NOR2_X2            NangateOpenCellLibrary
                                  1.330000       1      1.330000  
NOR3_X1            NangateOpenCellLibrary
                                  1.064000       4      4.256000  
NOR4_X1            NangateOpenCellLibrary
                                  1.330000      10     13.300000  
OAI21_X1           NangateOpenCellLibrary
                                  1.064000       6      6.384000  
OAI211_X1          NangateOpenCellLibrary
                                  1.330000       3      3.990000  
OAI221_X1          NangateOpenCellLibrary
                                  1.596000       2      3.192000  
OR2_X1             NangateOpenCellLibrary
                                  1.064000       4      4.256000  
XNOR2_X1           NangateOpenCellLibrary
                                  1.596000       3      4.788000  
XOR2_X1            NangateOpenCellLibrary
                                  1.596000      10     15.960000  
-----------------------------------------------------------------------------
Total 25 references                                   508.857999
1
