

================================================================
== Vitis HLS Report for 'dot_tree_8_2'
================================================================
* Date:           Tue Sep 22 18:53:12 2026

* Version:        2023.2 (Build 4023990 on Oct 11 2023)
* Project:        out.prj
* Solution:       solution1 (Vivado IP Flow Target)
* Product family: virtexuplusHBM
* Target device:  xcu280-fsvh2892-2L-e


================================================================
== Performance Estimates
================================================================
+ Timing: 
    * Summary: 
    +--------+---------+----------+------------+
    |  Clock |  Target | Estimated| Uncertainty|
    +--------+---------+----------+------------+
    |ap_clk  |  3.33 ns|  2.431 ns|     0.90 ns|
    +--------+---------+----------+------------+

+ Latency: 
    * Summary: 
    +---------+---------+----------+----------+-----+-----+----------+
    |  Latency (cycles) |  Latency (absolute) |  Interval | Pipeline |
    |   min   |   max   |    min   |    max   | min | max |   Type   |
    +---------+---------+----------+----------+-----+-----+----------+
    |        ?|        ?|         ?|         ?|    ?|    ?|  dataflow|
    +---------+---------+----------+----------+-----+-----+----------+

    + Detail: 
        * Instance: 
        +------------------+---------------+---------+---------+-----------+----------+-----+--------+---------+
        |                  |               |  Latency (cycles) |  Latency (absolute)  |   Interval   | Pipeline|
        |     Instance     |     Module    |   min   |   max   |    min    |    max   | min |   max  |   Type  |
        +------------------+---------------+---------+---------+-----------+----------+-----+--------+---------+
        |entry_proc_U0     |entry_proc     |        0|        0|       0 ns|      0 ns|    0|       0|       no|
        |dot_feed_0_1_U0   |dot_feed_0_1   |        ?|        ?|          ?|         ?|    ?|       ?|       no|
        |reduce_tree_0_U0  |reduce_tree_0  |        4|    65541|  13.320 ns|  0.218 ms|    4|   65541|       no|
        |dot_sink_0_1_U0   |dot_sink_0_1   |       10|   131081|  33.300 ns|  0.436 ms|   10|  131081|       no|
        +------------------+---------------+---------+---------+-----------+----------+-----+--------+---------+

        * Loop: 
        N/A



================================================================
== Utilization Estimates
================================================================
* Summary: 
+---------------------+---------+------+---------+---------+-----+
|         Name        | BRAM_18K|  DSP |    FF   |   LUT   | URAM|
+---------------------+---------+------+---------+---------+-----+
|DSP                  |        -|     -|        -|        -|    -|
|Expression           |        -|     -|        0|       12|    -|
|FIFO                 |        -|     -|       44|      330|    -|
|Instance             |       10|     1|     5433|     7387|    0|
|Memory               |        -|     -|        -|        -|    -|
|Multiplexer          |        -|     -|        -|       18|    -|
|Register             |        -|     -|        2|        -|    -|
+---------------------+---------+------+---------+---------+-----+
|Total                |       10|     1|     5479|     7747|    0|
+---------------------+---------+------+---------+---------+-----+
|Available SLR        |     1344|  3008|   869120|   434560|  320|
+---------------------+---------+------+---------+---------+-----+
|Utilization SLR (%)  |       ~0|    ~0|       ~0|        1|    0|
+---------------------+---------+------+---------+---------+-----+
|Available            |     4032|  9024|  2607360|  1303680|  960|
+---------------------+---------+------+---------+---------+-----+
|Utilization (%)      |       ~0|    ~0|       ~0|       ~0|    0|
+---------------------+---------+------+---------+---------+-----+

+ Detail: 
    * Instance: 
    +------------------+---------------+---------+----+------+------+-----+
    |     Instance     |     Module    | BRAM_18K| DSP|  FF  |  LUT | URAM|
    +------------------+---------------+---------+----+------+------+-----+
    |control_s_axi_U   |control_s_axi  |        0|   0|   380|   680|    0|
    |dot_feed_0_1_U0   |dot_feed_0_1   |        0|   1|  1241|  1930|    0|
    |dot_sink_0_1_U0   |dot_sink_0_1   |        0|   0|   301|   649|    0|
    |entry_proc_U0     |entry_proc     |        0|   0|     3|    38|    0|
    |gmem0_m_axi_U     |gmem0_m_axi    |        2|   0|   636|   788|    0|
    |gmem1_m_axi_U     |gmem1_m_axi    |        2|   0|   636|   788|    0|
    |gmem2_m_axi_U     |gmem2_m_axi    |        2|   0|   696|   720|    0|
    |gmem3_m_axi_U     |gmem3_m_axi    |        2|   0|   696|   720|    0|
    |gmem4_m_axi_U     |gmem4_m_axi    |        2|   0|   696|   720|    0|
    |reduce_tree_0_U0  |reduce_tree_0  |        0|   0|   148|   354|    0|
    +------------------+---------------+---------+----+------+------+-----+
    |Total             |               |       10|   1|  5433|  7387|    0|
    +------------------+---------------+---------+----+------+------+-----+

    * DSP: 
    N/A

    * Memory: 
    N/A

    * FIFO: 
    +----------+---------+---+----+-----+------+-----+---------+
    |   Name   | BRAM_18K| FF| LUT| URAM| Depth| Bits| Size:D*B|
    +----------+---------+---+----+-----+------+-----+---------+
    |v278_c_U  |        0|  5|   0|    -|     4|   64|      256|
    |v279_c_U  |        0|  5|   0|    -|     4|   64|      256|
    |v280_U    |        0|  7|   0|    -|     8|   64|      512|
    |v281_U    |        0|  7|   0|    -|     8|   64|      512|
    |v282_U    |        0|  7|   0|    -|     8|  128|     1024|
    |v283_U    |        0|  6|   0|    -|     8|   32|      256|
    |v284_U    |        0|  7|   0|    -|     8|   64|      512|
    +----------+---------+---+----+-----+------+-----+---------+
    |Total     |        0| 44|   0|    0|    48|  480|     3328|
    +----------+---------+---+----+-----+------+-----+---------+

    * Expression: 
    +----------------------------------+----------+----+---+----+------------+------------+
    |           Variable Name          | Operation| DSP| FF| LUT| Bitwidth P0| Bitwidth P1|
    +----------------------------------+----------+----+---+----+------------+------------+
    |ap_idle                           |       and|   0|  0|   2|           1|           1|
    |ap_sync_ready                     |       and|   0|  0|   2|           1|           1|
    |dot_feed_0_1_U0_ap_start          |       and|   0|  0|   2|           1|           1|
    |entry_proc_U0_ap_start            |       and|   0|  0|   2|           1|           1|
    |ap_sync_dot_feed_0_1_U0_ap_ready  |        or|   0|  0|   2|           1|           1|
    |ap_sync_entry_proc_U0_ap_ready    |        or|   0|  0|   2|           1|           1|
    +----------------------------------+----------+----+---+----+------------+------------+
    |Total                             |          |   0|  0|  12|           6|           6|
    +----------------------------------+----------+----+---+----+------------+------------+

    * Multiplexer: 
    +--------------------------------------+----+-----------+-----+-----------+
    |                 Name                 | LUT| Input Size| Bits| Total Bits|
    +--------------------------------------+----+-----------+-----+-----------+
    |ap_sync_reg_dot_feed_0_1_U0_ap_ready  |   9|          2|    1|          2|
    |ap_sync_reg_entry_proc_U0_ap_ready    |   9|          2|    1|          2|
    +--------------------------------------+----+-----------+-----+-----------+
    |Total                                 |  18|          4|    2|          4|
    +--------------------------------------+----+-----------+-----+-----------+

    * Register: 
    +--------------------------------------+---+----+-----+-----------+
    |                 Name                 | FF| LUT| Bits| Const Bits|
    +--------------------------------------+---+----+-----+-----------+
    |ap_sync_reg_dot_feed_0_1_U0_ap_ready  |  1|   0|    1|          0|
    |ap_sync_reg_entry_proc_U0_ap_ready    |  1|   0|    1|          0|
    +--------------------------------------+---+----+-----+-----------+
    |Total                                 |  2|   0|    2|          0|
    +--------------------------------------+---+----+-----+-----------+



================================================================
== Interface
================================================================
* Summary: 
+-----------------------+-----+-----+------------+--------------+--------------+
|       RTL Ports       | Dir | Bits|  Protocol  | Source Object|    C Type    |
+-----------------------+-----+-----+------------+--------------+--------------+
|s_axi_control_AWVALID  |   in|    1|       s_axi|       control|        scalar|
|s_axi_control_AWREADY  |  out|    1|       s_axi|       control|        scalar|
|s_axi_control_AWADDR   |   in|    7|       s_axi|       control|        scalar|
|s_axi_control_WVALID   |   in|    1|       s_axi|       control|        scalar|
|s_axi_control_WREADY   |  out|    1|       s_axi|       control|        scalar|
|s_axi_control_WDATA    |   in|   32|       s_axi|       control|        scalar|
|s_axi_control_WSTRB    |   in|    4|       s_axi|       control|        scalar|
|s_axi_control_ARVALID  |   in|    1|       s_axi|       control|        scalar|
|s_axi_control_ARREADY  |  out|    1|       s_axi|       control|        scalar|
|s_axi_control_ARADDR   |   in|    7|       s_axi|       control|        scalar|
|s_axi_control_RVALID   |  out|    1|       s_axi|       control|        scalar|
|s_axi_control_RREADY   |   in|    1|       s_axi|       control|        scalar|
|s_axi_control_RDATA    |  out|   32|       s_axi|       control|        scalar|
|s_axi_control_RRESP    |  out|    2|       s_axi|       control|        scalar|
|s_axi_control_BVALID   |  out|    1|       s_axi|       control|        scalar|
|s_axi_control_BREADY   |   in|    1|       s_axi|       control|        scalar|
|s_axi_control_BRESP    |  out|    2|       s_axi|       control|        scalar|
|ap_clk                 |   in|    1|  ap_ctrl_hs|  dot_tree_8_2|  return value|
|ap_rst_n               |   in|    1|  ap_ctrl_hs|  dot_tree_8_2|  return value|
|ap_start               |   in|    1|  ap_ctrl_hs|  dot_tree_8_2|  return value|
|ap_done                |  out|    1|  ap_ctrl_hs|  dot_tree_8_2|  return value|
|ap_ready               |  out|    1|  ap_ctrl_hs|  dot_tree_8_2|  return value|
|ap_idle                |  out|    1|  ap_ctrl_hs|  dot_tree_8_2|  return value|
|m_axi_gmem0_AWVALID    |  out|    1|       m_axi|         gmem0|       pointer|
|m_axi_gmem0_AWREADY    |   in|    1|       m_axi|         gmem0|       pointer|
|m_axi_gmem0_AWADDR     |  out|   64|       m_axi|         gmem0|       pointer|
|m_axi_gmem0_AWID       |  out|    1|       m_axi|         gmem0|       pointer|
|m_axi_gmem0_AWLEN      |  out|    8|       m_axi|         gmem0|       pointer|
|m_axi_gmem0_AWSIZE     |  out|    3|       m_axi|         gmem0|       pointer|
|m_axi_gmem0_AWBURST    |  out|    2|       m_axi|         gmem0|       pointer|
|m_axi_gmem0_AWLOCK     |  out|    2|       m_axi|         gmem0|       pointer|
|m_axi_gmem0_AWCACHE    |  out|    4|       m_axi|         gmem0|       pointer|
|m_axi_gmem0_AWPROT     |  out|    3|       m_axi|         gmem0|       pointer|
|m_axi_gmem0_AWQOS      |  out|    4|       m_axi|         gmem0|       pointer|
|m_axi_gmem0_AWREGION   |  out|    4|       m_axi|         gmem0|       pointer|
|m_axi_gmem0_AWUSER     |  out|    1|       m_axi|         gmem0|       pointer|
|m_axi_gmem0_WVALID     |  out|    1|       m_axi|         gmem0|       pointer|
|m_axi_gmem0_WREADY     |   in|    1|       m_axi|         gmem0|       pointer|
|m_axi_gmem0_WDATA      |  out|   32|       m_axi|         gmem0|       pointer|
|m_axi_gmem0_WSTRB      |  out|    4|       m_axi|         gmem0|       pointer|
|m_axi_gmem0_WLAST      |  out|    1|       m_axi|         gmem0|       pointer|
|m_axi_gmem0_WID        |  out|    1|       m_axi|         gmem0|       pointer|
|m_axi_gmem0_WUSER      |  out|    1|       m_axi|         gmem0|       pointer|
|m_axi_gmem0_ARVALID    |  out|    1|       m_axi|         gmem0|       pointer|
|m_axi_gmem0_ARREADY    |   in|    1|       m_axi|         gmem0|       pointer|
|m_axi_gmem0_ARADDR     |  out|   64|       m_axi|         gmem0|       pointer|
|m_axi_gmem0_ARID       |  out|    1|       m_axi|         gmem0|       pointer|
|m_axi_gmem0_ARLEN      |  out|    8|       m_axi|         gmem0|       pointer|
|m_axi_gmem0_ARSIZE     |  out|    3|       m_axi|         gmem0|       pointer|
|m_axi_gmem0_ARBURST    |  out|    2|       m_axi|         gmem0|       pointer|
|m_axi_gmem0_ARLOCK     |  out|    2|       m_axi|         gmem0|       pointer|
|m_axi_gmem0_ARCACHE    |  out|    4|       m_axi|         gmem0|       pointer|
|m_axi_gmem0_ARPROT     |  out|    3|       m_axi|         gmem0|       pointer|
|m_axi_gmem0_ARQOS      |  out|    4|       m_axi|         gmem0|       pointer|
|m_axi_gmem0_ARREGION   |  out|    4|       m_axi|         gmem0|       pointer|
|m_axi_gmem0_ARUSER     |  out|    1|       m_axi|         gmem0|       pointer|
|m_axi_gmem0_RVALID     |   in|    1|       m_axi|         gmem0|       pointer|
|m_axi_gmem0_RREADY     |  out|    1|       m_axi|         gmem0|       pointer|
|m_axi_gmem0_RDATA      |   in|   32|       m_axi|         gmem0|       pointer|
|m_axi_gmem0_RLAST      |   in|    1|       m_axi|         gmem0|       pointer|
|m_axi_gmem0_RID        |   in|    1|       m_axi|         gmem0|       pointer|
|m_axi_gmem0_RUSER      |   in|    1|       m_axi|         gmem0|       pointer|
|m_axi_gmem0_RRESP      |   in|    2|       m_axi|         gmem0|       pointer|
|m_axi_gmem0_BVALID     |   in|    1|       m_axi|         gmem0|       pointer|
|m_axi_gmem0_BREADY     |  out|    1|       m_axi|         gmem0|       pointer|
|m_axi_gmem0_BRESP      |   in|    2|       m_axi|         gmem0|       pointer|
|m_axi_gmem0_BID        |   in|    1|       m_axi|         gmem0|       pointer|
|m_axi_gmem0_BUSER      |   in|    1|       m_axi|         gmem0|       pointer|
|m_axi_gmem1_AWVALID    |  out|    1|       m_axi|         gmem1|       pointer|
|m_axi_gmem1_AWREADY    |   in|    1|       m_axi|         gmem1|       pointer|
|m_axi_gmem1_AWADDR     |  out|   64|       m_axi|         gmem1|       pointer|
|m_axi_gmem1_AWID       |  out|    1|       m_axi|         gmem1|       pointer|
|m_axi_gmem1_AWLEN      |  out|    8|       m_axi|         gmem1|       pointer|
|m_axi_gmem1_AWSIZE     |  out|    3|       m_axi|         gmem1|       pointer|
|m_axi_gmem1_AWBURST    |  out|    2|       m_axi|         gmem1|       pointer|
|m_axi_gmem1_AWLOCK     |  out|    2|       m_axi|         gmem1|       pointer|
|m_axi_gmem1_AWCACHE    |  out|    4|       m_axi|         gmem1|       pointer|
|m_axi_gmem1_AWPROT     |  out|    3|       m_axi|         gmem1|       pointer|
|m_axi_gmem1_AWQOS      |  out|    4|       m_axi|         gmem1|       pointer|
|m_axi_gmem1_AWREGION   |  out|    4|       m_axi|         gmem1|       pointer|
|m_axi_gmem1_AWUSER     |  out|    1|       m_axi|         gmem1|       pointer|
|m_axi_gmem1_WVALID     |  out|    1|       m_axi|         gmem1|       pointer|
|m_axi_gmem1_WREADY     |   in|    1|       m_axi|         gmem1|       pointer|
|m_axi_gmem1_WDATA      |  out|   32|       m_axi|         gmem1|       pointer|
|m_axi_gmem1_WSTRB      |  out|    4|       m_axi|         gmem1|       pointer|
|m_axi_gmem1_WLAST      |  out|    1|       m_axi|         gmem1|       pointer|
|m_axi_gmem1_WID        |  out|    1|       m_axi|         gmem1|       pointer|
|m_axi_gmem1_WUSER      |  out|    1|       m_axi|         gmem1|       pointer|
|m_axi_gmem1_ARVALID    |  out|    1|       m_axi|         gmem1|       pointer|
|m_axi_gmem1_ARREADY    |   in|    1|       m_axi|         gmem1|       pointer|
|m_axi_gmem1_ARADDR     |  out|   64|       m_axi|         gmem1|       pointer|
|m_axi_gmem1_ARID       |  out|    1|       m_axi|         gmem1|       pointer|
|m_axi_gmem1_ARLEN      |  out|    8|       m_axi|         gmem1|       pointer|
|m_axi_gmem1_ARSIZE     |  out|    3|       m_axi|         gmem1|       pointer|
|m_axi_gmem1_ARBURST    |  out|    2|       m_axi|         gmem1|       pointer|
|m_axi_gmem1_ARLOCK     |  out|    2|       m_axi|         gmem1|       pointer|
|m_axi_gmem1_ARCACHE    |  out|    4|       m_axi|         gmem1|       pointer|
|m_axi_gmem1_ARPROT     |  out|    3|       m_axi|         gmem1|       pointer|
|m_axi_gmem1_ARQOS      |  out|    4|       m_axi|         gmem1|       pointer|
|m_axi_gmem1_ARREGION   |  out|    4|       m_axi|         gmem1|       pointer|
|m_axi_gmem1_ARUSER     |  out|    1|       m_axi|         gmem1|       pointer|
|m_axi_gmem1_RVALID     |   in|    1|       m_axi|         gmem1|       pointer|
|m_axi_gmem1_RREADY     |  out|    1|       m_axi|         gmem1|       pointer|
|m_axi_gmem1_RDATA      |   in|   32|       m_axi|         gmem1|       pointer|
|m_axi_gmem1_RLAST      |   in|    1|       m_axi|         gmem1|       pointer|
|m_axi_gmem1_RID        |   in|    1|       m_axi|         gmem1|       pointer|
|m_axi_gmem1_RUSER      |   in|    1|       m_axi|         gmem1|       pointer|
|m_axi_gmem1_RRESP      |   in|    2|       m_axi|         gmem1|       pointer|
|m_axi_gmem1_BVALID     |   in|    1|       m_axi|         gmem1|       pointer|
|m_axi_gmem1_BREADY     |  out|    1|       m_axi|         gmem1|       pointer|
|m_axi_gmem1_BRESP      |   in|    2|       m_axi|         gmem1|       pointer|
|m_axi_gmem1_BID        |   in|    1|       m_axi|         gmem1|       pointer|
|m_axi_gmem1_BUSER      |   in|    1|       m_axi|         gmem1|       pointer|
|m_axi_gmem2_AWVALID    |  out|    1|       m_axi|         gmem2|       pointer|
|m_axi_gmem2_AWREADY    |   in|    1|       m_axi|         gmem2|       pointer|
|m_axi_gmem2_AWADDR     |  out|   64|       m_axi|         gmem2|       pointer|
|m_axi_gmem2_AWID       |  out|    1|       m_axi|         gmem2|       pointer|
|m_axi_gmem2_AWLEN      |  out|    8|       m_axi|         gmem2|       pointer|
|m_axi_gmem2_AWSIZE     |  out|    3|       m_axi|         gmem2|       pointer|
|m_axi_gmem2_AWBURST    |  out|    2|       m_axi|         gmem2|       pointer|
|m_axi_gmem2_AWLOCK     |  out|    2|       m_axi|         gmem2|       pointer|
|m_axi_gmem2_AWCACHE    |  out|    4|       m_axi|         gmem2|       pointer|
|m_axi_gmem2_AWPROT     |  out|    3|       m_axi|         gmem2|       pointer|
|m_axi_gmem2_AWQOS      |  out|    4|       m_axi|         gmem2|       pointer|
|m_axi_gmem2_AWREGION   |  out|    4|       m_axi|         gmem2|       pointer|
|m_axi_gmem2_AWUSER     |  out|    1|       m_axi|         gmem2|       pointer|
|m_axi_gmem2_WVALID     |  out|    1|       m_axi|         gmem2|       pointer|
|m_axi_gmem2_WREADY     |   in|    1|       m_axi|         gmem2|       pointer|
|m_axi_gmem2_WDATA      |  out|   32|       m_axi|         gmem2|       pointer|
|m_axi_gmem2_WSTRB      |  out|    4|       m_axi|         gmem2|       pointer|
|m_axi_gmem2_WLAST      |  out|    1|       m_axi|         gmem2|       pointer|
|m_axi_gmem2_WID        |  out|    1|       m_axi|         gmem2|       pointer|
|m_axi_gmem2_WUSER      |  out|    1|       m_axi|         gmem2|       pointer|
|m_axi_gmem2_ARVALID    |  out|    1|       m_axi|         gmem2|       pointer|
|m_axi_gmem2_ARREADY    |   in|    1|       m_axi|         gmem2|       pointer|
|m_axi_gmem2_ARADDR     |  out|   64|       m_axi|         gmem2|       pointer|
|m_axi_gmem2_ARID       |  out|    1|       m_axi|         gmem2|       pointer|
|m_axi_gmem2_ARLEN      |  out|    8|       m_axi|         gmem2|       pointer|
|m_axi_gmem2_ARSIZE     |  out|    3|       m_axi|         gmem2|       pointer|
|m_axi_gmem2_ARBURST    |  out|    2|       m_axi|         gmem2|       pointer|
|m_axi_gmem2_ARLOCK     |  out|    2|       m_axi|         gmem2|       pointer|
|m_axi_gmem2_ARCACHE    |  out|    4|       m_axi|         gmem2|       pointer|
|m_axi_gmem2_ARPROT     |  out|    3|       m_axi|         gmem2|       pointer|
|m_axi_gmem2_ARQOS      |  out|    4|       m_axi|         gmem2|       pointer|
|m_axi_gmem2_ARREGION   |  out|    4|       m_axi|         gmem2|       pointer|
|m_axi_gmem2_ARUSER     |  out|    1|       m_axi|         gmem2|       pointer|
|m_axi_gmem2_RVALID     |   in|    1|       m_axi|         gmem2|       pointer|
|m_axi_gmem2_RREADY     |  out|    1|       m_axi|         gmem2|       pointer|
|m_axi_gmem2_RDATA      |   in|   32|       m_axi|         gmem2|       pointer|
|m_axi_gmem2_RLAST      |   in|    1|       m_axi|         gmem2|       pointer|
|m_axi_gmem2_RID        |   in|    1|       m_axi|         gmem2|       pointer|
|m_axi_gmem2_RUSER      |   in|    1|       m_axi|         gmem2|       pointer|
|m_axi_gmem2_RRESP      |   in|    2|       m_axi|         gmem2|       pointer|
|m_axi_gmem2_BVALID     |   in|    1|       m_axi|         gmem2|       pointer|
|m_axi_gmem2_BREADY     |  out|    1|       m_axi|         gmem2|       pointer|
|m_axi_gmem2_BRESP      |   in|    2|       m_axi|         gmem2|       pointer|
|m_axi_gmem2_BID        |   in|    1|       m_axi|         gmem2|       pointer|
|m_axi_gmem2_BUSER      |   in|    1|       m_axi|         gmem2|       pointer|
|m_axi_gmem3_AWVALID    |  out|    1|       m_axi|         gmem3|       pointer|
|m_axi_gmem3_AWREADY    |   in|    1|       m_axi|         gmem3|       pointer|
|m_axi_gmem3_AWADDR     |  out|   64|       m_axi|         gmem3|       pointer|
|m_axi_gmem3_AWID       |  out|    1|       m_axi|         gmem3|       pointer|
|m_axi_gmem3_AWLEN      |  out|    8|       m_axi|         gmem3|       pointer|
|m_axi_gmem3_AWSIZE     |  out|    3|       m_axi|         gmem3|       pointer|
|m_axi_gmem3_AWBURST    |  out|    2|       m_axi|         gmem3|       pointer|
|m_axi_gmem3_AWLOCK     |  out|    2|       m_axi|         gmem3|       pointer|
|m_axi_gmem3_AWCACHE    |  out|    4|       m_axi|         gmem3|       pointer|
|m_axi_gmem3_AWPROT     |  out|    3|       m_axi|         gmem3|       pointer|
|m_axi_gmem3_AWQOS      |  out|    4|       m_axi|         gmem3|       pointer|
|m_axi_gmem3_AWREGION   |  out|    4|       m_axi|         gmem3|       pointer|
|m_axi_gmem3_AWUSER     |  out|    1|       m_axi|         gmem3|       pointer|
|m_axi_gmem3_WVALID     |  out|    1|       m_axi|         gmem3|       pointer|
|m_axi_gmem3_WREADY     |   in|    1|       m_axi|         gmem3|       pointer|
|m_axi_gmem3_WDATA      |  out|   32|       m_axi|         gmem3|       pointer|
|m_axi_gmem3_WSTRB      |  out|    4|       m_axi|         gmem3|       pointer|
|m_axi_gmem3_WLAST      |  out|    1|       m_axi|         gmem3|       pointer|
|m_axi_gmem3_WID        |  out|    1|       m_axi|         gmem3|       pointer|
|m_axi_gmem3_WUSER      |  out|    1|       m_axi|         gmem3|       pointer|
|m_axi_gmem3_ARVALID    |  out|    1|       m_axi|         gmem3|       pointer|
|m_axi_gmem3_ARREADY    |   in|    1|       m_axi|         gmem3|       pointer|
|m_axi_gmem3_ARADDR     |  out|   64|       m_axi|         gmem3|       pointer|
|m_axi_gmem3_ARID       |  out|    1|       m_axi|         gmem3|       pointer|
|m_axi_gmem3_ARLEN      |  out|    8|       m_axi|         gmem3|       pointer|
|m_axi_gmem3_ARSIZE     |  out|    3|       m_axi|         gmem3|       pointer|
|m_axi_gmem3_ARBURST    |  out|    2|       m_axi|         gmem3|       pointer|
|m_axi_gmem3_ARLOCK     |  out|    2|       m_axi|         gmem3|       pointer|
|m_axi_gmem3_ARCACHE    |  out|    4|       m_axi|         gmem3|       pointer|
|m_axi_gmem3_ARPROT     |  out|    3|       m_axi|         gmem3|       pointer|
|m_axi_gmem3_ARQOS      |  out|    4|       m_axi|         gmem3|       pointer|
|m_axi_gmem3_ARREGION   |  out|    4|       m_axi|         gmem3|       pointer|
|m_axi_gmem3_ARUSER     |  out|    1|       m_axi|         gmem3|       pointer|
|m_axi_gmem3_RVALID     |   in|    1|       m_axi|         gmem3|       pointer|
|m_axi_gmem3_RREADY     |  out|    1|       m_axi|         gmem3|       pointer|
|m_axi_gmem3_RDATA      |   in|   32|       m_axi|         gmem3|       pointer|
|m_axi_gmem3_RLAST      |   in|    1|       m_axi|         gmem3|       pointer|
|m_axi_gmem3_RID        |   in|    1|       m_axi|         gmem3|       pointer|
|m_axi_gmem3_RUSER      |   in|    1|       m_axi|         gmem3|       pointer|
|m_axi_gmem3_RRESP      |   in|    2|       m_axi|         gmem3|       pointer|
|m_axi_gmem3_BVALID     |   in|    1|       m_axi|         gmem3|       pointer|
|m_axi_gmem3_BREADY     |  out|    1|       m_axi|         gmem3|       pointer|
|m_axi_gmem3_BRESP      |   in|    2|       m_axi|         gmem3|       pointer|
|m_axi_gmem3_BID        |   in|    1|       m_axi|         gmem3|       pointer|
|m_axi_gmem3_BUSER      |   in|    1|       m_axi|         gmem3|       pointer|
|m_axi_gmem4_AWVALID    |  out|    1|       m_axi|         gmem4|       pointer|
|m_axi_gmem4_AWREADY    |   in|    1|       m_axi|         gmem4|       pointer|
|m_axi_gmem4_AWADDR     |  out|   64|       m_axi|         gmem4|       pointer|
|m_axi_gmem4_AWID       |  out|    1|       m_axi|         gmem4|       pointer|
|m_axi_gmem4_AWLEN      |  out|    8|       m_axi|         gmem4|       pointer|
|m_axi_gmem4_AWSIZE     |  out|    3|       m_axi|         gmem4|       pointer|
|m_axi_gmem4_AWBURST    |  out|    2|       m_axi|         gmem4|       pointer|
|m_axi_gmem4_AWLOCK     |  out|    2|       m_axi|         gmem4|       pointer|
|m_axi_gmem4_AWCACHE    |  out|    4|       m_axi|         gmem4|       pointer|
|m_axi_gmem4_AWPROT     |  out|    3|       m_axi|         gmem4|       pointer|
|m_axi_gmem4_AWQOS      |  out|    4|       m_axi|         gmem4|       pointer|
|m_axi_gmem4_AWREGION   |  out|    4|       m_axi|         gmem4|       pointer|
|m_axi_gmem4_AWUSER     |  out|    1|       m_axi|         gmem4|       pointer|
|m_axi_gmem4_WVALID     |  out|    1|       m_axi|         gmem4|       pointer|
|m_axi_gmem4_WREADY     |   in|    1|       m_axi|         gmem4|       pointer|
|m_axi_gmem4_WDATA      |  out|   32|       m_axi|         gmem4|       pointer|
|m_axi_gmem4_WSTRB      |  out|    4|       m_axi|         gmem4|       pointer|
|m_axi_gmem4_WLAST      |  out|    1|       m_axi|         gmem4|       pointer|
|m_axi_gmem4_WID        |  out|    1|       m_axi|         gmem4|       pointer|
|m_axi_gmem4_WUSER      |  out|    1|       m_axi|         gmem4|       pointer|
|m_axi_gmem4_ARVALID    |  out|    1|       m_axi|         gmem4|       pointer|
|m_axi_gmem4_ARREADY    |   in|    1|       m_axi|         gmem4|       pointer|
|m_axi_gmem4_ARADDR     |  out|   64|       m_axi|         gmem4|       pointer|
|m_axi_gmem4_ARID       |  out|    1|       m_axi|         gmem4|       pointer|
|m_axi_gmem4_ARLEN      |  out|    8|       m_axi|         gmem4|       pointer|
|m_axi_gmem4_ARSIZE     |  out|    3|       m_axi|         gmem4|       pointer|
|m_axi_gmem4_ARBURST    |  out|    2|       m_axi|         gmem4|       pointer|
|m_axi_gmem4_ARLOCK     |  out|    2|       m_axi|         gmem4|       pointer|
|m_axi_gmem4_ARCACHE    |  out|    4|       m_axi|         gmem4|       pointer|
|m_axi_gmem4_ARPROT     |  out|    3|       m_axi|         gmem4|       pointer|
|m_axi_gmem4_ARQOS      |  out|    4|       m_axi|         gmem4|       pointer|
|m_axi_gmem4_ARREGION   |  out|    4|       m_axi|         gmem4|       pointer|
|m_axi_gmem4_ARUSER     |  out|    1|       m_axi|         gmem4|       pointer|
|m_axi_gmem4_RVALID     |   in|    1|       m_axi|         gmem4|       pointer|
|m_axi_gmem4_RREADY     |  out|    1|       m_axi|         gmem4|       pointer|
|m_axi_gmem4_RDATA      |   in|   32|       m_axi|         gmem4|       pointer|
|m_axi_gmem4_RLAST      |   in|    1|       m_axi|         gmem4|       pointer|
|m_axi_gmem4_RID        |   in|    1|       m_axi|         gmem4|       pointer|
|m_axi_gmem4_RUSER      |   in|    1|       m_axi|         gmem4|       pointer|
|m_axi_gmem4_RRESP      |   in|    2|       m_axi|         gmem4|       pointer|
|m_axi_gmem4_BVALID     |   in|    1|       m_axi|         gmem4|       pointer|
|m_axi_gmem4_BREADY     |  out|    1|       m_axi|         gmem4|       pointer|
|m_axi_gmem4_BRESP      |   in|    2|       m_axi|         gmem4|       pointer|
|m_axi_gmem4_BID        |   in|    1|       m_axi|         gmem4|       pointer|
|m_axi_gmem4_BUSER      |   in|    1|       m_axi|         gmem4|       pointer|
+-----------------------+-----+-----+------------+--------------+--------------+

