SIM_FAIL    test_func_index::test_func_index  -> ModuleNotFoundError: No module named 'test_func_index'
python: /work/shared/common/llvm-project-main/mlir/lib/CAPI/IR/IR.cpp:1046: void mlirBlockInsertOwnedOperationBefore(MlirBlock, MlirOperation, MlirOperation): Assertion `unwrap(reference)->getBlock() == unwrap(block) && "expected reference operation to belong to the block"' failed.
 #0 0x00007fd210acde9b llvm::sys::PrintStackTrace(llvm::raw_ostream&, int) (/home/zsm9/allo_sup/mlir/build/tools/allo/_mlir/libAlloMLIRAggregateCAPI.so.22.0git+0x23d9e9b)
 #1 0x00007fd210acad6b llvm::sys::RunSignalHandlers() (/home/zsm9/allo_sup/mlir/build/tools/allo/_mlir/libAlloMLIRAggregateCAPI.so.22.0git+0x23d6d6b)
 #2 0x00007fd210acae99 SignalHandler(int, siginfo_t*, void*) Signals.cpp:0:0
 #3 0x00007fd23fdf0990 __restore_rt (/lib64/libpthread.so.0+0x12990)
 #4 0x00007fd23f2cc5af raise (/lib64/libc.so.6+0x4e5af)
 #5 0x00007fd23f29fee5 abort (/lib64/libc.so.6+0x21ee5)
 #6 0x00007fd23f29fdb9 _nl_load_domain.cold.0 (/lib64/libc.so.6+0x21db9)
 #7 0x00007fd23f2c4f06 (/lib64/libc.so.6+0x46f06)
 #8 0x00007fd210792f66 mlirBlockInsertOwnedOperationBefore (/home/zsm9/allo_sup/mlir/build/tools/allo/_mlir/libAlloMLIRAggregateCAPI.so.22.0git+0x209ef66)
 #9 0x00007fd21ad55477 mlir::python::PyInsertionPoint::insert(mlir::python::PyOperationBase&) (/home/zsm9/allo_sup/allo/_mlir/_mlir_libs/_mlir.cpython-312-x86_64-linux-gnu.so+0x134477)
#10 0x00007fd21ad4e947 maybeInsertOperation(mlir::python::PyObjectRef<mlir::python::PyOperation>&, nanobind::object const&) IRCore.cpp:0:0
#11 0x00007fd21ad4f615 mlir::python::PyOperation::create(std::basic_string_view<char, std::char_traits<char> >, std::optional<std::vector<mlir::python::PyType*, std::allocator<mlir::python::PyType*> > >, llvm::ArrayRef<MlirValue>, std::optional<nanobind::dict>, std::optional<std::vector<mlir::python::PyBlock*, std::allocator<mlir::python::PyBlock*> > >, int, mlir::python::PyLocation&, nanobind::object const&, bool) (/home/zsm9/allo_sup/allo/_mlir/_mlir_libs/_mlir.cpython-312-x86_64-linux-gnu.so+0x12e615)
#12 0x00007fd21ad545d0 mlir::python::PyOpView::buildGeneric(std::basic_string_view<char, std::char_traits<char> >, std::tuple<int, bool>, nanobind::object, nanobind::object, std::optional<nanobind::list>, nanobind::list, std::optional<nanobind::dict>, std::optional<std::vector<mlir::python::PyBlock*, std::allocator<mlir::python::PyBlock*> > >, std::optional<int>, mlir::python::PyLocation&, nanobind::object const&) (/home/zsm9/allo_sup/allo/_mlir/_mlir_libs/_mlir.cpython-312-x86_64-linux-gnu.so+0x1335d0)
#13 0x00007fd21ad620f1 mlir::python::populateIRCore(nanobind::module_&)::'lambda'(mlir::python::PyOpView*, std::basic_string_view<char, std::char_traits<char> >, std::tuple<int, bool>, nanobind::object, nanobind::object, std::optional<nanobind::list>, nanobind::list, std::optional<nanobind::dict>, std::optional<std::vector<mlir::python::PyBlock*, std::allocator<mlir::python::PyBlock*> > >, std::optional<int>, std::optional<mlir::python::PyLocation> const&, nanobind::object const&)::operator()(mlir::python::PyOpView*, std::basic_string_view<char, std::char_traits<char> >, std::tuple<int, bool>, nanobind::object, nanobind::object, std::optional<nanobind::list>, nanobind::list, std::optional<nanobind::dict>, std::optional<std::vector<mlir::python::PyBlock*, std::allocator<mlir::python::PyBlock*> > >, std::optional<int>, std::optional<mlir::python::PyLocation> const&, nanobind::object const&) const IRCore.cpp:0:0
#14 0x00007fd21ade42ad _object* nanobind::detail::func_create<false, true, mlir::python::populateIRCore(nanobind::module_&)::'lambda'(mlir::python::PyOpView*, std::basic_string_view<char, std::char_traits<char> >, std::tuple<int, bool>, nanobind::object, nanobind::object, std::optional<nanobind::list>, nanobind::list, std::optional<nanobind::dict>, std::optional<std::vector<mlir::python::PyBlock*, std::allocator<mlir::python::PyBlock*> > >, std::optional<int>, std::optional<mlir::python::PyLocation> const&, nanobind::object const&), void, mlir::python::PyOpView*, std::basic_string_view<char, std::char_traits<char> >, std::tuple<int, bool>, nanobind::object, nanobind::object, std::optional<nanobind::list>, nanobind::list, std::optional<nanobind::dict>, std::optional<std::vector<mlir::python::PyBlock*, std::allocator<mlir::python::PyBlock*> > >, std::optional<int>, std::optional<mlir::python::PyLocation> const&, nanobind::object const&, 0ul, 1ul, 2ul, 3ul, 4ul, 5ul, 6ul, 7ul, 8ul, 9ul, 10ul, 11ul, nanobind::scope, nanobind::name, nanobind::is_method, nanobind::arg, nanobind::arg, nanobind::arg_v, nanobind::arg_v, nanobind::arg_v, nanobind::arg_v, nanobind::arg_v, nanobind::arg_v, nanobind::arg_v, nanobind::arg_v, nanobind::arg_v>(mlir::python::populateIRCore(nanobind::module_&)::'lambda'(mlir::python::PyOpView*, std::basic_string_view<char, std::char_traits<char> >, std::tuple<int, bool>, nanobind::object, nanobind::object, std::optional<nanobind::list>, nanobind::list, std::optional<nanobind::dict>, std::optional<std::vector<mlir::python::PyBlock*, std::allocator<mlir::python::PyBlock*> > >, std::optional<int>, std::optional<mlir::python::PyLocation> const&, nanobind::object const&)&&, void (*)(mlir::python::PyOpView*, std::basic_string_view<char, std::char_traits<char> >, std::tuple<int, bool>, nanobind::object, nanobind::object, std::optional<nanobind::list>, nanobind::list, std::optional<nanobind::dict>, std::optional<std::vector<mlir::python::PyBlock*, std::allocator<mlir::python::PyBlock*> > >, std::optional<int>, std::optional<mlir::python::PyLocation> const&, nanobind::object const&), std::integer_sequence<unsigned long, 0ul, 1ul, 2ul, 3ul, 4ul, 5ul, 6ul, 7ul, 8ul, 9ul, 10ul, 11ul>, nanobind::scope const&, nanobind::name const&, nanobind::is_method const&, nanobind::arg const&, nanobind::arg const&, nanobind::arg_v const&, nanobind::arg_v const&, nanobind::arg_v const&, nanobind::arg_v const&, nanobind::arg_v const&, nanobind::arg_v const&, nanobind::arg_v const&, nanobind::arg_v const&, nanobind::arg_v const&)::'lambda'(void*, _object**, unsigned char*, nanobind::rv_policy, nanobind::detail::cleanup_list*)::operator()(void*, _object**, unsigned char*, nanobind::rv_policy, nanobind::detail::cleanup_list*) const IRCore.cpp:0:0
#15 0x00007fd21ade4439 _object* nanobind::detail::func_create<false, true, mlir::python::populateIRCore(nanobind::module_&)::'lambda'(mlir::python::PyOpView*, std::basic_string_view<char, std::char_traits<char> >, std::tuple<int, bool>, nanobind::object, nanobind::object, std::optional<nanobind::list>, nanobind::list, std::optional<nanobind::dict>, std::optional<std::vector<mlir::python::PyBlock*, std::allocator<mlir::python::PyBlock*> > >, std::optional<int>, std::optional<mlir::python::PyLocation> const&, nanobind::object const&), void, mlir::python::PyOpView*, std::basic_string_view<char, std::char_traits<char> >, std::tuple<int, bool>, nanobind::object, nanobind::object, std::optional<nanobind::list>, nanobind::list, std::optional<nanobind::dict>, std::optional<std::vector<mlir::python::PyBlock*, std::allocator<mlir::python::PyBlock*> > >, std::optional<int>, std::optional<mlir::python::PyLocation> const&, nanobind::object const&, 0ul, 1ul, 2ul, 3ul, 4ul, 5ul, 6ul, 7ul, 8ul, 9ul, 10ul, 11ul, nanobind::scope, nanobind::name, nanobind::is_method, nanobind::arg, nanobind::arg, nanobind::arg_v, nanobind::arg_v, nanobind::arg_v, nanobind::arg_v, nanobind::arg_v, nanobind::arg_v, nanobind::arg_v, nanobind::arg_v, nanobind::arg_v>(mlir::python::populateIRCore(nanobind::module_&)::'lambda'(mlir::python::PyOpView*, std::basic_string_view<char, std::char_traits<char> >, std::tuple<int, bool>, nanobind::object, nanobind::object, std::optional<nanobind::list>, nanobind::list, std::optional<nanobind::dict>, std::optional<std::vector<mlir::python::PyBlock*, std::allocator<mlir::python::PyBlock*> > >, std::optional<int>, std::optional<mlir::python::PyLocation> const&, nanobind::object const&)&&, void (*)(mlir::python::PyOpView*, std::basic_string_view<char, std::char_traits<char> >, std::tuple<int, bool>, nanobind::object, nanobind::object, std::optional<nanobind::list>, nanobind::list, std::optional<nanobind::dict>, std::optional<std::vector<mlir::python::PyBlock*, std::allocator<mlir::python::PyBlock*> > >, std::optional<int>, std::optional<mlir::python::PyLocation> const&, nanobind::object const&), std::integer_sequence<unsigned long, 0ul, 1ul, 2ul, 3ul, 4ul, 5ul, 6ul, 7ul, 8ul, 9ul, 10ul, 11ul>, nanobind::scope const&, nanobind::name const&, nanobind::is_method const&, nanobind::arg const&, nanobind::arg const&, nanobind::arg_v const&, nanobind::arg_v const&, nanobind::arg_v const&, nanobind::arg_v const&, nanobind::arg_v const&, nanobind::arg_v const&, nanobind::arg_v const&, nanobind::arg_v const&, nanobind::arg_v const&)::'lambda'(void*, _object**, unsigned char*, nanobind::rv_policy, nanobind::detail::cleanup_list*)::_FUN(void*, _object**, unsigned char*, nanobind::rv_policy, nanobind::detail::cleanup_list*) IRCore.cpp:0:0
#16 0x00007fd21aef749f nanobind::detail::nb_func_vectorcall_complex(_object*, _object* const*, unsigned long, _object*) nb_func.cpp:0:0
#17 0x0000000000538e71 _PyErr_Occurred /usr/local/src/conda/python-3.12.12/Include/internal/pycore_pyerrors.h:23:15
#18 0x0000000000538e71 _Py_CheckFunctionResult /usr/local/src/conda/python-3.12.12/Objects/call.c:29:14
#19 0x0000000000538e71 _PyObject_VectorcallTstate /usr/local/src/conda/python-3.12.12/Include/internal/pycore_call.h:93:12
#20 0x0000000000538e71 PyObject_Vectorcall /usr/local/src/conda/python-3.12.12/Objects/call.c:325:12
#21 0x0000000000521440 _PyEval_EvalFrameDefault /home/task_176107711119303/conda-bld/python-split_1761077158045/work/build-static/Python/bytecodes.c:2719:16
#22 0x0000000000519ae5 _PyObject_FastCallDictTstate /usr/local/src/conda/python-3.12.12/Objects/call.c:146:9
#23 0x00000000005524a4 _PyObject_Call_Prepend /usr/local/src/conda/python-3.12.12/Objects/call.c:508:24
#24 0x00000000005524a4 slot_tp_init /usr/local/src/conda/python-3.12.12/Objects/typeobject.c:9035:15
#25 0x000000000051726b type_call /usr/local/src/conda/python-3.12.12/Objects/typeobject.c:1680:12
#26 0x000000000051726b _PyObject_MakeTpCall /usr/local/src/conda/python-3.12.12/Objects/call.c:240:18
#27 0x0000000000521440 _PyEval_EvalFrameDefault /home/task_176107711119303/conda-bld/python-split_1761077158045/work/build-static/Python/bytecodes.c:2719:16
#28 0x0000000000519a47 _PyErr_Occurred /usr/local/src/conda/python-3.12.12/Include/internal/pycore_pyerrors.h:23:15
#29 0x0000000000519a47 _Py_CheckFunctionResult /usr/local/src/conda/python-3.12.12/Objects/call.c:47:13
#30 0x0000000000519a47 _PyObject_FastCallDictTstate /usr/local/src/conda/python-3.12.12/Objects/call.c:148:12
#31 0x00000000005524a4 _PyObject_Call_Prepend /usr/local/src/conda/python-3.12.12/Objects/call.c:508:24
#32 0x00000000005524a4 slot_tp_init /usr/local/src/conda/python-3.12.12/Objects/typeobject.c:9035:15
#33 0x000000000051726b type_call /usr/local/src/conda/python-3.12.12/Objects/typeobject.c:1680:12
#34 0x000000000051726b _PyObject_MakeTpCall /usr/local/src/conda/python-3.12.12/Objects/call.c:240:18
#35 0x0000000000521440 _PyEval_EvalFrameDefault /home/task_176107711119303/conda-bld/python-split_1761077158045/work/build-static/Python/bytecodes.c:2719:16
#36 0x00000000005dd60e _Py_IsImmortal /usr/local/src/conda/python-3.12.12/Include/object.h:242:12
#37 0x00000000005dd60e PyEval_EvalCode /usr/local/src/conda/python-3.12.12/Python/ceval.c:581:5
#38 0x000000000061a827 run_eval_code_obj /usr/local/src/conda/python-3.12.12/Python/pythonrun.c:1758:0
#39 0x0000000000615367 _Py_IsImmortal /usr/local/src/conda/python-3.12.12/Include/object.h:242:0
#40 0x0000000000615367 Py_DECREF /usr/local/src/conda/python-3.12.12/Include/object.h:700:0
#41 0x0000000000615367 run_mod /usr/local/src/conda/python-3.12.12/Python/pythonrun.c:1779:0
#42 0x0000000000612222 pyrun_file /usr/local/src/conda/python-3.12.12/Python/pythonrun.c:1674:0
#43 0x0000000000611dc0 _PyRun_SimpleFileObject /usr/local/src/conda/python-3.12.12/Python/pythonrun.c:459:0
#44 0x00000000006118c3 _PyRun_AnyFileObject /usr/local/src/conda/python-3.12.12/Python/pythonrun.c:78:0
#45 0x00000000005008fc PyRun_AnyFileExFlags /usr/local/src/conda/python-3.12.12/Python/pythonrun.c:105:0
#46 0x000000000046377b pymain_run_stdin /usr/local/src/conda/python-3.12.12/Modules/main.c:522:0
#47 0x000000000046377b pymain_run_python /usr/local/src/conda/python-3.12.12/Modules/main.c:637:0
#48 0x000000000046377b Py_RunMain.cold /usr/local/src/conda/python-3.12.12/Modules/main.c:714:0
#49 0x00000000005c5bd9 Py_BytesMain /usr/local/src/conda/python-3.12.12/Modules/main.c:769:1
#50 0x00007fd23f2b8865 __libc_start_main (/lib64/libc.so.6+0x3a865)
#51 0x00000000005c5a09 _start (/home/zsm9/miniconda3/envs/allo/bin/python3.12+0x5c5a09)
PLEASE submit a bug report to https://github.com/llvm/llvm-project/issues/ and include the crash backtrace and instructions to reproduce the bug.
timeout: the monitored command dumped core
python: /work/shared/common/llvm-project-main/mlir/lib/CAPI/IR/IR.cpp:1046: void mlirBlockInsertOwnedOperationBefore(MlirBlock, MlirOperation, MlirOperation): Assertion `unwrap(reference)->getBlock() == unwrap(block) && "expected reference operation to belong to the block"' failed.
 #0 0x00007f0086a54e9b llvm::sys::PrintStackTrace(llvm::raw_ostream&, int) (/home/zsm9/allo_sup/mlir/build/tools/allo/_mlir/libAlloMLIRAggregateCAPI.so.22.0git+0x23d9e9b)
 #1 0x00007f0086a51d6b llvm::sys::RunSignalHandlers() (/home/zsm9/allo_sup/mlir/build/tools/allo/_mlir/libAlloMLIRAggregateCAPI.so.22.0git+0x23d6d6b)
 #2 0x00007f0086a51e99 SignalHandler(int, siginfo_t*, void*) Signals.cpp:0:0
 #3 0x00007f00b5410990 __restore_rt (/lib64/libpthread.so.0+0x12990)
 #4 0x00007f00b48ec5af raise (/lib64/libc.so.6+0x4e5af)
 #5 0x00007f00b48bfee5 abort (/lib64/libc.so.6+0x21ee5)
 #6 0x00007f00b48bfdb9 _nl_load_domain.cold.0 (/lib64/libc.so.6+0x21db9)
 #7 0x00007f00b48e4f06 (/lib64/libc.so.6+0x46f06)
 #8 0x00007f0086719f66 mlirBlockInsertOwnedOperationBefore (/home/zsm9/allo_sup/mlir/build/tools/allo/_mlir/libAlloMLIRAggregateCAPI.so.22.0git+0x209ef66)
 #9 0x00007f0090cdc477 mlir::python::PyInsertionPoint::insert(mlir::python::PyOperationBase&) (/home/zsm9/allo_sup/allo/_mlir/_mlir_libs/_mlir.cpython-312-x86_64-linux-gnu.so+0x134477)
#10 0x00007f0090cd5947 maybeInsertOperation(mlir::python::PyObjectRef<mlir::python::PyOperation>&, nanobind::object const&) IRCore.cpp:0:0
#11 0x00007f0090cd6615 mlir::python::PyOperation::create(std::basic_string_view<char, std::char_traits<char> >, std::optional<std::vector<mlir::python::PyType*, std::allocator<mlir::python::PyType*> > >, llvm::ArrayRef<MlirValue>, std::optional<nanobind::dict>, std::optional<std::vector<mlir::python::PyBlock*, std::allocator<mlir::python::PyBlock*> > >, int, mlir::python::PyLocation&, nanobind::object const&, bool) (/home/zsm9/allo_sup/allo/_mlir/_mlir_libs/_mlir.cpython-312-x86_64-linux-gnu.so+0x12e615)
#12 0x00007f0090cdb5d0 mlir::python::PyOpView::buildGeneric(std::basic_string_view<char, std::char_traits<char> >, std::tuple<int, bool>, nanobind::object, nanobind::object, std::optional<nanobind::list>, nanobind::list, std::optional<nanobind::dict>, std::optional<std::vector<mlir::python::PyBlock*, std::allocator<mlir::python::PyBlock*> > >, std::optional<int>, mlir::python::PyLocation&, nanobind::object const&) (/home/zsm9/allo_sup/allo/_mlir/_mlir_libs/_mlir.cpython-312-x86_64-linux-gnu.so+0x1335d0)
#13 0x00007f0090ce90f1 mlir::python::populateIRCore(nanobind::module_&)::'lambda'(mlir::python::PyOpView*, std::basic_string_view<char, std::char_traits<char> >, std::tuple<int, bool>, nanobind::object, nanobind::object, std::optional<nanobind::list>, nanobind::list, std::optional<nanobind::dict>, std::optional<std::vector<mlir::python::PyBlock*, std::allocator<mlir::python::PyBlock*> > >, std::optional<int>, std::optional<mlir::python::PyLocation> const&, nanobind::object const&)::operator()(mlir::python::PyOpView*, std::basic_string_view<char, std::char_traits<char> >, std::tuple<int, bool>, nanobind::object, nanobind::object, std::optional<nanobind::list>, nanobind::list, std::optional<nanobind::dict>, std::optional<std::vector<mlir::python::PyBlock*, std::allocator<mlir::python::PyBlock*> > >, std::optional<int>, std::optional<mlir::python::PyLocation> const&, nanobind::object const&) const IRCore.cpp:0:0
#14 0x00007f0090d6b2ad _object* nanobind::detail::func_create<false, true, mlir::python::populateIRCore(nanobind::module_&)::'lambda'(mlir::python::PyOpView*, std::basic_string_view<char, std::char_traits<char> >, std::tuple<int, bool>, nanobind::object, nanobind::object, std::optional<nanobind::list>, nanobind::list, std::optional<nanobind::dict>, std::optional<std::vector<mlir::python::PyBlock*, std::allocator<mlir::python::PyBlock*> > >, std::optional<int>, std::optional<mlir::python::PyLocation> const&, nanobind::object const&), void, mlir::python::PyOpView*, std::basic_string_view<char, std::char_traits<char> >, std::tuple<int, bool>, nanobind::object, nanobind::object, std::optional<nanobind::list>, nanobind::list, std::optional<nanobind::dict>, std::optional<std::vector<mlir::python::PyBlock*, std::allocator<mlir::python::PyBlock*> > >, std::optional<int>, std::optional<mlir::python::PyLocation> const&, nanobind::object const&, 0ul, 1ul, 2ul, 3ul, 4ul, 5ul, 6ul, 7ul, 8ul, 9ul, 10ul, 11ul, nanobind::scope, nanobind::name, nanobind::is_method, nanobind::arg, nanobind::arg, nanobind::arg_v, nanobind::arg_v, nanobind::arg_v, nanobind::arg_v, nanobind::arg_v, nanobind::arg_v, nanobind::arg_v, nanobind::arg_v, nanobind::arg_v>(mlir::python::populateIRCore(nanobind::module_&)::'lambda'(mlir::python::PyOpView*, std::basic_string_view<char, std::char_traits<char> >, std::tuple<int, bool>, nanobind::object, nanobind::object, std::optional<nanobind::list>, nanobind::list, std::optional<nanobind::dict>, std::optional<std::vector<mlir::python::PyBlock*, std::allocator<mlir::python::PyBlock*> > >, std::optional<int>, std::optional<mlir::python::PyLocation> const&, nanobind::object const&)&&, void (*)(mlir::python::PyOpView*, std::basic_string_view<char, std::char_traits<char> >, std::tuple<int, bool>, nanobind::object, nanobind::object, std::optional<nanobind::list>, nanobind::list, std::optional<nanobind::dict>, std::optional<std::vector<mlir::python::PyBlock*, std::allocator<mlir::python::PyBlock*> > >, std::optional<int>, std::optional<mlir::python::PyLocation> const&, nanobind::object const&), std::integer_sequence<unsigned long, 0ul, 1ul, 2ul, 3ul, 4ul, 5ul, 6ul, 7ul, 8ul, 9ul, 10ul, 11ul>, nanobind::scope const&, nanobind::name const&, nanobind::is_method const&, nanobind::arg const&, nanobind::arg const&, nanobind::arg_v const&, nanobind::arg_v const&, nanobind::arg_v const&, nanobind::arg_v const&, nanobind::arg_v const&, nanobind::arg_v const&, nanobind::arg_v const&, nanobind::arg_v const&, nanobind::arg_v const&)::'lambda'(void*, _object**, unsigned char*, nanobind::rv_policy, nanobind::detail::cleanup_list*)::operator()(void*, _object**, unsigned char*, nanobind::rv_policy, nanobind::detail::cleanup_list*) const IRCore.cpp:0:0
#15 0x00007f0090d6b439 _object* nanobind::detail::func_create<false, true, mlir::python::populateIRCore(nanobind::module_&)::'lambda'(mlir::python::PyOpView*, std::basic_string_view<char, std::char_traits<char> >, std::tuple<int, bool>, nanobind::object, nanobind::object, std::optional<nanobind::list>, nanobind::list, std::optional<nanobind::dict>, std::optional<std::vector<mlir::python::PyBlock*, std::allocator<mlir::python::PyBlock*> > >, std::optional<int>, std::optional<mlir::python::PyLocation> const&, nanobind::object const&), void, mlir::python::PyOpView*, std::basic_string_view<char, std::char_traits<char> >, std::tuple<int, bool>, nanobind::object, nanobind::object, std::optional<nanobind::list>, nanobind::list, std::optional<nanobind::dict>, std::optional<std::vector<mlir::python::PyBlock*, std::allocator<mlir::python::PyBlock*> > >, std::optional<int>, std::optional<mlir::python::PyLocation> const&, nanobind::object const&, 0ul, 1ul, 2ul, 3ul, 4ul, 5ul, 6ul, 7ul, 8ul, 9ul, 10ul, 11ul, nanobind::scope, nanobind::name, nanobind::is_method, nanobind::arg, nanobind::arg, nanobind::arg_v, nanobind::arg_v, nanobind::arg_v, nanobind::arg_v, nanobind::arg_v, nanobind::arg_v, nanobind::arg_v, nanobind::arg_v, nanobind::arg_v>(mlir::python::populateIRCore(nanobind::module_&)::'lambda'(mlir::python::PyOpView*, std::basic_string_view<char, std::char_traits<char> >, std::tuple<int, bool>, nanobind::object, nanobind::object, std::optional<nanobind::list>, nanobind::list, std::optional<nanobind::dict>, std::optional<std::vector<mlir::python::PyBlock*, std::allocator<mlir::python::PyBlock*> > >, std::optional<int>, std::optional<mlir::python::PyLocation> const&, nanobind::object const&)&&, void (*)(mlir::python::PyOpView*, std::basic_string_view<char, std::char_traits<char> >, std::tuple<int, bool>, nanobind::object, nanobind::object, std::optional<nanobind::list>, nanobind::list, std::optional<nanobind::dict>, std::optional<std::vector<mlir::python::PyBlock*, std::allocator<mlir::python::PyBlock*> > >, std::optional<int>, std::optional<mlir::python::PyLocation> const&, nanobind::object const&), std::integer_sequence<unsigned long, 0ul, 1ul, 2ul, 3ul, 4ul, 5ul, 6ul, 7ul, 8ul, 9ul, 10ul, 11ul>, nanobind::scope const&, nanobind::name const&, nanobind::is_method const&, nanobind::arg const&, nanobind::arg const&, nanobind::arg_v const&, nanobind::arg_v const&, nanobind::arg_v const&, nanobind::arg_v const&, nanobind::arg_v const&, nanobind::arg_v const&, nanobind::arg_v const&, nanobind::arg_v const&, nanobind::arg_v const&)::'lambda'(void*, _object**, unsigned char*, nanobind::rv_policy, nanobind::detail::cleanup_list*)::_FUN(void*, _object**, unsigned char*, nanobind::rv_policy, nanobind::detail::cleanup_list*) IRCore.cpp:0:0
#16 0x00007f0090e7e49f nanobind::detail::nb_func_vectorcall_complex(_object*, _object* const*, unsigned long, _object*) nb_func.cpp:0:0
#17 0x0000000000538e71 _PyErr_Occurred /usr/local/src/conda/python-3.12.12/Include/internal/pycore_pyerrors.h:23:15
#18 0x0000000000538e71 _Py_CheckFunctionResult /usr/local/src/conda/python-3.12.12/Objects/call.c:29:14
#19 0x0000000000538e71 _PyObject_VectorcallTstate /usr/local/src/conda/python-3.12.12/Include/internal/pycore_call.h:93:12
#20 0x0000000000538e71 PyObject_Vectorcall /usr/local/src/conda/python-3.12.12/Objects/call.c:325:12
#21 0x0000000000521440 _PyEval_EvalFrameDefault /home/task_176107711119303/conda-bld/python-split_1761077158045/work/build-static/Python/bytecodes.c:2719:16
#22 0x0000000000519ae5 _PyObject_FastCallDictTstate /usr/local/src/conda/python-3.12.12/Objects/call.c:146:9
#23 0x00000000005524a4 _PyObject_Call_Prepend /usr/local/src/conda/python-3.12.12/Objects/call.c:508:24
#24 0x00000000005524a4 slot_tp_init /usr/local/src/conda/python-3.12.12/Objects/typeobject.c:9035:15
#25 0x000000000051726b type_call /usr/local/src/conda/python-3.12.12/Objects/typeobject.c:1680:12
#26 0x000000000051726b _PyObject_MakeTpCall /usr/local/src/conda/python-3.12.12/Objects/call.c:240:18
#27 0x0000000000521440 _PyEval_EvalFrameDefault /home/task_176107711119303/conda-bld/python-split_1761077158045/work/build-static/Python/bytecodes.c:2719:16
#28 0x0000000000519a47 _PyErr_Occurred /usr/local/src/conda/python-3.12.12/Include/internal/pycore_pyerrors.h:23:15
#29 0x0000000000519a47 _Py_CheckFunctionResult /usr/local/src/conda/python-3.12.12/Objects/call.c:47:13
#30 0x0000000000519a47 _PyObject_FastCallDictTstate /usr/local/src/conda/python-3.12.12/Objects/call.c:148:12
#31 0x00000000005524a4 _PyObject_Call_Prepend /usr/local/src/conda/python-3.12.12/Objects/call.c:508:24
#32 0x00000000005524a4 slot_tp_init /usr/local/src/conda/python-3.12.12/Objects/typeobject.c:9035:15
#33 0x000000000051726b type_call /usr/local/src/conda/python-3.12.12/Objects/typeobject.c:1680:12
#34 0x000000000051726b _PyObject_MakeTpCall /usr/local/src/conda/python-3.12.12/Objects/call.c:240:18
#35 0x0000000000521440 _PyEval_EvalFrameDefault /home/task_176107711119303/conda-bld/python-split_1761077158045/work/build-static/Python/bytecodes.c:2719:16
#36 0x00000000005dd60e _Py_IsImmortal /usr/local/src/conda/python-3.12.12/Include/object.h:242:12
#37 0x00000000005dd60e PyEval_EvalCode /usr/local/src/conda/python-3.12.12/Python/ceval.c:581:5
#38 0x000000000061a827 run_eval_code_obj /usr/local/src/conda/python-3.12.12/Python/pythonrun.c:1758:0
#39 0x0000000000615367 _Py_IsImmortal /usr/local/src/conda/python-3.12.12/Include/object.h:242:0
#40 0x0000000000615367 Py_DECREF /usr/local/src/conda/python-3.12.12/Include/object.h:700:0
#41 0x0000000000615367 run_mod /usr/local/src/conda/python-3.12.12/Python/pythonrun.c:1779:0
#42 0x0000000000612222 pyrun_file /usr/local/src/conda/python-3.12.12/Python/pythonrun.c:1674:0
#43 0x0000000000611dc0 _PyRun_SimpleFileObject /usr/local/src/conda/python-3.12.12/Python/pythonrun.c:459:0
#44 0x00000000006118c3 _PyRun_AnyFileObject /usr/local/src/conda/python-3.12.12/Python/pythonrun.c:78:0
#45 0x00000000005008fc PyRun_AnyFileExFlags /usr/local/src/conda/python-3.12.12/Python/pythonrun.c:105:0
#46 0x000000000046377b pymain_run_stdin /usr/local/src/conda/python-3.12.12/Modules/main.c:522:0
#47 0x000000000046377b pymain_run_python /usr/local/src/conda/python-3.12.12/Modules/main.c:637:0
#48 0x000000000046377b Py_RunMain.cold /usr/local/src/conda/python-3.12.12/Modules/main.c:714:0
#49 0x00000000005c5bd9 Py_BytesMain /usr/local/src/conda/python-3.12.12/Modules/main.c:769:1
#50 0x00007f00b48d8865 __libc_start_main (/lib64/libc.so.6+0x3a865)
#51 0x00000000005c5a09 _start (/home/zsm9/miniconda3/envs/allo/bin/python3.12+0x5c5a09)
PLEASE submit a bug report to https://github.com/llvm/llvm-project/issues/ and include the crash backtrace and instructions to reproduce the bug.
timeout: the monitored command dumped core
python: /work/shared/common/llvm-project-main/mlir/lib/CAPI/IR/IR.cpp:1046: void mlirBlockInsertOwnedOperationBefore(MlirBlock, MlirOperation, MlirOperation): Assertion `unwrap(reference)->getBlock() == unwrap(block) && "expected reference operation to belong to the block"' failed.
 #0 0x00007f905927be9b llvm::sys::PrintStackTrace(llvm::raw_ostream&, int) (/home/zsm9/allo_sup/mlir/build/tools/allo/_mlir/libAlloMLIRAggregateCAPI.so.22.0git+0x23d9e9b)
 #1 0x00007f9059278d6b llvm::sys::RunSignalHandlers() (/home/zsm9/allo_sup/mlir/build/tools/allo/_mlir/libAlloMLIRAggregateCAPI.so.22.0git+0x23d6d6b)
 #2 0x00007f9059278e99 SignalHandler(int, siginfo_t*, void*) Signals.cpp:0:0
 #3 0x00007f9087c37990 __restore_rt (/lib64/libpthread.so.0+0x12990)
 #4 0x00007f90871135af raise (/lib64/libc.so.6+0x4e5af)
 #5 0x00007f90870e6ee5 abort (/lib64/libc.so.6+0x21ee5)
 #6 0x00007f90870e6db9 _nl_load_domain.cold.0 (/lib64/libc.so.6+0x21db9)
 #7 0x00007f908710bf06 (/lib64/libc.so.6+0x46f06)
 #8 0x00007f9058f40f66 mlirBlockInsertOwnedOperationBefore (/home/zsm9/allo_sup/mlir/build/tools/allo/_mlir/libAlloMLIRAggregateCAPI.so.22.0git+0x209ef66)
 #9 0x00007f9063503477 mlir::python::PyInsertionPoint::insert(mlir::python::PyOperationBase&) (/home/zsm9/allo_sup/allo/_mlir/_mlir_libs/_mlir.cpython-312-x86_64-linux-gnu.so+0x134477)
#10 0x00007f90634fc947 maybeInsertOperation(mlir::python::PyObjectRef<mlir::python::PyOperation>&, nanobind::object const&) IRCore.cpp:0:0
#11 0x00007f90634fd615 mlir::python::PyOperation::create(std::basic_string_view<char, std::char_traits<char> >, std::optional<std::vector<mlir::python::PyType*, std::allocator<mlir::python::PyType*> > >, llvm::ArrayRef<MlirValue>, std::optional<nanobind::dict>, std::optional<std::vector<mlir::python::PyBlock*, std::allocator<mlir::python::PyBlock*> > >, int, mlir::python::PyLocation&, nanobind::object const&, bool) (/home/zsm9/allo_sup/allo/_mlir/_mlir_libs/_mlir.cpython-312-x86_64-linux-gnu.so+0x12e615)
#12 0x00007f90635025d0 mlir::python::PyOpView::buildGeneric(std::basic_string_view<char, std::char_traits<char> >, std::tuple<int, bool>, nanobind::object, nanobind::object, std::optional<nanobind::list>, nanobind::list, std::optional<nanobind::dict>, std::optional<std::vector<mlir::python::PyBlock*, std::allocator<mlir::python::PyBlock*> > >, std::optional<int>, mlir::python::PyLocation&, nanobind::object const&) (/home/zsm9/allo_sup/allo/_mlir/_mlir_libs/_mlir.cpython-312-x86_64-linux-gnu.so+0x1335d0)
#13 0x00007f90635100f1 mlir::python::populateIRCore(nanobind::module_&)::'lambda'(mlir::python::PyOpView*, std::basic_string_view<char, std::char_traits<char> >, std::tuple<int, bool>, nanobind::object, nanobind::object, std::optional<nanobind::list>, nanobind::list, std::optional<nanobind::dict>, std::optional<std::vector<mlir::python::PyBlock*, std::allocator<mlir::python::PyBlock*> > >, std::optional<int>, std::optional<mlir::python::PyLocation> const&, nanobind::object const&)::operator()(mlir::python::PyOpView*, std::basic_string_view<char, std::char_traits<char> >, std::tuple<int, bool>, nanobind::object, nanobind::object, std::optional<nanobind::list>, nanobind::list, std::optional<nanobind::dict>, std::optional<std::vector<mlir::python::PyBlock*, std::allocator<mlir::python::PyBlock*> > >, std::optional<int>, std::optional<mlir::python::PyLocation> const&, nanobind::object const&) const IRCore.cpp:0:0
#14 0x00007f90635922ad _object* nanobind::detail::func_create<false, true, mlir::python::populateIRCore(nanobind::module_&)::'lambda'(mlir::python::PyOpView*, std::basic_string_view<char, std::char_traits<char> >, std::tuple<int, bool>, nanobind::object, nanobind::object, std::optional<nanobind::list>, nanobind::list, std::optional<nanobind::dict>, std::optional<std::vector<mlir::python::PyBlock*, std::allocator<mlir::python::PyBlock*> > >, std::optional<int>, std::optional<mlir::python::PyLocation> const&, nanobind::object const&), void, mlir::python::PyOpView*, std::basic_string_view<char, std::char_traits<char> >, std::tuple<int, bool>, nanobind::object, nanobind::object, std::optional<nanobind::list>, nanobind::list, std::optional<nanobind::dict>, std::optional<std::vector<mlir::python::PyBlock*, std::allocator<mlir::python::PyBlock*> > >, std::optional<int>, std::optional<mlir::python::PyLocation> const&, nanobind::object const&, 0ul, 1ul, 2ul, 3ul, 4ul, 5ul, 6ul, 7ul, 8ul, 9ul, 10ul, 11ul, nanobind::scope, nanobind::name, nanobind::is_method, nanobind::arg, nanobind::arg, nanobind::arg_v, nanobind::arg_v, nanobind::arg_v, nanobind::arg_v, nanobind::arg_v, nanobind::arg_v, nanobind::arg_v, nanobind::arg_v, nanobind::arg_v>(mlir::python::populateIRCore(nanobind::module_&)::'lambda'(mlir::python::PyOpView*, std::basic_string_view<char, std::char_traits<char> >, std::tuple<int, bool>, nanobind::object, nanobind::object, std::optional<nanobind::list>, nanobind::list, std::optional<nanobind::dict>, std::optional<std::vector<mlir::python::PyBlock*, std::allocator<mlir::python::PyBlock*> > >, std::optional<int>, std::optional<mlir::python::PyLocation> const&, nanobind::object const&)&&, void (*)(mlir::python::PyOpView*, std::basic_string_view<char, std::char_traits<char> >, std::tuple<int, bool>, nanobind::object, nanobind::object, std::optional<nanobind::list>, nanobind::list, std::optional<nanobind::dict>, std::optional<std::vector<mlir::python::PyBlock*, std::allocator<mlir::python::PyBlock*> > >, std::optional<int>, std::optional<mlir::python::PyLocation> const&, nanobind::object const&), std::integer_sequence<unsigned long, 0ul, 1ul, 2ul, 3ul, 4ul, 5ul, 6ul, 7ul, 8ul, 9ul, 10ul, 11ul>, nanobind::scope const&, nanobind::name const&, nanobind::is_method const&, nanobind::arg const&, nanobind::arg const&, nanobind::arg_v const&, nanobind::arg_v const&, nanobind::arg_v const&, nanobind::arg_v const&, nanobind::arg_v const&, nanobind::arg_v const&, nanobind::arg_v const&, nanobind::arg_v const&, nanobind::arg_v const&)::'lambda'(void*, _object**, unsigned char*, nanobind::rv_policy, nanobind::detail::cleanup_list*)::operator()(void*, _object**, unsigned char*, nanobind::rv_policy, nanobind::detail::cleanup_list*) const IRCore.cpp:0:0
#15 0x00007f9063592439 _object* nanobind::detail::func_create<false, true, mlir::python::populateIRCore(nanobind::module_&)::'lambda'(mlir::python::PyOpView*, std::basic_string_view<char, std::char_traits<char> >, std::tuple<int, bool>, nanobind::object, nanobind::object, std::optional<nanobind::list>, nanobind::list, std::optional<nanobind::dict>, std::optional<std::vector<mlir::python::PyBlock*, std::allocator<mlir::python::PyBlock*> > >, std::optional<int>, std::optional<mlir::python::PyLocation> const&, nanobind::object const&), void, mlir::python::PyOpView*, std::basic_string_view<char, std::char_traits<char> >, std::tuple<int, bool>, nanobind::object, nanobind::object, std::optional<nanobind::list>, nanobind::list, std::optional<nanobind::dict>, std::optional<std::vector<mlir::python::PyBlock*, std::allocator<mlir::python::PyBlock*> > >, std::optional<int>, std::optional<mlir::python::PyLocation> const&, nanobind::object const&, 0ul, 1ul, 2ul, 3ul, 4ul, 5ul, 6ul, 7ul, 8ul, 9ul, 10ul, 11ul, nanobind::scope, nanobind::name, nanobind::is_method, nanobind::arg, nanobind::arg, nanobind::arg_v, nanobind::arg_v, nanobind::arg_v, nanobind::arg_v, nanobind::arg_v, nanobind::arg_v, nanobind::arg_v, nanobind::arg_v, nanobind::arg_v>(mlir::python::populateIRCore(nanobind::module_&)::'lambda'(mlir::python::PyOpView*, std::basic_string_view<char, std::char_traits<char> >, std::tuple<int, bool>, nanobind::object, nanobind::object, std::optional<nanobind::list>, nanobind::list, std::optional<nanobind::dict>, std::optional<std::vector<mlir::python::PyBlock*, std::allocator<mlir::python::PyBlock*> > >, std::optional<int>, std::optional<mlir::python::PyLocation> const&, nanobind::object const&)&&, void (*)(mlir::python::PyOpView*, std::basic_string_view<char, std::char_traits<char> >, std::tuple<int, bool>, nanobind::object, nanobind::object, std::optional<nanobind::list>, nanobind::list, std::optional<nanobind::dict>, std::optional<std::vector<mlir::python::PyBlock*, std::allocator<mlir::python::PyBlock*> > >, std::optional<int>, std::optional<mlir::python::PyLocation> const&, nanobind::object const&), std::integer_sequence<unsigned long, 0ul, 1ul, 2ul, 3ul, 4ul, 5ul, 6ul, 7ul, 8ul, 9ul, 10ul, 11ul>, nanobind::scope const&, nanobind::name const&, nanobind::is_method const&, nanobind::arg const&, nanobind::arg const&, nanobind::arg_v const&, nanobind::arg_v const&, nanobind::arg_v const&, nanobind::arg_v const&, nanobind::arg_v const&, nanobind::arg_v const&, nanobind::arg_v const&, nanobind::arg_v const&, nanobind::arg_v const&)::'lambda'(void*, _object**, unsigned char*, nanobind::rv_policy, nanobind::detail::cleanup_list*)::_FUN(void*, _object**, unsigned char*, nanobind::rv_policy, nanobind::detail::cleanup_list*) IRCore.cpp:0:0
#16 0x00007f90636a549f nanobind::detail::nb_func_vectorcall_complex(_object*, _object* const*, unsigned long, _object*) nb_func.cpp:0:0
#17 0x0000000000538e71 _PyErr_Occurred /usr/local/src/conda/python-3.12.12/Include/internal/pycore_pyerrors.h:23:15
#18 0x0000000000538e71 _Py_CheckFunctionResult /usr/local/src/conda/python-3.12.12/Objects/call.c:29:14
#19 0x0000000000538e71 _PyObject_VectorcallTstate /usr/local/src/conda/python-3.12.12/Include/internal/pycore_call.h:93:12
#20 0x0000000000538e71 PyObject_Vectorcall /usr/local/src/conda/python-3.12.12/Objects/call.c:325:12
#21 0x0000000000521440 _PyEval_EvalFrameDefault /home/task_176107711119303/conda-bld/python-split_1761077158045/work/build-static/Python/bytecodes.c:2719:16
#22 0x0000000000519ae5 _PyObject_FastCallDictTstate /usr/local/src/conda/python-3.12.12/Objects/call.c:146:9
#23 0x00000000005524a4 _PyObject_Call_Prepend /usr/local/src/conda/python-3.12.12/Objects/call.c:508:24
#24 0x00000000005524a4 slot_tp_init /usr/local/src/conda/python-3.12.12/Objects/typeobject.c:9035:15
#25 0x000000000051726b type_call /usr/local/src/conda/python-3.12.12/Objects/typeobject.c:1680:12
#26 0x000000000051726b _PyObject_MakeTpCall /usr/local/src/conda/python-3.12.12/Objects/call.c:240:18
#27 0x0000000000521440 _PyEval_EvalFrameDefault /home/task_176107711119303/conda-bld/python-split_1761077158045/work/build-static/Python/bytecodes.c:2719:16
#28 0x0000000000519a47 _PyErr_Occurred /usr/local/src/conda/python-3.12.12/Include/internal/pycore_pyerrors.h:23:15
#29 0x0000000000519a47 _Py_CheckFunctionResult /usr/local/src/conda/python-3.12.12/Objects/call.c:47:13
#30 0x0000000000519a47 _PyObject_FastCallDictTstate /usr/local/src/conda/python-3.12.12/Objects/call.c:148:12
#31 0x00000000005524a4 _PyObject_Call_Prepend /usr/local/src/conda/python-3.12.12/Objects/call.c:508:24
#32 0x00000000005524a4 slot_tp_init /usr/local/src/conda/python-3.12.12/Objects/typeobject.c:9035:15
#33 0x000000000051726b type_call /usr/local/src/conda/python-3.12.12/Objects/typeobject.c:1680:12
#34 0x000000000051726b _PyObject_MakeTpCall /usr/local/src/conda/python-3.12.12/Objects/call.c:240:18
#35 0x0000000000521440 _PyEval_EvalFrameDefault /home/task_176107711119303/conda-bld/python-split_1761077158045/work/build-static/Python/bytecodes.c:2719:16
#36 0x00000000005dd60e _Py_IsImmortal /usr/local/src/conda/python-3.12.12/Include/object.h:242:12
#37 0x00000000005dd60e PyEval_EvalCode /usr/local/src/conda/python-3.12.12/Python/ceval.c:581:5
#38 0x000000000061a827 run_eval_code_obj /usr/local/src/conda/python-3.12.12/Python/pythonrun.c:1758:0
#39 0x0000000000615367 _Py_IsImmortal /usr/local/src/conda/python-3.12.12/Include/object.h:242:0
#40 0x0000000000615367 Py_DECREF /usr/local/src/conda/python-3.12.12/Include/object.h:700:0
#41 0x0000000000615367 run_mod /usr/local/src/conda/python-3.12.12/Python/pythonrun.c:1779:0
#42 0x0000000000612222 pyrun_file /usr/local/src/conda/python-3.12.12/Python/pythonrun.c:1674:0
#43 0x0000000000611dc0 _PyRun_SimpleFileObject /usr/local/src/conda/python-3.12.12/Python/pythonrun.c:459:0
#44 0x00000000006118c3 _PyRun_AnyFileObject /usr/local/src/conda/python-3.12.12/Python/pythonrun.c:78:0
#45 0x00000000005008fc PyRun_AnyFileExFlags /usr/local/src/conda/python-3.12.12/Python/pythonrun.c:105:0
#46 0x000000000046377b pymain_run_stdin /usr/local/src/conda/python-3.12.12/Modules/main.c:522:0
#47 0x000000000046377b pymain_run_python /usr/local/src/conda/python-3.12.12/Modules/main.c:637:0
#48 0x000000000046377b Py_RunMain.cold /usr/local/src/conda/python-3.12.12/Modules/main.c:714:0
#49 0x00000000005c5bd9 Py_BytesMain /usr/local/src/conda/python-3.12.12/Modules/main.c:769:1
#50 0x00007f90870ff865 __libc_start_main (/lib64/libc.so.6+0x3a865)
#51 0x00000000005c5a09 _start (/home/zsm9/miniconda3/envs/allo/bin/python3.12+0x5c5a09)
PLEASE submit a bug report to https://github.com/llvm/llvm-project/issues/ and include the crash backtrace and instructions to reproduce the bug.
timeout: the monitored command dumped core
