 
****************************************
Report : qor
Design : u4_agu_resolve
Version: W-2024.09
Date   : Thu Oct  8 10:11:59 2026
****************************************


  Timing Path Group 'ideal_clock'
  -----------------------------------
  Levels of Logic:              18.00
  Critical Path Length:          1.42
  Critical Path Slack:           0.58
  Critical Path Clk Period:      2.00
  Total Negative Slack:          0.00
  No. of Violating Paths:        0.00
  Worst Hold Violation:          0.00
  Total Hold Violation:          0.00
  No. of Hold Violations:        0.00
  -----------------------------------


  Cell Count
  -----------------------------------
  Hierarchical Cell Count:          0
  Hierarchical Port Count:          0
  Leaf Cell Count:                148
  Buf/Inv Cell Count:              21
  Buf Cell Count:                   0
  Inv Cell Count:                  21
  CT Buf/Inv Cell Count:            0
  Combinational Cell Count:       148
  Sequential Cell Count:            0
  Macro Count:                      0
  -----------------------------------


  Area
  -----------------------------------
  Combinational Area:      208.810003
  Noncombinational Area:     0.000000
  Buf/Inv Area:             11.172000
  Total Buffer Area:             0.00
  Total Inverter Area:          11.17
  Macro/Black Box Area:      0.000000
  Net Area:                  0.000000
  -----------------------------------
  Cell Area:               208.810003
  Design Area:             208.810003


  Design Rules
  -----------------------------------
  Total Number of Nets:           274
  Nets With Violations:             0
  Max Trans Violations:             0
  Max Cap Violations:               0
  -----------------------------------


  Hostname: zhang-21.ece.cornell.edu

  Compile CPU Statistics
  -----------------------------------------
  Resource Sharing:                    0.06
  Logic Optimization:                  0.18
  Mapping Optimization:                0.84
  -----------------------------------------
  Overall Compile Time:                3.41
  Overall Compile Wall Clock Time:     2.90

  --------------------------------------------------------------------

  Design  WNS: 0.00  TNS: 0.00  Number of Violating Paths: 0


  Design (Hold)  WNS: 0.00  TNS: 0.00  Number of Violating Paths: 0

  --------------------------------------------------------------------


1
