

================================================================
== Synthesis Summary Report of 'tinytpu_vitis'
================================================================
+ General Information: 
    * Date:           Wed Sep  9 05:46:52 2026
    * Version:        2023.2 (Build 4023990 on Oct 11 2023)
    * Project:        out.prj
    * Solution:       solution1 (Vivado IP Flow Target)
    * Product family: virtexuplusHBM
    * Target device:  xcu280-fsvh2892-2L-e
    

+ Performance & Resource Estimates: 
    
    PS: '+' for module; 'o' for loop; '*' for dataflow
    +---------------------------------+--------+-------+---------+---------+----------+---------+------+----------+------+----------+-------------+------------+-----+
    |             Modules             |  Issue |       | Latency | Latency | Iteration|         | Trip |          |      |          |             |            |     |
    |             & Loops             |  Type  | Slack | (cycles)|   (ns)  |  Latency | Interval| Count| Pipelined| BRAM |    DSP   |      FF     |     LUT    | URAM|
    +---------------------------------+--------+-------+---------+---------+----------+---------+------+----------+------+----------+-------------+------------+-----+
    |+ tinytpu_vitis*                 |  Timing|  -0.00|       49|  163.170|         -|       42|     -|  dataflow|     -|  80 (~0%)|  11857 (~0%)|  13768 (1%)|    -|
    | + sequencer_0                   |       -|   0.52|        1|    3.330|         -|        1|     -|        no|     -|         -|      4 (~0%)|   180 (~0%)|    -|
    | + loader_0                      |       -|   0.52|       11|   36.630|         -|       11|     -|        no|     -|         -|    145 (~0%)|   235 (~0%)|    -|
    |  o l_S_k_0_k                    |      II|   2.43|        9|   29.970|         3|        2|     4|       yes|     -|         -|            -|           -|    -|
    | + pe_0_0                        |  Timing|  -0.00|       41|  136.530|         -|       41|     -|        no|     -|   5 (~0%)|    680 (~0%)|   709 (~0%)|    -|
    |  + pe_0_0_Pipeline_l_S_k_0_k1   |  Timing|  -0.00|       36|  119.880|         -|       36|     -|        no|     -|   5 (~0%)|    638 (~0%)|   446 (~0%)|    -|
    |   o l_S_k_0_k1                  |      II|   2.43|       34|  113.220|        14|        7|     4|       yes|     -|         -|            -|           -|    -|
    | + pe_0_1                        |  Timing|  -0.00|       41|  136.530|         -|       41|     -|        no|     -|   5 (~0%)|    679 (~0%)|   700 (~0%)|    -|
    |  + pe_0_1_Pipeline_l_S_k_0_k2   |  Timing|  -0.00|       36|  119.880|         -|       36|     -|        no|     -|   5 (~0%)|    638 (~0%)|   446 (~0%)|    -|
    |   o l_S_k_0_k2                  |      II|   2.43|       34|  113.220|        14|        7|     4|       yes|     -|         -|            -|           -|    -|
    | + pe_1_0                        |  Timing|  -0.00|       41|  136.530|         -|       41|     -|        no|     -|   5 (~0%)|    679 (~0%)|   700 (~0%)|    -|
    |  + pe_1_0_Pipeline_l_S_k_0_k5   |  Timing|  -0.00|       36|  119.880|         -|       36|     -|        no|     -|   5 (~0%)|    638 (~0%)|   446 (~0%)|    -|
    |   o l_S_k_0_k5                  |      II|   2.43|       34|  113.220|        14|        7|     4|       yes|     -|         -|            -|           -|    -|
    | + pe_0_2                        |  Timing|  -0.00|       41|  136.530|         -|       41|     -|        no|     -|   5 (~0%)|    679 (~0%)|   700 (~0%)|    -|
    |  + pe_0_2_Pipeline_l_S_k_0_k3   |  Timing|  -0.00|       36|  119.880|         -|       36|     -|        no|     -|   5 (~0%)|    638 (~0%)|   446 (~0%)|    -|
    |   o l_S_k_0_k3                  |      II|   2.43|       34|  113.220|        14|        7|     4|       yes|     -|         -|            -|           -|    -|
    | + pe_1_1                        |  Timing|  -0.00|       41|  136.530|         -|       41|     -|        no|     -|   5 (~0%)|    679 (~0%)|   700 (~0%)|    -|
    |  + pe_1_1_Pipeline_l_S_k_0_k6   |  Timing|  -0.00|       36|  119.880|         -|       36|     -|        no|     -|   5 (~0%)|    638 (~0%)|   446 (~0%)|    -|
    |   o l_S_k_0_k6                  |      II|   2.43|       34|  113.220|        14|        7|     4|       yes|     -|         -|            -|           -|    -|
    | + pe_2_0                        |  Timing|  -0.00|       41|  136.530|         -|       41|     -|        no|     -|   5 (~0%)|    679 (~0%)|   700 (~0%)|    -|
    |  + pe_2_0_Pipeline_l_S_k_0_k9   |  Timing|  -0.00|       36|  119.880|         -|       36|     -|        no|     -|   5 (~0%)|    638 (~0%)|   446 (~0%)|    -|
    |   o l_S_k_0_k9                  |      II|   2.43|       34|  113.220|        14|        7|     4|       yes|     -|         -|            -|           -|    -|
    | + pe_0_3                        |  Timing|  -0.00|       41|  136.530|         -|       41|     -|        no|     -|   5 (~0%)|    679 (~0%)|   682 (~0%)|    -|
    |  + pe_0_3_Pipeline_l_S_k_0_k4   |  Timing|  -0.00|       36|  119.880|         -|       36|     -|        no|     -|   5 (~0%)|    638 (~0%)|   437 (~0%)|    -|
    |   o l_S_k_0_k4                  |      II|   2.43|       34|  113.220|        14|        7|     4|       yes|     -|         -|            -|           -|    -|
    | + pe_1_2                        |  Timing|  -0.00|       41|  136.530|         -|       41|     -|        no|     -|   5 (~0%)|    679 (~0%)|   700 (~0%)|    -|
    |  + pe_1_2_Pipeline_l_S_k_0_k7   |  Timing|  -0.00|       36|  119.880|         -|       36|     -|        no|     -|   5 (~0%)|    638 (~0%)|   446 (~0%)|    -|
    |   o l_S_k_0_k7                  |      II|   2.43|       34|  113.220|        14|        7|     4|       yes|     -|         -|            -|           -|    -|
    | + pe_2_1                        |  Timing|  -0.00|       41|  136.530|         -|       41|     -|        no|     -|   5 (~0%)|    679 (~0%)|   700 (~0%)|    -|
    |  + pe_2_1_Pipeline_l_S_k_0_k10  |  Timing|  -0.00|       36|  119.880|         -|       36|     -|        no|     -|   5 (~0%)|    638 (~0%)|   446 (~0%)|    -|
    |   o l_S_k_0_k10                 |      II|   2.43|       34|  113.220|        14|        7|     4|       yes|     -|         -|            -|           -|    -|
    | + pe_3_0                        |  Timing|  -0.00|       41|  136.530|         -|       41|     -|        no|     -|   5 (~0%)|    679 (~0%)|   682 (~0%)|    -|
    |  + pe_3_0_Pipeline_l_S_k_0_k13  |  Timing|  -0.00|       36|  119.880|         -|       36|     -|        no|     -|   5 (~0%)|    638 (~0%)|   437 (~0%)|    -|
    |   o l_S_k_0_k13                 |      II|   2.43|       34|  113.220|        14|        7|     4|       yes|     -|         -|            -|           -|    -|
    | + pe_1_3                        |  Timing|  -0.00|       41|  136.530|         -|       41|     -|        no|     -|   5 (~0%)|    679 (~0%)|   682 (~0%)|    -|
    |  + pe_1_3_Pipeline_l_S_k_0_k8   |  Timing|  -0.00|       36|  119.880|         -|       36|     -|        no|     -|   5 (~0%)|    638 (~0%)|   437 (~0%)|    -|
    |   o l_S_k_0_k8                  |      II|   2.43|       34|  113.220|        14|        7|     4|       yes|     -|         -|            -|           -|    -|
    | + pe_2_2                        |  Timing|  -0.00|       41|  136.530|         -|       41|     -|        no|     -|   5 (~0%)|    679 (~0%)|   700 (~0%)|    -|
    |  + pe_2_2_Pipeline_l_S_k_0_k11  |  Timing|  -0.00|       36|  119.880|         -|       36|     -|        no|     -|   5 (~0%)|    638 (~0%)|   446 (~0%)|    -|
    |   o l_S_k_0_k11                 |      II|   2.43|       34|  113.220|        14|        7|     4|       yes|     -|         -|            -|           -|    -|
    | + pe_3_1                        |  Timing|  -0.00|       41|  136.530|         -|       41|     -|        no|     -|   5 (~0%)|    679 (~0%)|   682 (~0%)|    -|
    |  + pe_3_1_Pipeline_l_S_k_0_k14  |  Timing|  -0.00|       36|  119.880|         -|       36|     -|        no|     -|   5 (~0%)|    638 (~0%)|   437 (~0%)|    -|
    |   o l_S_k_0_k14                 |      II|   2.43|       34|  113.220|        14|        7|     4|       yes|     -|         -|            -|           -|    -|
    | + pe_2_3                        |  Timing|  -0.00|       41|  136.530|         -|       41|     -|        no|     -|   5 (~0%)|    679 (~0%)|   682 (~0%)|    -|
    |  + pe_2_3_Pipeline_l_S_k_0_k12  |  Timing|  -0.00|       36|  119.880|         -|       36|     -|        no|     -|   5 (~0%)|    638 (~0%)|   437 (~0%)|    -|
    |   o l_S_k_0_k12                 |      II|   2.43|       34|  113.220|        14|        7|     4|       yes|     -|         -|            -|           -|    -|
    | + pe_3_2                        |  Timing|  -0.00|       41|  136.530|         -|       41|     -|        no|     -|   5 (~0%)|    679 (~0%)|   682 (~0%)|    -|
    |  + pe_3_2_Pipeline_l_S_k_0_k15  |  Timing|  -0.00|       36|  119.880|         -|       36|     -|        no|     -|   5 (~0%)|    638 (~0%)|   437 (~0%)|    -|
    |   o l_S_k_0_k15                 |      II|   2.43|       34|  113.220|        14|        7|     4|       yes|     -|         -|            -|           -|    -|
    | + pe_3_3                        |       -|   0.09|       41|  136.530|         -|       41|     -|        no|     -|   5 (~0%)|    679 (~0%)|   664 (~0%)|    -|
    |  + pe_3_3_Pipeline_l_S_k_0_k16  |       -|   0.09|       36|  119.880|         -|       36|     -|        no|     -|   5 (~0%)|    638 (~0%)|   428 (~0%)|    -|
    |   o l_S_k_0_k16                 |      II|   2.43|       34|  113.220|        14|        7|     4|       yes|     -|         -|            -|           -|    -|
    | + drainer_0                     |       -|   0.52|        7|   23.310|         -|        7|     -|        no|     -|         -|    457 (~0%)|   400 (~0%)|    -|
    +---------------------------------+--------+-------+---------+---------+----------+---------+------+----------+------+----------+-------------+------------+-----+


================================================================
== HW Interfaces
================================================================
* AP_MEMORY
+---------------+-----------+----------+
| Port          | Direction | Bitwidth |
+---------------+-----------+----------+
| v764_address0 | out       | 1        |
| v764_address1 | out       | 1        |
| v764_d0       | out       | 32       |
| v764_d1       | out       | 32       |
| v764_q0       | in        | 32       |
| v764_q1       | in        | 32       |
| v765_address0 | out       | 4        |
| v765_address1 | out       | 4        |
| v765_d0       | out       | 32       |
| v765_d1       | out       | 32       |
| v765_q0       | in        | 32       |
| v765_q1       | in        | 32       |
| v766_address0 | out       | 4        |
| v766_address1 | out       | 4        |
| v766_d0       | out       | 32       |
| v766_d1       | out       | 32       |
| v766_q0       | in        | 32       |
| v766_q1       | in        | 32       |
| v767_address0 | out       | 4        |
| v767_address1 | out       | 4        |
| v767_d0       | out       | 32       |
| v767_d1       | out       | 32       |
| v767_q0       | in        | 32       |
| v767_q1       | in        | 32       |
+---------------+-----------+----------+

* TOP LEVEL CONTROL
+-----------+------------+-----------------------------------+
| Interface | Type       | Ports                             |
+-----------+------------+-----------------------------------+
| ap_clk    | clock      | ap_clk                            |
| ap_rst    | reset      | ap_rst                            |
| ap_ctrl   | ap_ctrl_hs | ap_done ap_idle ap_ready ap_start |
+-----------+------------+-----------------------------------+


================================================================
== SW I/O Information
================================================================
* Top Function Arguments
+----------+-----------+----------+
| Argument | Direction | Datatype |
+----------+-----------+----------+
| v764     | in        | int*     |
| v765     | in        | float*   |
| v766     | in        | float*   |
| v767     | out       | float*   |
+----------+-----------+----------+

* SW-to-HW Mapping
+----------+---------------+---------+----------+
| Argument | HW Interface  | HW Type | HW Usage |
+----------+---------------+---------+----------+
| v764     | v764_address0 | port    | offset   |
| v764     | v764_ce0      | port    |          |
| v764     | v764_d0       | port    |          |
| v764     | v764_q0       | port    |          |
| v764     | v764_we0      | port    |          |
| v764     | v764_address1 | port    | offset   |
| v764     | v764_ce1      | port    |          |
| v764     | v764_d1       | port    |          |
| v764     | v764_q1       | port    |          |
| v764     | v764_we1      | port    |          |
| v765     | v765_address0 | port    | offset   |
| v765     | v765_ce0      | port    |          |
| v765     | v765_d0       | port    |          |
| v765     | v765_q0       | port    |          |
| v765     | v765_we0      | port    |          |
| v765     | v765_address1 | port    | offset   |
| v765     | v765_ce1      | port    |          |
| v765     | v765_d1       | port    |          |
| v765     | v765_q1       | port    |          |
| v765     | v765_we1      | port    |          |
| v766     | v766_address0 | port    | offset   |
| v766     | v766_ce0      | port    |          |
| v766     | v766_d0       | port    |          |
| v766     | v766_q0       | port    |          |
| v766     | v766_we0      | port    |          |
| v766     | v766_address1 | port    | offset   |
| v766     | v766_ce1      | port    |          |
| v766     | v766_d1       | port    |          |
| v766     | v766_q1       | port    |          |
| v766     | v766_we1      | port    |          |
| v767     | v767_address0 | port    | offset   |
| v767     | v767_ce0      | port    |          |
| v767     | v767_d0       | port    |          |
| v767     | v767_q0       | port    |          |
| v767     | v767_we0      | port    |          |
| v767     | v767_address1 | port    | offset   |
| v767     | v767_ce1      | port    |          |
| v767     | v767_d1       | port    |          |
| v767     | v767_q1       | port    |          |
| v767     | v767_we1      | port    |          |
+----------+---------------+---------+----------+


================================================================
== Bind Op Report
================================================================
+-----------------------------------------+-----+--------+----------+------+---------+---------+
| Name                                    | DSP | Pragma | Variable | Op   | Impl    | Latency |
+-----------------------------------------+-----+--------+----------+------+---------+---------+
| + tinytpu_vitis                         | 80  |        |          |      |         |         |
|  + loader_0                             | 0   |        |          |      |         |         |
|    add_ln93_fu_272_p2                   |     |        | add_ln93 | add  | fabric  | 0       |
|  + pe_0_0                               | 5   |        |          |      |         |         |
|   + pe_0_0_Pipeline_l_S_k_0_k1          | 5   |        |          |      |         |         |
|     k1_2_fu_116_p2                      |     |        | k1_2     | add  | fabric  | 0       |
|     fmul_32ns_32ns_32_4_max_dsp_1_U29   | 3   |        | v120     | fmul | maxdsp  | 3       |
|     fadd_32ns_32ns_32_7_full_dsp_1_U28  | 2   |        | v122     | fadd | fulldsp | 6       |
|  + pe_0_1                               | 5   |        |          |      |         |         |
|   + pe_0_1_Pipeline_l_S_k_0_k2          | 5   |        |          |      |         |         |
|     k2_2_fu_116_p2                      |     |        | k2_2     | add  | fabric  | 0       |
|     fmul_32ns_32ns_32_4_max_dsp_1_U46   | 3   |        | v149     | fmul | maxdsp  | 3       |
|     fadd_32ns_32ns_32_7_full_dsp_1_U45  | 2   |        | v151     | fadd | fulldsp | 6       |
|  + pe_1_0                               | 5   |        |          |      |         |         |
|   + pe_1_0_Pipeline_l_S_k_0_k5          | 5   |        |          |      |         |         |
|     k5_2_fu_116_p2                      |     |        | k5_2     | add  | fabric  | 0       |
|     fmul_32ns_32ns_32_4_max_dsp_1_U86   | 3   |        | v234     | fmul | maxdsp  | 3       |
|     fadd_32ns_32ns_32_7_full_dsp_1_U85  | 2   |        | v236     | fadd | fulldsp | 6       |
|  + pe_0_2                               | 5   |        |          |      |         |         |
|   + pe_0_2_Pipeline_l_S_k_0_k3          | 5   |        |          |      |         |         |
|     k3_2_fu_116_p2                      |     |        | k3_2     | add  | fabric  | 0       |
|     fmul_32ns_32ns_32_4_max_dsp_1_U60   | 3   |        | v178     | fmul | maxdsp  | 3       |
|     fadd_32ns_32ns_32_7_full_dsp_1_U59  | 2   |        | v180     | fadd | fulldsp | 6       |
|  + pe_1_1                               | 5   |        |          |      |         |         |
|   + pe_1_1_Pipeline_l_S_k_0_k6          | 5   |        |          |      |         |         |
|     k6_2_fu_116_p2                      |     |        | k6_2     | add  | fabric  | 0       |
|     fmul_32ns_32ns_32_4_max_dsp_1_U100  | 3   |        | v263     | fmul | maxdsp  | 3       |
|     fadd_32ns_32ns_32_7_full_dsp_1_U99  | 2   |        | v265     | fadd | fulldsp | 6       |
|  + pe_2_0                               | 5   |        |          |      |         |         |
|   + pe_2_0_Pipeline_l_S_k_0_k9          | 5   |        |          |      |         |         |
|     k9_2_fu_116_p2                      |     |        | k9_2     | add  | fabric  | 0       |
|     fmul_32ns_32ns_32_4_max_dsp_1_U140  | 3   |        | v348     | fmul | maxdsp  | 3       |
|     fadd_32ns_32ns_32_7_full_dsp_1_U139 | 2   |        | v350     | fadd | fulldsp | 6       |
|  + pe_0_3                               | 5   |        |          |      |         |         |
|   + pe_0_3_Pipeline_l_S_k_0_k4          | 5   |        |          |      |         |         |
|     k4_2_fu_106_p2                      |     |        | k4_2     | add  | fabric  | 0       |
|     fmul_32ns_32ns_32_4_max_dsp_1_U74   | 3   |        | v206     | fmul | maxdsp  | 3       |
|     fadd_32ns_32ns_32_7_full_dsp_1_U73  | 2   |        | v208     | fadd | fulldsp | 6       |
|  + pe_1_2                               | 5   |        |          |      |         |         |
|   + pe_1_2_Pipeline_l_S_k_0_k7          | 5   |        |          |      |         |         |
|     k7_2_fu_116_p2                      |     |        | k7_2     | add  | fabric  | 0       |
|     fmul_32ns_32ns_32_4_max_dsp_1_U114  | 3   |        | v292     | fmul | maxdsp  | 3       |
|     fadd_32ns_32ns_32_7_full_dsp_1_U113 | 2   |        | v294     | fadd | fulldsp | 6       |
|  + pe_2_1                               | 5   |        |          |      |         |         |
|   + pe_2_1_Pipeline_l_S_k_0_k10         | 5   |        |          |      |         |         |
|     k10_2_fu_116_p2                     |     |        | k10_2    | add  | fabric  | 0       |
|     fmul_32ns_32ns_32_4_max_dsp_1_U154  | 3   |        | v377     | fmul | maxdsp  | 3       |
|     fadd_32ns_32ns_32_7_full_dsp_1_U153 | 2   |        | v379     | fadd | fulldsp | 6       |
|  + pe_3_0                               | 5   |        |          |      |         |         |
|   + pe_3_0_Pipeline_l_S_k_0_k13         | 5   |        |          |      |         |         |
|     k13_2_fu_106_p2                     |     |        | k13_2    | add  | fabric  | 0       |
|     fmul_32ns_32ns_32_4_max_dsp_1_U194  | 3   |        | v461     | fmul | maxdsp  | 3       |
|     fadd_32ns_32ns_32_7_full_dsp_1_U193 | 2   |        | v463     | fadd | fulldsp | 6       |
|  + pe_1_3                               | 5   |        |          |      |         |         |
|   + pe_1_3_Pipeline_l_S_k_0_k8          | 5   |        |          |      |         |         |
|     k8_2_fu_106_p2                      |     |        | k8_2     | add  | fabric  | 0       |
|     fmul_32ns_32ns_32_4_max_dsp_1_U128  | 3   |        | v320     | fmul | maxdsp  | 3       |
|     fadd_32ns_32ns_32_7_full_dsp_1_U127 | 2   |        | v322     | fadd | fulldsp | 6       |
|  + pe_2_2                               | 5   |        |          |      |         |         |
|   + pe_2_2_Pipeline_l_S_k_0_k11         | 5   |        |          |      |         |         |
|     k11_2_fu_116_p2                     |     |        | k11_2    | add  | fabric  | 0       |
|     fmul_32ns_32ns_32_4_max_dsp_1_U168  | 3   |        | v406     | fmul | maxdsp  | 3       |
|     fadd_32ns_32ns_32_7_full_dsp_1_U167 | 2   |        | v408     | fadd | fulldsp | 6       |
|  + pe_3_1                               | 5   |        |          |      |         |         |
|   + pe_3_1_Pipeline_l_S_k_0_k14         | 5   |        |          |      |         |         |
|     k14_2_fu_106_p2                     |     |        | k14_2    | add  | fabric  | 0       |
|     fmul_32ns_32ns_32_4_max_dsp_1_U206  | 3   |        | v488     | fmul | maxdsp  | 3       |
|     fadd_32ns_32ns_32_7_full_dsp_1_U205 | 2   |        | v490     | fadd | fulldsp | 6       |
|  + pe_2_3                               | 5   |        |          |      |         |         |
|   + pe_2_3_Pipeline_l_S_k_0_k12         | 5   |        |          |      |         |         |
|     k12_2_fu_106_p2                     |     |        | k12_2    | add  | fabric  | 0       |
|     fmul_32ns_32ns_32_4_max_dsp_1_U182  | 3   |        | v434     | fmul | maxdsp  | 3       |
|     fadd_32ns_32ns_32_7_full_dsp_1_U181 | 2   |        | v436     | fadd | fulldsp | 6       |
|  + pe_3_2                               | 5   |        |          |      |         |         |
|   + pe_3_2_Pipeline_l_S_k_0_k15         | 5   |        |          |      |         |         |
|     k15_2_fu_106_p2                     |     |        | k15_2    | add  | fabric  | 0       |
|     fmul_32ns_32ns_32_4_max_dsp_1_U218  | 3   |        | v515     | fmul | maxdsp  | 3       |
|     fadd_32ns_32ns_32_7_full_dsp_1_U217 | 2   |        | v517     | fadd | fulldsp | 6       |
|  + pe_3_3                               | 5   |        |          |      |         |         |
|   + pe_3_3_Pipeline_l_S_k_0_k16         | 5   |        |          |      |         |         |
|     k16_2_fu_94_p2                      |     |        | k16_2    | add  | fabric  | 0       |
|     fmul_32ns_32ns_32_4_max_dsp_1_U230  | 3   |        | v541     | fmul | maxdsp  | 3       |
|     fadd_32ns_32ns_32_7_full_dsp_1_U229 | 2   |        | v543     | fadd | fulldsp | 6       |
+-----------------------------------------+-----+--------+----------+------+---------+---------+


================================================================
== Storage Report
================================================================
+-----------------+--------------+--------+------+------+--------+----------+------+---------+------------------+
| Name            | Usage        | Type   | BRAM | URAM | Pragma | Variable | Impl | Latency | Bitwidth, Depth, |
|                 |              |        |      |      |        |          |      |         | Banks            |
+-----------------+--------------+--------+------+------+--------+----------+------+---------+------------------+
| + tinytpu_vitis |              |        | 0    | 0    |        |          |      |         |                  |
|   v768_U        | fifo channel | stream |      |      |        | v768     | srl  | 0       | 32, 8, 1         |
|   v769_U        | fifo channel | stream |      |      |        | v769     | srl  | 0       | 32, 8, 1         |
|   v770_U        | fifo channel | stream |      |      |        | v770     | srl  | 0       | 32, 8, 1         |
|   v771_U        | fifo channel | stream |      |      |        | v771     | srl  | 0       | 32, 8, 1         |
|   v772_U        | fifo channel | stream |      |      |        | v772     | srl  | 0       | 32, 8, 1         |
|   v773_U        | fifo channel | stream |      |      |        | v773     | srl  | 0       | 32, 8, 1         |
|   v774_U        | fifo channel | stream |      |      |        | v774     | srl  | 0       | 32, 8, 1         |
|   v775_U        | fifo channel | stream |      |      |        | v775     | srl  | 0       | 32, 8, 1         |
|   v776_U        | fifo channel | stream |      |      |        | v776     | srl  | 0       | 32, 8, 1         |
|   v777_U        | fifo channel | stream |      |      |        | v777     | srl  | 0       | 32, 8, 1         |
|   v778_U        | fifo channel | stream |      |      |        | v778     | srl  | 0       | 32, 8, 1         |
|   v779_U        | fifo channel | stream |      |      |        | v779     | srl  | 0       | 32, 8, 1         |
|   v780_U        | fifo channel | stream |      |      |        | v780     | srl  | 0       | 32, 8, 1         |
|   v781_U        | fifo channel | stream |      |      |        | v781     | srl  | 0       | 32, 8, 1         |
|   v782_U        | fifo channel | stream |      |      |        | v782     | srl  | 0       | 32, 8, 1         |
|   v783_U        | fifo channel | stream |      |      |        | v783     | srl  | 0       | 32, 8, 1         |
|   v784_U        | fifo channel | stream |      |      |        | v784     | srl  | 0       | 32, 8, 1         |
|   v785_U        | fifo channel | stream |      |      |        | v785     | srl  | 0       | 32, 8, 1         |
|   v786_U        | fifo channel | stream |      |      |        | v786     | srl  | 0       | 32, 8, 1         |
|   v787_U        | fifo channel | stream |      |      |        | v787     | srl  | 0       | 32, 8, 1         |
|   v788_U        | fifo channel | stream |      |      |        | v788     | srl  | 0       | 32, 8, 1         |
|   v789_U        | fifo channel | stream |      |      |        | v789     | srl  | 0       | 32, 8, 1         |
|   v790_U        | fifo channel | stream |      |      |        | v790     | srl  | 0       | 32, 8, 1         |
|   v791_U        | fifo channel | stream |      |      |        | v791     | srl  | 0       | 32, 8, 1         |
|   v792_U        | fifo channel | stream |      |      |        | v792     | srl  | 0       | 32, 8, 1         |
|   v808_U        | fifo channel | stream |      |      |        | v808     | srl  | 0       | 32, 8, 1         |
|   v824_U        | fifo channel | stream |      |      |        | v824     | srl  | 0       | 32, 8, 1         |
|   v793_U        | fifo channel | stream |      |      |        | v793     | srl  | 0       | 32, 8, 1         |
|   v809_U        | fifo channel | stream |      |      |        | v809     | srl  | 0       | 32, 8, 1         |
|   v825_U        | fifo channel | stream |      |      |        | v825     | srl  | 0       | 32, 8, 1         |
|   v794_U        | fifo channel | stream |      |      |        | v794     | srl  | 0       | 32, 8, 1         |
|   v810_U        | fifo channel | stream |      |      |        | v810     | srl  | 0       | 32, 8, 1         |
|   v826_U        | fifo channel | stream |      |      |        | v826     | srl  | 0       | 32, 8, 1         |
|   v811_U        | fifo channel | stream |      |      |        | v811     | srl  | 0       | 32, 8, 1         |
|   v827_U        | fifo channel | stream |      |      |        | v827     | srl  | 0       | 32, 8, 1         |
|   v796_U        | fifo channel | stream |      |      |        | v796     | srl  | 0       | 32, 8, 1         |
|   v812_U        | fifo channel | stream |      |      |        | v812     | srl  | 0       | 32, 8, 1         |
|   v828_U        | fifo channel | stream |      |      |        | v828     | srl  | 0       | 32, 8, 1         |
|   v797_U        | fifo channel | stream |      |      |        | v797     | srl  | 0       | 32, 8, 1         |
|   v813_U        | fifo channel | stream |      |      |        | v813     | srl  | 0       | 32, 8, 1         |
|   v829_U        | fifo channel | stream |      |      |        | v829     | srl  | 0       | 32, 8, 1         |
|   v798_U        | fifo channel | stream |      |      |        | v798     | srl  | 0       | 32, 8, 1         |
|   v814_U        | fifo channel | stream |      |      |        | v814     | srl  | 0       | 32, 8, 1         |
|   v830_U        | fifo channel | stream |      |      |        | v830     | srl  | 0       | 32, 8, 1         |
|   v815_U        | fifo channel | stream |      |      |        | v815     | srl  | 0       | 32, 8, 1         |
|   v831_U        | fifo channel | stream |      |      |        | v831     | srl  | 0       | 32, 8, 1         |
|   v800_U        | fifo channel | stream |      |      |        | v800     | srl  | 0       | 32, 8, 1         |
|   v816_U        | fifo channel | stream |      |      |        | v816     | srl  | 0       | 32, 8, 1         |
|   v832_U        | fifo channel | stream |      |      |        | v832     | srl  | 0       | 32, 8, 1         |
|   v801_U        | fifo channel | stream |      |      |        | v801     | srl  | 0       | 32, 8, 1         |
|   v817_U        | fifo channel | stream |      |      |        | v817     | srl  | 0       | 32, 8, 1         |
|   v833_U        | fifo channel | stream |      |      |        | v833     | srl  | 0       | 32, 8, 1         |
|   v802_U        | fifo channel | stream |      |      |        | v802     | srl  | 0       | 32, 8, 1         |
|   v818_U        | fifo channel | stream |      |      |        | v818     | srl  | 0       | 32, 8, 1         |
|   v834_U        | fifo channel | stream |      |      |        | v834     | srl  | 0       | 32, 8, 1         |
|   v819_U        | fifo channel | stream |      |      |        | v819     | srl  | 0       | 32, 8, 1         |
|   v835_U        | fifo channel | stream |      |      |        | v835     | srl  | 0       | 32, 8, 1         |
|   v804_U        | fifo channel | stream |      |      |        | v804     | srl  | 0       | 32, 8, 1         |
|   v836_U        | fifo channel | stream |      |      |        | v836     | srl  | 0       | 32, 8, 1         |
|   v805_U        | fifo channel | stream |      |      |        | v805     | srl  | 0       | 32, 8, 1         |
|   v837_U        | fifo channel | stream |      |      |        | v837     | srl  | 0       | 32, 8, 1         |
|   v806_U        | fifo channel | stream |      |      |        | v806     | srl  | 0       | 32, 8, 1         |
|   v838_U        | fifo channel | stream |      |      |        | v838     | srl  | 0       | 32, 8, 1         |
|   v839_U        | fifo channel | stream |      |      |        | v839     | srl  | 0       | 32, 8, 1         |
+-----------------+--------------+--------+------+------+--------+----------+------+---------+------------------+


================================================================
== Pragma Report
================================================================
* Valid Pragma Syntax
+----------+-----------------------+----------------------------------------+
| Type     | Options               | Location                               |
+----------+-----------------------+----------------------------------------+
| dataflow |                       | kernel.cpp:1161 in tinytpu_vitis       |
| stream   | variable=v768 depth=8 | kernel.cpp:1163 in tinytpu_vitis, v768 |
| stream   | variable=v769 depth=8 | kernel.cpp:1165 in tinytpu_vitis, v769 |
| stream   | variable=v770 depth=8 | kernel.cpp:1167 in tinytpu_vitis, v770 |
| stream   | variable=v771 depth=8 | kernel.cpp:1169 in tinytpu_vitis, v771 |
| stream   | variable=v772 depth=8 | kernel.cpp:1171 in tinytpu_vitis, v772 |
| stream   | variable=v773 depth=8 | kernel.cpp:1173 in tinytpu_vitis, v773 |
| stream   | variable=v774 depth=8 | kernel.cpp:1175 in tinytpu_vitis, v774 |
| stream   | variable=v775 depth=8 | kernel.cpp:1177 in tinytpu_vitis, v775 |
| stream   | variable=v776 depth=8 | kernel.cpp:1179 in tinytpu_vitis, v776 |
| stream   | variable=v777 depth=8 | kernel.cpp:1181 in tinytpu_vitis, v777 |
| stream   | variable=v778 depth=8 | kernel.cpp:1183 in tinytpu_vitis, v778 |
| stream   | variable=v779 depth=8 | kernel.cpp:1185 in tinytpu_vitis, v779 |
| stream   | variable=v780 depth=8 | kernel.cpp:1187 in tinytpu_vitis, v780 |
| stream   | variable=v781 depth=8 | kernel.cpp:1189 in tinytpu_vitis, v781 |
| stream   | variable=v782 depth=8 | kernel.cpp:1191 in tinytpu_vitis, v782 |
| stream   | variable=v783 depth=8 | kernel.cpp:1193 in tinytpu_vitis, v783 |
| stream   | variable=v784 depth=8 | kernel.cpp:1195 in tinytpu_vitis, v784 |
| stream   | variable=v785 depth=8 | kernel.cpp:1197 in tinytpu_vitis, v785 |
| stream   | variable=v786 depth=8 | kernel.cpp:1199 in tinytpu_vitis, v786 |
| stream   | variable=v787 depth=8 | kernel.cpp:1201 in tinytpu_vitis, v787 |
| stream   | variable=v788 depth=8 | kernel.cpp:1203 in tinytpu_vitis, v788 |
| stream   | variable=v789 depth=8 | kernel.cpp:1205 in tinytpu_vitis, v789 |
| stream   | variable=v790 depth=8 | kernel.cpp:1207 in tinytpu_vitis, v790 |
| stream   | variable=v791 depth=8 | kernel.cpp:1209 in tinytpu_vitis, v791 |
| stream   | variable=v792 depth=8 | kernel.cpp:1211 in tinytpu_vitis, v792 |
| stream   | variable=v793 depth=8 | kernel.cpp:1213 in tinytpu_vitis, v793 |
| stream   | variable=v794 depth=8 | kernel.cpp:1215 in tinytpu_vitis, v794 |
| stream   | variable=v795 depth=8 | kernel.cpp:1217 in tinytpu_vitis, v795 |
| stream   | variable=v796 depth=8 | kernel.cpp:1219 in tinytpu_vitis, v796 |
| stream   | variable=v797 depth=8 | kernel.cpp:1221 in tinytpu_vitis, v797 |
| stream   | variable=v798 depth=8 | kernel.cpp:1223 in tinytpu_vitis, v798 |
| stream   | variable=v799 depth=8 | kernel.cpp:1225 in tinytpu_vitis, v799 |
| stream   | variable=v800 depth=8 | kernel.cpp:1227 in tinytpu_vitis, v800 |
| stream   | variable=v801 depth=8 | kernel.cpp:1229 in tinytpu_vitis, v801 |
| stream   | variable=v802 depth=8 | kernel.cpp:1231 in tinytpu_vitis, v802 |
| stream   | variable=v803 depth=8 | kernel.cpp:1233 in tinytpu_vitis, v803 |
| stream   | variable=v804 depth=8 | kernel.cpp:1235 in tinytpu_vitis, v804 |
| stream   | variable=v805 depth=8 | kernel.cpp:1237 in tinytpu_vitis, v805 |
| stream   | variable=v806 depth=8 | kernel.cpp:1239 in tinytpu_vitis, v806 |
| stream   | variable=v807 depth=8 | kernel.cpp:1241 in tinytpu_vitis, v807 |
| stream   | variable=v808 depth=8 | kernel.cpp:1243 in tinytpu_vitis, v808 |
| stream   | variable=v809 depth=8 | kernel.cpp:1245 in tinytpu_vitis, v809 |
| stream   | variable=v810 depth=8 | kernel.cpp:1247 in tinytpu_vitis, v810 |
| stream   | variable=v811 depth=8 | kernel.cpp:1249 in tinytpu_vitis, v811 |
| stream   | variable=v812 depth=8 | kernel.cpp:1251 in tinytpu_vitis, v812 |
| stream   | variable=v813 depth=8 | kernel.cpp:1253 in tinytpu_vitis, v813 |
| stream   | variable=v814 depth=8 | kernel.cpp:1255 in tinytpu_vitis, v814 |
| stream   | variable=v815 depth=8 | kernel.cpp:1257 in tinytpu_vitis, v815 |
| stream   | variable=v816 depth=8 | kernel.cpp:1259 in tinytpu_vitis, v816 |
| stream   | variable=v817 depth=8 | kernel.cpp:1261 in tinytpu_vitis, v817 |
| stream   | variable=v818 depth=8 | kernel.cpp:1263 in tinytpu_vitis, v818 |
| stream   | variable=v819 depth=8 | kernel.cpp:1265 in tinytpu_vitis, v819 |
| stream   | variable=v820 depth=8 | kernel.cpp:1267 in tinytpu_vitis, v820 |
| stream   | variable=v821 depth=8 | kernel.cpp:1269 in tinytpu_vitis, v821 |
| stream   | variable=v822 depth=8 | kernel.cpp:1271 in tinytpu_vitis, v822 |
| stream   | variable=v823 depth=8 | kernel.cpp:1273 in tinytpu_vitis, v823 |
| stream   | variable=v824 depth=8 | kernel.cpp:1275 in tinytpu_vitis, v824 |
| stream   | variable=v825 depth=8 | kernel.cpp:1277 in tinytpu_vitis, v825 |
| stream   | variable=v826 depth=8 | kernel.cpp:1279 in tinytpu_vitis, v826 |
| stream   | variable=v827 depth=8 | kernel.cpp:1281 in tinytpu_vitis, v827 |
| stream   | variable=v828 depth=8 | kernel.cpp:1283 in tinytpu_vitis, v828 |
| stream   | variable=v829 depth=8 | kernel.cpp:1285 in tinytpu_vitis, v829 |
| stream   | variable=v830 depth=8 | kernel.cpp:1287 in tinytpu_vitis, v830 |
| stream   | variable=v831 depth=8 | kernel.cpp:1289 in tinytpu_vitis, v831 |
| stream   | variable=v832 depth=8 | kernel.cpp:1291 in tinytpu_vitis, v832 |
| stream   | variable=v833 depth=8 | kernel.cpp:1293 in tinytpu_vitis, v833 |
| stream   | variable=v834 depth=8 | kernel.cpp:1295 in tinytpu_vitis, v834 |
| stream   | variable=v835 depth=8 | kernel.cpp:1297 in tinytpu_vitis, v835 |
| stream   | variable=v836 depth=8 | kernel.cpp:1299 in tinytpu_vitis, v836 |
| stream   | variable=v837 depth=8 | kernel.cpp:1301 in tinytpu_vitis, v837 |
| stream   | variable=v838 depth=8 | kernel.cpp:1303 in tinytpu_vitis, v838 |
| stream   | variable=v839 depth=8 | kernel.cpp:1305 in tinytpu_vitis, v839 |
+----------+-----------------------+----------------------------------------+


