Warning: Layer 'metal1' is missing the optional 'edge capacitance' attribute. (PSYN-101)
Warning: Layer 'metal2' is missing the optional 'edge capacitance' attribute. (PSYN-101)
Warning: Layer 'metal3' is missing the optional 'edge capacitance' attribute. (PSYN-101)
Warning: Layer 'metal4' is missing the optional 'edge capacitance' attribute. (PSYN-101)
Warning: Layer 'metal5' is missing the optional 'edge capacitance' attribute. (PSYN-101)
Warning: Layer 'metal6' is missing the optional 'edge capacitance' attribute. (PSYN-101)
Warning: Layer 'metal7' is missing the optional 'edge capacitance' attribute. (PSYN-101)
Warning: Layer 'metal8' is missing the optional 'edge capacitance' attribute. (PSYN-101)
Warning: Layer 'metal9' is missing the optional 'edge capacitance' attribute. (PSYN-101)
Warning: Layer 'metal10' is missing the optional 'edge capacitance' attribute. (PSYN-101)
 
****************************************
Report : area
Design : Gemmini
Version: W-2024.09
Date   : Thu Sep 24 05:08:20 2026
****************************************

Library(s) Used:

    NangateOpenCellLibrary (File: /scratch/users/sk3463/builds/gemmini-dim8-full/4-synopsys-dc-synthesis/inputs/adk/stdcells.db)

Number of ports:                        57743
Number of nets:                        563199
Number of cells:                       504456
Number of combinational cells:         337116
Number of sequential cells:            154396
Number of macros/black boxes:               0
Number of buf/inv:                      56693
Number of references:                   12644

Combinational area:             447224.474901
Buf/Inv area:                    37250.373904
Noncombinational area:          691354.192921
Macro/Black Box area:                0.000000
Net Interconnect area:      undefined  (Wire load has zero net area)

Total cell area:               1138578.667822
Total area:                 undefined

