 
****************************************
Report : qor
Design : Gemmini
Version: W-2024.09
Date   : Tue Sep 22 16:36:48 2026
****************************************


  Timing Path Group 'REGIN'
  -----------------------------------
  Levels of Logic:              52.00
  Critical Path Length:          1.55
  Critical Path Slack:           0.08
  Critical Path Clk Period:      3.33
  Total Negative Slack:          0.00
  No. of Violating Paths:        0.00
  Worst Hold Violation:          0.00
  Total Hold Violation:          0.00
  No. of Hold Violations:        0.00
  -----------------------------------

  Timing Path Group 'REGOUT'
  -----------------------------------
  Levels of Logic:              50.00
  Critical Path Length:          1.84
  Critical Path Slack:           1.49
  Critical Path Clk Period:      3.33
  Total Negative Slack:          0.00
  No. of Violating Paths:        0.00
  Worst Hold Violation:          0.00
  Total Hold Violation:          0.00
  No. of Hold Violations:        0.00
  -----------------------------------

  Timing Path Group 'ideal_clock'
  -----------------------------------
  Levels of Logic:             113.00
  Critical Path Length:          3.29
  Critical Path Slack:           0.00
  Critical Path Clk Period:      3.33
  Total Negative Slack:          0.00
  No. of Violating Paths:        0.00
  Worst Hold Violation:          0.00
  Total Hold Violation:          0.00
  No. of Hold Violations:        0.00
  -----------------------------------


  Cell Count
  -----------------------------------
  Hierarchical Cell Count:      12782
  Hierarchical Port Count:      55028
  Leaf Cell Count:             407538
  Buf/Inv Cell Count:           42793
  Buf Cell Count:               16410
  Inv Cell Count:               26383
  CT Buf/Inv Cell Count:            0
  Combinational Cell Count:    264174
  Sequential Cell Count:       143364
  Macro Count:                      0
  -----------------------------------


  Area
  -----------------------------------
  Combinational Area:   349404.303614
  Noncombinational Area:
                        641533.724706
  Buf/Inv Area:          28326.073796
  Total Buffer Area:         13710.97
  Total Inverter Area:       14615.10
  Macro/Black Box Area:      0.000000
  Net Area:                  0.000000
  Net XLength        :     4461178.50
  Net YLength        :     4399727.50
  -----------------------------------
  Cell Area:            990938.028320
  Design Area:          990938.028320
  Net Length        :      8860906.00


  Design Rules
  -----------------------------------
  Total Number of Nets:        422134
  Nets With Violations:           106
  Max Trans Violations:             0
  Max Cap Violations:               1
  Max Fanout Violations:          105
  -----------------------------------


  Hostname: zhang-21.ece.cornell.edu

  Compile CPU Statistics
  -----------------------------------------
  Resource Sharing:                  187.82
  Logic Optimization:               5013.53
  Mapping Optimization:             6214.79
  -----------------------------------------
  Overall Compile Time:            14887.35
  Overall Compile Wall Clock Time:  3367.98

  --------------------------------------------------------------------

  Design  WNS: 0.00  TNS: 0.00  Number of Violating Paths: 0


  Design (Hold)  WNS: 0.00  TNS: 0.00  Number of Violating Paths: 0

  --------------------------------------------------------------------


1
