 
****************************************
Report : qor
Design : tinytpu_isa
Version: W-2024.09
Date   : Tue Sep 22 18:19:38 2026
****************************************


  Timing Path Group 'FEEDTHROUGH'
  -----------------------------------
  Levels of Logic:               9.00
  Critical Path Length:          0.56
  Critical Path Slack:           1.10
  Critical Path Clk Period:      3.33
  Total Negative Slack:          0.00
  No. of Violating Paths:        0.00
  Worst Hold Violation:          0.00
  Total Hold Violation:          0.00
  No. of Hold Violations:        0.00
  -----------------------------------

  Timing Path Group 'REGIN'
  -----------------------------------
  Levels of Logic:               6.00
  Critical Path Length:          0.94
  Critical Path Slack:           0.69
  Critical Path Clk Period:      3.33
  Total Negative Slack:          0.00
  No. of Violating Paths:        0.00
  Worst Hold Violation:          0.00
  Total Hold Violation:          0.00
  No. of Hold Violations:        0.00
  -----------------------------------

  Timing Path Group 'REGOUT'
  -----------------------------------
  Levels of Logic:               8.00
  Critical Path Length:          0.88
  Critical Path Slack:           2.45
  Critical Path Clk Period:      3.33
  Total Negative Slack:          0.00
  No. of Violating Paths:        0.00
  Worst Hold Violation:          0.00
  Total Hold Violation:          0.00
  No. of Hold Violations:        0.00
  -----------------------------------

  Timing Path Group 'ideal_clock'
  -----------------------------------
  Levels of Logic:              62.00
  Critical Path Length:          3.08
  Critical Path Slack:           0.21
  Critical Path Clk Period:      3.33
  Total Negative Slack:          0.00
  No. of Violating Paths:        0.00
  Worst Hold Violation:          0.00
  Total Hold Violation:          0.00
  No. of Hold Violations:        0.00
  -----------------------------------


  Cell Count
  -----------------------------------
  Hierarchical Cell Count:       3323
  Hierarchical Port Count:      20638
  Leaf Cell Count:             473894
  Buf/Inv Cell Count:           40845
  Buf Cell Count:               29940
  Inv Cell Count:               10905
  CT Buf/Inv Cell Count:            0
  Combinational Cell Count:    226028
  Sequential Cell Count:       247866
  Macro Count:                      0
  -----------------------------------


  Area
  -----------------------------------
  Combinational Area:   277857.753826
  Noncombinational Area:
                       1119108.243920
  Buf/Inv Area:          30279.843427
  Total Buffer Area:         24477.85
  Total Inverter Area:        5801.99
  Macro/Black Box Area:      0.000000
  Net Area:                  0.000000
  Net XLength        :     6279807.00
  Net YLength        :     7148017.50
  -----------------------------------
  Cell Area:           1396965.997746
  Design Area:         1396965.997746
  Net Length        :     13427824.00


  Design Rules
  -----------------------------------
  Total Number of Nets:        478336
  Nets With Violations:           259
  Max Trans Violations:             0
  Max Cap Violations:             259
  -----------------------------------


  Hostname: zhang-21.ece.cornell.edu

  Compile CPU Statistics
  -----------------------------------------
  Resource Sharing:                  152.73
  Logic Optimization:               1199.76
  Mapping Optimization:             1786.23
  -----------------------------------------
  Overall Compile Time:             6265.51
  Overall Compile Wall Clock Time:  2142.74

  --------------------------------------------------------------------

  Design  WNS: 0.00  TNS: 0.00  Number of Violating Paths: 0


  Design (Hold)  WNS: 0.00  TNS: 0.00  Number of Violating Paths: 0

  --------------------------------------------------------------------


1
