 
****************************************
Report : qor
Design : vpu_bf16_mul
Version: W-2024.09
Date   : Fri Oct  2 04:40:07 2026
****************************************


  Timing Path Group 'ideal_clock'
  -----------------------------------
  Levels of Logic:              30.00
  Critical Path Length:          2.70
  Critical Path Slack:           0.63
  Critical Path Clk Period:      3.33
  Total Negative Slack:          0.00
  No. of Violating Paths:        0.00
  Worst Hold Violation:          0.00
  Total Hold Violation:          0.00
  No. of Hold Violations:        0.00
  -----------------------------------


  Cell Count
  -----------------------------------
  Hierarchical Cell Count:          0
  Hierarchical Port Count:          0
  Leaf Cell Count:                278
  Buf/Inv Cell Count:              38
  Buf Cell Count:                   0
  Inv Cell Count:                  38
  CT Buf/Inv Cell Count:            0
  Combinational Cell Count:       278
  Sequential Cell Count:            0
  Macro Count:                      0
  -----------------------------------


  Area
  -----------------------------------
  Combinational Area:      438.368001
  Noncombinational Area:     0.000000
  Buf/Inv Area:             20.216000
  Total Buffer Area:             0.00
  Total Inverter Area:          20.22
  Macro/Black Box Area:      0.000000
  Net Area:                  0.000000
  -----------------------------------
  Cell Area:               438.368001
  Design Area:             438.368001


  Design Rules
  -----------------------------------
  Total Number of Nets:           359
  Nets With Violations:             0
  Max Trans Violations:             0
  Max Cap Violations:               0
  -----------------------------------


  Hostname: zhang-21.ece.cornell.edu

  Compile CPU Statistics
  -----------------------------------------
  Resource Sharing:                    0.16
  Logic Optimization:                  0.46
  Mapping Optimization:                1.01
  -----------------------------------------
  Overall Compile Time:                3.93
  Overall Compile Wall Clock Time:     3.45

  --------------------------------------------------------------------

  Design  WNS: 0.00  TNS: 0.00  Number of Violating Paths: 0


  Design (Hold)  WNS: 0.00  TNS: 0.00  Number of Violating Paths: 0

  --------------------------------------------------------------------


1
