 
****************************************
Report : area
Design : u4_loop_ctrl
Version: W-2024.09
Date   : Thu Oct  8 10:06:16 2026
****************************************

Information: Updating design information... (UID-85)
Library(s) Used:

    NangateOpenCellLibrary (File: /scratch/users/sk3463/build_T4_MAXDIM16_shipped_baseline/1-freepdk-45nm/view-standard/stdcells.db)

Number of ports:                         1085
Number of nets:                          8163
Number of cells:                         7523
Number of combinational cells:           3788
Number of sequential cells:              3687
Number of macros/black boxes:               0
Number of buf/inv:                        505
Number of references:                      51

Combinational area:               4348.834074
Buf/Inv area:                      358.301994
Noncombinational area:           17103.533594
Macro/Black Box area:                0.000000
Net Interconnect area:      undefined  (Wire load has zero net area)

Total cell area:                 21452.367668
Total area:                 undefined
1
