 
****************************************
Report : area
Design : u4_seq_decoder
Version: W-2024.09
Date   : Thu Oct  8 09:47:37 2026
****************************************

Information: Updating design information... (UID-85)
Library(s) Used:

    NangateOpenCellLibrary (File: /scratch/users/sk3463/build_T4_MAXDIM16_shipped_baseline/1-freepdk-45nm/view-standard/stdcells.db)

Number of ports:                          362
Number of nets:                           425
Number of cells:                          313
Number of combinational cells:            312
Number of sequential cells:                 0
Number of macros/black boxes:               0
Number of buf/inv:                         98
Number of references:                      13

Combinational area:                254.827997
Buf/Inv area:                       62.775999
Noncombinational area:               0.000000
Macro/Black Box area:                0.000000
Net Interconnect area:      undefined  (Wire load has zero net area)

Total cell area:                   254.827997
Total area:                 undefined
1
