
        SystemC 2.3.3-Accellera --- Jun  7 2022 13:10:00
        Copyright (c) 1996-2018 by all Contributors,
        ALL RIGHTS RESERVED
csim.sh: line 11: 4005281 Segmentation fault      (core dumped) LD_LIBRARY_PATH="$MGC_HOME/lib:$LIB" ./csim_sim
Command exited with non-zero status 139
	Command being timed: "bash csim.sh"
	User time (seconds): 18.01
	System time (seconds): 1.13
	Percent of CPU this job got: 96%
	Elapsed (wall clock) time (h:mm:ss or m:ss): 0:19.84
	Average shared text size (kbytes): 0
	Average unshared data size (kbytes): 0
	Average stack size (kbytes): 0
	Average total size (kbytes): 0
	Maximum resident set size (kbytes): 1138572
	Average resident set size (kbytes): 0
	Major (requiring I/O) page faults: 0
	Minor (reclaiming a frame) page faults: 386892
	Voluntary context switches: 1096
	Involuntary context switches: 43
	Swaps: 0
	File system inputs: 0
	File system outputs: 78488
	Socket messages sent: 0
	Socket messages received: 0
	Signals delivered: 0
	Page size (bytes): 4096
	Exit status: 139
