

================================================================
== Synthesis Summary Report of 'tinytpu_isa'
================================================================
+ General Information: 
    * Date:           Wed Sep  9 21:04:10 2026
    * Version:        2023.2 (Build 4023990 on Oct 11 2023)
    * Project:        out.prj
    * Solution:       solution1 (Vivado IP Flow Target)
    * Product family: virtexuplusHBM
    * Target device:  xcu280-fsvh2892-2L-e
    

+ Performance & Resource Estimates: 
    
    PS: '+' for module; 'o' for loop; '*' for dataflow
    +------------------------------------------+--------+-------+-----------+-----------+----------+----------+-------+----------+----------+----------+-------------+------------+-----+
    |                  Modules                 |  Issue |       |  Latency  |  Latency  | Iteration|          |  Trip |          |          |          |             |            |     |
    |                  & Loops                 |  Type  | Slack |  (cycles) |    (ns)   |  Latency | Interval | Count | Pipelined|   BRAM   |    DSP   |      FF     |     LUT    | URAM|
    +------------------------------------------+--------+-------+-----------+-----------+----------+----------+-------+----------+----------+----------+-------------+------------+-----+
    |+ tinytpu_isa*                            |  Timing|  -0.00|   67434770|  2.246e+08|         -|  67434488|      -|  dataflow|  20 (~0%)|  12 (~0%)|  11789 (~0%)|  16816 (1%)|    -|
    | + entry_proc                             |       -|   1.22|          0|      0.000|         -|         0|      -|        no|         -|         -|      2 (~0%)|    20 (~0%)|    -|
    | + load_buf0_1                            |  Timing|  -0.00|         86|    286.380|         -|        76|      -|    rewind|         -|         -|    602 (~0%)|   259 (~0%)|    -|
    |  o l_S_load_buf0_load_buf0_l_0           |       -|   2.43|         85|    283.050|        11|         1|     76|       yes|         -|         -|            -|           -|    -|
    | + load_buf1_1                            |  Timing|  -0.00|        266|    885.780|         -|       256|      -|    rewind|         -|         -|    495 (~0%)|   277 (~0%)|    -|
    |  o l_S_load_buf1_load_buf1_l_0           |       -|   2.43|        265|    882.450|        11|         1|    256|       yes|         -|         -|            -|           -|    -|
    | + load_buf2_1                            |  Timing|  -0.00|        266|    885.780|         -|       256|      -|    rewind|         -|         -|    495 (~0%)|   277 (~0%)|    -|
    |  o l_S_load_buf2_load_buf2_l_0           |       -|   2.43|        265|    882.450|        11|         1|    256|       yes|         -|         -|            -|           -|    -|
    | + sequencer_0                            |       -|   0.02|      32777|  1.091e+05|         -|     32777|      -|        no|         -|         -|    373 (~0%)|   447 (~0%)|    -|
    |  + sequencer_0_Pipeline_VITIS_LOOP_52_1  |       -|   0.14|      32770|  1.091e+05|         -|     32770|      -|        no|         -|         -|     90 (~0%)|   146 (~0%)|    -|
    |   o VITIS_LOOP_52_1                      |       -|   2.43|      32768|  1.091e+05|         3|         1|  32767|       yes|         -|         -|            -|           -|    -|
    | + dma_ld_0                               |       -|   0.06|    4358012|  1.451e+07|         -|   4358012|      -|        no|         -|         -|     89 (~0%)|   292 (~0%)|    -|
    |  o VITIS_LOOP_131_1                      |       -|   2.43|    4358011|  1.451e+07|       133|         -|  32767|        no|         -|         -|            -|           -|    -|
    |   + dma_ld_0_Pipeline_VITIS_LOOP_182_2   |       -|   0.06|        129|    429.570|         -|       129|      -|        no|         -|         -|     10 (~0%)|   144 (~0%)|    -|
    |    o VITIS_LOOP_182_2                    |       -|   2.43|        127|    422.910|         2|         1|    127|       yes|         -|         -|            -|           -|    -|
    | + spm_0                                  |       -|   0.02|    4358527|  1.451e+07|         -|   4358527|      -|        no|   1 (~0%)|         -|    130 (~0%)|   455 (~0%)|    -|
    |  + spm_0_Pipeline_VITIS_LOOP_386_1       |       -|   0.12|        514|  1.712e+03|         -|       514|      -|        no|         -|         -|     12 (~0%)|    62 (~0%)|    -|
    |   o VITIS_LOOP_386_1                     |       -|   2.43|        512|  1.705e+03|         1|         1|    512|       yes|         -|         -|            -|           -|    -|
    |  o VITIS_LOOP_401_2                      |       -|   2.43|    4358011|  1.451e+07|       133|         -|  32767|        no|         -|         -|            -|           -|    -|
    |   + spm_0_Pipeline_VITIS_LOOP_467_4      |       -|   0.02|        129|    429.570|         -|       129|      -|        no|         -|         -|     10 (~0%)|    94 (~0%)|    -|
    |    o VITIS_LOOP_467_4                    |       -|   2.43|        127|    422.910|         2|         1|    127|       yes|         -|         -|            -|           -|    -|
    |   + spm_0_Pipeline_VITIS_LOOP_452_3      |       -|   0.02|        129|    429.570|         -|       129|      -|        no|         -|         -|     19 (~0%)|    94 (~0%)|    -|
    |    o VITIS_LOOP_452_3                    |       -|   2.43|        127|    422.910|         2|         1|    127|       yes|         -|         -|            -|           -|    -|
    | + vru_0                                  |  Timing|  -0.00|    4489339|  1.495e+07|         -|   4489339|      -|        no|   1 (~0%)|         -|    207 (~0%)|   591 (~0%)|    -|
    |  + vru_0_Pipeline_VITIS_LOOP_510_1       |       -|   0.13|        258|    859.140|         -|       258|      -|        no|         -|         -|     11 (~0%)|    60 (~0%)|    -|
    |   o VITIS_LOOP_510_1                     |       -|   2.43|        256|    852.480|         1|         1|    256|       yes|         -|         -|            -|           -|    -|
    |  o VITIS_LOOP_520_2                      |       -|   2.43|    4489079|  1.495e+07|       137|         -|  32767|        no|         -|         -|            -|           -|    -|
    |   + vru_0_Pipeline_VITIS_LOOP_571_3      |       -|   0.02|        129|    429.570|         -|       129|      -|        no|         -|         -|     18 (~0%)|    93 (~0%)|    -|
    |    o VITIS_LOOP_571_3                    |       -|   2.43|        127|    422.910|         2|         1|    127|       yes|         -|         -|            -|           -|    -|
    |   + vru_0_Pipeline_VITIS_LOOP_632_4      |       -|   0.02|        129|    429.570|         -|       129|      -|        no|         -|         -|     10 (~0%)|    93 (~0%)|    -|
    |    o VITIS_LOOP_632_4                    |       -|   2.43|        127|    422.910|         2|         1|    127|       yes|         -|         -|            -|           -|    -|
    | + pe_0_0                                 |  Timing|  -0.00|   67434487|  2.246e+08|         -|  67434487|      -|        no|         -|         -|    224 (~0%)|   375 (~0%)|    -|
    |  o VITIS_LOOP_676_1                      |       -|   2.43|   67434486|  2.246e+08|      2058|         -|  32767|        no|         -|         -|            -|           -|    -|
    |   + pe_0_0_Pipeline_VITIS_LOOP_711_2     |       -|   0.88|       2051|  6.830e+03|         -|      2051|      -|        no|         -|         -|    130 (~0%)|   155 (~0%)|    -|
    |    o VITIS_LOOP_711_2                    |       -|   2.43|       2049|  6.823e+03|         4|         1|   2047|       yes|         -|         -|            -|           -|    -|
    | + pe_0_1                                 |  Timing|  -0.00|   67368953|  2.243e+08|         -|  67368953|      -|        no|         -|         -|    126 (~0%)|   304 (~0%)|    -|
    |  o VITIS_LOOP_778_1                      |       -|   2.43|   67368952|  2.243e+08|      2056|         -|  32767|        no|         -|         -|            -|           -|    -|
    |   + pe_0_1_Pipeline_VITIS_LOOP_805_2     |       -|   0.88|       2051|  6.830e+03|         -|      2051|      -|        no|         -|         -|     66 (~0%)|   146 (~0%)|    -|
    |    o VITIS_LOOP_805_2                    |       -|   2.43|       2049|  6.823e+03|         4|         1|   2047|       yes|         -|         -|            -|           -|    -|
    | + pe_1_0                                 |  Timing|  -0.00|   67434487|  2.246e+08|         -|  67434487|      -|        no|         -|   1 (~0%)|    361 (~0%)|   413 (~0%)|    -|
    |  o VITIS_LOOP_1031_1                     |       -|   2.43|   67434486|  2.246e+08|      2058|         -|  32767|        no|         -|         -|            -|           -|    -|
    |   + pe_1_0_Pipeline_VITIS_LOOP_1064_2    |       -|   0.22|       2052|  6.833e+03|         -|      2052|      -|        no|         -|   1 (~0%)|    268 (~0%)|   190 (~0%)|    -|
    |    o VITIS_LOOP_1064_2                   |       -|   2.43|       2050|  6.826e+03|         5|         1|   2047|       yes|         -|         -|            -|           -|    -|
    | + pe_0_2                                 |  Timing|  -0.00|   67368953|  2.243e+08|         -|  67368953|      -|        no|         -|         -|    126 (~0%)|   304 (~0%)|    -|
    |  o VITIS_LOOP_864_1                      |       -|   2.43|   67368952|  2.243e+08|      2056|         -|  32767|        no|         -|         -|            -|           -|    -|
    |   + pe_0_2_Pipeline_VITIS_LOOP_891_2     |       -|   0.88|       2051|  6.830e+03|         -|      2051|      -|        no|         -|         -|     66 (~0%)|   146 (~0%)|    -|
    |    o VITIS_LOOP_891_2                    |       -|   2.43|       2049|  6.823e+03|         4|         1|   2047|       yes|         -|         -|            -|           -|    -|
    | + pe_1_1                                 |  Timing|  -0.00|   67401720|  2.244e+08|         -|  67401720|      -|        no|         -|   1 (~0%)|    232 (~0%)|   316 (~0%)|    -|
    |  o VITIS_LOOP_1134_1                     |       -|   2.43|   67401719|  2.244e+08|      2057|         -|  32767|        no|         -|         -|            -|           -|    -|
    |   + pe_1_1_Pipeline_VITIS_LOOP_1161_2    |       -|   0.22|       2052|  6.833e+03|         -|      2052|      -|        no|         -|   1 (~0%)|    172 (~0%)|   149 (~0%)|    -|
    |    o VITIS_LOOP_1161_2                   |       -|   2.43|       2050|  6.826e+03|         5|         1|   2047|       yes|         -|         -|            -|           -|    -|
    | + pe_2_0                                 |  Timing|  -0.00|   67401720|  2.244e+08|         -|  67401720|      -|        no|         -|   1 (~0%)|    360 (~0%)|   405 (~0%)|    -|
    |  o VITIS_LOOP_1395_1                     |       -|   2.43|   67401719|  2.244e+08|      2057|         -|  32767|        no|         -|         -|            -|           -|    -|
    |   + pe_2_0_Pipeline_VITIS_LOOP_1426_2    |       -|   0.22|       2052|  6.833e+03|         -|      2052|      -|        no|         -|   1 (~0%)|    268 (~0%)|   190 (~0%)|    -|
    |    o VITIS_LOOP_1426_2                   |       -|   2.43|       2050|  6.826e+03|         5|         1|   2047|       yes|         -|         -|            -|           -|    -|
    | + pe_0_3                                 |       -|   0.43|   67336186|  2.242e+08|         -|  67336186|      -|        no|         -|         -|    117 (~0%)|   269 (~0%)|    -|
    |  o VITIS_LOOP_946_1                      |       -|   2.43|   67336185|  2.242e+08|      2055|         -|  32767|        no|         -|         -|            -|           -|    -|
    |   + pe_0_3_Pipeline_VITIS_LOOP_969_2     |       -|   0.88|       2051|  6.830e+03|         -|      2051|      -|        no|         -|         -|     58 (~0%)|   135 (~0%)|    -|
    |    o VITIS_LOOP_969_2                    |       -|   2.43|       2049|  6.823e+03|         4|         1|   2047|       yes|         -|         -|            -|           -|    -|
    | + pe_1_2                                 |  Timing|  -0.00|   67401720|  2.244e+08|         -|  67401720|      -|        no|         -|   1 (~0%)|    232 (~0%)|   316 (~0%)|    -|
    |  o VITIS_LOOP_1223_1                     |       -|   2.43|   67401719|  2.244e+08|      2057|         -|  32767|        no|         -|         -|            -|           -|    -|
    |   + pe_1_2_Pipeline_VITIS_LOOP_1250_2    |       -|   0.22|       2052|  6.833e+03|         -|      2052|      -|        no|         -|   1 (~0%)|    172 (~0%)|   149 (~0%)|    -|
    |    o VITIS_LOOP_1250_2                   |       -|   2.43|       2050|  6.826e+03|         5|         1|   2047|       yes|         -|         -|            -|           -|    -|
    | + pe_2_1                                 |  Timing|  -0.00|   67401720|  2.244e+08|         -|  67401720|      -|        no|         -|   1 (~0%)|    232 (~0%)|   316 (~0%)|    -|
    |  o VITIS_LOOP_1496_1                     |       -|   2.43|   67401719|  2.244e+08|      2057|         -|  32767|        no|         -|         -|            -|           -|    -|
    |   + pe_2_1_Pipeline_VITIS_LOOP_1523_2    |       -|   0.22|       2052|  6.833e+03|         -|      2052|      -|        no|         -|   1 (~0%)|    172 (~0%)|   149 (~0%)|    -|
    |    o VITIS_LOOP_1523_2                   |       -|   2.43|       2050|  6.826e+03|         5|         1|   2047|       yes|         -|         -|            -|           -|    -|
    | + pe_3_0                                 |  Timing|  -0.00|   67401720|  2.244e+08|         -|  67401720|      -|        no|         -|   1 (~0%)|    231 (~0%)|   307 (~0%)|    -|
    |  o VITIS_LOOP_1753_1                     |       -|   2.43|   67401719|  2.244e+08|      2057|         -|  32767|        no|         -|         -|            -|           -|    -|
    |   + pe_3_0_Pipeline_VITIS_LOOP_1780_2    |       -|   0.22|       2052|  6.833e+03|         -|      2052|      -|        no|         -|   1 (~0%)|    172 (~0%)|   149 (~0%)|    -|
    |    o VITIS_LOOP_1780_2                   |       -|   2.43|       2050|  6.826e+03|         5|         1|   2047|       yes|         -|         -|            -|           -|    -|
    | + pe_1_3                                 |       -|   0.22|   67368953|  2.243e+08|         -|  67368953|      -|        no|         -|   1 (~0%)|    159 (~0%)|   249 (~0%)|    -|
    |  o VITIS_LOOP_1308_1                     |       -|   2.43|   67368952|  2.243e+08|      2056|         -|  32767|        no|         -|         -|            -|           -|    -|
    |   + pe_1_3_Pipeline_VITIS_LOOP_1331_2    |       -|   0.22|       2052|  6.833e+03|         -|      2052|      -|        no|         -|   1 (~0%)|    100 (~0%)|   106 (~0%)|    -|
    |    o VITIS_LOOP_1331_2                   |       -|   2.43|       2050|  6.826e+03|         5|         1|   2047|       yes|         -|         -|            -|           -|    -|
    | + pe_2_2                                 |  Timing|  -0.00|   67401720|  2.244e+08|         -|  67401720|      -|        no|         -|   1 (~0%)|    232 (~0%)|   316 (~0%)|    -|
    |  o VITIS_LOOP_1585_1                     |       -|   2.43|   67401719|  2.244e+08|      2057|         -|  32767|        no|         -|         -|            -|           -|    -|
    |   + pe_2_2_Pipeline_VITIS_LOOP_1612_2    |       -|   0.22|       2052|  6.833e+03|         -|      2052|      -|        no|         -|   1 (~0%)|    172 (~0%)|   149 (~0%)|    -|
    |    o VITIS_LOOP_1612_2                   |       -|   2.43|       2050|  6.826e+03|         5|         1|   2047|       yes|         -|         -|            -|           -|    -|
    | + pe_3_1                                 |  Timing|  -0.00|   67401720|  2.244e+08|         -|  67401720|      -|        no|         -|   1 (~0%)|    423 (~0%)|   357 (~0%)|    -|
    |  o VITIS_LOOP_1858_1                     |       -|   2.43|   67401719|  2.244e+08|      2057|         -|  32767|        no|         -|         -|            -|           -|    -|
    |   + pe_3_1_Pipeline_VITIS_LOOP_1885_2    |       -|   0.22|       2052|  6.833e+03|         -|      2052|      -|        no|         -|   1 (~0%)|    364 (~0%)|   190 (~0%)|    -|
    |    o VITIS_LOOP_1885_2                   |       -|   2.43|       2050|  6.826e+03|         5|         1|   2047|       yes|         -|         -|            -|           -|    -|
    | + pe_2_3                                 |       -|   0.22|   67368953|  2.243e+08|         -|  67368953|      -|        no|         -|   1 (~0%)|    159 (~0%)|   249 (~0%)|    -|
    |  o VITIS_LOOP_1670_1                     |       -|   2.43|   67368952|  2.243e+08|      2056|         -|  32767|        no|         -|         -|            -|           -|    -|
    |   + pe_2_3_Pipeline_VITIS_LOOP_1693_2    |       -|   0.22|       2052|  6.833e+03|         -|      2052|      -|        no|         -|   1 (~0%)|    100 (~0%)|   106 (~0%)|    -|
    |    o VITIS_LOOP_1693_2                   |       -|   2.43|       2050|  6.826e+03|         5|         1|   2047|       yes|         -|         -|            -|           -|    -|
    | + pe_3_2                                 |  Timing|  -0.00|   67401720|  2.244e+08|         -|  67401720|      -|        no|         -|   1 (~0%)|    423 (~0%)|   357 (~0%)|    -|
    |  o VITIS_LOOP_1959_1                     |       -|   2.43|   67401719|  2.244e+08|      2057|         -|  32767|        no|         -|         -|            -|           -|    -|
    |   + pe_3_2_Pipeline_VITIS_LOOP_1986_2    |       -|   0.22|       2052|  6.833e+03|         -|      2052|      -|        no|         -|   1 (~0%)|    364 (~0%)|   190 (~0%)|    -|
    |    o VITIS_LOOP_1986_2                   |       -|   2.43|       2050|  6.826e+03|         5|         1|   2047|       yes|         -|         -|            -|           -|    -|
    | + pe_3_3                                 |       -|   0.22|   67368953|  2.243e+08|         -|  67368953|      -|        no|         -|   1 (~0%)|    350 (~0%)|   290 (~0%)|    -|
    |  o VITIS_LOOP_2056_1                     |       -|   2.43|   67368952|  2.243e+08|      2056|         -|  32767|        no|         -|         -|            -|           -|    -|
    |   + pe_3_3_Pipeline_VITIS_LOOP_2079_2    |       -|   0.22|       2052|  6.833e+03|         -|      2052|      -|        no|         -|   1 (~0%)|    292 (~0%)|   147 (~0%)|    -|
    |    o VITIS_LOOP_2079_2                   |       -|   2.43|       2050|  6.826e+03|         5|         1|   2047|       yes|         -|         -|            -|           -|    -|
    | + accu_0                                 |       -|   0.00|    8552319|  2.848e+07|         -|   8552319|      -|        no|   4 (~0%)|         -|   1270 (~0%)|  2465 (~0%)|    -|
    |  + accu_0_Pipeline_VITIS_LOOP_2131_1     |       -|   0.14|        130|    432.900|         -|       130|      -|        no|         -|         -|     10 (~0%)|    58 (~0%)|    -|
    |   o VITIS_LOOP_2131_1                    |       -|   2.43|        128|    426.240|         1|         1|    128|       yes|         -|         -|            -|           -|    -|
    |  o VITIS_LOOP_2146_2                     |       -|   2.43|    8552187|  2.848e+07|       261|         -|  32767|        no|         -|         -|            -|           -|    -|
    |   + accu_0_Pipeline_VITIS_LOOP_2338_4    |       -|   0.00|        257|    855.810|         -|       257|      -|        no|         -|         -|    492 (~0%)|   726 (~0%)|    -|
    |    o VITIS_LOOP_2338_4                   |      II|   2.43|        255|    849.150|         4|         2|    127|       yes|         -|         -|            -|           -|    -|
    |   + accu_0_Pipeline_VITIS_LOOP_2585_6    |       -|   0.03|        130|    432.900|         -|       130|      -|        no|         -|         -|    172 (~0%)|   540 (~0%)|    -|
    |    o VITIS_LOOP_2585_6                   |       -|   2.43|        128|    426.240|         3|         1|    127|       yes|         -|         -|            -|           -|    -|
    |   + accu_0_Pipeline_VITIS_LOOP_2477_5    |       -|   0.14|        257|    855.810|         -|       257|      -|        no|         -|         -|    346 (~0%)|   454 (~0%)|    -|
    |    o VITIS_LOOP_2477_5                   |      II|   2.43|        255|    849.150|         3|         2|    127|       yes|         -|         -|            -|           -|    -|
    |   + accu_0_Pipeline_VITIS_LOOP_2197_3    |       -|   0.00|        130|    432.900|         -|       130|      -|        no|         -|         -|    154 (~0%)|   371 (~0%)|    -|
    |    o VITIS_LOOP_2197_3                   |       -|   2.43|        128|    426.240|         3|         1|    127|       yes|         -|         -|            -|           -|    -|
    | + dma_st_0                               |       -|   0.43|    4325245|  1.440e+07|         -|   4325245|      -|        no|         -|         -|    155 (~0%)|   238 (~0%)|    -|
    |  o VITIS_LOOP_2728_1                     |       -|   2.43|    4325244|  1.440e+07|       132|         -|  32767|        no|         -|         -|            -|           -|    -|
    |   + dma_st_0_Pipeline_VITIS_LOOP_2772_2  |       -|   0.65|        129|    429.570|         -|       129|      -|        no|         -|         -|     14 (~0%)|   112 (~0%)|    -|
    |    o VITIS_LOOP_2772_2                   |       -|   2.43|        127|    422.910|         2|         1|    127|       yes|         -|         -|            -|           -|    -|
    | + store_res3_1                           |  Timing|  -0.00|        264|    879.120|         -|       256|      -|    rewind|         -|         -|    430 (~0%)|   243 (~0%)|    -|
    |  o l_S_store_res3_store_res3_l_0         |       -|   2.43|        263|    875.790|         9|         1|    256|       yes|         -|         -|            -|           -|    -|
    +------------------------------------------+--------+-------+-----------+-----------+----------+----------+-------+----------+----------+----------+-------------+------------+-----+


================================================================
== HW Interfaces
================================================================
* M_AXI
+-------------+------------+---------------+---------+--------+----------+-----------+--------------+--------------+-------------+-------------+-------------------+
| Interface   | Data Width | Address Width | Latency | Offset | Register | Max Widen | Max Read     | Max Write    | Num Read    | Num Write   | Resource Estimate |
|             | (SW->HW)   |               |         |        |          | Bitwidth  | Burst Length | Burst Length | Outstanding | Outstanding |                   |
+-------------+------------+---------------+---------+--------+----------+-----------+--------------+--------------+-------------+-------------+-------------------+
| m_axi_gmem0 | 64 -> 64   | 64            | 0       | slave  | 0        | 0         | 16           | 16           | 16          | 16          | BRAM=4            |
| m_axi_gmem1 | 8 -> 8     | 64            | 0       | slave  | 0        | 0         | 16           | 16           | 16          | 16          | BRAM=2            |
| m_axi_gmem2 | 8 -> 8     | 64            | 0       | slave  | 0        | 0         | 16           | 16           | 16          | 16          | BRAM=2            |
| m_axi_gmem3 | 8 -> 8     | 64            | 0       | slave  | 0        | 0         | 16           | 16           | 16          | 16          | BRAM=2            |
+-------------+------------+---------------+---------+--------+----------+-----------+--------------+--------------+-------------+-------------+-------------------+

* S_AXILITE Interfaces
+---------------+------------+---------------+--------+----------+
| Interface     | Data Width | Address Width | Offset | Register |
+---------------+------------+---------------+--------+----------+
| s_axi_control | 32         | 6             | 16     | 0        |
+---------------+------------+---------------+--------+----------+

* S_AXILITE Registers
+---------------+----------+--------+-------+--------+----------------------+
| Interface     | Register | Offset | Width | Access | Description          |
+---------------+----------+--------+-------+--------+----------------------+
| s_axi_control | v1786_1  | 0x10   | 32    | W      | Data signal of v1786 |
| s_axi_control | v1786_2  | 0x14   | 32    | W      | Data signal of v1786 |
| s_axi_control | v1787_1  | 0x1c   | 32    | W      | Data signal of v1787 |
| s_axi_control | v1787_2  | 0x20   | 32    | W      | Data signal of v1787 |
| s_axi_control | v1788_1  | 0x28   | 32    | W      | Data signal of v1788 |
| s_axi_control | v1788_2  | 0x2c   | 32    | W      | Data signal of v1788 |
| s_axi_control | v1789_1  | 0x34   | 32    | W      | Data signal of v1789 |
| s_axi_control | v1789_2  | 0x38   | 32    | W      | Data signal of v1789 |
+---------------+----------+--------+-------+--------+----------------------+

* TOP LEVEL CONTROL
+-----------+------------+-----------------------------------+
| Interface | Type       | Ports                             |
+-----------+------------+-----------------------------------+
| ap_clk    | clock      | ap_clk                            |
| ap_rst_n  | reset      | ap_rst_n                          |
| ap_ctrl   | ap_ctrl_hs | ap_done ap_idle ap_ready ap_start |
+-----------+------------+-----------------------------------+


================================================================
== SW I/O Information
================================================================
* Top Function Arguments
+----------+-----------+--------------------+
| Argument | Direction | Datatype           |
+----------+-----------+--------------------+
| v1786    | in        | long unsigned int* |
| v1787    | in        | signed char*       |
| v1788    | in        | signed char*       |
| v1789    | out       | signed char*       |
+----------+-----------+--------------------+

* SW-to-HW Mapping
+----------+---------------+-----------+----------+-----------------------------------+
| Argument | HW Interface  | HW Type   | HW Usage | HW Info                           |
+----------+---------------+-----------+----------+-----------------------------------+
| v1786    | m_axi_gmem0   | interface |          |                                   |
| v1786    | s_axi_control | register  | offset   | name=v1786_1 offset=0x10 range=32 |
| v1786    | s_axi_control | register  | offset   | name=v1786_2 offset=0x14 range=32 |
| v1787    | m_axi_gmem1   | interface |          |                                   |
| v1787    | s_axi_control | register  | offset   | name=v1787_1 offset=0x1c range=32 |
| v1787    | s_axi_control | register  | offset   | name=v1787_2 offset=0x20 range=32 |
| v1788    | m_axi_gmem2   | interface |          |                                   |
| v1788    | s_axi_control | register  | offset   | name=v1788_1 offset=0x28 range=32 |
| v1788    | s_axi_control | register  | offset   | name=v1788_2 offset=0x2c range=32 |
| v1789    | m_axi_gmem3   | interface |          |                                   |
| v1789    | s_axi_control | register  | offset   | name=v1789_1 offset=0x34 range=32 |
| v1789    | s_axi_control | register  | offset   | name=v1789_2 offset=0x38 range=32 |
+----------+---------------+-----------+----------+-----------------------------------+


================================================================
== M_AXI Burst Information
================================================================
 Note: All burst requests might be further partitioned into multiple requests during RTL generation based on max_read_burst_length or max_write_burst_length settings.

* Inferred Burst Summary
+--------------+-----------+--------+-------+-------------------------------+--------------------+
| HW Interface | Direction | Length | Width | Loop                          | Loop Location      |
+--------------+-----------+--------+-------+-------------------------------+--------------------+
| m_axi_gmem0  | read      | 76     | 64    | l_S_load_buf0_load_buf0_l_0   | kernel.cpp:2872:32 |
| m_axi_gmem1  | read      | 256    | 8     | l_S_load_buf1_load_buf1_l_0   | kernel.cpp:2883:32 |
| m_axi_gmem2  | read      | 256    | 8     | l_S_load_buf2_load_buf2_l_0   | kernel.cpp:2894:32 |
| m_axi_gmem3  | write     | 256    | 8     | l_S_store_res3_store_res3_l_0 | kernel.cpp:2905:34 |
+--------------+-----------+--------+-------+-------------------------------+--------------------+

* All M_AXI Variable Accesses
+--------------+----------+--------------------+-----------+--------------+--------+-------------------------------+--------------------+------------+-------------------------------------------------------------------------------------------------------+
| HW Interface | Variable | Access Location    | Direction | Burst Status | Length | Loop                          | Loop Location      | Resolution | Problem                                                                                               |
+--------------+----------+--------------------+-----------+--------------+--------+-------------------------------+--------------------+------------+-------------------------------------------------------------------------------------------------------+
| m_axi_gmem0  | v1770    | kernel.cpp:2874:19 | read      | Widen Fail   |        | l_S_load_buf0_load_buf0_l_0   | kernel.cpp:2872:32 | 214-353    | Could not widen since type i64 size is greater than or equal to the max_widen_bitwidth threshold of 0 |
| m_axi_gmem0  | v1770    | kernel.cpp:2874:19 | read      | Inferred     | 76     | l_S_load_buf0_load_buf0_l_0   | kernel.cpp:2872:32 |            |                                                                                                       |
| m_axi_gmem1  | v1774    | kernel.cpp:2874:19 | read      | Inferred     | 256    | l_S_load_buf1_load_buf1_l_0   | kernel.cpp:2883:32 |            |                                                                                                       |
| m_axi_gmem1  | v1774    | kernel.cpp:2885:17 | read      | Widen Fail   |        | l_S_load_buf1_load_buf1_l_0   | kernel.cpp:2883:32 | 214-353    | Could not widen since type i8 size is greater than or equal to the max_widen_bitwidth threshold of 0  |
| m_axi_gmem2  | v1778    | kernel.cpp:2874:19 | read      | Inferred     | 256    | l_S_load_buf2_load_buf2_l_0   | kernel.cpp:2894:32 |            |                                                                                                       |
| m_axi_gmem2  | v1778    | kernel.cpp:2896:17 | read      | Widen Fail   |        | l_S_load_buf2_load_buf2_l_0   | kernel.cpp:2894:32 | 214-353    | Could not widen since type i8 size is greater than or equal to the max_widen_bitwidth threshold of 0  |
| m_axi_gmem3  | v1783    | kernel.cpp:2908:27 | write     | Widen Fail   |        | l_S_store_res3_store_res3_l_0 | kernel.cpp:2905:34 | 214-353    | Could not widen since type i8 size is greater than or equal to the max_widen_bitwidth threshold of 0  |
| m_axi_gmem3  | v1783    | kernel.cpp:2908:27 | write     | Inferred     | 256    | l_S_store_res3_store_res3_l_0 | kernel.cpp:2905:34 |            |                                                                                                       |
+--------------+----------+--------------------+-----------+--------------+--------+-------------------------------+--------------------+------------+-------------------------------------------------------------------------------------------------------+

    * Resolution URL: docs.xilinx.com/access/sources/dita/topic?Doc_Version=2023.2%20English&url=ug1448-hls-guidance&resourceid=XXX-YYY.html (replace XXX-YYY with column value)

================================================================
== Bind Op Report
================================================================
+------------------------------------------+-----+--------+----------------+-----+-----------+---------+
| Name                                     | DSP | Pragma | Variable       | Op  | Impl      | Latency |
+------------------------------------------+-----+--------+----------------+-----+-----------+---------+
| + tinytpu_isa                            | 12  |        |                |     |           |         |
|  + load_buf0_1                           | 0   |        |                |     |           |         |
|    load_buf0_l_0_fu_158_p2               |     |        | load_buf0_l_0  | add | fabric    | 0       |
|  + load_buf1_1                           | 0   |        |                |     |           |         |
|    load_buf1_l_0_fu_174_p2               |     |        | load_buf1_l_0  | add | fabric    | 0       |
|  + load_buf2_1                           | 0   |        |                |     |           |         |
|    load_buf2_l_0_fu_174_p2               |     |        | load_buf2_l_0  | add | fabric    | 0       |
|  + sequencer_0                           | 0   |        |                |     |           |         |
|   + sequencer_0_Pipeline_VITIS_LOOP_52_1 | 0   |        |                |     |           |         |
|     v20_2_fu_138_p2                      |     |        | v20_2          | add | fabric    | 0       |
|     v23_fu_148_p2                        |     |        | v23            | add | fabric    | 0       |
|  + dma_ld_0                              | 0   |        |                |     |           |         |
|    add_ln131_fu_127_p2                   |     |        | add_ln131      | add | fabric    | 0       |
|   + dma_ld_0_Pipeline_VITIS_LOOP_182_2   | 0   |        |                |     |           |         |
|     v95_2_fu_219_p2                      |     |        | v95_2          | add | fabric    | 0       |
|     add_ln202_fu_229_p2                  |     |        | add_ln202      | add | fabric    | 0       |
|     v112_fu_243_p2                       |     |        | v112           | add | fabric    | 0       |
|  + spm_0                                 | 0   |        |                |     |           |         |
|    add_ln401_fu_125_p2                   |     |        | add_ln401      | add | fabric    | 0       |
|   + spm_0_Pipeline_VITIS_LOOP_386_1      | 0   |        |                |     |           |         |
|     add_ln386_fu_60_p2                   |     |        | add_ln386      | add | fabric    | 0       |
|   + spm_0_Pipeline_VITIS_LOOP_467_4      | 0   |        |                |     |           |         |
|     v301_2_fu_99_p2                      |     |        | v301_2         | add | fabric    | 0       |
|     v306_fu_109_p2                       |     |        | v306           | add | fabric    | 0       |
|   + spm_0_Pipeline_VITIS_LOOP_452_3      | 0   |        |                |     |           |         |
|     v290_2_fu_98_p2                      |     |        | v290_2         | add | fabric    | 0       |
|     v296_fu_108_p2                       |     |        | v296           | add | fabric    | 0       |
|  + vru_0                                 | 0   |        |                |     |           |         |
|    add_ln520_fu_203_p2                   |     |        | add_ln520      | add | fabric    | 0       |
|    v387_fu_254_p2                        |     |        | v387           | add | fabric    | 0       |
|    v394_fu_264_p2                        |     |        | v394           | add | fabric    | 0       |
|    v401_fu_274_p2                        |     |        | v401           | add | fabric    | 0       |
|   + vru_0_Pipeline_VITIS_LOOP_510_1      | 0   |        |                |     |           |         |
|     add_ln510_fu_60_p2                   |     |        | add_ln510      | add | fabric    | 0       |
|   + vru_0_Pipeline_VITIS_LOOP_571_3      | 0   |        |                |     |           |         |
|     v364_2_fu_96_p2                      |     |        | v364_2         | add | fabric    | 0       |
|     v370_fu_102_p2                       |     |        | v370           | add | fabric    | 0       |
|   + vru_0_Pipeline_VITIS_LOOP_632_4      | 0   |        |                |     |           |         |
|     v407_2_fu_97_p2                      |     |        | v407_2         | add | fabric    | 0       |
|     v412_fu_103_p2                       |     |        | v412           | add | fabric    | 0       |
|  + pe_0_0                                | 0   |        |                |     |           |         |
|    add_ln676_fu_117_p2                   |     |        | add_ln676      | add | fabric    | 0       |
|   + pe_0_0_Pipeline_VITIS_LOOP_711_2     | 0   |        |                |     |           |         |
|     add_ln711_fu_117_p2                  |     |        | add_ln711      | add | fabric    | 0       |
|     mul_8s_8s_16_1_1_U69                 |     |        | v472           | mul | auto      | 0       |
|  + pe_0_1                                | 0   |        |                |     |           |         |
|    add_ln778_fu_103_p2                   |     |        | add_ln778      | add | fabric    | 0       |
|   + pe_0_1_Pipeline_VITIS_LOOP_805_2     | 0   |        |                |     |           |         |
|     add_ln805_fu_108_p2                  |     |        | add_ln805      | add | fabric    | 0       |
|     mul_8s_8s_16_1_1_U84                 |     |        | v525           | mul | auto      | 0       |
|  + pe_1_0                                | 1   |        |                |     |           |         |
|    add_ln1031_fu_121_p2                  |     |        | add_ln1031     | add | fabric    | 0       |
|   + pe_1_0_Pipeline_VITIS_LOOP_1064_2    | 1   |        |                |     |           |         |
|     add_ln1064_fu_131_p2                 |     |        | add_ln1064     | add | fabric    | 0       |
|     mac_muladd_8s_8s_32s_32_4_1_U114     | 1   |        | v690           | mul | dsp_slice | 3       |
|     mac_muladd_8s_8s_32s_32_4_1_U114     | 1   |        | v694           | add | dsp_slice | 3       |
|  + pe_0_2                                | 0   |        |                |     |           |         |
|    add_ln864_fu_103_p2                   |     |        | add_ln864      | add | fabric    | 0       |
|   + pe_0_2_Pipeline_VITIS_LOOP_891_2     | 0   |        |                |     |           |         |
|     add_ln891_fu_108_p2                  |     |        | add_ln891      | add | fabric    | 0       |
|     mul_8s_8s_16_1_1_U95                 |     |        | v578           | mul | auto      | 0       |
|  + pe_1_1                                | 1   |        |                |     |           |         |
|    add_ln1134_fu_107_p2                  |     |        | add_ln1134     | add | fabric    | 0       |
|   + pe_1_1_Pipeline_VITIS_LOOP_1161_2    | 1   |        |                |     |           |         |
|     add_ln1161_fu_118_p2                 |     |        | add_ln1161     | add | fabric    | 0       |
|     mac_muladd_8s_8s_32s_32_4_1_U131     | 1   |        | v745           | mul | dsp_slice | 3       |
|     mac_muladd_8s_8s_32s_32_4_1_U131     | 1   |        | v749           | add | dsp_slice | 3       |
|  + pe_2_0                                | 1   |        |                |     |           |         |
|    add_ln1395_fu_121_p2                  |     |        | add_ln1395     | add | fabric    | 0       |
|   + pe_2_0_Pipeline_VITIS_LOOP_1426_2    | 1   |        |                |     |           |         |
|     add_ln1426_fu_131_p2                 |     |        | add_ln1426     | add | fabric    | 0       |
|     mac_muladd_8s_8s_32s_32_4_1_U167     | 1   |        | v913           | mul | dsp_slice | 3       |
|     mac_muladd_8s_8s_32s_32_4_1_U167     | 1   |        | v917           | add | dsp_slice | 3       |
|  + pe_0_3                                | 0   |        |                |     |           |         |
|    add_ln946_fu_87_p2                    |     |        | add_ln946      | add | fabric    | 0       |
|   + pe_0_3_Pipeline_VITIS_LOOP_969_2     | 0   |        |                |     |           |         |
|     add_ln969_fu_97_p2                   |     |        | add_ln969      | add | fabric    | 0       |
|     mul_8s_8s_16_1_1_U106                |     |        | v626           | mul | auto      | 0       |
|  + pe_1_2                                | 1   |        |                |     |           |         |
|    add_ln1223_fu_107_p2                  |     |        | add_ln1223     | add | fabric    | 0       |
|   + pe_1_2_Pipeline_VITIS_LOOP_1250_2    | 1   |        |                |     |           |         |
|     add_ln1250_fu_118_p2                 |     |        | add_ln1250     | add | fabric    | 0       |
|     mac_muladd_8s_8s_32s_32_4_1_U144     | 1   |        | v800           | mul | dsp_slice | 3       |
|     mac_muladd_8s_8s_32s_32_4_1_U144     | 1   |        | v804           | add | dsp_slice | 3       |
|  + pe_2_1                                | 1   |        |                |     |           |         |
|    add_ln1496_fu_107_p2                  |     |        | add_ln1496     | add | fabric    | 0       |
|   + pe_2_1_Pipeline_VITIS_LOOP_1523_2    | 1   |        |                |     |           |         |
|     add_ln1523_fu_118_p2                 |     |        | add_ln1523     | add | fabric    | 0       |
|     mac_muladd_8s_8s_32s_32_4_1_U183     | 1   |        | v968           | mul | dsp_slice | 3       |
|     mac_muladd_8s_8s_32s_32_4_1_U183     | 1   |        | v972           | add | dsp_slice | 3       |
|  + pe_3_0                                | 1   |        |                |     |           |         |
|    add_ln1753_fu_101_p2                  |     |        | add_ln1753     | add | fabric    | 0       |
|   + pe_3_0_Pipeline_VITIS_LOOP_1780_2    | 1   |        |                |     |           |         |
|     add_ln1780_fu_122_p2                 |     |        | add_ln1780     | add | fabric    | 0       |
|     mac_muladd_8s_8s_32s_32_4_1_U219     | 1   |        | v1130          | mul | dsp_slice | 3       |
|     mac_muladd_8s_8s_32s_32_4_1_U219     | 1   |        | v1134          | add | dsp_slice | 3       |
|  + pe_1_3                                | 1   |        |                |     |           |         |
|    add_ln1308_fu_91_p2                   |     |        | add_ln1308     | add | fabric    | 0       |
|   + pe_1_3_Pipeline_VITIS_LOOP_1331_2    | 1   |        |                |     |           |         |
|     add_ln1331_fu_107_p2                 |     |        | add_ln1331     | add | fabric    | 0       |
|     mac_muladd_8s_8s_32s_32_4_1_U157     | 1   |        | v850           | mul | dsp_slice | 3       |
|     mac_muladd_8s_8s_32s_32_4_1_U157     | 1   |        | v854           | add | dsp_slice | 3       |
|  + pe_2_2                                | 1   |        |                |     |           |         |
|    add_ln1585_fu_107_p2                  |     |        | add_ln1585     | add | fabric    | 0       |
|   + pe_2_2_Pipeline_VITIS_LOOP_1612_2    | 1   |        |                |     |           |         |
|     add_ln1612_fu_118_p2                 |     |        | add_ln1612     | add | fabric    | 0       |
|     mac_muladd_8s_8s_32s_32_4_1_U196     | 1   |        | v1023          | mul | dsp_slice | 3       |
|     mac_muladd_8s_8s_32s_32_4_1_U196     | 1   |        | v1027          | add | dsp_slice | 3       |
|  + pe_3_1                                | 1   |        |                |     |           |         |
|    add_ln1858_fu_111_p2                  |     |        | add_ln1858     | add | fabric    | 0       |
|   + pe_3_1_Pipeline_VITIS_LOOP_1885_2    | 1   |        |                |     |           |         |
|     add_ln1885_fu_134_p2                 |     |        | add_ln1885     | add | fabric    | 0       |
|     mac_muladd_8s_8s_32s_32_4_1_U232     | 1   |        | v1190          | mul | dsp_slice | 3       |
|     mac_muladd_8s_8s_32s_32_4_1_U232     | 1   |        | v1194          | add | dsp_slice | 3       |
|  + pe_2_3                                | 1   |        |                |     |           |         |
|    add_ln1670_fu_91_p2                   |     |        | add_ln1670     | add | fabric    | 0       |
|   + pe_2_3_Pipeline_VITIS_LOOP_1693_2    | 1   |        |                |     |           |         |
|     add_ln1693_fu_107_p2                 |     |        | add_ln1693     | add | fabric    | 0       |
|     mac_muladd_8s_8s_32s_32_4_1_U209     | 1   |        | v1073          | mul | dsp_slice | 3       |
|     mac_muladd_8s_8s_32s_32_4_1_U209     | 1   |        | v1077          | add | dsp_slice | 3       |
|  + pe_3_2                                | 1   |        |                |     |           |         |
|    add_ln1959_fu_111_p2                  |     |        | add_ln1959     | add | fabric    | 0       |
|   + pe_3_2_Pipeline_VITIS_LOOP_1986_2    | 1   |        |                |     |           |         |
|     add_ln1986_fu_134_p2                 |     |        | add_ln1986     | add | fabric    | 0       |
|     mac_muladd_8s_8s_32s_32_4_1_U247     | 1   |        | v1251          | mul | dsp_slice | 3       |
|     mac_muladd_8s_8s_32s_32_4_1_U247     | 1   |        | v1255          | add | dsp_slice | 3       |
|  + pe_3_3                                | 1   |        |                |     |           |         |
|    add_ln2056_fu_95_p2                   |     |        | add_ln2056     | add | fabric    | 0       |
|   + pe_3_3_Pipeline_VITIS_LOOP_2079_2    | 1   |        |                |     |           |         |
|     add_ln2079_fu_123_p2                 |     |        | add_ln2079     | add | fabric    | 0       |
|     mac_muladd_8s_8s_32s_32_4_1_U262     | 1   |        | v1307          | mul | dsp_slice | 3       |
|     mac_muladd_8s_8s_32s_32_4_1_U262     | 1   |        | v1311          | add | dsp_slice | 3       |
|  + accu_0                                | 0   |        |                |     |           |         |
|    add_ln2146_fu_197_p2                  |     |        | add_ln2146     | add | fabric    | 0       |
|   + accu_0_Pipeline_VITIS_LOOP_2131_1    | 0   |        |                |     |           |         |
|     add_ln2131_fu_62_p2                  |     |        | add_ln2131     | add | fabric    | 0       |
|   + accu_0_Pipeline_VITIS_LOOP_2338_4    | 0   |        |                |     |           |         |
|     v1450_2_fu_185_p2                    |     |        | v1450_2        | add | fabric    | 0       |
|     v1455_fu_156_p2                      |     |        | v1455          | add | fabric    | 0       |
|     v1461_fu_166_p2                      |     |        | v1461          | add | fabric    | 0       |
|     v1476_fu_227_p2                      |     |        | v1476          | add | fabric    | 0       |
|     v1492_fu_253_p2                      |     |        | v1492          | add | fabric    | 0       |
|     v1508_fu_279_p2                      |     |        | v1508          | add | fabric    | 0       |
|     v1524_fu_305_p2                      |     |        | v1524          | add | fabric    | 0       |
|     v1533_fu_311_p2                      |     |        | v1533          | add | fabric    | 0       |
|   + accu_0_Pipeline_VITIS_LOOP_2585_6    | 0   |        |                |     |           |         |
|     v1596_2_fu_132_p2                    |     |        | v1596_2        | add | fabric    | 0       |
|     v1601_fu_138_p2                      |     |        | v1601          | add | fabric    | 0       |
|   + accu_0_Pipeline_VITIS_LOOP_2477_5    | 0   |        |                |     |           |         |
|     v1538_2_fu_164_p2                    |     |        | v1538_2        | add | fabric    | 0       |
|     v1543_fu_153_p2                      |     |        | v1543          | add | fabric    | 0       |
|     v1591_fu_314_p2                      |     |        | v1591          | add | fabric    | 0       |
|   + accu_0_Pipeline_VITIS_LOOP_2197_3    | 0   |        |                |     |           |         |
|     v1363_2_fu_129_p2                    |     |        | v1363_2        | add | fabric    | 0       |
|     v1373_fu_135_p2                      |     |        | v1373          | add | fabric    | 0       |
|     v1387_fu_166_p2                      |     |        | v1387          | add | fabric    | 0       |
|     v1403_fu_192_p2                      |     |        | v1403          | add | fabric    | 0       |
|     v1419_fu_218_p2                      |     |        | v1419          | add | fabric    | 0       |
|     v1435_fu_244_p2                      |     |        | v1435          | add | fabric    | 0       |
|  + dma_st_0                              | 0   |        |                |     |           |         |
|    add_ln2728_fu_110_p2                  |     |        | add_ln2728     | add | fabric    | 0       |
|   + dma_st_0_Pipeline_VITIS_LOOP_2772_2  | 0   |        |                |     |           |         |
|     v1696_2_fu_166_p2                    |     |        | v1696_2        | add | fabric    | 0       |
|     add_ln2795_fu_176_p2                 |     |        | add_ln2795     | add | fabric    | 0       |
|     v1715_fu_199_p2                      |     |        | v1715          | add | fabric    | 0       |
|  + store_res3_1                          | 0   |        |                |     |           |         |
|    store_res3_l_0_fu_198_p2              |     |        | store_res3_l_0 | add | fabric    | 0       |
+------------------------------------------+-----+--------+----------------+-----+-----------+---------+


================================================================
== Storage Report
================================================================
+-------------------+-----------------+-------------+------+------+--------+----------+------+---------+------------------+
| Name              | Usage           | Type        | BRAM | URAM | Pragma | Variable | Impl | Latency | Bitwidth, Depth, |
|                   |                 |             |      |      |        |          |      |         | Banks            |
+-------------------+-----------------+-------------+------+------+--------+----------+------+---------+------------------+
| + tinytpu_isa     |                 |             | 20   | 0    |        |          |      |         |                  |
|   control_s_axi_U | interface       | s_axilite   |      |      |        |          |      |         |                  |
|   gmem0_m_axi_U   | interface       | m_axi       | 4    |      |        |          |      |         |                  |
|   gmem1_m_axi_U   | interface       | m_axi       | 2    |      |        |          |      |         |                  |
|   gmem2_m_axi_U   | interface       | m_axi       | 2    |      |        |          |      |         |                  |
|   gmem3_m_axi_U   | interface       | m_axi       | 2    |      |        |          |      |         |                  |
|   v1789_c_U       | fifo channel    | scalar prop |      |      |        | v1789_c  | srl  | 0       | 64, 16, 1        |
|   buf0_U          | ram_s2p channel | pipo        | 2    |      |        | buf0     | auto | 1       | 64, 76, 2        |
|   buf1_U          | ram_s2p channel | pipo        |      |      |        | buf1     | auto | 1       | 8, 128, 2        |
|   buf1_1_U        | ram_s2p channel | pipo        |      |      |        | buf1_1   | auto | 1       | 8, 128, 2        |
|   buf2_U          | ram_s2p channel | pipo        |      |      |        | buf2     | auto | 1       | 8, 128, 2        |
|   buf2_1_U        | ram_s2p channel | pipo        |      |      |        | buf2_1   | auto | 1       | 8, 128, 2        |
|   v1794_U         | fifo channel    | stream      |      |      |        | v1794    | srl  | 0       | 64, 8, 1         |
|   v1795_U         | fifo channel    | stream      |      |      |        | v1795    | srl  | 0       | 64, 8, 1         |
|   v1796_U         | fifo channel    | stream      |      |      |        | v1796    | srl  | 0       | 64, 8, 1         |
|   v1797_U         | fifo channel    | stream      |      |      |        | v1797    | srl  | 0       | 64, 8, 1         |
|   v1798_U         | fifo channel    | stream      |      |      |        | v1798    | srl  | 0       | 64, 8, 1         |
|   v1799_U         | fifo channel    | stream      |      |      |        | v1799    | srl  | 0       | 32, 8, 1         |
|   v1800_U         | fifo channel    | stream      |      |      |        | v1800    | srl  | 0       | 32, 8, 1         |
|   v1802_U         | fifo channel    | stream      |      |      |        | v1802    | srl  | 0       | 32, 8, 1         |
|   v1822_U         | fifo channel    | stream      |      |      |        | v1822    | srl  | 0       | 32, 8, 1         |
|   v1803_U         | fifo channel    | stream      |      |      |        | v1803    | srl  | 0       | 32, 8, 1         |
|   v1806_U         | fifo channel    | stream      |      |      |        | v1806    | srl  | 0       | 32, 8, 1         |
|   v1823_U         | fifo channel    | stream      |      |      |        | v1823    | srl  | 0       | 32, 8, 1         |
|   v1842_U         | fifo channel    | stream      |      |      |        | v1842    | srl  | 0       | 32, 8, 1         |
|   v1826_U         | fifo channel    | stream      |      |      |        | v1826    | srl  | 0       | 8, 8, 1          |
|   v1807_U         | fifo channel    | stream      |      |      |        | v1807    | srl  | 0       | 32, 8, 1         |
|   v1843_U         | fifo channel    | stream      |      |      |        | v1843    | srl  | 0       | 32, 8, 1         |
|   v1827_U         | fifo channel    | stream      |      |      |        | v1827    | srl  | 0       | 8, 8, 1          |
|   v1808_U         | fifo channel    | stream      |      |      |        | v1808    | srl  | 0       | 32, 8, 1         |
|   v1844_U         | fifo channel    | stream      |      |      |        | v1844    | srl  | 0       | 32, 8, 1         |
|   v1828_U         | fifo channel    | stream      |      |      |        | v1828    | srl  | 0       | 8, 8, 1          |
|   v1845_U         | fifo channel    | stream      |      |      |        | v1845    | srl  | 0       | 32, 8, 1         |
|   v1804_U         | fifo channel    | stream      |      |      |        | v1804    | srl  | 0       | 32, 8, 1         |
|   v1810_U         | fifo channel    | stream      |      |      |        | v1810    | srl  | 0       | 32, 8, 1         |
|   v1824_U         | fifo channel    | stream      |      |      |        | v1824    | srl  | 0       | 32, 8, 1         |
|   v1846_U         | fifo channel    | stream      |      |      |        | v1846    | srl  | 0       | 32, 8, 1         |
|   v1830_U         | fifo channel    | stream      |      |      |        | v1830    | srl  | 0       | 8, 8, 1          |
|   v1811_U         | fifo channel    | stream      |      |      |        | v1811    | srl  | 0       | 32, 8, 1         |
|   v1847_U         | fifo channel    | stream      |      |      |        | v1847    | srl  | 0       | 32, 8, 1         |
|   v1831_U         | fifo channel    | stream      |      |      |        | v1831    | srl  | 0       | 8, 8, 1          |
|   v1812_U         | fifo channel    | stream      |      |      |        | v1812    | srl  | 0       | 32, 8, 1         |
|   v1848_U         | fifo channel    | stream      |      |      |        | v1848    | srl  | 0       | 32, 8, 1         |
|   v1832_U         | fifo channel    | stream      |      |      |        | v1832    | srl  | 0       | 8, 8, 1          |
|   v1849_U         | fifo channel    | stream      |      |      |        | v1849    | srl  | 0       | 32, 8, 1         |
|   v1805_U         | fifo channel    | stream      |      |      |        | v1805    | srl  | 0       | 32, 8, 1         |
|   v1814_U         | fifo channel    | stream      |      |      |        | v1814    | srl  | 0       | 32, 8, 1         |
|   v1825_U         | fifo channel    | stream      |      |      |        | v1825    | srl  | 0       | 32, 8, 1         |
|   v1850_U         | fifo channel    | stream      |      |      |        | v1850    | srl  | 0       | 32, 8, 1         |
|   v1834_U         | fifo channel    | stream      |      |      |        | v1834    | srl  | 0       | 8, 8, 1          |
|   v1815_U         | fifo channel    | stream      |      |      |        | v1815    | srl  | 0       | 32, 8, 1         |
|   v1851_U         | fifo channel    | stream      |      |      |        | v1851    | srl  | 0       | 32, 8, 1         |
|   v1835_U         | fifo channel    | stream      |      |      |        | v1835    | srl  | 0       | 8, 8, 1          |
|   v1816_U         | fifo channel    | stream      |      |      |        | v1816    | srl  | 0       | 32, 8, 1         |
|   v1852_U         | fifo channel    | stream      |      |      |        | v1852    | srl  | 0       | 32, 8, 1         |
|   v1836_U         | fifo channel    | stream      |      |      |        | v1836    | srl  | 0       | 8, 8, 1          |
|   v1853_U         | fifo channel    | stream      |      |      |        | v1853    | srl  | 0       | 32, 8, 1         |
|   v1818_U         | fifo channel    | stream      |      |      |        | v1818    | srl  | 0       | 32, 8, 1         |
|   v1858_U         | fifo channel    | stream      |      |      |        | v1858    | srl  | 0       | 128, 8, 1        |
|   v1838_U         | fifo channel    | stream      |      |      |        | v1838    | srl  | 0       | 8, 8, 1          |
|   v1819_U         | fifo channel    | stream      |      |      |        | v1819    | srl  | 0       | 32, 8, 1         |
|   v1859_U         | fifo channel    | stream      |      |      |        | v1859    | srl  | 0       | 128, 8, 1        |
|   v1839_U         | fifo channel    | stream      |      |      |        | v1839    | srl  | 0       | 8, 8, 1          |
|   v1820_U         | fifo channel    | stream      |      |      |        | v1820    | srl  | 0       | 32, 8, 1         |
|   v1860_U         | fifo channel    | stream      |      |      |        | v1860    | srl  | 0       | 128, 8, 1        |
|   v1840_U         | fifo channel    | stream      |      |      |        | v1840    | srl  | 0       | 8, 8, 1          |
|   v1861_U         | fifo channel    | stream      |      |      |        | v1861    | srl  | 0       | 128, 8, 1        |
|   v1801_U         | fifo channel    | stream      |      |      |        | v1801    | srl  | 0       | 32, 8, 1         |
|   buf3_U          | ram_t2p channel | pipo        |      |      |        | buf3     | auto | 1       | 8, 128, 2        |
|   buf3_1_U        | ram_t2p channel | pipo        |      |      |        | buf3_1   | auto | 1       | 8, 128, 2        |
|  + spm_0          |                 |             | 1    | 0    |        |          |      |         |                  |
|    spad_U         | ram_1p array    |             | 1    |      |        | spad     | auto | 1       | 32, 512, 1       |
|  + vru_0          |                 |             | 1    | 0    |        |          |      |         |                  |
|    vr_U           | ram_1p array    |             | 1    |      |        | vr       | auto | 1       | 32, 256, 1       |
|  + accu_0         |                 |             | 4    | 0    |        |          |      |         |                  |
|    ar_U           | rom_np array    |             | 4    |      |        | ar       | auto | 1       | 128, 128, 1      |
+-------------------+-----------------+-------------+------+------+--------+----------+------+---------+------------------+


================================================================
== Pragma Report
================================================================
* Valid Pragma Syntax
+-----------+------------------------------------------------------+---------------------------------------+
| Type      | Options                                              | Location                              |
+-----------+------------------------------------------------------+---------------------------------------+
| pipeline  | II=1 rewind                                          | kernel.cpp:2873 in load_buf0          |
| pipeline  | II=1 rewind                                          | kernel.cpp:2884 in load_buf1          |
| pipeline  | II=1 rewind                                          | kernel.cpp:2895 in load_buf2          |
| pipeline  | II=1 rewind                                          | kernel.cpp:2906 in store_res3         |
| interface | m_axi port=v1786 offset=slave bundle=gmem0 depth=76  | kernel.cpp:2919 in tinytpu_isa, v1786 |
| interface | m_axi port=v1787 offset=slave bundle=gmem1 depth=256 | kernel.cpp:2920 in tinytpu_isa, v1787 |
| interface | m_axi port=v1788 offset=slave bundle=gmem2 depth=256 | kernel.cpp:2921 in tinytpu_isa, v1788 |
| interface | m_axi port=v1789 offset=slave bundle=gmem3 depth=256 | kernel.cpp:2922 in tinytpu_isa, v1789 |
| dataflow  |                                                      | kernel.cpp:2923 in tinytpu_isa        |
| stream    | variable=v1794 depth=8                               | kernel.cpp:2932 in tinytpu_isa, v1794 |
| stream    | variable=v1795 depth=8                               | kernel.cpp:2934 in tinytpu_isa, v1795 |
| stream    | variable=v1796 depth=8                               | kernel.cpp:2936 in tinytpu_isa, v1796 |
| stream    | variable=v1797 depth=8                               | kernel.cpp:2938 in tinytpu_isa, v1797 |
| stream    | variable=v1798 depth=8                               | kernel.cpp:2940 in tinytpu_isa, v1798 |
| stream    | variable=v1799 depth=8                               | kernel.cpp:2942 in tinytpu_isa, v1799 |
| stream    | variable=v1800 depth=8                               | kernel.cpp:2944 in tinytpu_isa, v1800 |
| stream    | variable=v1801 depth=8                               | kernel.cpp:2946 in tinytpu_isa, v1801 |
| stream    | variable=v1802 depth=8                               | kernel.cpp:2948 in tinytpu_isa, v1802 |
| stream    | variable=v1803 depth=8                               | kernel.cpp:2950 in tinytpu_isa, v1803 |
| stream    | variable=v1804 depth=8                               | kernel.cpp:2952 in tinytpu_isa, v1804 |
| stream    | variable=v1805 depth=8                               | kernel.cpp:2954 in tinytpu_isa, v1805 |
| stream    | variable=v1806 depth=8                               | kernel.cpp:2956 in tinytpu_isa, v1806 |
| stream    | variable=v1807 depth=8                               | kernel.cpp:2958 in tinytpu_isa, v1807 |
| stream    | variable=v1808 depth=8                               | kernel.cpp:2960 in tinytpu_isa, v1808 |
| stream    | variable=v1809 depth=8                               | kernel.cpp:2962 in tinytpu_isa, v1809 |
| stream    | variable=v1810 depth=8                               | kernel.cpp:2964 in tinytpu_isa, v1810 |
| stream    | variable=v1811 depth=8                               | kernel.cpp:2966 in tinytpu_isa, v1811 |
| stream    | variable=v1812 depth=8                               | kernel.cpp:2968 in tinytpu_isa, v1812 |
| stream    | variable=v1813 depth=8                               | kernel.cpp:2970 in tinytpu_isa, v1813 |
| stream    | variable=v1814 depth=8                               | kernel.cpp:2972 in tinytpu_isa, v1814 |
| stream    | variable=v1815 depth=8                               | kernel.cpp:2974 in tinytpu_isa, v1815 |
| stream    | variable=v1816 depth=8                               | kernel.cpp:2976 in tinytpu_isa, v1816 |
| stream    | variable=v1817 depth=8                               | kernel.cpp:2978 in tinytpu_isa, v1817 |
| stream    | variable=v1818 depth=8                               | kernel.cpp:2980 in tinytpu_isa, v1818 |
| stream    | variable=v1819 depth=8                               | kernel.cpp:2982 in tinytpu_isa, v1819 |
| stream    | variable=v1820 depth=8                               | kernel.cpp:2984 in tinytpu_isa, v1820 |
| stream    | variable=v1821 depth=8                               | kernel.cpp:2986 in tinytpu_isa, v1821 |
| stream    | variable=v1822 depth=8                               | kernel.cpp:2988 in tinytpu_isa, v1822 |
| stream    | variable=v1823 depth=8                               | kernel.cpp:2990 in tinytpu_isa, v1823 |
| stream    | variable=v1824 depth=8                               | kernel.cpp:2992 in tinytpu_isa, v1824 |
| stream    | variable=v1825 depth=8                               | kernel.cpp:2994 in tinytpu_isa, v1825 |
| stream    | variable=v1826 depth=8                               | kernel.cpp:2996 in tinytpu_isa, v1826 |
| stream    | variable=v1827 depth=8                               | kernel.cpp:2998 in tinytpu_isa, v1827 |
| stream    | variable=v1828 depth=8                               | kernel.cpp:3000 in tinytpu_isa, v1828 |
| stream    | variable=v1829 depth=8                               | kernel.cpp:3002 in tinytpu_isa, v1829 |
| stream    | variable=v1830 depth=8                               | kernel.cpp:3004 in tinytpu_isa, v1830 |
| stream    | variable=v1831 depth=8                               | kernel.cpp:3006 in tinytpu_isa, v1831 |
| stream    | variable=v1832 depth=8                               | kernel.cpp:3008 in tinytpu_isa, v1832 |
| stream    | variable=v1833 depth=8                               | kernel.cpp:3010 in tinytpu_isa, v1833 |
| stream    | variable=v1834 depth=8                               | kernel.cpp:3012 in tinytpu_isa, v1834 |
| stream    | variable=v1835 depth=8                               | kernel.cpp:3014 in tinytpu_isa, v1835 |
| stream    | variable=v1836 depth=8                               | kernel.cpp:3016 in tinytpu_isa, v1836 |
| stream    | variable=v1837 depth=8                               | kernel.cpp:3018 in tinytpu_isa, v1837 |
| stream    | variable=v1838 depth=8                               | kernel.cpp:3020 in tinytpu_isa, v1838 |
| stream    | variable=v1839 depth=8                               | kernel.cpp:3022 in tinytpu_isa, v1839 |
| stream    | variable=v1840 depth=8                               | kernel.cpp:3024 in tinytpu_isa, v1840 |
| stream    | variable=v1841 depth=8                               | kernel.cpp:3026 in tinytpu_isa, v1841 |
| stream    | variable=v1842 depth=8                               | kernel.cpp:3028 in tinytpu_isa, v1842 |
| stream    | variable=v1843 depth=8                               | kernel.cpp:3030 in tinytpu_isa, v1843 |
| stream    | variable=v1844 depth=8                               | kernel.cpp:3032 in tinytpu_isa, v1844 |
| stream    | variable=v1845 depth=8                               | kernel.cpp:3034 in tinytpu_isa, v1845 |
| stream    | variable=v1846 depth=8                               | kernel.cpp:3036 in tinytpu_isa, v1846 |
| stream    | variable=v1847 depth=8                               | kernel.cpp:3038 in tinytpu_isa, v1847 |
| stream    | variable=v1848 depth=8                               | kernel.cpp:3040 in tinytpu_isa, v1848 |
| stream    | variable=v1849 depth=8                               | kernel.cpp:3042 in tinytpu_isa, v1849 |
| stream    | variable=v1850 depth=8                               | kernel.cpp:3044 in tinytpu_isa, v1850 |
| stream    | variable=v1851 depth=8                               | kernel.cpp:3046 in tinytpu_isa, v1851 |
| stream    | variable=v1852 depth=8                               | kernel.cpp:3048 in tinytpu_isa, v1852 |
| stream    | variable=v1853 depth=8                               | kernel.cpp:3050 in tinytpu_isa, v1853 |
| stream    | variable=v1854 depth=8                               | kernel.cpp:3052 in tinytpu_isa, v1854 |
| stream    | variable=v1855 depth=8                               | kernel.cpp:3054 in tinytpu_isa, v1855 |
| stream    | variable=v1856 depth=8                               | kernel.cpp:3056 in tinytpu_isa, v1856 |
| stream    | variable=v1857 depth=8                               | kernel.cpp:3058 in tinytpu_isa, v1857 |
| stream    | variable=v1858 depth=8                               | kernel.cpp:3060 in tinytpu_isa, v1858 |
| stream    | variable=v1859 depth=8                               | kernel.cpp:3062 in tinytpu_isa, v1859 |
| stream    | variable=v1860 depth=8                               | kernel.cpp:3064 in tinytpu_isa, v1860 |
| stream    | variable=v1861 depth=8                               | kernel.cpp:3066 in tinytpu_isa, v1861 |
+-----------+------------------------------------------------------+---------------------------------------+


