

================================================================
== Synthesis Summary Report of 'tinytpu_isa'
================================================================
+ General Information: 
    * Date:           Tue Sep 22 02:21:04 2026
    * Version:        2023.2 (Build 4023990 on Oct 11 2023)
    * Project:        out.prj
    * Solution:       solution1 (Vivado IP Flow Target)
    * Product family: virtexuplusHBM
    * Target device:  xcu280-fsvh2892-2L-e
    

+ Performance & Resource Estimates: 
    
    PS: '+' for module; 'o' for loop; '*' for dataflow
    +--------------------------------------------+--------+-------+---------+-----------+----------+---------+-------+----------+---------+----------+-------------+------------+-----+
    |                   Modules                  |  Issue |       | Latency |  Latency  | Iteration|         |  Trip |          |         |          |             |            |     |
    |                   & Loops                  |  Type  | Slack | (cycles)|    (ns)   |  Latency | Interval| Count | Pipelined|  BRAM   |    DSP   |      FF     |     LUT    | URAM|
    +--------------------------------------------+--------+-------+---------+-----------+----------+---------+-------+----------+---------+----------+-------------+------------+-----+
    |+ tinytpu_isa*                              |  Timing|  -1.35|        -|          -|         -|        -|      -|  dataflow|  41 (1%)|  21 (~0%)|  17918 (~0%)|  24244 (1%)|    -|
    | + entry_proc                               |       -|   1.22|        0|      0.000|         -|        0|      -|        no|        -|         -|      3 (~0%)|    29 (~0%)|    -|
    | + sequencer_0_1                            |  Timing|  -0.00|        -|          -|         -|        -|      -|        no|        -|   3 (~0%)|   1763 (~0%)|  2978 (~0%)|    -|
    |  + sequencer_0_1_Pipeline_l_S_i_0_i        |  Timing|  -0.00|       12|     39.960|         -|       12|      -|        no|        -|         -|    522 (~0%)|    73 (~0%)|    -|
    |   o l_S_i_0_i                              |       -|   2.43|       10|     33.300|         3|        1|      9|       yes|        -|         -|            -|           -|    -|
    |  + sequencer_0_1_Pipeline_VITIS_LOOP_72_1  |       -|   0.77|        6|     19.980|         -|        6|      -|        no|        -|         -|      5 (~0%)|    49 (~0%)|    -|
    |   o VITIS_LOOP_72_1                        |       -|   2.43|        4|     13.320|         1|        1|      4|       yes|        -|         -|            -|           -|    -|
    |  + sequencer_0_1_Pipeline_VITIS_LOOP_76_2  |       -|   0.77|        6|     19.980|         -|        6|      -|        no|        -|         -|      5 (~0%)|    49 (~0%)|    -|
    |   o VITIS_LOOP_76_2                        |       -|   2.43|        4|     13.320|         1|        1|      4|       yes|        -|         -|            -|           -|    -|
    |  + sequencer_0_1_Pipeline_VITIS_LOOP_80_3  |       -|   0.80|        6|     19.980|         -|        6|      -|        no|        -|         -|      5 (~0%)|    49 (~0%)|    -|
    |   o VITIS_LOOP_80_3                        |       -|   2.43|        4|     13.320|         1|        1|      4|       yes|        -|         -|            -|           -|    -|
    |  + sequencer_0_1_Pipeline_VITIS_LOOP_84_4  |       -|   0.79|        6|     19.980|         -|        6|      -|        no|        -|         -|      5 (~0%)|    49 (~0%)|    -|
    |   o VITIS_LOOP_84_4                        |       -|   2.43|        4|     13.320|         1|        1|      4|       yes|        -|         -|            -|           -|    -|
    |  + sequencer_0_1_Pipeline_VITIS_LOOP_93_5  |       -|   0.17|        -|          -|         -|        -|      -|        no|        -|   3 (~0%)|    524 (~0%)|  1114 (~0%)|    -|
    |   o VITIS_LOOP_93_5                        |      II|   2.43|        -|          -|         7|        5|      -|       yes|        -|         -|            -|           -|    -|
    | + dma_ld_0_1                               |  Timing|  -0.00|   131092|  4.365e+05|         -|   131092|      -|        no|        -|   3 (~0%)|    835 (~0%)|  1147 (~0%)|    -|
    |  + dma_ld_0_1_Pipeline_VITIS_LOOP_630_1    |  Timing|  -0.00|    65538|  2.182e+05|         -|    65538|      -|        no|        -|         -|     85 (~0%)|    95 (~0%)|    -|
    |   o VITIS_LOOP_630_1                       |       -|   2.43|    65536|  2.182e+05|         3|        1|  65535|       yes|        -|         -|            -|           -|    -|
    |  + dma_ld_0_1_Pipeline_VITIS_LOOP_688_2    |  Timing|  -0.00|    65538|  2.182e+05|         -|    65538|      -|        no|        -|         -|     85 (~0%)|    95 (~0%)|    -|
    |   o VITIS_LOOP_688_2                       |       -|   2.43|    65536|  2.182e+05|         3|        1|  65535|       yes|        -|         -|            -|           -|    -|
    |  + dma_ld_0_1_Pipeline_VITIS_LOOP_756_3    |       -|   0.13|    65541|  2.183e+05|         -|    65541|      -|        no|        -|   3 (~0%)|    411 (~0%)|   423 (~0%)|    -|
    |   o VITIS_LOOP_756_3                       |       -|   2.43|    65539|  2.182e+05|         6|        1|  65535|       yes|        -|         -|            -|           -|    -|
    | + vmu_0                                    |  Timing|  -1.35|    65542|  2.479e+05|         -|    65542|      -|        no|  1 (~0%)|         -|    176 (~0%)|   664 (~0%)|    -|
    |  + vmu_0_Pipeline_VITIS_LOOP_859_1         |  Timing|  -1.35|    65540|  2.479e+05|         -|    65540|      -|        no|  1 (~0%)|         -|    155 (~0%)|   574 (~0%)|    -|
    |   o VITIS_LOOP_859_1                       |       -|   2.43|    65538|  2.479e+05|         5|        1|  65535|  yes(flp)|        -|         -|            -|           -|    -|
    | + vpu_0                                    |  Timing|  -1.35|    65543|  2.479e+05|         -|    65543|      -|        no|  4 (~0%)|         -|   1161 (~0%)|  1546 (~0%)|    -|
    |  + vpu_0_Pipeline_VITIS_LOOP_1037_1        |  Timing|  -1.35|    65540|  2.479e+05|         -|    65540|      -|        no|  4 (~0%)|         -|   1138 (~0%)|  1398 (~0%)|    -|
    |   o VITIS_LOOP_1037_1                      |       -|   2.43|    65538|  2.479e+05|         5|        1|  65535|  yes(flp)|        -|         -|            -|           -|    -|
    | + dma_st_0_1                               |  Timing|  -0.00|    65549|  2.183e+05|         -|    65549|      -|        no|        -|   3 (~0%)|    601 (~0%)|   555 (~0%)|    -|
    |  + dma_st_0_1_Pipeline_VITIS_LOOP_4202_1   |  Timing|  -0.00|    65547|  2.183e+05|         -|    65547|      -|        no|        -|   3 (~0%)|    516 (~0%)|   456 (~0%)|    -|
    |   o VITIS_LOOP_4202_1                      |       -|   2.43|    65545|  2.183e+05|        12|        1|  65535|       yes|        -|         -|            -|           -|    -|
    | + wld_0_0                                  |  Timing|  -0.00|   262144|  8.729e+05|         -|   262144|      -|        no|        -|         -|     88 (~0%)|   327 (~0%)|    -|
    |  + wld_0_0_Pipeline_VITIS_LOOP_1678_1      |  Timing|  -0.00|   262142|  8.729e+05|         -|   262142|      -|        no|        -|         -|     66 (~0%)|   168 (~0%)|    -|
    |   o VITIS_LOOP_1678_1                      |      II|   2.43|   262140|  8.729e+05|         5|        4|  65535|  yes(flp)|        -|         -|            -|           -|    -|
    | + wld_0_1                                  |  Timing|  -0.00|    65539|  2.182e+05|         -|    65539|      -|        no|        -|         -|     44 (~0%)|   254 (~0%)|    -|
    |  + wld_0_1_Pipeline_VITIS_LOOP_1743_1      |  Timing|  -0.00|    65537|  2.182e+05|         -|    65537|      -|        no|        -|         -|     22 (~0%)|   127 (~0%)|    -|
    |   o VITIS_LOOP_1743_1                      |       -|   2.43|    65535|  2.182e+05|         2|        1|  65535|  yes(flp)|        -|         -|            -|           -|    -|
    | + wld_1_0                                  |  Timing|  -0.00|   196609|  6.547e+05|         -|   196609|      -|        no|        -|         -|     87 (~0%)|   319 (~0%)|    -|
    |  + wld_1_0_Pipeline_VITIS_LOOP_1918_1      |  Timing|  -0.00|   196607|  6.547e+05|         -|   196607|      -|        no|        -|         -|     65 (~0%)|   160 (~0%)|    -|
    |   o VITIS_LOOP_1918_1                      |      II|   2.43|   196605|  6.547e+05|         4|        3|  65535|  yes(flp)|        -|         -|            -|           -|    -|
    | + pe_0_0                                   |  Timing|  -0.00|    65542|  2.183e+05|         -|    65542|      -|        no|        -|         -|    107 (~0%)|   377 (~0%)|    -|
    |  + pe_0_0_Pipeline_VITIS_LOOP_2609_1       |  Timing|  -0.00|    65540|  2.182e+05|         -|    65540|      -|        no|        -|         -|     85 (~0%)|   260 (~0%)|    -|
    |   o VITIS_LOOP_2609_1                      |       -|   2.43|    65538|  2.182e+05|         5|        1|  65535|  yes(flp)|        -|         -|            -|           -|    -|
    | + wld_0_2                                  |  Timing|  -0.00|    65539|  2.182e+05|         -|    65539|      -|        no|        -|         -|     44 (~0%)|   254 (~0%)|    -|
    |  + wld_0_2_Pipeline_VITIS_LOOP_1802_1      |  Timing|  -0.00|    65537|  2.182e+05|         -|    65537|      -|        no|        -|         -|     22 (~0%)|   127 (~0%)|    -|
    |   o VITIS_LOOP_1802_1                      |       -|   2.43|    65535|  2.182e+05|         2|        1|  65535|  yes(flp)|        -|         -|            -|           -|    -|
    | + wld_1_1                                  |  Timing|  -0.00|    65539|  2.182e+05|         -|    65539|      -|        no|        -|         -|     44 (~0%)|   254 (~0%)|    -|
    |  + wld_1_1_Pipeline_VITIS_LOOP_1981_1      |  Timing|  -0.00|    65537|  2.182e+05|         -|    65537|      -|        no|        -|         -|     22 (~0%)|   127 (~0%)|    -|
    |   o VITIS_LOOP_1981_1                      |       -|   2.43|    65535|  2.182e+05|         2|        1|  65535|  yes(flp)|        -|         -|            -|           -|    -|
    | + wld_2_0                                  |  Timing|  -0.00|   131074|  4.365e+05|         -|   131074|      -|        no|        -|         -|     86 (~0%)|   311 (~0%)|    -|
    |  + wld_2_0_Pipeline_VITIS_LOOP_2156_1      |  Timing|  -0.00|   131072|  4.365e+05|         -|   131072|      -|        no|        -|         -|     64 (~0%)|   152 (~0%)|    -|
    |   o VITIS_LOOP_2156_1                      |      II|   2.43|   131070|  4.365e+05|         3|        2|  65535|  yes(flp)|        -|         -|            -|           -|    -|
    | + pe_0_1                                   |       -|   0.83|    65542|  2.183e+05|         -|    65542|      -|        no|        -|         -|    124 (~0%)|   323 (~0%)|    -|
    |  + pe_0_1_Pipeline_VITIS_LOOP_2713_1       |       -|   0.83|    65540|  2.182e+05|         -|    65540|      -|        no|        -|         -|    102 (~0%)|   233 (~0%)|    -|
    |   o VITIS_LOOP_2713_1                      |       -|   2.43|    65538|  2.182e+05|         5|        1|  65535|  yes(flp)|        -|         -|            -|           -|    -|
    | + pe_1_0                                   |  Timing|  -1.29|    65543|  2.441e+05|         -|    65543|      -|        no|        -|   1 (~0%)|    449 (~0%)|   371 (~0%)|    -|
    |  + pe_1_0_Pipeline_VITIS_LOOP_2989_1       |  Timing|  -1.29|    65541|  2.441e+05|         -|    65541|      -|        no|        -|   1 (~0%)|    427 (~0%)|   245 (~0%)|    -|
    |   o VITIS_LOOP_2989_1                      |       -|   2.43|    65539|  2.441e+05|         6|        1|  65535|  yes(flp)|        -|         -|            -|           -|    -|
    | + wld_0_3                                  |  Timing|  -0.00|    65539|  2.182e+05|         -|    65539|      -|        no|        -|         -|     43 (~0%)|   204 (~0%)|    -|
    |  + wld_0_3_Pipeline_VITIS_LOOP_1858_1      |  Timing|  -0.00|    65537|  2.182e+05|         -|    65537|      -|        no|        -|         -|     22 (~0%)|   118 (~0%)|    -|
    |   o VITIS_LOOP_1858_1                      |       -|   2.43|    65535|  2.182e+05|         2|        1|  65535|  yes(flp)|        -|         -|            -|           -|    -|
    | + wld_1_2                                  |  Timing|  -0.00|    65539|  2.182e+05|         -|    65539|      -|        no|        -|         -|     44 (~0%)|   254 (~0%)|    -|
    |  + wld_1_2_Pipeline_VITIS_LOOP_2040_1      |  Timing|  -0.00|    65537|  2.182e+05|         -|    65537|      -|        no|        -|         -|     22 (~0%)|   127 (~0%)|    -|
    |   o VITIS_LOOP_2040_1                      |       -|   2.43|    65535|  2.182e+05|         2|        1|  65535|  yes(flp)|        -|         -|            -|           -|    -|
    | + wld_2_1                                  |  Timing|  -0.00|    65539|  2.182e+05|         -|    65539|      -|        no|        -|         -|     44 (~0%)|   254 (~0%)|    -|
    |  + wld_2_1_Pipeline_VITIS_LOOP_2217_1      |  Timing|  -0.00|    65537|  2.182e+05|         -|    65537|      -|        no|        -|         -|     22 (~0%)|   127 (~0%)|    -|
    |   o VITIS_LOOP_2217_1                      |       -|   2.43|    65535|  2.182e+05|         2|        1|  65535|  yes(flp)|        -|         -|            -|           -|    -|
    | + wld_3_0                                  |  Timing|  -0.00|    65539|  2.182e+05|         -|    65539|      -|        no|        -|         -|     44 (~0%)|   254 (~0%)|    -|
    |  + wld_3_0_Pipeline_VITIS_LOOP_2389_1      |  Timing|  -0.00|    65537|  2.182e+05|         -|    65537|      -|        no|        -|         -|     22 (~0%)|   127 (~0%)|    -|
    |   o VITIS_LOOP_2389_1                      |       -|   2.43|    65535|  2.182e+05|         2|        1|  65535|  yes(flp)|        -|         -|            -|           -|    -|
    | + pe_0_2                                   |       -|   0.83|    65542|  2.183e+05|         -|    65542|      -|        no|        -|         -|    124 (~0%)|   323 (~0%)|    -|
    |  + pe_0_2_Pipeline_VITIS_LOOP_2810_1       |       -|   0.83|    65540|  2.182e+05|         -|    65540|      -|        no|        -|         -|    102 (~0%)|   233 (~0%)|    -|
    |   o VITIS_LOOP_2810_1                      |       -|   2.43|    65538|  2.182e+05|         5|        1|  65535|  yes(flp)|        -|         -|            -|           -|    -|
    | + pe_1_1                                   |  Timing|  -1.29|    65543|  2.441e+05|         -|    65543|      -|        no|        -|   1 (~0%)|    266 (~0%)|   317 (~0%)|    -|
    |  + pe_1_1_Pipeline_VITIS_LOOP_3096_1       |  Timing|  -1.29|    65541|  2.441e+05|         -|    65541|      -|        no|        -|   1 (~0%)|    244 (~0%)|   218 (~0%)|    -|
    |   o VITIS_LOOP_3096_1                      |       -|   2.43|    65539|  2.441e+05|         6|        1|  65535|  yes(flp)|        -|         -|            -|           -|    -|
    | + pe_2_0                                   |  Timing|  -1.29|    65543|  2.441e+05|         -|    65543|      -|        no|        -|   1 (~0%)|    449 (~0%)|   371 (~0%)|    -|
    |  + pe_2_0_Pipeline_VITIS_LOOP_3380_1       |  Timing|  -1.29|    65541|  2.441e+05|         -|    65541|      -|        no|        -|   1 (~0%)|    427 (~0%)|   245 (~0%)|    -|
    |   o VITIS_LOOP_3380_1                      |       -|   2.43|    65539|  2.441e+05|         6|        1|  65535|  yes(flp)|        -|         -|            -|           -|    -|
    | + wld_1_3                                  |  Timing|  -0.00|    65539|  2.182e+05|         -|    65539|      -|        no|        -|         -|     43 (~0%)|   204 (~0%)|    -|
    |  + wld_1_3_Pipeline_VITIS_LOOP_2096_1      |  Timing|  -0.00|    65537|  2.182e+05|         -|    65537|      -|        no|        -|         -|     22 (~0%)|   118 (~0%)|    -|
    |   o VITIS_LOOP_2096_1                      |       -|   2.43|    65535|  2.182e+05|         2|        1|  65535|  yes(flp)|        -|         -|            -|           -|    -|
    | + wld_2_2                                  |  Timing|  -0.00|    65539|  2.182e+05|         -|    65539|      -|        no|        -|         -|     44 (~0%)|   254 (~0%)|    -|
    |  + wld_2_2_Pipeline_VITIS_LOOP_2276_1      |  Timing|  -0.00|    65537|  2.182e+05|         -|    65537|      -|        no|        -|         -|     22 (~0%)|   127 (~0%)|    -|
    |   o VITIS_LOOP_2276_1                      |       -|   2.43|    65535|  2.182e+05|         2|        1|  65535|  yes(flp)|        -|         -|            -|           -|    -|
    | + wld_3_1                                  |  Timing|  -0.00|    65539|  2.182e+05|         -|    65539|      -|        no|        -|         -|     44 (~0%)|   254 (~0%)|    -|
    |  + wld_3_1_Pipeline_VITIS_LOOP_2448_1      |  Timing|  -0.00|    65537|  2.182e+05|         -|    65537|      -|        no|        -|         -|     22 (~0%)|   127 (~0%)|    -|
    |   o VITIS_LOOP_2448_1                      |       -|   2.43|    65535|  2.182e+05|         2|        1|  65535|  yes(flp)|        -|         -|            -|           -|    -|
    | + pe_0_3                                   |       -|   0.83|    65542|  2.183e+05|         -|    65542|      -|        no|        -|         -|     97 (~0%)|   305 (~0%)|    -|
    |  + pe_0_3_Pipeline_VITIS_LOOP_2906_1       |       -|   0.83|    65540|  2.182e+05|         -|    65540|      -|        no|        -|         -|     75 (~0%)|   224 (~0%)|    -|
    |   o VITIS_LOOP_2906_1                      |       -|   2.43|    65538|  2.182e+05|         5|        1|  65535|  yes(flp)|        -|         -|            -|           -|    -|
    | + pe_1_2                                   |  Timing|  -1.29|    65543|  2.441e+05|         -|    65543|      -|        no|        -|   1 (~0%)|    266 (~0%)|   317 (~0%)|    -|
    |  + pe_1_2_Pipeline_VITIS_LOOP_3196_1       |  Timing|  -1.29|    65541|  2.441e+05|         -|    65541|      -|        no|        -|   1 (~0%)|    244 (~0%)|   218 (~0%)|    -|
    |   o VITIS_LOOP_3196_1                      |       -|   2.43|    65539|  2.441e+05|         6|        1|  65535|  yes(flp)|        -|         -|            -|           -|    -|
    | + pe_2_1                                   |  Timing|  -1.29|    65543|  2.441e+05|         -|    65543|      -|        no|        -|   1 (~0%)|    266 (~0%)|   317 (~0%)|    -|
    |  + pe_2_1_Pipeline_VITIS_LOOP_3487_1       |  Timing|  -1.29|    65541|  2.441e+05|         -|    65541|      -|        no|        -|   1 (~0%)|    244 (~0%)|   218 (~0%)|    -|
    |   o VITIS_LOOP_3487_1                      |       -|   2.43|    65539|  2.441e+05|         6|        1|  65535|  yes(flp)|        -|         -|            -|           -|    -|
    | + pe_3_0                                   |  Timing|  -1.29|    65543|  2.441e+05|         -|    65543|      -|        no|        -|   1 (~0%)|    248 (~0%)|   326 (~0%)|    -|
    |  + pe_3_0_Pipeline_VITIS_LOOP_3769_1       |  Timing|  -1.29|    65541|  2.441e+05|         -|    65541|      -|        no|        -|   1 (~0%)|    227 (~0%)|   227 (~0%)|    -|
    |   o VITIS_LOOP_3769_1                      |       -|   2.43|    65539|  2.441e+05|         6|        1|  65535|  yes(flp)|        -|         -|            -|           -|    -|
    | + wld_2_3                                  |  Timing|  -0.00|    65539|  2.182e+05|         -|    65539|      -|        no|        -|         -|     43 (~0%)|   204 (~0%)|    -|
    |  + wld_2_3_Pipeline_VITIS_LOOP_2332_1      |  Timing|  -0.00|    65537|  2.182e+05|         -|    65537|      -|        no|        -|         -|     22 (~0%)|   118 (~0%)|    -|
    |   o VITIS_LOOP_2332_1                      |       -|   2.43|    65535|  2.182e+05|         2|        1|  65535|  yes(flp)|        -|         -|            -|           -|    -|
    | + wld_3_2                                  |  Timing|  -0.00|    65539|  2.182e+05|         -|    65539|      -|        no|        -|         -|     44 (~0%)|   254 (~0%)|    -|
    |  + wld_3_2_Pipeline_VITIS_LOOP_2507_1      |  Timing|  -0.00|    65537|  2.182e+05|         -|    65537|      -|        no|        -|         -|     22 (~0%)|   127 (~0%)|    -|
    |   o VITIS_LOOP_2507_1                      |       -|   2.43|    65535|  2.182e+05|         2|        1|  65535|  yes(flp)|        -|         -|            -|           -|    -|
    | + pe_1_3                                   |  Timing|  -1.29|    65543|  2.441e+05|         -|    65543|      -|        no|        -|   1 (~0%)|    221 (~0%)|   299 (~0%)|    -|
    |  + pe_1_3_Pipeline_VITIS_LOOP_3295_1       |  Timing|  -1.29|    65541|  2.441e+05|         -|    65541|      -|        no|        -|   1 (~0%)|    199 (~0%)|   209 (~0%)|    -|
    |   o VITIS_LOOP_3295_1                      |       -|   2.43|    65539|  2.441e+05|         6|        1|  65535|  yes(flp)|        -|         -|            -|           -|    -|
    | + pe_2_2                                   |  Timing|  -1.29|    65543|  2.441e+05|         -|    65543|      -|        no|        -|   1 (~0%)|    266 (~0%)|   317 (~0%)|    -|
    |  + pe_2_2_Pipeline_VITIS_LOOP_3587_1       |  Timing|  -1.29|    65541|  2.441e+05|         -|    65541|      -|        no|        -|   1 (~0%)|    244 (~0%)|   218 (~0%)|    -|
    |   o VITIS_LOOP_3587_1                      |       -|   2.43|    65539|  2.441e+05|         6|        1|  65535|  yes(flp)|        -|         -|            -|           -|    -|
    | + pe_3_1                                   |  Timing|  -1.29|    65543|  2.441e+05|         -|    65543|      -|        no|        -|   1 (~0%)|    905 (~0%)|   326 (~0%)|    -|
    |  + pe_3_1_Pipeline_VITIS_LOOP_3882_1       |  Timing|  -1.29|    65541|  2.441e+05|         -|    65541|      -|        no|        -|   1 (~0%)|    884 (~0%)|   227 (~0%)|    -|
    |   o VITIS_LOOP_3882_1                      |       -|   2.43|    65539|  2.441e+05|         6|        1|  65535|  yes(flp)|        -|         -|            -|           -|    -|
    | + wld_3_3                                  |  Timing|  -0.00|    65539|  2.182e+05|         -|    65539|      -|        no|        -|         -|     43 (~0%)|   204 (~0%)|    -|
    |  + wld_3_3_Pipeline_VITIS_LOOP_2563_1      |  Timing|  -0.00|    65537|  2.182e+05|         -|    65537|      -|        no|        -|         -|     22 (~0%)|   118 (~0%)|    -|
    |   o VITIS_LOOP_2563_1                      |       -|   2.43|    65535|  2.182e+05|         2|        1|  65535|  yes(flp)|        -|         -|            -|           -|    -|
    | + pe_2_3                                   |  Timing|  -1.29|    65543|  2.441e+05|         -|    65543|      -|        no|        -|   1 (~0%)|    221 (~0%)|   299 (~0%)|    -|
    |  + pe_2_3_Pipeline_VITIS_LOOP_3686_1       |  Timing|  -1.29|    65541|  2.441e+05|         -|    65541|      -|        no|        -|   1 (~0%)|    199 (~0%)|   209 (~0%)|    -|
    |   o VITIS_LOOP_3686_1                      |       -|   2.43|    65539|  2.441e+05|         6|        1|  65535|  yes(flp)|        -|         -|            -|           -|    -|
    | + pe_3_2                                   |  Timing|  -1.29|    65543|  2.441e+05|         -|    65543|      -|        no|        -|   1 (~0%)|    905 (~0%)|   326 (~0%)|    -|
    |  + pe_3_2_Pipeline_VITIS_LOOP_3994_1       |  Timing|  -1.29|    65541|  2.441e+05|         -|    65541|      -|        no|        -|   1 (~0%)|    884 (~0%)|   227 (~0%)|    -|
    |   o VITIS_LOOP_3994_1                      |       -|   2.43|    65539|  2.441e+05|         6|        1|  65535|  yes(flp)|        -|         -|            -|           -|    -|
    | + pe_3_3                                   |  Timing|  -1.29|    65543|  2.441e+05|         -|    65543|      -|        no|        -|   1 (~0%)|    860 (~0%)|   308 (~0%)|    -|
    |  + pe_3_3_Pipeline_VITIS_LOOP_4105_1       |  Timing|  -1.29|    65541|  2.441e+05|         -|    65541|      -|        no|        -|   1 (~0%)|    839 (~0%)|   218 (~0%)|    -|
    |   o VITIS_LOOP_4105_1                      |       -|   2.43|    65539|  2.441e+05|         6|        1|  65535|  yes(flp)|        -|         -|            -|           -|    -|
    +--------------------------------------------+--------+-------+---------+-----------+----------+---------+-------+----------+---------+----------+-------------+------------+-----+


================================================================
== HW Interfaces
================================================================
* M_AXI
+-------------+------------+---------------+---------+--------+----------+-----------+--------------+--------------+-------------+-------------+-------------------+
| Interface   | Data Width | Address Width | Latency | Offset | Register | Max Widen | Max Read     | Max Write    | Num Read    | Num Write   | Resource Estimate |
|             | (SW->HW)   |               |         |        |          | Bitwidth  | Burst Length | Burst Length | Outstanding | Outstanding |                   |
+-------------+------------+---------------+---------+--------+----------+-----------+--------------+--------------+-------------+-------------+-------------------+
| m_axi_gmem0 | 64 -> 512  | 64            | 0       | slave  | 0        | 512       | 16           | 16           | 16          | 16          | BRAM=30           |
