

================================================================
== Synthesis Summary Report of 'tinytpu_isa'
================================================================
+ General Information: 
    * Date:           Fri Sep 18 17:28:19 2026
    * Version:        2023.2 (Build 4023990 on Oct 11 2023)
    * Project:        out.prj
    * Solution:       solution1 (Vivado IP Flow Target)
    * Product family: virtexuplusHBM
    * Target device:  xcu280-fsvh2892-2L-e
    

+ Performance & Resource Estimates: 
    
    PS: '+' for module; 'o' for loop; '*' for dataflow
    +--------------------------------------------+--------+-------+-----------+-----------+----------+-----------+--------+----------+----------+----------+-------------+------------+-----+
    |                   Modules                  |  Issue |       |  Latency  |  Latency  | Iteration|           |  Trip  |          |          |          |             |            |     |
    |                   & Loops                  |  Type  | Slack |  (cycles) |    (ns)   |  Latency |  Interval |  Count | Pipelined|   BRAM   |    DSP   |      FF     |     LUT    | URAM|
    +--------------------------------------------+--------+-------+-----------+-----------+----------+-----------+--------+----------+----------+----------+-------------+------------+-----+
    |+ tinytpu_isa*                              |  Timing|  -0.00|          -|          -|         -|          -|       -|  dataflow|  12 (~0%)|  15 (~0%)|   27377 (1%)|  23239 (1%)|    -|
    | + entry_proc                               |       -|   1.22|          0|      0.000|         -|          0|       -|        no|         -|         -|      3 (~0%)|    29 (~0%)|    -|
    | + sequencer_0_1                            |  Timing|  -0.00|          -|          -|         -|          -|       -|        no|         -|   3 (~0%)|   1170 (~0%)|  2359 (~0%)|    -|
    |  + sequencer_0_1_Pipeline_VITIS_LOOP_29_1  |       -|   0.62|         58|    193.140|         -|         58|       -|        no|         -|         -|      8 (~0%)|    53 (~0%)|    -|
    |   o VITIS_LOOP_29_1                        |       -|   2.43|         56|    186.480|         1|          1|      56|       yes|         -|         -|            -|           -|    -|
    |  + sequencer_0_1_Pipeline_VITIS_LOOP_61_2  |       -|   0.77|          6|     19.980|         -|          6|       -|        no|         -|         -|      5 (~0%)|    49 (~0%)|    -|
    |   o VITIS_LOOP_61_2                        |       -|   2.43|          4|     13.320|         1|          1|       4|       yes|         -|         -|            -|           -|    -|
    |  + sequencer_0_1_Pipeline_VITIS_LOOP_65_3  |       -|   0.77|          6|     19.980|         -|          6|       -|        no|         -|         -|      5 (~0%)|    49 (~0%)|    -|
    |   o VITIS_LOOP_65_3                        |       -|   2.43|          4|     13.320|         1|          1|       4|       yes|         -|         -|            -|           -|    -|
    |  + sequencer_0_1_Pipeline_VITIS_LOOP_69_4  |       -|   0.80|          6|     19.980|         -|          6|       -|        no|         -|         -|      5 (~0%)|    49 (~0%)|    -|
    |   o VITIS_LOOP_69_4                        |       -|   2.43|          4|     13.320|         1|          1|       4|       yes|         -|         -|            -|           -|    -|
    |  + sequencer_0_1_Pipeline_VITIS_LOOP_73_5  |       -|   0.79|          6|     19.980|         -|          6|       -|        no|         -|         -|      5 (~0%)|    49 (~0%)|    -|
    |   o VITIS_LOOP_73_5                        |       -|   2.43|          4|     13.320|         1|          1|       4|       yes|         -|         -|            -|           -|    -|
    |  + sequencer_0_1_Pipeline_l_S_i_0_i        |  Timing|  -0.00|         59|    196.470|         -|         59|       -|        no|         -|         -|     87 (~0%)|    75 (~0%)|    -|
    |   o l_S_i_0_i                              |       -|   2.43|         57|    189.810|         3|          1|      56|       yes|         -|         -|            -|           -|    -|
    |  + sequencer_0_1_Pipeline_VITIS_LOOP_82_6  |       -|   0.17|          -|          -|         -|          -|       -|        no|         -|   3 (~0%)|    479 (~0%)|  1075 (~0%)|    -|
    |   o VITIS_LOOP_82_6                        |      II|   2.43|          -|          -|         7|          5|       -|       yes|         -|         -|            -|           -|    -|
    | + dma_ld_0_1                               |  Timing|  -0.00|    1114181|  3.710e+06|         -|    1114181|       -|        no|         -|         -|    508 (~0%)|  1441 (~0%)|    -|
    |  + dma_ld_0_1_Pipeline_VITIS_LOOP_585_1    |       -|   0.64|         66|    219.780|         -|         66|       -|        no|         -|         -|      9 (~0%)|    56 (~0%)|    -|
    |   o VITIS_LOOP_585_1                       |       -|   2.43|         64|    213.120|         1|          1|      64|       yes|         -|         -|            -|           -|    -|
    |  + dma_ld_0_1_Pipeline_VITIS_LOOP_589_2    |       -|   0.64|         66|    219.780|         -|         66|       -|        no|         -|         -|      9 (~0%)|    56 (~0%)|    -|
    |   o VITIS_LOOP_589_2                       |       -|   2.43|         64|    213.120|         1|          1|      64|       yes|         -|         -|            -|           -|    -|
    |  + dma_ld_0_1_Pipeline_VITIS_LOOP_596_3    |  Timing|  -0.00|    1048563|  3.492e+06|         -|    1048563|       -|        no|         -|         -|     94 (~0%)|   151 (~0%)|    -|
    |   o VITIS_LOOP_596_3                       |      II|   2.43|    1048561|  3.492e+06|         6|          4|  262140|       yes|         -|         -|            -|           -|    -|
    |  + dma_ld_0_1_Pipeline_VITIS_LOOP_656_4    |  Timing|  -0.00|    1048563|  3.492e+06|         -|    1048563|       -|        no|         -|         -|     94 (~0%)|   151 (~0%)|    -|
    |   o VITIS_LOOP_656_4                       |      II|   2.43|    1048561|  3.492e+06|         6|          4|  262140|       yes|         -|         -|            -|           -|    -|
    |  + dma_ld_0_1_Pipeline_VITIS_LOOP_724_5    |       -|   0.13|      65539|  2.182e+05|         -|      65539|       -|        no|         -|         -|    106 (~0%)|   343 (~0%)|    -|
    |   o VITIS_LOOP_724_5                       |       -|   2.43|      65537|  2.182e+05|         4|          1|   65535|       yes|         -|         -|            -|           -|    -|
    | + spm_0                                    |       -|   0.02|      66057|  2.200e+05|         -|      66057|       -|        no|   1 (~0%)|         -|    161 (~0%)|   541 (~0%)|    -|
    |  + spm_0_Pipeline_VITIS_LOOP_809_1         |       -|   0.12|        514|  1.712e+03|         -|        514|       -|        no|         -|         -|     12 (~0%)|    62 (~0%)|    -|
    |   o VITIS_LOOP_809_1                       |       -|   2.43|        512|  1.705e+03|         1|          1|     512|       yes|         -|         -|            -|           -|    -|
    |  + spm_0_Pipeline_VITIS_LOOP_834_2         |       -|   0.02|      65540|  2.182e+05|         -|      65540|       -|        no|         -|         -|    126 (~0%)|   345 (~0%)|    -|
    |   o VITIS_LOOP_834_2                       |       -|   2.43|      65538|  2.182e+05|         5|          1|   65535|       yes|         -|         -|            -|           -|    -|
    | + vru_0                                    |  Timing|  -0.00|      65801|  2.191e+05|         -|      65801|       -|        no|   1 (~0%)|         -|    233 (~0%)|   841 (~0%)|    -|
    |  + vru_0_Pipeline_VITIS_LOOP_934_1         |       -|   0.13|        258|    859.140|         -|        258|       -|        no|         -|         -|     11 (~0%)|    60 (~0%)|    -|
    |   o VITIS_LOOP_934_1                       |       -|   2.43|        256|    852.480|         1|          1|     256|       yes|         -|         -|            -|           -|    -|
    |  + vru_0_Pipeline_VITIS_LOOP_971_2         |       -|   0.02|      65540|  2.182e+05|         -|      65540|       -|        no|         -|         -|    198 (~0%)|   604 (~0%)|    -|
    |   o VITIS_LOOP_971_2                       |       -|   2.43|      65538|  2.182e+05|         5|          1|   65535|       yes|         -|         -|            -|           -|    -|
    | + pe_0_0                                   |  Timing|  -0.00|  269086711|  8.961e+08|         -|  269086711|       -|        no|         -|         -|    226 (~0%)|   377 (~0%)|    -|
    |  o VITIS_LOOP_1123_1                       |       -|   2.43|  269086710|  8.961e+08|      4106|          -|   65535|        no|         -|         -|            -|           -|    -|
    |   + pe_0_0_Pipeline_VITIS_LOOP_1158_2      |       -|   0.88|       4099|  1.365e+04|         -|       4099|       -|        no|         -|         -|    131 (~0%)|   156 (~0%)|    -|
    |    o VITIS_LOOP_1158_2                     |       -|   2.43|       4097|  1.364e+04|         4|          1|    4095|       yes|         -|         -|            -|           -|    -|
    | + pe_0_1                                   |  Timing|  -0.00|  268955641|  8.956e+08|         -|  268955641|       -|        no|         -|         -|    128 (~0%)|   306 (~0%)|    -|
    |  o VITIS_LOOP_1225_1                       |       -|   2.43|  268955640|  8.956e+08|      4104|          -|   65535|        no|         -|         -|            -|           -|    -|
    |   + pe_0_1_Pipeline_VITIS_LOOP_1252_2      |       -|   0.88|       4099|  1.365e+04|         -|       4099|       -|        no|         -|         -|     67 (~0%)|   147 (~0%)|    -|
    |    o VITIS_LOOP_1252_2                     |       -|   2.43|       4097|  1.364e+04|         4|          1|    4095|       yes|         -|         -|            -|           -|    -|
    | + pe_1_0                                   |  Timing|  -0.00|  269086711|  8.961e+08|         -|  269086711|       -|        no|         -|   1 (~0%)|    363 (~0%)|   415 (~0%)|    -|
    |  o VITIS_LOOP_1478_1                       |       -|   2.43|  269086710|  8.961e+08|      4106|          -|   65535|        no|         -|         -|            -|           -|    -|
    |   + pe_1_0_Pipeline_VITIS_LOOP_1511_2      |       -|   0.22|       4100|  1.365e+04|         -|       4100|       -|        no|         -|   1 (~0%)|    269 (~0%)|   191 (~0%)|    -|
    |    o VITIS_LOOP_1511_2                     |       -|   2.43|       4098|  1.365e+04|         5|          1|    4095|       yes|         -|         -|            -|           -|    -|
    | + pe_0_2                                   |  Timing|  -0.00|  268955641|  8.956e+08|         -|  268955641|       -|        no|         -|         -|    128 (~0%)|   306 (~0%)|    -|
    |  o VITIS_LOOP_1311_1                       |       -|   2.43|  268955640|  8.956e+08|      4104|          -|   65535|        no|         -|         -|            -|           -|    -|
    |   + pe_0_2_Pipeline_VITIS_LOOP_1338_2      |       -|   0.88|       4099|  1.365e+04|         -|       4099|       -|        no|         -|         -|     67 (~0%)|   147 (~0%)|    -|
    |    o VITIS_LOOP_1338_2                     |       -|   2.43|       4097|  1.364e+04|         4|          1|    4095|       yes|         -|         -|            -|           -|    -|
    | + pe_1_1                                   |  Timing|  -0.00|  269021176|  8.958e+08|         -|  269021176|       -|        no|         -|   1 (~0%)|    234 (~0%)|   318 (~0%)|    -|
    |  o VITIS_LOOP_1581_1                       |       -|   2.43|  269021175|  8.958e+08|      4105|          -|   65535|        no|         -|         -|            -|           -|    -|
    |   + pe_1_1_Pipeline_VITIS_LOOP_1608_2      |       -|   0.22|       4100|  1.365e+04|         -|       4100|       -|        no|         -|   1 (~0%)|    173 (~0%)|   150 (~0%)|    -|
    |    o VITIS_LOOP_1608_2                     |       -|   2.43|       4098|  1.365e+04|         5|          1|    4095|       yes|         -|         -|            -|           -|    -|
    | + pe_2_0                                   |  Timing|  -0.00|  269021176|  8.958e+08|         -|  269021176|       -|        no|         -|   1 (~0%)|    362 (~0%)|   407 (~0%)|    -|
    |  o VITIS_LOOP_1842_1                       |       -|   2.43|  269021175|  8.958e+08|      4105|          -|   65535|        no|         -|         -|            -|           -|    -|
    |   + pe_2_0_Pipeline_VITIS_LOOP_1873_2      |       -|   0.22|       4100|  1.365e+04|         -|       4100|       -|        no|         -|   1 (~0%)|    269 (~0%)|   191 (~0%)|    -|
    |    o VITIS_LOOP_1873_2                     |       -|   2.43|       4098|  1.365e+04|         5|          1|    4095|       yes|         -|         -|            -|           -|    -|
    | + pe_0_3                                   |       -|   0.43|  268890106|  8.954e+08|         -|  268890106|       -|        no|         -|         -|    119 (~0%)|   271 (~0%)|    -|
    |  o VITIS_LOOP_1393_1                       |       -|   2.43|  268890105|  8.954e+08|      4103|          -|   65535|        no|         -|         -|            -|           -|    -|
    |   + pe_0_3_Pipeline_VITIS_LOOP_1416_2      |       -|   0.88|       4099|  1.365e+04|         -|       4099|       -|        no|         -|         -|     59 (~0%)|   136 (~0%)|    -|
    |    o VITIS_LOOP_1416_2                     |       -|   2.43|       4097|  1.364e+04|         4|          1|    4095|       yes|         -|         -|            -|           -|    -|
    | + pe_1_2                                   |  Timing|  -0.00|  269021176|  8.958e+08|         -|  269021176|       -|        no|         -|   1 (~0%)|    234 (~0%)|   318 (~0%)|    -|
    |  o VITIS_LOOP_1670_1                       |       -|   2.43|  269021175|  8.958e+08|      4105|          -|   65535|        no|         -|         -|            -|           -|    -|
    |   + pe_1_2_Pipeline_VITIS_LOOP_1697_2      |       -|   0.22|       4100|  1.365e+04|         -|       4100|       -|        no|         -|   1 (~0%)|    173 (~0%)|   150 (~0%)|    -|
    |    o VITIS_LOOP_1697_2                     |       -|   2.43|       4098|  1.365e+04|         5|          1|    4095|       yes|         -|         -|            -|           -|    -|
    | + pe_2_1                                   |  Timing|  -0.00|  269021176|  8.958e+08|         -|  269021176|       -|        no|         -|   1 (~0%)|    234 (~0%)|   318 (~0%)|    -|
    |  o VITIS_LOOP_1943_1                       |       -|   2.43|  269021175|  8.958e+08|      4105|          -|   65535|        no|         -|         -|            -|           -|    -|
    |   + pe_2_1_Pipeline_VITIS_LOOP_1970_2      |       -|   0.22|       4100|  1.365e+04|         -|       4100|       -|        no|         -|   1 (~0%)|    173 (~0%)|   150 (~0%)|    -|
    |    o VITIS_LOOP_1970_2                     |       -|   2.43|       4098|  1.365e+04|         5|          1|    4095|       yes|         -|         -|            -|           -|    -|
    | + pe_3_0                                   |  Timing|  -0.00|  269021176|  8.958e+08|         -|  269021176|       -|        no|         -|   1 (~0%)|    233 (~0%)|   309 (~0%)|    -|
    |  o VITIS_LOOP_2200_1                       |       -|   2.43|  269021175|  8.958e+08|      4105|          -|   65535|        no|         -|         -|            -|           -|    -|
    |   + pe_3_0_Pipeline_VITIS_LOOP_2227_2      |       -|   0.22|       4100|  1.365e+04|         -|       4100|       -|        no|         -|   1 (~0%)|    173 (~0%)|   150 (~0%)|    -|
    |    o VITIS_LOOP_2227_2                     |       -|   2.43|       4098|  1.365e+04|         5|          1|    4095|       yes|         -|         -|            -|           -|    -|
    | + pe_1_3                                   |       -|   0.22|  268955641|  8.956e+08|         -|  268955641|       -|        no|         -|   1 (~0%)|    161 (~0%)|   251 (~0%)|    -|
    |  o VITIS_LOOP_1755_1                       |       -|   2.43|  268955640|  8.956e+08|      4104|          -|   65535|        no|         -|         -|            -|           -|    -|
    |   + pe_1_3_Pipeline_VITIS_LOOP_1778_2      |       -|   0.22|       4100|  1.365e+04|         -|       4100|       -|        no|         -|   1 (~0%)|    101 (~0%)|   107 (~0%)|    -|
    |    o VITIS_LOOP_1778_2                     |       -|   2.43|       4098|  1.365e+04|         5|          1|    4095|       yes|         -|         -|            -|           -|    -|
    | + pe_2_2                                   |  Timing|  -0.00|  269021176|  8.958e+08|         -|  269021176|       -|        no|         -|   1 (~0%)|    234 (~0%)|   318 (~0%)|    -|
    |  o VITIS_LOOP_2032_1                       |       -|   2.43|  269021175|  8.958e+08|      4105|          -|   65535|        no|         -|         -|            -|           -|    -|
    |   + pe_2_2_Pipeline_VITIS_LOOP_2059_2      |       -|   0.22|       4100|  1.365e+04|         -|       4100|       -|        no|         -|   1 (~0%)|    173 (~0%)|   150 (~0%)|    -|
    |    o VITIS_LOOP_2059_2                     |       -|   2.43|       4098|  1.365e+04|         5|          1|    4095|       yes|         -|         -|            -|           -|    -|
    | + pe_3_1                                   |  Timing|  -0.00|  269021176|  8.958e+08|         -|  269021176|       -|        no|         -|   1 (~0%)|    425 (~0%)|   359 (~0%)|    -|
    |  o VITIS_LOOP_2305_1                       |       -|   2.43|  269021175|  8.958e+08|      4105|          -|   65535|        no|         -|         -|            -|           -|    -|
    |   + pe_3_1_Pipeline_VITIS_LOOP_2332_2      |       -|   0.22|       4100|  1.365e+04|         -|       4100|       -|        no|         -|   1 (~0%)|    365 (~0%)|   191 (~0%)|    -|
    |    o VITIS_LOOP_2332_2                     |       -|   2.43|       4098|  1.365e+04|         5|          1|    4095|       yes|         -|         -|            -|           -|    -|
    | + pe_2_3                                   |       -|   0.22|  268955641|  8.956e+08|         -|  268955641|       -|        no|         -|   1 (~0%)|    161 (~0%)|   251 (~0%)|    -|
    |  o VITIS_LOOP_2117_1                       |       -|   2.43|  268955640|  8.956e+08|      4104|          -|   65535|        no|         -|         -|            -|           -|    -|
    |   + pe_2_3_Pipeline_VITIS_LOOP_2140_2      |       -|   0.22|       4100|  1.365e+04|         -|       4100|       -|        no|         -|   1 (~0%)|    101 (~0%)|   107 (~0%)|    -|
    |    o VITIS_LOOP_2140_2                     |       -|   2.43|       4098|  1.365e+04|         5|          1|    4095|       yes|         -|         -|            -|           -|    -|
    | + pe_3_2                                   |  Timing|  -0.00|  269021176|  8.958e+08|         -|  269021176|       -|        no|         -|   1 (~0%)|    425 (~0%)|   359 (~0%)|    -|
    |  o VITIS_LOOP_2406_1                       |       -|   2.43|  269021175|  8.958e+08|      4105|          -|   65535|        no|         -|         -|            -|           -|    -|
    |   + pe_3_2_Pipeline_VITIS_LOOP_2433_2      |       -|   0.22|       4100|  1.365e+04|         -|       4100|       -|        no|         -|   1 (~0%)|    365 (~0%)|   191 (~0%)|    -|
    |    o VITIS_LOOP_2433_2                     |       -|   2.43|       4098|  1.365e+04|         5|          1|    4095|       yes|         -|         -|            -|           -|    -|
    | + pe_3_3                                   |       -|   0.22|  268955641|  8.956e+08|         -|  268955641|       -|        no|         -|   1 (~0%)|    352 (~0%)|   292 (~0%)|    -|
    |  o VITIS_LOOP_2503_1                       |       -|   2.43|  268955640|  8.956e+08|      4104|          -|   65535|        no|         -|         -|            -|           -|    -|
    |   + pe_3_3_Pipeline_VITIS_LOOP_2526_2      |       -|   0.22|       4100|  1.365e+04|         -|       4100|       -|        no|         -|   1 (~0%)|    293 (~0%)|   148 (~0%)|    -|
    |    o VITIS_LOOP_2526_2                     |       -|   2.43|       4098|  1.365e+04|         5|          1|    4095|       yes|         -|         -|            -|           -|    -|
    | + accu_0                                   |       -|   0.04|      65673|  2.187e+05|         -|      65673|       -|        no|         -|         -|  17450 (~0%)|  6430 (~0%)|    -|
    |  + accu_0_Pipeline_VITIS_LOOP_2580_1       |       -|   0.95|        130|    432.900|         -|        130|       -|        no|         -|         -|     10 (~0%)|    58 (~0%)|    -|
    |   o VITIS_LOOP_2580_1                      |       -|   2.43|        128|    426.240|         1|          1|     128|       yes|         -|         -|            -|           -|    -|
    |  + accu_0_Pipeline_VITIS_LOOP_2615_2       |       -|   0.04|      65540|  2.182e+05|         -|      65540|       -|        no|         -|         -|  17417 (~0%)|  6294 (~0%)|    -|
    |   o VITIS_LOOP_2615_2                      |       -|   2.43|      65538|  2.182e+05|         5|          1|   65535|       yes|         -|         -|            -|           -|    -|
    | + dma_st_0_1                               |  Timing|  -0.00|     262153|  8.730e+05|         -|     262153|       -|        no|         -|         -|    382 (~0%)|   619 (~0%)|    -|
    |  + dma_st_0_1_Pipeline_VITIS_LOOP_3249_1   |  Timing|  -0.00|     262151|  8.730e+05|         -|     262151|       -|        no|         -|         -|    297 (~0%)|   520 (~0%)|    -|
    |   o VITIS_LOOP_3249_1                      |      II|   2.43|     262149|  8.730e+05|        14|          4|   65535|       yes|         -|         -|            -|           -|    -|
    +--------------------------------------------+--------+-------+-----------+-----------+----------+-----------+--------+----------+----------+----------+-------------+------------+-----+


================================================================
== HW Interfaces
================================================================
* M_AXI
+-------------+------------+---------------+---------+--------+----------+-----------+--------------+--------------+-------------+-------------+-------------------+
| Interface   | Data Width | Address Width | Latency | Offset | Register | Max Widen | Max Read     | Max Write    | Num Read    | Num Write   | Resource Estimate |
|             | (SW->HW)   |               |         |        |          | Bitwidth  | Burst Length | Burst Length | Outstanding | Outstanding |                   |
+-------------+------------+---------------+---------+--------+----------+-----------+--------------+--------------+-------------+-------------+-------------------+
| m_axi_gmem0 | 64 -> 64   | 64            | 0       | slave  | 0        | 0         | 16           | 16           | 16          | 16          | BRAM=4            |
| m_axi_gmem1 | 8 -> 8     | 64            | 0       | slave  | 0        | 0         | 16           | 16           | 16          | 16          | BRAM=2            |
| m_axi_gmem2 | 8 -> 8     | 64            | 0       | slave  | 0        | 0         | 16           | 16           | 16          | 16          | BRAM=2            |
| m_axi_gmem3 | 8 -> 8     | 64            | 0       | slave  | 0        | 0         | 16           | 16           | 16          | 16          | BRAM=2            |
+-------------+------------+---------------+---------+--------+----------+-----------+--------------+--------------+-------------+-------------+-------------------+

* S_AXILITE Interfaces
+---------------+------------+---------------+--------+----------+
| Interface     | Data Width | Address Width | Offset | Register |
+---------------+------------+---------------+--------+----------+
| s_axi_control | 32         | 6             | 16     | 0        |
+---------------+------------+---------------+--------+----------+

* S_AXILITE Registers
+---------------+----------+--------+-------+--------+----------------------+
| Interface     | Register | Offset | Width | Access | Description          |
+---------------+----------+--------+-------+--------+----------------------+
| s_axi_control | v1719_1  | 0x10   | 32    | W      | Data signal of v1719 |
| s_axi_control | v1719_2  | 0x14   | 32    | W      | Data signal of v1719 |
| s_axi_control | v1720_1  | 0x1c   | 32    | W      | Data signal of v1720 |
| s_axi_control | v1720_2  | 0x20   | 32    | W      | Data signal of v1720 |
| s_axi_control | v1721_1  | 0x28   | 32    | W      | Data signal of v1721 |
| s_axi_control | v1721_2  | 0x2c   | 32    | W      | Data signal of v1721 |
| s_axi_control | v1722_1  | 0x34   | 32    | W      | Data signal of v1722 |
| s_axi_control | v1722_2  | 0x38   | 32    | W      | Data signal of v1722 |
+---------------+----------+--------+-------+--------+----------------------+

* TOP LEVEL CONTROL
+-----------+------------+-----------------------------------+
| Interface | Type       | Ports                             |
+-----------+------------+-----------------------------------+
| ap_clk    | clock      | ap_clk                            |
| ap_rst_n  | reset      | ap_rst_n                          |
| ap_ctrl   | ap_ctrl_hs | ap_done ap_idle ap_ready ap_start |
+-----------+------------+-----------------------------------+


================================================================
== SW I/O Information
================================================================
* Top Function Arguments
+----------+-----------+--------------------+
| Argument | Direction | Datatype           |
+----------+-----------+--------------------+
| v1719    | in        | long unsigned int* |
| v1720    | in        | signed char*       |
| v1721    | in        | signed char*       |
| v1722    | out       | signed char*       |
+----------+-----------+--------------------+

* SW-to-HW Mapping
+----------+---------------+-----------+----------+-----------------------------------+
| Argument | HW Interface  | HW Type   | HW Usage | HW Info                           |
+----------+---------------+-----------+----------+-----------------------------------+
| v1719    | m_axi_gmem0   | interface |          |                                   |
| v1719    | s_axi_control | register  | offset   | name=v1719_1 offset=0x10 range=32 |
| v1719    | s_axi_control | register  | offset   | name=v1719_2 offset=0x14 range=32 |
| v1720    | m_axi_gmem1   | interface |          |                                   |
| v1720    | s_axi_control | register  | offset   | name=v1720_1 offset=0x1c range=32 |
| v1720    | s_axi_control | register  | offset   | name=v1720_2 offset=0x20 range=32 |
| v1721    | m_axi_gmem2   | interface |          |                                   |
| v1721    | s_axi_control | register  | offset   | name=v1721_1 offset=0x28 range=32 |
| v1721    | s_axi_control | register  | offset   | name=v1721_2 offset=0x2c range=32 |
| v1722    | m_axi_gmem3   | interface |          |                                   |
| v1722    | s_axi_control | register  | offset   | name=v1722_1 offset=0x34 range=32 |
| v1722    | s_axi_control | register  | offset   | name=v1722_2 offset=0x38 range=32 |
+----------+---------------+-----------+----------+-----------------------------------+


================================================================
== M_AXI Burst Information
================================================================
 Note: All burst requests might be further partitioned into multiple requests during RTL generation based on max_read_burst_length or max_write_burst_length settings.

* Inferred Burst Summary
+--------------+-----------+----------+-------+------------------+-------------------+
| HW Interface | Direction | Length   | Width | Loop             | Loop Location     |
+--------------+-----------+----------+-------+------------------+-------------------+
| m_axi_gmem0  | read      | 56       | 64    | l_S_i_0_i        | kernel.cpp:32:14  |
| m_axi_gmem1  | read      | variable | 8     | VITIS_LOOP_596_3 | kernel.cpp:596:21 |
| m_axi_gmem2  | read      | variable | 8     | VITIS_LOOP_656_4 | kernel.cpp:656:21 |
| m_axi_gmem3  | write     | 4        | 8     |                  |                   |
+--------------+-----------+----------+-------+------------------+-------------------+

* All M_AXI Variable Accesses
+--------------+----------+--------------------+-----------+--------------+----------+-------------------+--------------------+------------+-------------------------------------------------------------------------------------------------------+
| HW Interface | Variable | Access Location    | Direction | Burst Status | Length   | Loop              | Loop Location      | Resolution | Problem                                                                                               |
+--------------+----------+--------------------+-----------+--------------+----------+-------------------+--------------------+------------+-------------------------------------------------------------------------------------------------------+
| m_axi_gmem0  | v0       | kernel.cpp:33:19   | read      | Widen Fail   |          | l_S_i_0_i         | kernel.cpp:32:14   | 214-353    | Could not widen since type i64 size is greater than or equal to the max_widen_bitwidth threshold of 0 |
| m_axi_gmem0  | v0       | kernel.cpp:33:19   | read      | Inferred     | 56       | l_S_i_0_i         | kernel.cpp:32:14   |            |                                                                                                       |
| m_axi_gmem1  | v315     | kernel.cpp:602:19  | read      | Widen Fail   |          | VITIS_LOOP_596_3  | kernel.cpp:596:21  | 214-353    | Could not widen since type i8 size is greater than or equal to the max_widen_bitwidth threshold of 0  |
| m_axi_gmem1  | v315     | kernel.cpp:602:19  | read      | Inferred     | variable | VITIS_LOOP_596_3  | kernel.cpp:596:21  |            |                                                                                                       |
| m_axi_gmem1  | v315     | kernel.cpp:615:19  | read      | Widen Fail   |          | VITIS_LOOP_596_3  | kernel.cpp:596:21  | 214-353    | Could not widen since type i8 size is greater than or equal to the max_widen_bitwidth threshold of 0  |
| m_axi_gmem1  | v315     | kernel.cpp:615:19  | read      | Inferred     | variable | VITIS_LOOP_596_3  | kernel.cpp:596:21  |            |                                                                                                       |
| m_axi_gmem1  | v315     | kernel.cpp:627:19  | read      | Widen Fail   |          | VITIS_LOOP_596_3  | kernel.cpp:596:21  | 214-353    | Could not widen since type i8 size is greater than or equal to the max_widen_bitwidth threshold of 0  |
| m_axi_gmem1  | v315     | kernel.cpp:627:19  | read      | Inferred     | variable | VITIS_LOOP_596_3  | kernel.cpp:596:21  |            |                                                                                                       |
| m_axi_gmem1  | v315     | kernel.cpp:639:19  | read      | Widen Fail   |          | VITIS_LOOP_596_3  | kernel.cpp:596:21  | 214-353    | Could not widen since type i8 size is greater than or equal to the max_widen_bitwidth threshold of 0  |
| m_axi_gmem1  | v315     | kernel.cpp:639:19  | read      | Inferred     | variable | VITIS_LOOP_596_3  | kernel.cpp:596:21  |            |                                                                                                       |
| m_axi_gmem2  | v316     | kernel.cpp:662:19  | read      | Widen Fail   |          | VITIS_LOOP_656_4  | kernel.cpp:656:21  | 214-353    | Could not widen since type i8 size is greater than or equal to the max_widen_bitwidth threshold of 0  |
| m_axi_gmem2  | v316     | kernel.cpp:662:19  | read      | Inferred     | variable | VITIS_LOOP_656_4  | kernel.cpp:656:21  |            |                                                                                                       |
| m_axi_gmem2  | v316     | kernel.cpp:675:19  | read      | Widen Fail   |          | VITIS_LOOP_656_4  | kernel.cpp:656:21  | 214-353    | Could not widen since type i8 size is greater than or equal to the max_widen_bitwidth threshold of 0  |
| m_axi_gmem2  | v316     | kernel.cpp:675:19  | read      | Inferred     | variable | VITIS_LOOP_656_4  | kernel.cpp:656:21  |            |                                                                                                       |
| m_axi_gmem2  | v316     | kernel.cpp:687:19  | read      | Widen Fail   |          | VITIS_LOOP_656_4  | kernel.cpp:656:21  | 214-353    | Could not widen since type i8 size is greater than or equal to the max_widen_bitwidth threshold of 0  |
| m_axi_gmem2  | v316     | kernel.cpp:687:19  | read      | Inferred     | variable | VITIS_LOOP_656_4  | kernel.cpp:656:21  |            |                                                                                                       |
| m_axi_gmem2  | v316     | kernel.cpp:699:19  | read      | Widen Fail   |          | VITIS_LOOP_656_4  | kernel.cpp:656:21  | 214-353    | Could not widen since type i8 size is greater than or equal to the max_widen_bitwidth threshold of 0  |
| m_axi_gmem2  | v316     | kernel.cpp:699:19  | read      | Inferred     | variable | VITIS_LOOP_656_4  | kernel.cpp:656:21  |            |                                                                                                       |
| m_axi_gmem3  | v1617    | kernel.cpp:3306:18 | write     | Widen Fail   |          |                   |                    | 214-353    | Could not widen since type i8 size is greater than or equal to the max_widen_bitwidth threshold of 0  |
| m_axi_gmem3  | v1617    | kernel.cpp:3306:18 | write     | Fail         |          | VITIS_LOOP_3249_1 | kernel.cpp:3249:22 | 214-229    | Could not analyze pattern                                                                             |
| m_axi_gmem3  | v1617    | kernel.cpp:3306:18 | write     | Inferred     | 4        | VITIS_LOOP_3249_1 | kernel.cpp:3249:22 |            |                                                                                                       |
| m_axi_gmem3  | v1617    | kernel.cpp:3330:18 | write     | Widen Fail   |          |                   |                    | 214-353    | Could not widen since type i8 size is greater than or equal to the max_widen_bitwidth threshold of 0  |
| m_axi_gmem3  | v1617    | kernel.cpp:3330:18 | write     | Fail         |          | VITIS_LOOP_3249_1 | kernel.cpp:3249:22 | 214-229    | Could not analyze pattern                                                                             |
| m_axi_gmem3  | v1617    | kernel.cpp:3330:18 | write     | Inferred     | 4        | VITIS_LOOP_3249_1 | kernel.cpp:3249:22 |            |                                                                                                       |
| m_axi_gmem3  | v1617    | kernel.cpp:3354:18 | write     | Widen Fail   |          |                   |                    | 214-353    | Could not widen since type i8 size is greater than or equal to the max_widen_bitwidth threshold of 0  |
| m_axi_gmem3  | v1617    | kernel.cpp:3354:18 | write     | Fail         |          | VITIS_LOOP_3249_1 | kernel.cpp:3249:22 | 214-229    | Could not analyze pattern                                                                             |
| m_axi_gmem3  | v1617    | kernel.cpp:3354:18 | write     | Inferred     | 4        | VITIS_LOOP_3249_1 | kernel.cpp:3249:22 |            |                                                                                                       |
| m_axi_gmem3  | v1617    | kernel.cpp:3378:18 | write     | Widen Fail   |          |                   |                    | 214-353    | Could not widen since type i8 size is greater than or equal to the max_widen_bitwidth threshold of 0  |
| m_axi_gmem3  | v1617    | kernel.cpp:3378:18 | write     | Fail         |          | VITIS_LOOP_3249_1 | kernel.cpp:3249:22 | 214-229    | Could not analyze pattern                                                                             |
| m_axi_gmem3  | v1617    | kernel.cpp:3378:18 | write     | Inferred     | 4        | VITIS_LOOP_3249_1 | kernel.cpp:3249:22 |            |                                                                                                       |
+--------------+----------+--------------------+-----------+--------------+----------+-------------------+--------------------+------------+-------------------------------------------------------------------------------------------------------+

    * Resolution URL: docs.xilinx.com/access/sources/dita/topic?Doc_Version=2023.2%20English&url=ug1448-hls-guidance&resourceid=XXX-YYY.html (replace XXX-YYY with column value)

================================================================
== Bind Op Report
================================================================
+--------------------------------------------+-----+--------+--------------+-----+-----------+---------+
| Name                                       | DSP | Pragma | Variable     | Op  | Impl      | Latency |
+--------------------------------------------+-----+--------+--------------+-----+-----------+---------+
| + tinytpu_isa                              | 15  |        |              |     |           |         |
|  + sequencer_0_1                           | 3   |        |              |     |           |         |
|   + sequencer_0_1_Pipeline_VITIS_LOOP_29_1 | 0   |        |              |     |           |         |
|     add_ln29_fu_60_p2                      |     |        | add_ln29     | add | fabric    | 0       |
|   + sequencer_0_1_Pipeline_VITIS_LOOP_61_2 | 0   |        |              |     |           |         |
|     add_ln61_fu_60_p2                      |     |        | add_ln61     | add | fabric    | 0       |
|   + sequencer_0_1_Pipeline_VITIS_LOOP_65_3 | 0   |        |              |     |           |         |
|     add_ln65_fu_60_p2                      |     |        | add_ln65     | add | fabric    | 0       |
|   + sequencer_0_1_Pipeline_VITIS_LOOP_69_4 | 0   |        |              |     |           |         |
|     add_ln69_fu_62_p2                      |     |        | add_ln69     | add | fabric    | 0       |
|   + sequencer_0_1_Pipeline_VITIS_LOOP_73_5 | 0   |        |              |     |           |         |
|     add_ln73_fu_62_p2                      |     |        | add_ln73     | add | fabric    | 0       |
|   + sequencer_0_1_Pipeline_l_S_i_0_i       | 0   |        |              |     |           |         |
|     add_ln32_fu_94_p2                      |     |        | add_ln32     | add | fabric    | 0       |
|   + sequencer_0_1_Pipeline_VITIS_LOOP_82_6 | 3   |        |              |     |           |         |
|     v30_fu_373_p2                          |     |        | v30          | add | fabric    | 0       |
|     v91_fu_413_p2                          |     |        | v91          | add | fabric    | 0       |
|     v87_fu_543_p2                          |     |        | v87          | add | fabric    | 0       |
|     lp_start_d0                            |     |        | v109         | add | fabric    | 0       |
|     lp_start_d0                            |     |        | v52          | add | fabric    | 0       |
|     v65_fu_433_p2                          |     |        | v65          | add | fabric    | 0       |
|     mul_12s_12s_12_1_1_U11                 | 1   |        | v138         | mul | auto      | 0       |
|     v146_fu_634_p2                         |     |        | v146         | add | fabric    | 0       |
|     v154_fu_652_p2                         |     |        | v154         | add | fabric    | 0       |
|     v162_fu_670_p2                         |     |        | v162         | add | fabric    | 0       |
|     v170_fu_688_p2                         |     |        | v170         | add | fabric    | 0       |
|     mul_12s_12s_12_1_1_U12                 | 1   |        | v215         | mul | auto      | 0       |
|     v195_fu_706_p2                         |     |        | v195         | add | fabric    | 0       |
|     f1_6_fu_724_p2                         |     |        | f1_6         | add | fabric    | 0       |
|     v211_fu_742_p2                         |     |        | v211         | add | fabric    | 0       |
|     f3_6_fu_760_p2                         |     |        | f3_6         | add | fabric    | 0       |
|     mul_12s_12s_12_1_1_U13                 | 1   |        | v264         | mul | auto      | 0       |
|     v244_fu_791_p2                         |     |        | v244         | add | fabric    | 0       |
|     f1_7_fu_807_p2                         |     |        | f1_7         | add | fabric    | 0       |
|     v260_fu_823_p2                         |     |        | v260         | add | fabric    | 0       |
|     f3_7_fu_839_p2                         |     |        | f3_7         | add | fabric    | 0       |
|     lp_start_d0                            |     |        | v311         | add | fabric    | 0       |
|  + dma_ld_0_1                              | 0   |        |              |     |           |         |
|   + dma_ld_0_1_Pipeline_VITIS_LOOP_585_1   | 0   |        |              |     |           |         |
|     add_ln585_fu_60_p2                     |     |        | add_ln585    | add | fabric    | 0       |
|   + dma_ld_0_1_Pipeline_VITIS_LOOP_589_2   | 0   |        |              |     |           |         |
|     add_ln589_fu_60_p2                     |     |        | add_ln589    | add | fabric    | 0       |
|   + dma_ld_0_1_Pipeline_VITIS_LOOP_596_3   | 0   |        |              |     |           |         |
|     add_ln596_fu_102_p2                    |     |        | add_ln596    | add | fabric    | 0       |
|   + dma_ld_0_1_Pipeline_VITIS_LOOP_656_4   | 0   |        |              |     |           |         |
|     add_ln656_fu_102_p2                    |     |        | add_ln656    | add | fabric    | 0       |
|   + dma_ld_0_1_Pipeline_VITIS_LOOP_724_5   | 0   |        |              |     |           |         |
|     v398_2_fu_177_p2                       |     |        | v398_2       | add | fabric    | 0       |
|     v402_fu_189_p2                         |     |        | v402         | add | fabric    | 0       |
|     add_ln794_fu_322_p2                    |     |        | add_ln794    | add | fabric    | 0       |
|     v432_fu_335_p2                         |     |        | v432         | add | fabric    | 0       |
|  + spm_0                                   | 0   |        |              |     |           |         |
|   + spm_0_Pipeline_VITIS_LOOP_809_1        | 0   |        |              |     |           |         |
|     add_ln809_fu_60_p2                     |     |        | add_ln809    | add | fabric    | 0       |
|   + spm_0_Pipeline_VITIS_LOOP_834_2        | 0   |        |              |     |           |         |
|     v458_2_fu_174_p2                       |     |        | v458_2       | add | fabric    | 0       |
|     v462_fu_186_p2                         |     |        | v462         | add | fabric    | 0       |
|     v493_fu_313_p2                         |     |        | v493         | add | fabric    | 0       |
|     v487_fu_318_p2                         |     |        | v487         | add | fabric    | 0       |
|  + vru_0                                   | 0   |        |              |     |           |         |
|   + vru_0_Pipeline_VITIS_LOOP_934_1        | 0   |        |              |     |           |         |
|     add_ln934_fu_60_p2                     |     |        | add_ln934    | add | fabric    | 0       |
|   + vru_0_Pipeline_VITIS_LOOP_971_2        | 0   |        |              |     |           |         |
|     v523_2_fu_215_p2                       |     |        | v523_2       | add | fabric    | 0       |
|     v527_fu_224_p2                         |     |        | v527         | add | fabric    | 0       |
|     v552_fu_331_p2                         |     |        | v552         | add | fabric    | 0       |
|     v561_fu_432_p2                         |     |        | v561         | add | fabric    | 0       |
|  + pe_0_0                                  | 0   |        |              |     |           |         |
|    v611_2_fu_113_p2                        |     |        | v611_2       | add | fabric    | 0       |
|   + pe_0_0_Pipeline_VITIS_LOOP_1158_2      | 0   |        |              |     |           |         |
|     v627_2_fu_113_p2                       |     |        | v627_2       | add | fabric    | 0       |
|     mul_8s_8s_16_1_1_U81                   |     |        | v641         | mul | auto      | 0       |
|  + pe_0_1                                  | 0   |        |              |     |           |         |
|    v660_2_fu_99_p2                         |     |        | v660_2       | add | fabric    | 0       |
|   + pe_0_1_Pipeline_VITIS_LOOP_1252_2      | 0   |        |              |     |           |         |
|     v672_2_fu_104_p2                       |     |        | v672_2       | add | fabric    | 0       |
|     mul_8s_8s_16_1_1_U96                   |     |        | v683         | mul | auto      | 0       |
|  + pe_1_0                                  | 1   |        |              |     |           |         |
|    v784_2_fu_117_p2                        |     |        | v784_2       | add | fabric    | 0       |
|   + pe_1_0_Pipeline_VITIS_LOOP_1511_2      | 1   |        |              |     |           |         |
|     v799_2_fu_127_p2                       |     |        | v799_2       | add | fabric    | 0       |
|     mac_muladd_8s_8s_32s_32_4_1_U126       | 1   |        | v814         | mul | dsp_slice | 3       |
|     mac_muladd_8s_8s_32s_32_4_1_U126       | 1   |        | v818         | add | dsp_slice | 3       |
|  + pe_0_2                                  | 0   |        |              |     |           |         |
|    v702_2_fu_99_p2                         |     |        | v702_2       | add | fabric    | 0       |
|   + pe_0_2_Pipeline_VITIS_LOOP_1338_2      | 0   |        |              |     |           |         |
|     v714_2_fu_104_p2                       |     |        | v714_2       | add | fabric    | 0       |
|     mul_8s_8s_16_1_1_U107                  |     |        | v725         | mul | auto      | 0       |
|  + pe_1_1                                  | 1   |        |              |     |           |         |
|    v834_2_fu_103_p2                        |     |        | v834_2       | add | fabric    | 0       |
|   + pe_1_1_Pipeline_VITIS_LOOP_1608_2      | 1   |        |              |     |           |         |
|     v846_2_fu_114_p2                       |     |        | v846_2       | add | fabric    | 0       |
|     mac_muladd_8s_8s_32s_32_4_1_U143       | 1   |        | v858         | mul | dsp_slice | 3       |
|     mac_muladd_8s_8s_32s_32_4_1_U143       | 1   |        | v862         | add | dsp_slice | 3       |
|  + pe_2_0                                  | 1   |        |              |     |           |         |
|    v963_2_fu_117_p2                        |     |        | v963_2       | add | fabric    | 0       |
|   + pe_2_0_Pipeline_VITIS_LOOP_1873_2      | 1   |        |              |     |           |         |
|     v977_2_fu_127_p2                       |     |        | v977_2       | add | fabric    | 0       |
|     mac_muladd_8s_8s_32s_32_4_1_U179       | 1   |        | v992         | mul | dsp_slice | 3       |
|     mac_muladd_8s_8s_32s_32_4_1_U179       | 1   |        | v996         | add | dsp_slice | 3       |
|  + pe_0_3                                  | 0   |        |              |     |           |         |
|    v741_2_fu_83_p2                         |     |        | v741_2       | add | fabric    | 0       |
|   + pe_0_3_Pipeline_VITIS_LOOP_1416_2      | 0   |        |              |     |           |         |
|     v751_2_fu_93_p2                        |     |        | v751_2       | add | fabric    | 0       |
|     mul_8s_8s_16_1_1_U118                  |     |        | v762         | mul | auto      | 0       |
|  + pe_1_2                                  | 1   |        |              |     |           |         |
|    v878_2_fu_103_p2                        |     |        | v878_2       | add | fabric    | 0       |
|   + pe_1_2_Pipeline_VITIS_LOOP_1697_2      | 1   |        |              |     |           |         |
|     v890_2_fu_114_p2                       |     |        | v890_2       | add | fabric    | 0       |
|     mac_muladd_8s_8s_32s_32_4_1_U156       | 1   |        | v902         | mul | dsp_slice | 3       |
|     mac_muladd_8s_8s_32s_32_4_1_U156       | 1   |        | v906         | add | dsp_slice | 3       |
|  + pe_2_1                                  | 1   |        |              |     |           |         |
|    v1012_2_fu_103_p2                       |     |        | v1012_2      | add | fabric    | 0       |
|   + pe_2_1_Pipeline_VITIS_LOOP_1970_2      | 1   |        |              |     |           |         |
|     v1024_2_fu_114_p2                      |     |        | v1024_2      | add | fabric    | 0       |
|     mac_muladd_8s_8s_32s_32_4_1_U195       | 1   |        | v1036        | mul | dsp_slice | 3       |
|     mac_muladd_8s_8s_32s_32_4_1_U195       | 1   |        | v1040        | add | dsp_slice | 3       |
|  + pe_3_0                                  | 1   |        |              |     |           |         |
|    v1138_2_fu_97_p2                        |     |        | v1138_2      | add | fabric    | 0       |
|   + pe_3_0_Pipeline_VITIS_LOOP_2227_2      | 1   |        |              |     |           |         |
|     v1150_2_fu_118_p2                      |     |        | v1150_2      | add | fabric    | 0       |
|     mac_muladd_8s_8s_32s_32_4_1_U231       | 1   |        | v1164        | mul | dsp_slice | 3       |
|     mac_muladd_8s_8s_32s_32_4_1_U231       | 1   |        | v1168        | add | dsp_slice | 3       |
|  + pe_1_3                                  | 1   |        |              |     |           |         |
|    v919_2_fu_87_p2                         |     |        | v919_2       | add | fabric    | 0       |
|   + pe_1_3_Pipeline_VITIS_LOOP_1778_2      | 1   |        |              |     |           |         |
|     v929_2_fu_103_p2                       |     |        | v929_2       | add | fabric    | 0       |
|     mac_muladd_8s_8s_32s_32_4_1_U169       | 1   |        | v941         | mul | dsp_slice | 3       |
|     mac_muladd_8s_8s_32s_32_4_1_U169       | 1   |        | v945         | add | dsp_slice | 3       |
|  + pe_2_2                                  | 1   |        |              |     |           |         |
|    v1056_2_fu_103_p2                       |     |        | v1056_2      | add | fabric    | 0       |
|   + pe_2_2_Pipeline_VITIS_LOOP_2059_2      | 1   |        |              |     |           |         |
|     v1068_2_fu_114_p2                      |     |        | v1068_2      | add | fabric    | 0       |
|     mac_muladd_8s_8s_32s_32_4_1_U208       | 1   |        | v1080        | mul | dsp_slice | 3       |
|     mac_muladd_8s_8s_32s_32_4_1_U208       | 1   |        | v1084        | add | dsp_slice | 3       |
|  + pe_3_1                                  | 1   |        |              |     |           |         |
|    v1188_2_fu_107_p2                       |     |        | v1188_2      | add | fabric    | 0       |
|   + pe_3_1_Pipeline_VITIS_LOOP_2332_2      | 1   |        |              |     |           |         |
|     v1200_2_fu_130_p2                      |     |        | v1200_2      | add | fabric    | 0       |
|     mac_muladd_8s_8s_32s_32_4_1_U244       | 1   |        | v1212        | mul | dsp_slice | 3       |
|     mac_muladd_8s_8s_32s_32_4_1_U244       | 1   |        | v1216        | add | dsp_slice | 3       |
|  + pe_2_3                                  | 1   |        |              |     |           |         |
|    v1097_2_fu_87_p2                        |     |        | v1097_2      | add | fabric    | 0       |
|   + pe_2_3_Pipeline_VITIS_LOOP_2140_2      | 1   |        |              |     |           |         |
|     v1107_2_fu_103_p2                      |     |        | v1107_2      | add | fabric    | 0       |
|     mac_muladd_8s_8s_32s_32_4_1_U221       | 1   |        | v1119        | mul | dsp_slice | 3       |
|     mac_muladd_8s_8s_32s_32_4_1_U221       | 1   |        | v1123        | add | dsp_slice | 3       |
|  + pe_3_2                                  | 1   |        |              |     |           |         |
|    v1237_2_fu_107_p2                       |     |        | v1237_2      | add | fabric    | 0       |
|   + pe_3_2_Pipeline_VITIS_LOOP_2433_2      | 1   |        |              |     |           |         |
|     v1249_2_fu_130_p2                      |     |        | v1249_2      | add | fabric    | 0       |
|     mac_muladd_8s_8s_32s_32_4_1_U259       | 1   |        | v1261        | mul | dsp_slice | 3       |
|     mac_muladd_8s_8s_32s_32_4_1_U259       | 1   |        | v1265        | add | dsp_slice | 3       |
|  + pe_3_3                                  | 1   |        |              |     |           |         |
|    v1283_2_fu_91_p2                        |     |        | v1283_2      | add | fabric    | 0       |
|   + pe_3_3_Pipeline_VITIS_LOOP_2526_2      | 1   |        |              |     |           |         |
|     v1293_2_fu_119_p2                      |     |        | v1293_2      | add | fabric    | 0       |
|     mac_muladd_8s_8s_32s_32_4_1_U274       | 1   |        | v1305        | mul | dsp_slice | 3       |
|     mac_muladd_8s_8s_32s_32_4_1_U274       | 1   |        | v1309        | add | dsp_slice | 3       |
|  + accu_0                                  | 0   |        |              |     |           |         |
|   + accu_0_Pipeline_VITIS_LOOP_2580_1      | 0   |        |              |     |           |         |
|     add_ln2580_fu_1964_p2                  |     |        | add_ln2580   | add | fabric    | 0       |
|   + accu_0_Pipeline_VITIS_LOOP_2615_2      | 0   |        |              |     |           |         |
|     v1325_2_fu_2724_p2                     |     |        | v1325_2      | add | fabric    | 0       |
|     v1329_fu_2736_p2                       |     |        | v1329        | add | fabric    | 0       |
|     v1354_fu_3261_p2                       |     |        | v1354        | add | fabric    | 0       |
|     v1360_fu_3266_p2                       |     |        | v1360        | add | fabric    | 0       |
|     v1453_fu_3833_p2                       |     |        | v1453        | add | fabric    | 0       |
|     v1474_fu_4617_p2                       |     |        | v1474        | add | fabric    | 0       |
|     v1487_fu_4633_p2                       |     |        | v1487        | add | fabric    | 0       |
|     v1500_fu_4649_p2                       |     |        | v1500        | add | fabric    | 0       |
|     v1513_fu_4665_p2                       |     |        | v1513        | add | fabric    | 0       |
|     v1403_fu_4699_p2                       |     |        | v1403        | add | fabric    | 0       |
|     v1416_fu_4714_p2                       |     |        | v1416        | add | fabric    | 0       |
|     v1429_fu_4729_p2                       |     |        | v1429        | add | fabric    | 0       |
|     v1442_fu_4744_p2                       |     |        | v1442        | add | fabric    | 0       |
|  + dma_st_0_1                              | 0   |        |              |     |           |         |
|   + dma_st_0_1_Pipeline_VITIS_LOOP_3249_1  | 0   |        |              |     |           |         |
|     v1626_2_fu_222_p2                      |     |        | v1626_2      | add | fabric    | 0       |
|     v1630_fu_231_p2                        |     |        | v1630        | add | fabric    | 0       |
|     add_ln3306_fu_321_p2                   |     |        | add_ln3306   | add | fabric    | 0       |
|     add_ln3306_1_fu_347_p2                 |     |        | add_ln3306_1 | add | fabric    | 0       |
|     add_ln3306_2_fu_357_p2                 |     |        | add_ln3306_2 | add | fabric    | 0       |
+--------------------------------------------+-----+--------+--------------+-----+-----------+---------+


================================================================
== Storage Report
================================================================
+-------------------+---------------+-------------+------+------+--------+----------+------+---------+------------------+
| Name              | Usage         | Type        | BRAM | URAM | Pragma | Variable | Impl | Latency | Bitwidth, Depth, |
|                   |               |             |      |      |        |          |      |         | Banks            |
+-------------------+---------------+-------------+------+------+--------+----------+------+---------+------------------+
| + tinytpu_isa     |               |             | 12   | 0    |        |          |      |         |                  |
|   control_s_axi_U | interface     | s_axilite   |      |      |        |          |      |         |                  |
|   gmem0_m_axi_U   | interface     | m_axi       | 4    |      |        |          |      |         |                  |
|   gmem1_m_axi_U   | interface     | m_axi       | 2    |      |        |          |      |         |                  |
|   gmem2_m_axi_U   | interface     | m_axi       | 2    |      |        |          |      |         |                  |
|   gmem3_m_axi_U   | interface     | m_axi       | 2    |      |        |          |      |         |                  |
|   v1722_c_U       | fifo channel  | scalar prop |      |      |        | v1722_c  | srl  | 0       | 64, 14, 1        |
|   v1723_U         | fifo channel  | stream      |      |      |        | v1723    | srl  | 0       | 64, 8, 1         |
|   v1724_U         | fifo channel  | stream      |      |      |        | v1724    | srl  | 0       | 64, 8, 1         |
|   v1725_U         | fifo channel  | stream      |      |      |        | v1725    | srl  | 0       | 64, 8, 1         |
|   v1726_U         | fifo channel  | stream      |      |      |        | v1726    | srl  | 0       | 64, 8, 1         |
|   v1727_U         | fifo channel  | stream      |      |      |        | v1727    | srl  | 0       | 64, 8, 1         |
|   v1728_U         | fifo channel  | stream      |      |      |        | v1728    | srl  | 0       | 32, 8, 1         |
|   v1729_U         | fifo channel  | stream      |      |      |        | v1729    | srl  | 0       | 32, 8, 1         |
|   v1731_U         | fifo channel  | stream      |      |      |        | v1731    | srl  | 0       | 32, 8, 1         |
|   v1751_U         | fifo channel  | stream      |      |      |        | v1751    | srl  | 0       | 32, 8, 1         |
|   v1732_U         | fifo channel  | stream      |      |      |        | v1732    | srl  | 0       | 32, 8, 1         |
|   v1735_U         | fifo channel  | stream      |      |      |        | v1735    | srl  | 0       | 32, 8, 1         |
|   v1752_U         | fifo channel  | stream      |      |      |        | v1752    | srl  | 0       | 32, 8, 1         |
|   v1771_U         | fifo channel  | stream      |      |      |        | v1771    | srl  | 0       | 32, 8, 1         |
|   v1755_U         | fifo channel  | stream      |      |      |        | v1755    | srl  | 0       | 8, 8, 1          |
|   v1736_U         | fifo channel  | stream      |      |      |        | v1736    | srl  | 0       | 32, 8, 1         |
|   v1772_U         | fifo channel  | stream      |      |      |        | v1772    | srl  | 0       | 32, 8, 1         |
|   v1756_U         | fifo channel  | stream      |      |      |        | v1756    | srl  | 0       | 8, 8, 1          |
|   v1737_U         | fifo channel  | stream      |      |      |        | v1737    | srl  | 0       | 32, 8, 1         |
|   v1773_U         | fifo channel  | stream      |      |      |        | v1773    | srl  | 0       | 32, 8, 1         |
|   v1757_U         | fifo channel  | stream      |      |      |        | v1757    | srl  | 0       | 8, 8, 1          |
|   v1774_U         | fifo channel  | stream      |      |      |        | v1774    | srl  | 0       | 32, 8, 1         |
|   v1733_U         | fifo channel  | stream      |      |      |        | v1733    | srl  | 0       | 32, 8, 1         |
|   v1739_U         | fifo channel  | stream      |      |      |        | v1739    | srl  | 0       | 32, 8, 1         |
|   v1753_U         | fifo channel  | stream      |      |      |        | v1753    | srl  | 0       | 32, 8, 1         |
|   v1775_U         | fifo channel  | stream      |      |      |        | v1775    | srl  | 0       | 32, 8, 1         |
|   v1759_U         | fifo channel  | stream      |      |      |        | v1759    | srl  | 0       | 8, 8, 1          |
|   v1740_U         | fifo channel  | stream      |      |      |        | v1740    | srl  | 0       | 32, 8, 1         |
|   v1776_U         | fifo channel  | stream      |      |      |        | v1776    | srl  | 0       | 32, 8, 1         |
|   v1760_U         | fifo channel  | stream      |      |      |        | v1760    | srl  | 0       | 8, 8, 1          |
|   v1741_U         | fifo channel  | stream      |      |      |        | v1741    | srl  | 0       | 32, 8, 1         |
|   v1777_U         | fifo channel  | stream      |      |      |        | v1777    | srl  | 0       | 32, 8, 1         |
|   v1761_U         | fifo channel  | stream      |      |      |        | v1761    | srl  | 0       | 8, 8, 1          |
|   v1778_U         | fifo channel  | stream      |      |      |        | v1778    | srl  | 0       | 32, 8, 1         |
|   v1734_U         | fifo channel  | stream      |      |      |        | v1734    | srl  | 0       | 32, 8, 1         |
|   v1743_U         | fifo channel  | stream      |      |      |        | v1743    | srl  | 0       | 32, 8, 1         |
|   v1754_U         | fifo channel  | stream      |      |      |        | v1754    | srl  | 0       | 32, 8, 1         |
|   v1779_U         | fifo channel  | stream      |      |      |        | v1779    | srl  | 0       | 32, 8, 1         |
|   v1763_U         | fifo channel  | stream      |      |      |        | v1763    | srl  | 0       | 8, 8, 1          |
|   v1744_U         | fifo channel  | stream      |      |      |        | v1744    | srl  | 0       | 32, 8, 1         |
|   v1780_U         | fifo channel  | stream      |      |      |        | v1780    | srl  | 0       | 32, 8, 1         |
|   v1764_U         | fifo channel  | stream      |      |      |        | v1764    | srl  | 0       | 8, 8, 1          |
|   v1745_U         | fifo channel  | stream      |      |      |        | v1745    | srl  | 0       | 32, 8, 1         |
|   v1781_U         | fifo channel  | stream      |      |      |        | v1781    | srl  | 0       | 32, 8, 1         |
|   v1765_U         | fifo channel  | stream      |      |      |        | v1765    | srl  | 0       | 8, 8, 1          |
|   v1782_U         | fifo channel  | stream      |      |      |        | v1782    | srl  | 0       | 32, 8, 1         |
|   v1747_U         | fifo channel  | stream      |      |      |        | v1747    | srl  | 0       | 32, 8, 1         |
|   v1787_U         | fifo channel  | stream      |      |      |        | v1787    | srl  | 0       | 128, 8, 1        |
|   v1767_U         | fifo channel  | stream      |      |      |        | v1767    | srl  | 0       | 8, 8, 1          |
|   v1748_U         | fifo channel  | stream      |      |      |        | v1748    | srl  | 0       | 32, 8, 1         |
|   v1788_U         | fifo channel  | stream      |      |      |        | v1788    | srl  | 0       | 128, 8, 1        |
|   v1768_U         | fifo channel  | stream      |      |      |        | v1768    | srl  | 0       | 8, 8, 1          |
|   v1749_U         | fifo channel  | stream      |      |      |        | v1749    | srl  | 0       | 32, 8, 1         |
|   v1789_U         | fifo channel  | stream      |      |      |        | v1789    | srl  | 0       | 128, 8, 1        |
|   v1769_U         | fifo channel  | stream      |      |      |        | v1769    | srl  | 0       | 8, 8, 1          |
|   v1790_U         | fifo channel  | stream      |      |      |        | v1790    | srl  | 0       | 128, 8, 1        |
|   v1730_U         | fifo channel  | stream      |      |      |        | v1730    | srl  | 0       | 32, 8, 1         |
|  + sequencer_0_1  |               |             | 0    | 0    |        |          |      |         |                  |
|    ib_U           | ram_s2p array |             |      |      |        | ib       | auto | 1       | 64, 56, 1        |
|    lp_start_U     | ram_1p array  |             |      |      |        | lp_start | auto | 1       | 32, 4, 1         |
|    lp_iv_U        | ram_1p array  |             |      |      |        | lp_iv    | auto | 1       | 32, 4, 1         |
|    lp_trip_U      | ram_1p array  |             |      |      |        | lp_trip  | auto | 1       | 8, 4, 1          |
|    iv_now_U       | rom_np array  |             |      |      |        | iv_now   | auto | 1       | 12, 4, 1         |
|  + dma_ld_0_1     |               |             | 0    | 0    |        |          |      |         |                  |
|    rbA_U          | ram_1p array  |             |      |      |        | rbA      | auto | 1       | 32, 64, 1        |
|    rbB_U          | ram_1p array  |             |      |      |        | rbB      | auto | 1       | 32, 64, 1        |
|  + spm_0          |               |             | 1    | 0    |        |          |      |         |                  |
|    spad_U         | ram_1p array  |             | 1    |      |        | spad     | auto | 1       | 32, 512, 1       |
|  + vru_0          |               |             | 1    | 0    |        |          |      |         |                  |
|    vr_U           | ram_1p array  |             | 1    |      |        | vr       | auto | 1       | 32, 256, 1       |
+-------------------+---------------+-------------+------+------+--------+----------+------+---------+------------------+


================================================================
== Pragma Report
================================================================
* Valid Pragma Syntax
+-----------------+------------------------------------------------------+---------------------------------------+
| Type            | Options                                              | Location                              |
+-----------------+------------------------------------------------------+---------------------------------------+
| array_partition | variable=ar complete dim=1                           | kernel.cpp:2578 in accu_0, ar         |
| interface       | m_axi port=v1719 offset=slave bundle=gmem0 depth=56  | kernel.cpp:3389 in tinytpu_isa, v1719 |
| interface       | m_axi port=v1720 offset=slave bundle=gmem1 depth=256 | kernel.cpp:3390 in tinytpu_isa, v1720 |
| interface       | m_axi port=v1721 offset=slave bundle=gmem2 depth=256 | kernel.cpp:3391 in tinytpu_isa, v1721 |
| interface       | m_axi port=v1722 offset=slave bundle=gmem3 depth=256 | kernel.cpp:3392 in tinytpu_isa, v1722 |
| dataflow        |                                                      | kernel.cpp:3393 in tinytpu_isa        |
| stream          | variable=v1723 depth=8                               | kernel.cpp:3395 in tinytpu_isa, v1723 |
| stream          | variable=v1724 depth=8                               | kernel.cpp:3397 in tinytpu_isa, v1724 |
| stream          | variable=v1725 depth=8                               | kernel.cpp:3399 in tinytpu_isa, v1725 |
| stream          | variable=v1726 depth=8                               | kernel.cpp:3401 in tinytpu_isa, v1726 |
| stream          | variable=v1727 depth=8                               | kernel.cpp:3403 in tinytpu_isa, v1727 |
| stream          | variable=v1728 depth=8                               | kernel.cpp:3405 in tinytpu_isa, v1728 |
| stream          | variable=v1729 depth=8                               | kernel.cpp:3407 in tinytpu_isa, v1729 |
| stream          | variable=v1730 depth=8                               | kernel.cpp:3409 in tinytpu_isa, v1730 |
| stream          | variable=v1731 depth=8                               | kernel.cpp:3411 in tinytpu_isa, v1731 |
| stream          | variable=v1732 depth=8                               | kernel.cpp:3413 in tinytpu_isa, v1732 |
| stream          | variable=v1733 depth=8                               | kernel.cpp:3415 in tinytpu_isa, v1733 |
| stream          | variable=v1734 depth=8                               | kernel.cpp:3417 in tinytpu_isa, v1734 |
| stream          | variable=v1735 depth=8                               | kernel.cpp:3419 in tinytpu_isa, v1735 |
| stream          | variable=v1736 depth=8                               | kernel.cpp:3421 in tinytpu_isa, v1736 |
| stream          | variable=v1737 depth=8                               | kernel.cpp:3423 in tinytpu_isa, v1737 |
| stream          | variable=v1738 depth=8                               | kernel.cpp:3425 in tinytpu_isa, v1738 |
| stream          | variable=v1739 depth=8                               | kernel.cpp:3427 in tinytpu_isa, v1739 |
| stream          | variable=v1740 depth=8                               | kernel.cpp:3429 in tinytpu_isa, v1740 |
| stream          | variable=v1741 depth=8                               | kernel.cpp:3431 in tinytpu_isa, v1741 |
| stream          | variable=v1742 depth=8                               | kernel.cpp:3433 in tinytpu_isa, v1742 |
| stream          | variable=v1743 depth=8                               | kernel.cpp:3435 in tinytpu_isa, v1743 |
| stream          | variable=v1744 depth=8                               | kernel.cpp:3437 in tinytpu_isa, v1744 |
| stream          | variable=v1745 depth=8                               | kernel.cpp:3439 in tinytpu_isa, v1745 |
| stream          | variable=v1746 depth=8                               | kernel.cpp:3441 in tinytpu_isa, v1746 |
| stream          | variable=v1747 depth=8                               | kernel.cpp:3443 in tinytpu_isa, v1747 |
| stream          | variable=v1748 depth=8                               | kernel.cpp:3445 in tinytpu_isa, v1748 |
| stream          | variable=v1749 depth=8                               | kernel.cpp:3447 in tinytpu_isa, v1749 |
| stream          | variable=v1750 depth=8                               | kernel.cpp:3449 in tinytpu_isa, v1750 |
| stream          | variable=v1751 depth=8                               | kernel.cpp:3451 in tinytpu_isa, v1751 |
| stream          | variable=v1752 depth=8                               | kernel.cpp:3453 in tinytpu_isa, v1752 |
| stream          | variable=v1753 depth=8                               | kernel.cpp:3455 in tinytpu_isa, v1753 |
| stream          | variable=v1754 depth=8                               | kernel.cpp:3457 in tinytpu_isa, v1754 |
| stream          | variable=v1755 depth=8                               | kernel.cpp:3459 in tinytpu_isa, v1755 |
| stream          | variable=v1756 depth=8                               | kernel.cpp:3461 in tinytpu_isa, v1756 |
| stream          | variable=v1757 depth=8                               | kernel.cpp:3463 in tinytpu_isa, v1757 |
| stream          | variable=v1758 depth=8                               | kernel.cpp:3465 in tinytpu_isa, v1758 |
| stream          | variable=v1759 depth=8                               | kernel.cpp:3467 in tinytpu_isa, v1759 |
| stream          | variable=v1760 depth=8                               | kernel.cpp:3469 in tinytpu_isa, v1760 |
| stream          | variable=v1761 depth=8                               | kernel.cpp:3471 in tinytpu_isa, v1761 |
| stream          | variable=v1762 depth=8                               | kernel.cpp:3473 in tinytpu_isa, v1762 |
| stream          | variable=v1763 depth=8                               | kernel.cpp:3475 in tinytpu_isa, v1763 |
| stream          | variable=v1764 depth=8                               | kernel.cpp:3477 in tinytpu_isa, v1764 |
| stream          | variable=v1765 depth=8                               | kernel.cpp:3479 in tinytpu_isa, v1765 |
| stream          | variable=v1766 depth=8                               | kernel.cpp:3481 in tinytpu_isa, v1766 |
| stream          | variable=v1767 depth=8                               | kernel.cpp:3483 in tinytpu_isa, v1767 |
| stream          | variable=v1768 depth=8                               | kernel.cpp:3485 in tinytpu_isa, v1768 |
| stream          | variable=v1769 depth=8                               | kernel.cpp:3487 in tinytpu_isa, v1769 |
| stream          | variable=v1770 depth=8                               | kernel.cpp:3489 in tinytpu_isa, v1770 |
| stream          | variable=v1771 depth=8                               | kernel.cpp:3491 in tinytpu_isa, v1771 |
| stream          | variable=v1772 depth=8                               | kernel.cpp:3493 in tinytpu_isa, v1772 |
| stream          | variable=v1773 depth=8                               | kernel.cpp:3495 in tinytpu_isa, v1773 |
| stream          | variable=v1774 depth=8                               | kernel.cpp:3497 in tinytpu_isa, v1774 |
| stream          | variable=v1775 depth=8                               | kernel.cpp:3499 in tinytpu_isa, v1775 |
| stream          | variable=v1776 depth=8                               | kernel.cpp:3501 in tinytpu_isa, v1776 |
| stream          | variable=v1777 depth=8                               | kernel.cpp:3503 in tinytpu_isa, v1777 |
| stream          | variable=v1778 depth=8                               | kernel.cpp:3505 in tinytpu_isa, v1778 |
| stream          | variable=v1779 depth=8                               | kernel.cpp:3507 in tinytpu_isa, v1779 |
| stream          | variable=v1780 depth=8                               | kernel.cpp:3509 in tinytpu_isa, v1780 |
| stream          | variable=v1781 depth=8                               | kernel.cpp:3511 in tinytpu_isa, v1781 |
| stream          | variable=v1782 depth=8                               | kernel.cpp:3513 in tinytpu_isa, v1782 |
| stream          | variable=v1783 depth=8                               | kernel.cpp:3515 in tinytpu_isa, v1783 |
| stream          | variable=v1784 depth=8                               | kernel.cpp:3517 in tinytpu_isa, v1784 |
| stream          | variable=v1785 depth=8                               | kernel.cpp:3519 in tinytpu_isa, v1785 |
| stream          | variable=v1786 depth=8                               | kernel.cpp:3521 in tinytpu_isa, v1786 |
| stream          | variable=v1787 depth=8                               | kernel.cpp:3523 in tinytpu_isa, v1787 |
| stream          | variable=v1788 depth=8                               | kernel.cpp:3525 in tinytpu_isa, v1788 |
| stream          | variable=v1789 depth=8                               | kernel.cpp:3527 in tinytpu_isa, v1789 |
| stream          | variable=v1790 depth=8                               | kernel.cpp:3529 in tinytpu_isa, v1790 |
+-----------------+------------------------------------------------------+---------------------------------------+


