=== date: 2026-09-22T02:20:22+00:00 ===
=== BEFORE: binaries present ===
ls: cannot access '/home/sk3463/chipyard/generators/gemmini/software/gemmini-rocc-tests/build/bareMetalC/allo_cmp-baremetal': No such file or directory
ls: cannot access '/home/sk3463/chipyard/generators/gemmini/software/gemmini-rocc-tests/build/bareMetalC/allo_bare5-baremetal': No such file or directory
=== sources ===
-rw-r--r-- 1 sk3463 pug-sk3463 4597 Sep 22 02:20 /home/sk3463/chipyard/generators/gemmini/software/gemmini-rocc-tests/bareMetalC/allo_bare5.c
-rw-r--r-- 1 sk3463 pug-sk3463 5661 Sep  9 19:34 /home/sk3463/chipyard/generators/gemmini/software/gemmini-rocc-tests/bareMetalC/allo_cmp.c
=== Makefile diff vs saved original ===
4a5
> 	allo_bare5 \
=== sourcing /home/sk3463/chipyard/env.sh ===
/home/sk3463/chipyard/.conda-env/riscv-tools/bin/riscv64-unknown-elf-gcc
riscv64-unknown-elf-gcc (gc891d8dc23e) 13.2.0
/home/sk3463/chipyard/.conda-env/riscv-tools/bin/riscv64-unknown-linux-gnu-gcc
=== make -C build bareMetalC -j16 ===
make: Entering directory '/home/sk3463/chipyard/generators/gemmini/software/gemmini-rocc-tests/build'
mkdir -p bareMetalC
make -C bareMetalC -f /home/sk3463/chipyard/generators/gemmini/software/gemmini-rocc-tests/build/../bareMetalC/Makefile abs_top_srcdir=/home/sk3463/chipyard/generators/gemmini/software/gemmini-rocc-tests/build/.. XLEN=64 PREFIX=examples-bareMetalC src_dir=/home/sk3463/chipyard/generators/gemmini/software/gemmini-rocc-tests/build/../bareMetalC RISCVTOOLS=@RISCVTOOLS@
make[1]: Entering directory '/home/sk3463/chipyard/generators/gemmini/software/gemmini-rocc-tests/build/bareMetalC'
riscv64-unknown-elf-gcc  -DPREALLOCATE=1 -DMULTITHREAD=1 -mcmodel=medany -std=gnu99 -O2 -ffast-math -fno-common -fno-builtin-printf -fno-tree-loop-distribute-patterns -march=rv64gc -Wa,-march=rv64gc -lm -lgcc -I/home/sk3463/chipyard/generators/gemmini/software/gemmini-rocc-tests/build/../riscv-tests -I/home/sk3463/chipyard/generators/gemmini/software/gemmini-rocc-tests/build/../riscv-tests/env -I/home/sk3463/chipyard/generators/gemmini/software/gemmini-rocc-tests/build/.. -I/home/sk3463/chipyard/generators/gemmini/software/gemmini-rocc-tests/build/../riscv-tests/benchmarks/common -DID_STRING= -DPRINT_TILE=0  -nostdlib -nostartfiles -static -T /home/sk3463/chipyard/generators/gemmini/software/gemmini-rocc-tests/build/../riscv-tests/benchmarks/common/test.ld -DBAREMETAL=1  /home/sk3463/chipyard/generators/gemmini/software/gemmini-rocc-tests/build/../bareMetalC/allo_cmp.c  -o allo_cmp-baremetal \
	/home/sk3463/chipyard/generators/gemmini/software/gemmini-rocc-tests/build/../riscv-tests/benchmarks/common/syscalls.c /home/sk3463/chipyard/generators/gemmini/software/gemmini-rocc-tests/build/../riscv-tests/benchmarks/common/crt.S 
riscv64-unknown-elf-gcc  -DPREALLOCATE=1 -DMULTITHREAD=1 -mcmodel=medany -std=gnu99 -O2 -ffast-math -fno-common -fno-builtin-printf -fno-tree-loop-distribute-patterns -march=rv64gc -Wa,-march=rv64gc -lm -lgcc -I/home/sk3463/chipyard/generators/gemmini/software/gemmini-rocc-tests/build/../riscv-tests -I/home/sk3463/chipyard/generators/gemmini/software/gemmini-rocc-tests/build/../riscv-tests/env -I/home/sk3463/chipyard/generators/gemmini/software/gemmini-rocc-tests/build/.. -I/home/sk3463/chipyard/generators/gemmini/software/gemmini-rocc-tests/build/../riscv-tests/benchmarks/common -DID_STRING= -DPRINT_TILE=0  -nostdlib -nostartfiles -static -T /home/sk3463/chipyard/generators/gemmini/software/gemmini-rocc-tests/build/../riscv-tests/benchmarks/common/test.ld -DBAREMETAL=1  /home/sk3463/chipyard/generators/gemmini/software/gemmini-rocc-tests/build/../bareMetalC/allo_bare5.c  -o allo_bare5-baremetal \
	/home/sk3463/chipyard/generators/gemmini/software/gemmini-rocc-tests/build/../riscv-tests/benchmarks/common/syscalls.c /home/sk3463/chipyard/generators/gemmini/software/gemmini-rocc-tests/build/../riscv-tests/benchmarks/common/crt.S 
riscv64-unknown-linux-gnu-gcc  -DPREALLOCATE=1 -DMULTITHREAD=1 -mcmodel=medany -std=gnu99 -O2 -ffast-math -fno-common -fno-builtin-printf -fno-tree-loop-distribute-patterns -march=rv64gc -Wa,-march=rv64gc -lm -lgcc -I/home/sk3463/chipyard/generators/gemmini/software/gemmini-rocc-tests/build/../riscv-tests -I/home/sk3463/chipyard/generators/gemmini/software/gemmini-rocc-tests/build/../riscv-tests/env -I/home/sk3463/chipyard/generators/gemmini/software/gemmini-rocc-tests/build/.. -I/home/sk3463/chipyard/generators/gemmini/software/gemmini-rocc-tests/build/../riscv-tests/benchmarks/common -DID_STRING= -DPRINT_TILE=0  /home/sk3463/chipyard/generators/gemmini/software/gemmini-rocc-tests/build/../bareMetalC/allo_cmp.c  -o allo_cmp-linux
riscv64-unknown-linux-gnu-gcc  -DPREALLOCATE=1 -DMULTITHREAD=1 -mcmodel=medany -std=gnu99 -O2 -ffast-math -fno-common -fno-builtin-printf -fno-tree-loop-distribute-patterns -march=rv64gc -Wa,-march=rv64gc -lm -lgcc -I/home/sk3463/chipyard/generators/gemmini/software/gemmini-rocc-tests/build/../riscv-tests -I/home/sk3463/chipyard/generators/gemmini/software/gemmini-rocc-tests/build/../riscv-tests/env -I/home/sk3463/chipyard/generators/gemmini/software/gemmini-rocc-tests/build/.. -I/home/sk3463/chipyard/generators/gemmini/software/gemmini-rocc-tests/build/../riscv-tests/benchmarks/common -DID_STRING= -DPRINT_TILE=0  /home/sk3463/chipyard/generators/gemmini/software/gemmini-rocc-tests/build/../bareMetalC/allo_bare5.c  -o allo_bare5-linux
riscv64-unknown-linux-gnu-gcc  -DPREALLOCATE=1 -DMULTITHREAD=1 -mcmodel=medany -std=gnu99 -O2 -ffast-math -fno-common -fno-builtin-printf -fno-tree-loop-distribute-patterns -march=rv64gc -Wa,-march=rv64gc -lm -lgcc -I/home/sk3463/chipyard/generators/gemmini/software/gemmini-rocc-tests/build/../riscv-tests -I/home/sk3463/chipyard/generators/gemmini/software/gemmini-rocc-tests/build/../riscv-tests/env -I/home/sk3463/chipyard/generators/gemmini/software/gemmini-rocc-tests/build/.. -I/home/sk3463/chipyard/generators/gemmini/software/gemmini-rocc-tests/build/../riscv-tests/benchmarks/common -DID_STRING= -DPRINT_TILE=0  -static -DBAREMETAL=1  /home/sk3463/chipyard/generators/gemmini/software/gemmini-rocc-tests/build/../bareMetalC/allo_cmp.c  -o allo_cmp-pk
riscv64-unknown-linux-gnu-gcc  -DPREALLOCATE=1 -DMULTITHREAD=1 -mcmodel=medany -std=gnu99 -O2 -ffast-math -fno-common -fno-builtin-printf -fno-tree-loop-distribute-patterns -march=rv64gc -Wa,-march=rv64gc -lm -lgcc -I/home/sk3463/chipyard/generators/gemmini/software/gemmini-rocc-tests/build/../riscv-tests -I/home/sk3463/chipyard/generators/gemmini/software/gemmini-rocc-tests/build/../riscv-tests/env -I/home/sk3463/chipyard/generators/gemmini/software/gemmini-rocc-tests/build/.. -I/home/sk3463/chipyard/generators/gemmini/software/gemmini-rocc-tests/build/../riscv-tests/benchmarks/common -DID_STRING= -DPRINT_TILE=0  -static -DBAREMETAL=1  /home/sk3463/chipyard/generators/gemmini/software/gemmini-rocc-tests/build/../bareMetalC/allo_bare5.c  -o allo_bare5-pk
/home/sk3463/chipyard/.conda-env/riscv-tools/bin/../lib/gcc/riscv64-unknown-elf/13.2.0/../../../../riscv64-unknown-elf/bin/ld: warning: allo_bare5-baremetal has a LOAD segment with RWX permissions
/home/sk3463/chipyard/.conda-env/riscv-tools/bin/../lib/gcc/riscv64-unknown-elf/13.2.0/../../../../riscv64-unknown-elf/bin/ld: warning: allo_cmp-baremetal has a LOAD segment with RWX permissions
make[1]: Leaving directory '/home/sk3463/chipyard/generators/gemmini/software/gemmini-rocc-tests/build/bareMetalC'
make: Leaving directory '/home/sk3463/chipyard/generators/gemmini/software/gemmini-rocc-tests/build'
=== rc=0 ===
=== AFTER ===
-rwxr-xr-x 1 sk3463 pug-sk3463 20032 Sep 22 02:20 /home/sk3463/chipyard/generators/gemmini/software/gemmini-rocc-tests/build/bareMetalC/allo_bare5-baremetal
-rwxr-xr-x 1 sk3463 pug-sk3463 22368 Sep 22 02:20 /home/sk3463/chipyard/generators/gemmini/software/gemmini-rocc-tests/build/bareMetalC/allo_cmp-baremetal
ee5dda107d500df633cfa87abd1c6b68  /home/sk3463/chipyard/generators/gemmini/software/gemmini-rocc-tests/build/bareMetalC/allo_cmp-baremetal
77652b7755435ab943558061eddeed80  /home/sk3463/chipyard/generators/gemmini/software/gemmini-rocc-tests/build/bareMetalC/allo_bare5-baremetal
=== date: 2026-09-22T02:20:25+00:00 ===
