=== start 2026-09-22T02:20:42+00:00 ===
GEMMINI DIM=4 elem_t_bytes=1
GEMM 4x4x4 574
GEMM 8x8x8 615
GEMM 12x12x12 740
GEMM 16x16x8 784
GEMM 16x16x16 986
MLP 4.8.8.4 1146
MLP 8.8.8.8 1202
MLP 8.16.16.8 1432
GEMM 32x16x16 1393
GEMM 64x16x16 2219
DONE
[UART] UART0 is here (stdin/stdout).
- /home/sk3463/chipyard/sims/verilator/generated-src/chipyard.harness.TestHarness.Int8Dim4GemminiRocketConfig/gen-collateral/TestDriver.v:158: Verilog $finish
- S i m u l a t i o n   R e p o r t: Verilator 5.051 devel
- Verilator: $finish at 1ms; walltime 79.632 s; speed 14.114 us/s
- Verilator: cpu 79.616 s on 1 threads; allocated 14 MB
	Command being timed: "./simulator-chipyard.harness-Int8Dim4GemminiRocketConfig +permissive +permissive-off ../../generators/gemmini/software/gemmini-rocc-tests/build/bareMetalC/allo_cmp-baremetal"
	User time (seconds): 79.38
	System time (seconds): 0.23
	Percent of CPU this job got: 99%
	Elapsed (wall clock) time (h:mm:ss or m:ss): 1:19.63
	Average shared text size (kbytes): 0
	Average unshared data size (kbytes): 0
	Average stack size (kbytes): 0
	Average total size (kbytes): 0
	Maximum resident set size (kbytes): 13936
	Average resident set size (kbytes): 0
	Major (requiring I/O) page faults: 0
	Minor (reclaiming a frame) page faults: 1070
	Voluntary context switches: 1
	Involuntary context switches: 175
	Swaps: 0
	File system inputs: 0
	File system outputs: 16
	Socket messages sent: 0
	Socket messages received: 0
	Signals delivered: 0
	Page size (bytes): 4096
	Exit status: 0
=== end 2026-09-22T02:22:02+00:00 ===
