

================================================================
== Synthesis Summary Report of 'tinytpu_isa'
================================================================
+ General Information: 
    * Date:           Tue Sep 22 02:36:49 2026
    * Version:        2023.2 (Build 4023990 on Oct 11 2023)
    * Project:        out.prj
    * Solution:       solution1 (Vivado IP Flow Target)
    * Product family: virtexuplusHBM
    * Target device:  xcu280-fsvh2892-2L-e
    

+ Performance & Resource Estimates: 
    
    PS: '+' for module; 'o' for loop; '*' for dataflow
    +--------------------------------------------+--------+-------+---------+-----------+----------+---------+--------+----------+---------+----------+-------------+------------+-----+
    |                   Modules                  |  Issue |       | Latency |  Latency  | Iteration|         |  Trip  |          |         |          |             |            |     |
    |                   & Loops                  |  Type  | Slack | (cycles)|    (ns)   |  Latency | Interval|  Count | Pipelined|  BRAM   |    DSP   |      FF     |     LUT    | URAM|
    +--------------------------------------------+--------+-------+---------+-----------+----------+---------+--------+----------+---------+----------+-------------+------------+-----+
    |+ tinytpu_isa*                              |  Timing|  -0.00|        -|          -|         -|        -|       -|  dataflow|  42 (1%)|  14 (~0%)|  17541 (~0%)|  26743 (2%)|    -|
    | + entry_proc                               |       -|   1.22|        0|      0.000|         -|        0|       -|        no|        -|         -|      3 (~0%)|    29 (~0%)|    -|
    | + sequencer_0_1                            |  Timing|  -0.00|        -|          -|         -|        -|       -|        no|        -|   2 (~0%)|   2290 (~0%)|  3393 (~0%)|    -|
    |  + sequencer_0_1_Pipeline_l_S_i_0_i        |  Timing|  -0.00|       10|     33.300|         -|       10|       -|        no|        -|         -|    526 (~0%)|    69 (~0%)|    -|
    |   o l_S_i_0_i                              |       -|   2.43|        8|     26.640|         3|        1|       7|       yes|        -|         -|            -|           -|    -|
    |  + sequencer_0_1_Pipeline_VITIS_LOOP_74_1  |       -|   0.77|        6|     19.980|         -|        6|       -|        no|        -|         -|      5 (~0%)|    49 (~0%)|    -|
    |   o VITIS_LOOP_74_1                        |       -|   2.43|        4|     13.320|         1|        1|       4|       yes|        -|         -|            -|           -|    -|
    |  + sequencer_0_1_Pipeline_VITIS_LOOP_78_2  |       -|   0.77|        6|     19.980|         -|        6|       -|        no|        -|         -|      5 (~0%)|    49 (~0%)|    -|
    |   o VITIS_LOOP_78_2                        |       -|   2.43|        4|     13.320|         1|        1|       4|       yes|        -|         -|            -|           -|    -|
    |  + sequencer_0_1_Pipeline_VITIS_LOOP_82_3  |       -|   0.80|        6|     19.980|         -|        6|       -|        no|        -|         -|      5 (~0%)|    49 (~0%)|    -|
    |   o VITIS_LOOP_82_3                        |       -|   2.43|        4|     13.320|         1|        1|       4|       yes|        -|         -|            -|           -|    -|
    |  + sequencer_0_1_Pipeline_VITIS_LOOP_86_4  |       -|   0.77|        6|     19.980|         -|        6|       -|        no|        -|         -|      5 (~0%)|    49 (~0%)|    -|
    |   o VITIS_LOOP_86_4                        |       -|   2.43|        4|     13.320|         1|        1|       4|       yes|        -|         -|            -|           -|    -|
    |  + sequencer_0_1_Pipeline_VITIS_LOOP_95_5  |       -|   0.11|        -|          -|         -|        -|       -|        no|        -|   2 (~0%)|   1016 (~0%)|  1393 (~0%)|    -|
    |   o VITIS_LOOP_95_5                        |      II|   2.43|        -|          -|         9|        5|       -|       yes|        -|         -|            -|           -|    -|
    | + dma_ld_0_1                               |  Timing|  -0.00|   327710|  1.091e+06|         -|   327710|       -|        no|        -|         -|    590 (~0%)|  1174 (~0%)|    -|
    |  + dma_ld_0_1_Pipeline_VITIS_LOOP_643_1    |  Timing|  -0.00|   262143|  8.729e+05|         -|   262143|       -|        no|        -|         -|     91 (~0%)|    99 (~0%)|    -|
    |   o VITIS_LOOP_643_1                       |       -|   2.43|   262141|  8.729e+05|         3|        1|  262140|       yes|        -|         -|            -|           -|    -|
    |  + dma_ld_0_1_Pipeline_VITIS_LOOP_703_2    |  Timing|  -0.00|   262143|  8.729e+05|         -|   262143|       -|        no|        -|         -|     91 (~0%)|    99 (~0%)|    -|
    |   o VITIS_LOOP_703_2                       |       -|   2.43|   262141|  8.729e+05|         3|        1|  262140|       yes|        -|         -|            -|           -|    -|
    |  + dma_ld_0_1_Pipeline_VITIS_LOOP_771_3    |       -|   0.13|    65539|  2.182e+05|         -|    65539|       -|        no|        -|         -|    107 (~0%)|   353 (~0%)|    -|
    |   o VITIS_LOOP_771_3                       |       -|   2.43|    65537|  2.182e+05|         4|        1|   65535|       yes|        -|         -|            -|           -|    -|
    | + spm_0                                    |  Timing|  -0.00|    65544|  2.183e+05|         -|    65544|       -|        no|  1 (~0%)|         -|    452 (~0%)|   812 (~0%)|    -|
    |  + spm_0_Pipeline_VITIS_LOOP_904_1         |       -|   0.02|    65541|  2.183e+05|         -|    65541|       -|        no|  1 (~0%)|         -|    429 (~0%)|   691 (~0%)|    -|
    |   o VITIS_LOOP_904_1                       |       -|   2.43|    65539|  2.182e+05|         6|        1|   65535|       yes|        -|         -|            -|           -|    -|
    | + vru_0                                    |       -|   0.02|    65543|  2.183e+05|         -|    65543|       -|        no|  1 (~0%)|         -|    484 (~0%)|   544 (~0%)|    -|
    |  + vru_0_Pipeline_VITIS_LOOP_1048_1        |       -|   0.02|    65541|  2.183e+05|         -|    65541|       -|        no|  1 (~0%)|         -|    462 (~0%)|   454 (~0%)|    -|
    |   o VITIS_LOOP_1048_1                      |       -|   2.43|    65539|  2.182e+05|         6|        1|   65535|       yes|        -|         -|            -|           -|    -|
    | + wld_0_0                                  |  Timing|  -0.00|   327679|  1.091e+06|         -|   327679|       -|        no|        -|         -|    107 (~0%)|   362 (~0%)|    -|
    |  + wld_0_0_Pipeline_VITIS_LOOP_1177_1      |  Timing|  -0.00|   327677|  1.091e+06|         -|   327677|       -|        no|        -|         -|     85 (~0%)|   203 (~0%)|    -|
    |   o VITIS_LOOP_1177_1                      |      II|   2.43|   327675|  1.091e+06|         6|        5|   65535|       yes|        -|         -|            -|           -|    -|
    | + wld_0_1                                  |  Timing|  -0.00|   131074|  4.365e+05|         -|   131074|       -|        no|        -|         -|     72 (~0%)|   278 (~0%)|    -|
    |  + wld_0_1_Pipeline_VITIS_LOOP_1259_1      |  Timing|  -0.00|   131072|  4.365e+05|         -|   131072|       -|        no|        -|         -|     50 (~0%)|   151 (~0%)|    -|
    |   o VITIS_LOOP_1259_1                      |      II|   2.43|   131070|  4.365e+05|         3|        2|   65535|       yes|        -|         -|            -|           -|    -|
    | + wld_1_0                                  |  Timing|  -0.00|   262144|  8.729e+05|         -|   262144|       -|        no|        -|         -|    106 (~0%)|   353 (~0%)|    -|
    |  + wld_1_0_Pipeline_VITIS_LOOP_1477_1      |  Timing|  -0.00|   262142|  8.729e+05|         -|   262142|       -|        no|        -|         -|     84 (~0%)|   194 (~0%)|    -|
    |   o VITIS_LOOP_1477_1                      |      II|   2.43|   262140|  8.729e+05|         5|        4|   65535|       yes|        -|         -|            -|           -|    -|
    | + pe_0_0                                   |       -|   0.13|    65541|  2.183e+05|         -|    65541|       -|        no|        -|         -|    195 (~0%)|   397 (~0%)|    -|
    |  + pe_0_0_Pipeline_VITIS_LOOP_2348_1       |       -|   0.13|    65539|  2.182e+05|         -|    65539|       -|        no|        -|         -|    173 (~0%)|   298 (~0%)|    -|
    |   o VITIS_LOOP_2348_1                      |       -|   2.43|    65537|  2.182e+05|         4|        1|   65535|       yes|        -|         -|            -|           -|    -|
    | + wld_0_2                                  |  Timing|  -0.00|   131074|  4.365e+05|         -|   131074|       -|        no|        -|         -|     72 (~0%)|   278 (~0%)|    -|
    |  + wld_0_2_Pipeline_VITIS_LOOP_1333_1      |  Timing|  -0.00|   131072|  4.365e+05|         -|   131072|       -|        no|        -|         -|     50 (~0%)|   151 (~0%)|    -|
    |   o VITIS_LOOP_1333_1                      |      II|   2.43|   131070|  4.365e+05|         3|        2|   65535|       yes|        -|         -|            -|           -|    -|
    | + wld_1_1                                  |  Timing|  -0.00|   131074|  4.365e+05|         -|   131074|       -|        no|        -|         -|     72 (~0%)|   278 (~0%)|    -|
    |  + wld_1_1_Pipeline_VITIS_LOOP_1557_1      |  Timing|  -0.00|   131072|  4.365e+05|         -|   131072|       -|        no|        -|         -|     50 (~0%)|   151 (~0%)|    -|
    |   o VITIS_LOOP_1557_1                      |      II|   2.43|   131070|  4.365e+05|         3|        2|   65535|       yes|        -|         -|            -|           -|    -|
    | + wld_2_0                                  |  Timing|  -0.00|   196609|  6.547e+05|         -|   196609|       -|        no|        -|         -|    105 (~0%)|   343 (~0%)|    -|
    |  + wld_2_0_Pipeline_VITIS_LOOP_1775_1      |  Timing|  -0.00|   196607|  6.547e+05|         -|   196607|       -|        no|        -|         -|     83 (~0%)|   184 (~0%)|    -|
    |   o VITIS_LOOP_1775_1                      |      II|   2.43|   196605|  6.547e+05|         4|        3|   65535|       yes|        -|         -|            -|           -|    -|
    | + pe_0_1                                   |       -|   0.13|    65541|  2.183e+05|         -|    65541|       -|        no|        -|         -|    131 (~0%)|   379 (~0%)|    -|
    |  + pe_0_1_Pipeline_VITIS_LOOP_2439_1       |       -|   0.13|    65539|  2.182e+05|         -|    65539|       -|        no|        -|         -|    109 (~0%)|   289 (~0%)|    -|
    |   o VITIS_LOOP_2439_1                      |       -|   2.43|    65537|  2.182e+05|         4|        1|   65535|       yes|        -|         -|            -|           -|    -|
    | + pe_1_0                                   |       -|   0.13|    65543|  2.183e+05|         -|    65543|       -|        no|        -|   1 (~0%)|    335 (~0%)|   441 (~0%)|    -|
    |  + pe_1_0_Pipeline_VITIS_LOOP_2687_1       |       -|   0.13|    65541|  2.183e+05|         -|    65541|       -|        no|        -|   1 (~0%)|    313 (~0%)|   333 (~0%)|    -|
    |   o VITIS_LOOP_2687_1                      |       -|   2.43|    65539|  2.182e+05|         6|        1|   65535|       yes|        -|         -|            -|           -|    -|
    | + wld_0_3                                  |  Timing|  -0.00|   131074|  4.365e+05|         -|   131074|       -|        no|        -|         -|     71 (~0%)|   228 (~0%)|    -|
    |  + wld_0_3_Pipeline_VITIS_LOOP_1404_1      |  Timing|  -0.00|   131072|  4.365e+05|         -|   131072|       -|        no|        -|         -|     50 (~0%)|   142 (~0%)|    -|
    |   o VITIS_LOOP_1404_1                      |      II|   2.43|   131070|  4.365e+05|         3|        2|   65535|       yes|        -|         -|            -|           -|    -|
    | + wld_1_2                                  |  Timing|  -0.00|   131074|  4.365e+05|         -|   131074|       -|        no|        -|         -|     72 (~0%)|   278 (~0%)|    -|
    |  + wld_1_2_Pipeline_VITIS_LOOP_1631_1      |  Timing|  -0.00|   131072|  4.365e+05|         -|   131072|       -|        no|        -|         -|     50 (~0%)|   151 (~0%)|    -|
    |   o VITIS_LOOP_1631_1                      |      II|   2.43|   131070|  4.365e+05|         3|        2|   65535|       yes|        -|         -|            -|           -|    -|
    | + wld_2_1                                  |  Timing|  -0.00|   131074|  4.365e+05|         -|   131074|       -|        no|        -|         -|     72 (~0%)|   278 (~0%)|    -|
    |  + wld_2_1_Pipeline_VITIS_LOOP_1853_1      |  Timing|  -0.00|   131072|  4.365e+05|         -|   131072|       -|        no|        -|         -|     50 (~0%)|   151 (~0%)|    -|
    |   o VITIS_LOOP_1853_1                      |      II|   2.43|   131070|  4.365e+05|         3|        2|   65535|       yes|        -|         -|            -|           -|    -|
    | + wld_3_0                                  |  Timing|  -0.00|   131074|  4.365e+05|         -|   131074|       -|        no|        -|         -|     72 (~0%)|   278 (~0%)|    -|
    |  + wld_3_0_Pipeline_VITIS_LOOP_2068_1      |  Timing|  -0.00|   131072|  4.365e+05|         -|   131072|       -|        no|        -|         -|     50 (~0%)|   151 (~0%)|    -|
    |   o VITIS_LOOP_2068_1                      |      II|   2.43|   131070|  4.365e+05|         3|        2|   65535|       yes|        -|         -|            -|           -|    -|
    | + pe_0_2                                   |       -|   0.13|    65541|  2.183e+05|         -|    65541|       -|        no|        -|         -|    131 (~0%)|   379 (~0%)|    -|
    |  + pe_0_2_Pipeline_VITIS_LOOP_2522_1       |       -|   0.13|    65539|  2.182e+05|         -|    65539|       -|        no|        -|         -|    109 (~0%)|   289 (~0%)|    -|
    |   o VITIS_LOOP_2522_1                      |       -|   2.43|    65537|  2.182e+05|         4|        1|   65535|       yes|        -|         -|            -|           -|    -|
    | + pe_1_1                                   |       -|   0.13|    65543|  2.183e+05|         -|    65543|       -|        no|        -|   1 (~0%)|    239 (~0%)|   391 (~0%)|    -|
    |  + pe_1_1_Pipeline_VITIS_LOOP_2781_1       |       -|   0.13|    65541|  2.183e+05|         -|    65541|       -|        no|        -|   1 (~0%)|    217 (~0%)|   292 (~0%)|    -|
    |   o VITIS_LOOP_2781_1                      |       -|   2.43|    65539|  2.182e+05|         6|        1|   65535|       yes|        -|         -|            -|           -|    -|
    | + pe_2_0                                   |       -|   0.13|    65543|  2.183e+05|         -|    65543|       -|        no|        -|   1 (~0%)|    335 (~0%)|   441 (~0%)|    -|
    |  + pe_2_0_Pipeline_VITIS_LOOP_3037_1       |       -|   0.13|    65541|  2.183e+05|         -|    65541|       -|        no|        -|   1 (~0%)|    313 (~0%)|   333 (~0%)|    -|
    |   o VITIS_LOOP_3037_1                      |       -|   2.43|    65539|  2.182e+05|         6|        1|   65535|       yes|        -|         -|            -|           -|    -|
    | + wld_1_3                                  |  Timing|  -0.00|   131074|  4.365e+05|         -|   131074|       -|        no|        -|         -|     71 (~0%)|   228 (~0%)|    -|
    |  + wld_1_3_Pipeline_VITIS_LOOP_1702_1      |  Timing|  -0.00|   131072|  4.365e+05|         -|   131072|       -|        no|        -|         -|     50 (~0%)|   142 (~0%)|    -|
    |   o VITIS_LOOP_1702_1                      |      II|   2.43|   131070|  4.365e+05|         3|        2|   65535|       yes|        -|         -|            -|           -|    -|
    | + wld_2_2                                  |  Timing|  -0.00|   131074|  4.365e+05|         -|   131074|       -|        no|        -|         -|     72 (~0%)|   278 (~0%)|    -|
    |  + wld_2_2_Pipeline_VITIS_LOOP_1927_1      |  Timing|  -0.00|   131072|  4.365e+05|         -|   131072|       -|        no|        -|         -|     50 (~0%)|   151 (~0%)|    -|
    |   o VITIS_LOOP_1927_1                      |      II|   2.43|   131070|  4.365e+05|         3|        2|   65535|       yes|        -|         -|            -|           -|    -|
    | + wld_3_1                                  |  Timing|  -0.00|   131074|  4.365e+05|         -|   131074|       -|        no|        -|         -|     72 (~0%)|   278 (~0%)|    -|
    |  + wld_3_1_Pipeline_VITIS_LOOP_2142_1      |  Timing|  -0.00|   131072|  4.365e+05|         -|   131072|       -|        no|        -|         -|     50 (~0%)|   151 (~0%)|    -|
    |   o VITIS_LOOP_2142_1                      |      II|   2.43|   131070|  4.365e+05|         3|        2|   65535|       yes|        -|         -|            -|           -|    -|
    | + pe_0_3                                   |       -|   0.13|    65541|  2.183e+05|         -|    65541|       -|        no|        -|         -|    123 (~0%)|   359 (~0%)|    -|
    |  + pe_0_3_Pipeline_VITIS_LOOP_2604_1       |       -|   0.13|    65539|  2.182e+05|         -|    65539|       -|        no|        -|         -|    101 (~0%)|   278 (~0%)|    -|
    |   o VITIS_LOOP_2604_1                      |       -|   2.43|    65537|  2.182e+05|         4|        1|   65535|       yes|        -|         -|            -|           -|    -|
    | + pe_1_2                                   |       -|   0.13|    65543|  2.183e+05|         -|    65543|       -|        no|        -|   1 (~0%)|    239 (~0%)|   391 (~0%)|    -|
    |  + pe_1_2_Pipeline_VITIS_LOOP_2867_1       |       -|   0.13|    65541|  2.183e+05|         -|    65541|       -|        no|        -|   1 (~0%)|    217 (~0%)|   292 (~0%)|    -|
    |   o VITIS_LOOP_2867_1                      |       -|   2.43|    65539|  2.182e+05|         6|        1|   65535|       yes|        -|         -|            -|           -|    -|
    | + pe_2_1                                   |       -|   0.13|    65543|  2.183e+05|         -|    65543|       -|        no|        -|   1 (~0%)|    239 (~0%)|   391 (~0%)|    -|
    |  + pe_2_1_Pipeline_VITIS_LOOP_3131_1       |       -|   0.13|    65541|  2.183e+05|         -|    65541|       -|        no|        -|   1 (~0%)|    217 (~0%)|   292 (~0%)|    -|
    |   o VITIS_LOOP_3131_1                      |       -|   2.43|    65539|  2.182e+05|         6|        1|   65535|       yes|        -|         -|            -|           -|    -|
    | + pe_3_0                                   |       -|   0.13|    65543|  2.183e+05|         -|    65543|       -|        no|        -|   1 (~0%)|    238 (~0%)|   382 (~0%)|    -|
    |  + pe_3_0_Pipeline_VITIS_LOOP_3386_1       |       -|   0.13|    65541|  2.183e+05|         -|    65541|       -|        no|        -|   1 (~0%)|    217 (~0%)|   292 (~0%)|    -|
    |   o VITIS_LOOP_3386_1                      |       -|   2.43|    65539|  2.182e+05|         6|        1|   65535|       yes|        -|         -|            -|           -|    -|
    | + wld_2_3                                  |  Timing|  -0.00|   131074|  4.365e+05|         -|   131074|       -|        no|        -|         -|     71 (~0%)|   228 (~0%)|    -|
    |  + wld_2_3_Pipeline_VITIS_LOOP_1998_1      |  Timing|  -0.00|   131072|  4.365e+05|         -|   131072|       -|        no|        -|         -|     50 (~0%)|   142 (~0%)|    -|
    |   o VITIS_LOOP_1998_1                      |      II|   2.43|   131070|  4.365e+05|         3|        2|   65535|       yes|        -|         -|            -|           -|    -|
    | + wld_3_2                                  |  Timing|  -0.00|   131074|  4.365e+05|         -|   131074|       -|        no|        -|         -|     72 (~0%)|   278 (~0%)|    -|
    |  + wld_3_2_Pipeline_VITIS_LOOP_2216_1      |  Timing|  -0.00|   131072|  4.365e+05|         -|   131072|       -|        no|        -|         -|     50 (~0%)|   151 (~0%)|    -|
    |   o VITIS_LOOP_2216_1                      |      II|   2.43|   131070|  4.365e+05|         3|        2|   65535|       yes|        -|         -|            -|           -|    -|
    | + pe_1_3                                   |       -|   0.13|    65543|  2.183e+05|         -|    65543|       -|        no|        -|   1 (~0%)|    167 (~0%)|   339 (~0%)|    -|
    |  + pe_1_3_Pipeline_VITIS_LOOP_2952_1       |       -|   0.13|    65541|  2.183e+05|         -|    65541|       -|        no|        -|   1 (~0%)|    145 (~0%)|   249 (~0%)|    -|
    |   o VITIS_LOOP_2952_1                      |       -|   2.43|    65539|  2.182e+05|         6|        1|   65535|       yes|        -|         -|            -|           -|    -|
    | + pe_2_2                                   |       -|   0.13|    65543|  2.183e+05|         -|    65543|       -|        no|        -|   1 (~0%)|    239 (~0%)|   391 (~0%)|    -|
    |  + pe_2_2_Pipeline_VITIS_LOOP_3217_1       |       -|   0.13|    65541|  2.183e+05|         -|    65541|       -|        no|        -|   1 (~0%)|    217 (~0%)|   292 (~0%)|    -|
    |   o VITIS_LOOP_3217_1                      |       -|   2.43|    65539|  2.182e+05|         6|        1|   65535|       yes|        -|         -|            -|           -|    -|
    | + pe_3_1                                   |       -|   0.13|    65543|  2.183e+05|         -|    65543|       -|        no|        -|   1 (~0%)|    430 (~0%)|   432 (~0%)|    -|
    |  + pe_3_1_Pipeline_VITIS_LOOP_3488_1       |       -|   0.13|    65541|  2.183e+05|         -|    65541|       -|        no|        -|   1 (~0%)|    409 (~0%)|   333 (~0%)|    -|
    |   o VITIS_LOOP_3488_1                      |       -|   2.43|    65539|  2.182e+05|         6|        1|   65535|       yes|        -|         -|            -|           -|    -|
    | + wld_3_3                                  |  Timing|  -0.00|   131074|  4.365e+05|         -|   131074|       -|        no|        -|         -|     71 (~0%)|   228 (~0%)|    -|
    |  + wld_3_3_Pipeline_VITIS_LOOP_2287_1      |  Timing|  -0.00|   131072|  4.365e+05|         -|   131072|       -|        no|        -|         -|     50 (~0%)|   142 (~0%)|    -|
    |   o VITIS_LOOP_2287_1                      |      II|   2.43|   131070|  4.365e+05|         3|        2|   65535|       yes|        -|         -|            -|           -|    -|
    | + pe_2_3                                   |       -|   0.13|    65543|  2.183e+05|         -|    65543|       -|        no|        -|   1 (~0%)|    167 (~0%)|   339 (~0%)|    -|
    |  + pe_2_3_Pipeline_VITIS_LOOP_3302_1       |       -|   0.13|    65541|  2.183e+05|         -|    65541|       -|        no|        -|   1 (~0%)|    145 (~0%)|   249 (~0%)|    -|
    |   o VITIS_LOOP_3302_1                      |       -|   2.43|    65539|  2.182e+05|         6|        1|   65535|       yes|        -|         -|            -|           -|    -|
    | + pe_3_2                                   |       -|   0.13|    65543|  2.183e+05|         -|    65543|       -|        no|        -|   1 (~0%)|    430 (~0%)|   432 (~0%)|    -|
    |  + pe_3_2_Pipeline_VITIS_LOOP_3586_1       |       -|   0.13|    65541|  2.183e+05|         -|    65541|       -|        no|        -|   1 (~0%)|    409 (~0%)|   333 (~0%)|    -|
    |   o VITIS_LOOP_3586_1                      |       -|   2.43|    65539|  2.182e+05|         6|        1|   65535|       yes|        -|         -|            -|           -|    -|
    | + pe_3_3                                   |       -|   0.13|    65543|  2.183e+05|         -|    65543|       -|        no|        -|   1 (~0%)|    358 (~0%)|   380 (~0%)|    -|
    |  + pe_3_3_Pipeline_VITIS_LOOP_3683_1       |       -|   0.13|    65541|  2.183e+05|         -|    65541|       -|        no|        -|   1 (~0%)|    337 (~0%)|   290 (~0%)|    -|
    |   o VITIS_LOOP_3683_1                      |       -|   2.43|    65539|  2.182e+05|         6|        1|   65535|       yes|        -|         -|            -|           -|    -|
    | + accu_0                                   |       -|   0.00|    65543|  2.183e+05|         -|    65543|       -|        no|  4 (~0%)|         -|   1744 (~0%)|  1764 (~0%)|    -|
    |  + accu_0_Pipeline_VITIS_LOOP_3785_1       |       -|   0.00|    65541|  2.183e+05|         -|    65541|       -|        no|  4 (~0%)|         -|   1723 (~0%)|  1692 (~0%)|    -|
    |   o VITIS_LOOP_3785_1                      |       -|   2.43|    65539|  2.182e+05|         6|        1|   65535|       yes|        -|         -|            -|           -|    -|
    | + dma_st_0_1                               |  Timing|  -0.00|    65563|  2.183e+05|         -|    65563|       -|        no|        -|         -|    372 (~0%)|   511 (~0%)|    -|
    |  + dma_st_0_1_Pipeline_VITIS_LOOP_4396_1   |  Timing|  -0.00|    65561|  2.183e+05|         -|    65561|       -|        no|        -|         -|    287 (~0%)|   412 (~0%)|    -|
    |   o VITIS_LOOP_4396_1                      |       -|   2.43|    65559|  2.183e+05|        26|        1|   65535|       yes|        -|         -|            -|           -|    -|
    +--------------------------------------------+--------+-------+---------+-----------+----------+---------+--------+----------+---------+----------+-------------+------------+-----+


================================================================
== HW Interfaces
================================================================
* M_AXI
+-------------+------------+---------------+---------+--------+----------+-----------+--------------+--------------+-------------+-------------+-------------------+
| Interface   | Data Width | Address Width | Latency | Offset | Register | Max Widen | Max Read     | Max Write    | Num Read    | Num Write   | Resource Estimate |
|             | (SW->HW)   |               |         |        |          | Bitwidth  | Burst Length | Burst Length | Outstanding | Outstanding |                   |
+-------------+------------+---------------+---------+--------+----------+-----------+--------------+--------------+-------------+-------------+-------------------+
| m_axi_gmem0 | 64 -> 512  | 64            | 16      | slave  | 0        | 512       | 16           | 16           | 16          | 16          | BRAM=30           |
| m_axi_gmem1 | 8 -> 32    | 64            | 16      | slave  | 0        | 512       | 16           | 16           | 16          | 16          | BRAM=2            |
| m_axi_gmem2 | 8 -> 32    | 64            | 16      | slave  | 0        | 512       | 16           | 16           | 16          | 16          | BRAM=2            |
| m_axi_gmem3 | 8 -> 32    | 64            | 16      | slave  | 0        | 512       | 16           | 16           | 16          | 16          | BRAM=2            |
+-------------+------------+---------------+---------+--------+----------+-----------+--------------+--------------+-------------+-------------+-------------------+

* S_AXILITE Interfaces
+---------------+------------+---------------+--------+----------+
| Interface     | Data Width | Address Width | Offset | Register |
+---------------+------------+---------------+--------+----------+
| s_axi_control | 32         | 6             | 16     | 0        |
+---------------+------------+---------------+--------+----------+

* S_AXILITE Registers
+---------------+----------+--------+-------+--------+----------------------+
| Interface     | Register | Offset | Width | Access | Description          |
+---------------+----------+--------+-------+--------+----------------------+
| s_axi_control | v2171_1  | 0x10   | 32    | W      | Data signal of v2171 |
| s_axi_control | v2171_2  | 0x14   | 32    | W      | Data signal of v2171 |
| s_axi_control | v2172_1  | 0x1c   | 32    | W      | Data signal of v2172 |
| s_axi_control | v2172_2  | 0x20   | 32    | W      | Data signal of v2172 |
| s_axi_control | v2173_1  | 0x28   | 32    | W      | Data signal of v2173 |
| s_axi_control | v2173_2  | 0x2c   | 32    | W      | Data signal of v2173 |
| s_axi_control | v2174_1  | 0x34   | 32    | W      | Data signal of v2174 |
| s_axi_control | v2174_2  | 0x38   | 32    | W      | Data signal of v2174 |
+---------------+----------+--------+-------+--------+----------------------+

* TOP LEVEL CONTROL
+-----------+------------+-----------------------------------+
| Interface | Type       | Ports                             |
+-----------+------------+-----------------------------------+
| ap_clk    | clock      | ap_clk                            |
| ap_rst_n  | reset      | ap_rst_n                          |
| ap_ctrl   | ap_ctrl_hs | ap_done ap_idle ap_ready ap_start |
+-----------+------------+-----------------------------------+


================================================================
== SW I/O Information
================================================================
* Top Function Arguments
+----------+-----------+--------------------+
| Argument | Direction | Datatype           |
+----------+-----------+--------------------+
| v2171    | in        | long unsigned int* |
| v2172    | in        | signed char*       |
| v2173    | in        | signed char*       |
| v2174    | out       | signed char*       |
+----------+-----------+--------------------+

* SW-to-HW Mapping
+----------+---------------+-----------+----------+-----------------------------------+
| Argument | HW Interface  | HW Type   | HW Usage | HW Info                           |
+----------+---------------+-----------+----------+-----------------------------------+
| v2171    | m_axi_gmem0   | interface |          |                                   |
| v2171    | s_axi_control | register  | offset   | name=v2171_1 offset=0x10 range=32 |
| v2171    | s_axi_control | register  | offset   | name=v2171_2 offset=0x14 range=32 |
| v2172    | m_axi_gmem1   | interface |          |                                   |
| v2172    | s_axi_control | register  | offset   | name=v2172_1 offset=0x1c range=32 |
| v2172    | s_axi_control | register  | offset   | name=v2172_2 offset=0x20 range=32 |
| v2173    | m_axi_gmem2   | interface |          |                                   |
| v2173    | s_axi_control | register  | offset   | name=v2173_1 offset=0x28 range=32 |
| v2173    | s_axi_control | register  | offset   | name=v2173_2 offset=0x2c range=32 |
| v2174    | m_axi_gmem3   | interface |          |                                   |
| v2174    | s_axi_control | register  | offset   | name=v2174_1 offset=0x34 range=32 |
| v2174    | s_axi_control | register  | offset   | name=v2174_2 offset=0x38 range=32 |
+----------+---------------+-----------+----------+-----------------------------------+


================================================================
== M_AXI Burst Information
================================================================
 Note: All burst requests might be further partitioned into multiple requests during RTL generation based on max_read_burst_length or max_write_burst_length settings.

* Inferred Burst Summary
+--------------+-----------+----------+-------+------------------+-------------------+
| HW Interface | Direction | Length   | Width | Loop             | Loop Location     |
+--------------+-----------+----------+-------+------------------+-------------------+
| m_axi_gmem0  | read      | 7        | 512   | l_S_i_0_i        | kernel.cpp:31:13  |
| m_axi_gmem1  | read      | variable | 32    | VITIS_LOOP_643_1 | kernel.cpp:643:21 |
| m_axi_gmem2  | read      | variable | 32    | VITIS_LOOP_703_2 | kernel.cpp:703:21 |
+--------------+-----------+----------+-------+------------------+-------------------+

* All M_AXI Variable Accesses
+--------------+----------+--------------------+-----------+--------------+----------+-------------------+--------------------+------------+----------------------------------------------------------------------------------------------------------+
| HW Interface | Variable | Access Location    | Direction | Burst Status | Length   | Loop              | Loop Location      | Resolution | Problem                                                                                                  |
+--------------+----------+--------------------+-----------+--------------+----------+-------------------+--------------------+------------+----------------------------------------------------------------------------------------------------------+
| m_axi_gmem0  | v0       | kernel.cpp:31:13   | read      | Widen Fail   |          | l_S_i_0_i         | kernel.cpp:31:13   | 214-353    | Could not widen since type i512 size is greater than or equal to the max_widen_bitwidth threshold of 512 |
| m_axi_gmem0  | v0       | kernel.cpp:32:19   | read      | Widened      | 7        | l_S_i_0_i         | kernel.cpp:31:13   |            |                                                                                                          |
| m_axi_gmem0  | v0       | kernel.cpp:32:19   | read      | Inferred     | 56       | l_S_i_0_i         | kernel.cpp:31:13   |            |                                                                                                          |
| m_axi_gmem0  | v0       | kernel.cpp:34:19   | read      | Widened      | 7        | l_S_i_0_i         | kernel.cpp:31:13   |            |                                                                                                          |
| m_axi_gmem0  | v0       | kernel.cpp:34:19   | read      | Inferred     | 56       | l_S_i_0_i         | kernel.cpp:31:13   |            |                                                                                                          |
| m_axi_gmem0  | v0       | kernel.cpp:36:19   | read      | Widened      | 7        | l_S_i_0_i         | kernel.cpp:31:13   |            |                                                                                                          |
| m_axi_gmem0  | v0       | kernel.cpp:36:19   | read      | Inferred     | 56       | l_S_i_0_i         | kernel.cpp:31:13   |            |                                                                                                          |
| m_axi_gmem0  | v0       | kernel.cpp:38:19   | read      | Widened      | 7        | l_S_i_0_i         | kernel.cpp:31:13   |            |                                                                                                          |
| m_axi_gmem0  | v0       | kernel.cpp:38:19   | read      | Inferred     | 56       | l_S_i_0_i         | kernel.cpp:31:13   |            |                                                                                                          |
| m_axi_gmem0  | v0       | kernel.cpp:40:20   | read      | Widened      | 7        | l_S_i_0_i         | kernel.cpp:31:13   |            |                                                                                                          |
| m_axi_gmem0  | v0       | kernel.cpp:40:20   | read      | Inferred     | 56       | l_S_i_0_i         | kernel.cpp:31:13   |            |                                                                                                          |
| m_axi_gmem0  | v0       | kernel.cpp:42:20   | read      | Widened      | 7        | l_S_i_0_i         | kernel.cpp:31:13   |            |                                                                                                          |
| m_axi_gmem0  | v0       | kernel.cpp:42:20   | read      | Inferred     | 56       | l_S_i_0_i         | kernel.cpp:31:13   |            |                                                                                                          |
| m_axi_gmem0  | v0       | kernel.cpp:44:20   | read      | Widened      | 7        | l_S_i_0_i         | kernel.cpp:31:13   |            |                                                                                                          |
| m_axi_gmem0  | v0       | kernel.cpp:44:20   | read      | Inferred     | 56       | l_S_i_0_i         | kernel.cpp:31:13   |            |                                                                                                          |
| m_axi_gmem0  | v0       | kernel.cpp:46:20   | read      | Widened      | 7        | l_S_i_0_i         | kernel.cpp:31:13   |            |                                                                                                          |
| m_axi_gmem0  | v0       | kernel.cpp:46:20   | read      | Inferred     | 56       | l_S_i_0_i         | kernel.cpp:31:13   |            |                                                                                                          |
| m_axi_gmem1  | v339     | kernel.cpp:643:21  | read      | Widen Fail   |          | VITIS_LOOP_643_1  | kernel.cpp:643:21  | 214-234    | Sequential access length is not divisible by 2                                                           |
| m_axi_gmem1  | v339     | kernel.cpp:649:19  | read      | Widened      | variable | VITIS_LOOP_643_1  | kernel.cpp:643:21  |            |                                                                                                          |
| m_axi_gmem1  | v339     | kernel.cpp:649:19  | read      | Inferred     | variable | VITIS_LOOP_643_1  | kernel.cpp:643:21  |            |                                                                                                          |
| m_axi_gmem1  | v339     | kernel.cpp:662:19  | read      | Widened      | variable | VITIS_LOOP_643_1  | kernel.cpp:643:21  |            |                                                                                                          |
| m_axi_gmem1  | v339     | kernel.cpp:662:19  | read      | Inferred     | variable | VITIS_LOOP_643_1  | kernel.cpp:643:21  |            |                                                                                                          |
| m_axi_gmem1  | v339     | kernel.cpp:674:19  | read      | Widened      | variable | VITIS_LOOP_643_1  | kernel.cpp:643:21  |            |                                                                                                          |
| m_axi_gmem1  | v339     | kernel.cpp:674:19  | read      | Inferred     | variable | VITIS_LOOP_643_1  | kernel.cpp:643:21  |            |                                                                                                          |
| m_axi_gmem1  | v339     | kernel.cpp:686:19  | read      | Widened      | variable | VITIS_LOOP_643_1  | kernel.cpp:643:21  |            |                                                                                                          |
| m_axi_gmem1  | v339     | kernel.cpp:686:19  | read      | Inferred     | variable | VITIS_LOOP_643_1  | kernel.cpp:643:21  |            |                                                                                                          |
| m_axi_gmem2  | v340     | kernel.cpp:31:13   | read      | Widen Fail   |          | VITIS_LOOP_703_2  | kernel.cpp:703:21  | 214-234    | Sequential access length is not divisible by 2                                                           |
| m_axi_gmem2  | v340     | kernel.cpp:709:19  | read      | Widened      | variable | VITIS_LOOP_703_2  | kernel.cpp:703:21  |            |                                                                                                          |
| m_axi_gmem2  | v340     | kernel.cpp:709:19  | read      | Inferred     | variable | VITIS_LOOP_703_2  | kernel.cpp:703:21  |            |                                                                                                          |
| m_axi_gmem2  | v340     | kernel.cpp:722:19  | read      | Widened      | variable | VITIS_LOOP_703_2  | kernel.cpp:703:21  |            |                                                                                                          |
| m_axi_gmem2  | v340     | kernel.cpp:722:19  | read      | Inferred     | variable | VITIS_LOOP_703_2  | kernel.cpp:703:21  |            |                                                                                                          |
| m_axi_gmem2  | v340     | kernel.cpp:734:19  | read      | Widened      | variable | VITIS_LOOP_703_2  | kernel.cpp:703:21  |            |                                                                                                          |
| m_axi_gmem2  | v340     | kernel.cpp:734:19  | read      | Inferred     | variable | VITIS_LOOP_703_2  | kernel.cpp:703:21  |            |                                                                                                          |
| m_axi_gmem2  | v340     | kernel.cpp:746:19  | read      | Widened      | variable | VITIS_LOOP_703_2  | kernel.cpp:703:21  |            |                                                                                                          |
| m_axi_gmem2  | v340     | kernel.cpp:746:19  | read      | Inferred     | variable | VITIS_LOOP_703_2  | kernel.cpp:703:21  |            |                                                                                                          |
| m_axi_gmem3  | v2069    | kernel.cpp:4453:18 | write     | Widened      | 1        |                   |                    |            |                                                                                                          |
| m_axi_gmem3  | v2069    | kernel.cpp:4453:18 | write     | Fail         |          | VITIS_LOOP_4396_1 | kernel.cpp:4396:22 | 214-229    | Could not analyze pattern                                                                                |
| m_axi_gmem3  | v2069    | kernel.cpp:4453:18 | write     | Inferred     | 4        | VITIS_LOOP_4396_1 | kernel.cpp:4396:22 |            |                                                                                                          |
| m_axi_gmem3  | v2069    | kernel.cpp:4477:18 | write     | Widened      | 1        |                   |                    |            |                                                                                                          |
| m_axi_gmem3  | v2069    | kernel.cpp:4477:18 | write     | Fail         |          | VITIS_LOOP_4396_1 | kernel.cpp:4396:22 | 214-229    | Could not analyze pattern                                                                                |
| m_axi_gmem3  | v2069    | kernel.cpp:4477:18 | write     | Inferred     | 4        | VITIS_LOOP_4396_1 | kernel.cpp:4396:22 |            |                                                                                                          |
| m_axi_gmem3  | v2069    | kernel.cpp:4501:18 | write     | Widened      | 1        |                   |                    |            |                                                                                                          |
| m_axi_gmem3  | v2069    | kernel.cpp:4501:18 | write     | Fail         |          | VITIS_LOOP_4396_1 | kernel.cpp:4396:22 | 214-229    | Could not analyze pattern                                                                                |
| m_axi_gmem3  | v2069    | kernel.cpp:4501:18 | write     | Inferred     | 4        | VITIS_LOOP_4396_1 | kernel.cpp:4396:22 |            |                                                                                                          |
| m_axi_gmem3  | v2069    | kernel.cpp:4525:18 | write     | Widened      | 1        |                   |                    |            |                                                                                                          |
| m_axi_gmem3  | v2069    | kernel.cpp:4525:18 | write     | Fail         |          | VITIS_LOOP_4396_1 | kernel.cpp:4396:22 | 214-229    | Could not analyze pattern                                                                                |
| m_axi_gmem3  | v2069    | kernel.cpp:4525:18 | write     | Inferred     | 4        | VITIS_LOOP_4396_1 | kernel.cpp:4396:22 |            |                                                                                                          |
+--------------+----------+--------------------+-----------+--------------+----------+-------------------+--------------------+------------+----------------------------------------------------------------------------------------------------------+

    * Resolution URL: docs.xilinx.com/access/sources/dita/topic?Doc_Version=2023.2%20English&url=ug1448-hls-guidance&resourceid=XXX-YYY.html (replace XXX-YYY with column value)

================================================================
== Bind Op Report
================================================================
+--------------------------------------------+-----+--------+--------------+-----+-----------+---------+
| Name                                       | DSP | Pragma | Variable     | Op  | Impl      | Latency |
+--------------------------------------------+-----+--------+--------------+-----+-----------+---------+
| + tinytpu_isa                              | 14  |        |              |     |           |         |
|  + sequencer_0_1                           | 2   |        |              |     |           |         |
|   + sequencer_0_1_Pipeline_l_S_i_0_i       | 0   |        |              |     |           |         |
|     add_ln31_fu_229_p2                     |     |        | add_ln31     | add | fabric    | 0       |
|   + sequencer_0_1_Pipeline_VITIS_LOOP_74_1 | 0   |        |              |     |           |         |
|     add_ln74_fu_60_p2                      |     |        | add_ln74     | add | fabric    | 0       |
|   + sequencer_0_1_Pipeline_VITIS_LOOP_78_2 | 0   |        |              |     |           |         |
|     add_ln78_fu_60_p2                      |     |        | add_ln78     | add | fabric    | 0       |
|   + sequencer_0_1_Pipeline_VITIS_LOOP_82_3 | 0   |        |              |     |           |         |
|     add_ln82_fu_62_p2                      |     |        | add_ln82     | add | fabric    | 0       |
|   + sequencer_0_1_Pipeline_VITIS_LOOP_86_4 | 0   |        |              |     |           |         |
|     add_ln86_fu_60_p2                      |     |        | add_ln86     | add | fabric    | 0       |
|   + sequencer_0_1_Pipeline_VITIS_LOOP_95_5 | 2   |        |              |     |           |         |
|     v36_fu_517_p2                          |     |        | v36          | add | fabric    | 0       |
|     v97_fu_634_p2                          |     |        | v97          | add | fabric    | 0       |
|     v93_fu_740_p2                          |     |        | v93          | add | fabric    | 0       |
|     lp_start_d0                            |     |        | v115         | add | fabric    | 0       |
|     lp_start_d0                            |     |        | v58          | add | fabric    | 0       |
|     v71_fu_753_p2                          |     |        | v71          | add | fabric    | 0       |
|     mul_32s_12ns_32_2_1_U17                | 2   |        | v144         | mul | auto      | 1       |
|     v152_fu_856_p2                         |     |        | v152         | add | fabric    | 0       |
|     v160_fu_875_p2                         |     |        | v160         | add | fabric    | 0       |
|     v168_fu_893_p2                         |     |        | v168         | add | fabric    | 0       |
|     v176_fu_911_p2                         |     |        | v176         | add | fabric    | 0       |
|     mul_32s_12ns_32_2_1_U17                | 2   |        | v221         | mul | auto      | 1       |
|     v201_fu_980_p2                         |     |        | v201         | add | fabric    | 0       |
|     f1_6_fu_991_p2                         |     |        | f1_6         | add | fabric    | 0       |
|     v217_fu_1001_p2                        |     |        | v217         | add | fabric    | 0       |
|     f3_6_fu_1011_p2                        |     |        | f3_6         | add | fabric    | 0       |
|     mul_32s_12ns_32_2_1_U17                | 2   |        | v270         | mul | auto      | 1       |
|     v250_fu_1025_p2                        |     |        | v250         | add | fabric    | 0       |
|     f1_7_fu_1036_p2                        |     |        | f1_7         | add | fabric    | 0       |
|     v266_fu_1046_p2                        |     |        | v266         | add | fabric    | 0       |
|     f3_7_fu_1056_p2                        |     |        | f3_7         | add | fabric    | 0       |
|     lp_start_d0                            |     |        | v335         | add | fabric    | 0       |
|  + dma_ld_0_1                              | 0   |        |              |     |           |         |
|   + dma_ld_0_1_Pipeline_VITIS_LOOP_643_1   | 0   |        |              |     |           |         |
|     add_ln643_fu_104_p2                    |     |        | add_ln643    | add | fabric    | 0       |
|   + dma_ld_0_1_Pipeline_VITIS_LOOP_703_2   | 0   |        |              |     |           |         |
|     add_ln703_fu_104_p2                    |     |        | add_ln703    | add | fabric    | 0       |
|   + dma_ld_0_1_Pipeline_VITIS_LOOP_771_3   | 0   |        |              |     |           |         |
|     v421_2_fu_192_p2                       |     |        | v421_2       | add | fabric    | 0       |
|     v425_fu_204_p2                         |     |        | v425         | add | fabric    | 0       |
|     add_ln827_fu_335_p2                    |     |        | add_ln827    | add | fabric    | 0       |
|     v469_fu_348_p2                         |     |        | v469         | add | fabric    | 0       |
|  + spm_0                                   | 0   |        |              |     |           |         |
|   + spm_0_Pipeline_VITIS_LOOP_904_1        | 0   |        |              |     |           |         |
|     v491_2_fu_191_p2                       |     |        | v491_2       | add | fabric    | 0       |
|     v495_fu_203_p2                         |     |        | v495         | add | fabric    | 0       |
|     v517_fu_330_p2                         |     |        | v517         | add | fabric    | 0       |
|     v539_fu_383_p2                         |     |        | v539         | add | fabric    | 0       |
|  + vru_0                                   | 0   |        |              |     |           |         |
|   + vru_0_Pipeline_VITIS_LOOP_1048_1       | 0   |        |              |     |           |         |
|     v565_2_fu_207_p2                       |     |        | v565_2       | add | fabric    | 0       |
|     v569_fu_219_p2                         |     |        | v569         | add | fabric    | 0       |
|     v593_fu_340_p2                         |     |        | v593         | add | fabric    | 0       |
|     v609_fu_345_p2                         |     |        | v609         | add | fabric    | 0       |
|  + wld_0_0                                 | 0   |        |              |     |           |         |
|   + wld_0_0_Pipeline_VITIS_LOOP_1177_1     | 0   |        |              |     |           |         |
|     v634_2_fu_106_p2                       |     |        | v634_2       | add | fabric    | 0       |
|  + wld_0_1                                 | 0   |        |              |     |           |         |
|   + wld_0_1_Pipeline_VITIS_LOOP_1259_1     | 0   |        |              |     |           |         |
|     v667_2_fu_97_p2                        |     |        | v667_2       | add | fabric    | 0       |
|  + wld_1_0                                 | 0   |        |              |     |           |         |
|   + wld_1_0_Pipeline_VITIS_LOOP_1477_1     | 0   |        |              |     |           |         |
|     v752_2_fu_106_p2                       |     |        | v752_2       | add | fabric    | 0       |
|  + pe_0_0                                  | 0   |        |              |     |           |         |
|   + pe_0_0_Pipeline_VITIS_LOOP_2348_1      | 0   |        |              |     |           |         |
|     v1091_2_fu_141_p2                      |     |        | v1091_2      | add | fabric    | 0       |
|     v1095_fu_153_p2                        |     |        | v1095        | add | fabric    | 0       |
|     mul_8s_8s_16_1_1_U204                  |     |        | v1118        | mul | auto      | 0       |
|  + wld_0_2                                 | 0   |        |              |     |           |         |
|   + wld_0_2_Pipeline_VITIS_LOOP_1333_1     | 0   |        |              |     |           |         |
|     v696_2_fu_97_p2                        |     |        | v696_2       | add | fabric    | 0       |
|  + wld_1_1                                 | 0   |        |              |     |           |         |
|   + wld_1_1_Pipeline_VITIS_LOOP_1557_1     | 0   |        |              |     |           |         |
|     v784_2_fu_97_p2                        |     |        | v784_2       | add | fabric    | 0       |
|  + wld_2_0                                 | 0   |        |              |     |           |         |
|   + wld_2_0_Pipeline_VITIS_LOOP_1775_1     | 0   |        |              |     |           |         |
|     v869_2_fu_106_p2                       |     |        | v869_2       | add | fabric    | 0       |
|  + pe_0_1                                  | 0   |        |              |     |           |         |
|   + pe_0_1_Pipeline_VITIS_LOOP_2439_1      | 0   |        |              |     |           |         |
|     v1135_2_fu_134_p2                      |     |        | v1135_2      | add | fabric    | 0       |
|     v1139_fu_146_p2                        |     |        | v1139        | add | fabric    | 0       |
|     mul_8s_8s_16_1_1_U217                  |     |        | v1159        | mul | auto      | 0       |
|  + pe_1_0                                  | 1   |        |              |     |           |         |
|   + pe_1_0_Pipeline_VITIS_LOOP_2687_1      | 1   |        |              |     |           |         |
|     v1258_2_fu_153_p2                      |     |        | v1258_2      | add | fabric    | 0       |
|     v1262_fu_165_p2                        |     |        | v1262        | add | fabric    | 0       |
|     mac_muladd_8s_8s_32s_32_4_1_U245       | 1   |        | v1286        | mul | dsp_slice | 3       |
|     mac_muladd_8s_8s_32s_32_4_1_U245       | 1   |        | v1290        | add | dsp_slice | 3       |
|  + wld_0_3                                 | 0   |        |              |     |           |         |
|   + wld_0_3_Pipeline_VITIS_LOOP_1404_1     | 0   |        |              |     |           |         |
|     v723_2_fu_87_p2                        |     |        | v723_2       | add | fabric    | 0       |
|  + wld_1_2                                 | 0   |        |              |     |           |         |
|   + wld_1_2_Pipeline_VITIS_LOOP_1631_1     | 0   |        |              |     |           |         |
|     v813_2_fu_97_p2                        |     |        | v813_2       | add | fabric    | 0       |
|  + wld_2_1                                 | 0   |        |              |     |           |         |
|   + wld_2_1_Pipeline_VITIS_LOOP_1853_1     | 0   |        |              |     |           |         |
|     v900_2_fu_97_p2                        |     |        | v900_2       | add | fabric    | 0       |
|  + wld_3_0                                 | 0   |        |              |     |           |         |
|   + wld_3_0_Pipeline_VITIS_LOOP_2068_1     | 0   |        |              |     |           |         |
|     v983_2_fu_91_p2                        |     |        | v983_2       | add | fabric    | 0       |
|  + pe_0_2                                  | 0   |        |              |     |           |         |
|   + pe_0_2_Pipeline_VITIS_LOOP_2522_1      | 0   |        |              |     |           |         |
|     v1176_2_fu_134_p2                      |     |        | v1176_2      | add | fabric    | 0       |
|     v1180_fu_146_p2                        |     |        | v1180        | add | fabric    | 0       |
|     mul_8s_8s_16_1_1_U227                  |     |        | v1200        | mul | auto      | 0       |
|  + pe_1_1                                  | 1   |        |              |     |           |         |
|   + pe_1_1_Pipeline_VITIS_LOOP_2781_1      | 1   |        |              |     |           |         |
|     v1304_2_fu_142_p2                      |     |        | v1304_2      | add | fabric    | 0       |
|     v1308_fu_154_p2                        |     |        | v1308        | add | fabric    | 0       |
|     mac_muladd_8s_8s_32s_32_4_1_U260       | 1   |        | v1329        | mul | dsp_slice | 3       |
|     mac_muladd_8s_8s_32s_32_4_1_U260       | 1   |        | v1333        | add | dsp_slice | 3       |
|  + pe_2_0                                  | 1   |        |              |     |           |         |
|   + pe_2_0_Pipeline_VITIS_LOOP_3037_1      | 1   |        |              |     |           |         |
|     v1432_2_fu_155_p2                      |     |        | v1432_2      | add | fabric    | 0       |
|     v1436_fu_167_p2                        |     |        | v1436        | add | fabric    | 0       |
|     mac_muladd_8s_8s_32s_32_4_1_U294       | 1   |        | v1460        | mul | dsp_slice | 3       |
|     mac_muladd_8s_8s_32s_32_4_1_U294       | 1   |        | v1464        | add | dsp_slice | 3       |
|  + wld_1_3                                 | 0   |        |              |     |           |         |
|   + wld_1_3_Pipeline_VITIS_LOOP_1702_1     | 0   |        |              |     |           |         |
|     v840_2_fu_87_p2                        |     |        | v840_2       | add | fabric    | 0       |
|  + wld_2_2                                 | 0   |        |              |     |           |         |
|   + wld_2_2_Pipeline_VITIS_LOOP_1927_1     | 0   |        |              |     |           |         |
|     v929_2_fu_97_p2                        |     |        | v929_2       | add | fabric    | 0       |
|  + wld_3_1                                 | 0   |        |              |     |           |         |
|   + wld_3_1_Pipeline_VITIS_LOOP_2142_1     | 0   |        |              |     |           |         |
|     v1012_2_fu_97_p2                       |     |        | v1012_2      | add | fabric    | 0       |
|  + pe_0_3                                  | 0   |        |              |     |           |         |
|   + pe_0_3_Pipeline_VITIS_LOOP_2604_1      | 0   |        |              |     |           |         |
|     v1216_2_fu_123_p2                      |     |        | v1216_2      | add | fabric    | 0       |
|     v1220_fu_135_p2                        |     |        | v1220        | add | fabric    | 0       |
|     mul_8s_8s_16_1_1_U237                  |     |        | v1240        | mul | auto      | 0       |
|  + pe_1_2                                  | 1   |        |              |     |           |         |
|   + pe_1_2_Pipeline_VITIS_LOOP_2867_1      | 1   |        |              |     |           |         |
|     v1347_2_fu_142_p2                      |     |        | v1347_2      | add | fabric    | 0       |
|     v1351_fu_154_p2                        |     |        | v1351        | add | fabric    | 0       |
|     mac_muladd_8s_8s_32s_32_4_1_U272       | 1   |        | v1372        | mul | dsp_slice | 3       |
|     mac_muladd_8s_8s_32s_32_4_1_U272       | 1   |        | v1376        | add | dsp_slice | 3       |
|  + pe_2_1                                  | 1   |        |              |     |           |         |
|   + pe_2_1_Pipeline_VITIS_LOOP_3131_1      | 1   |        |              |     |           |         |
|     v1478_2_fu_142_p2                      |     |        | v1478_2      | add | fabric    | 0       |
|     v1482_fu_154_p2                        |     |        | v1482        | add | fabric    | 0       |
|     mac_muladd_8s_8s_32s_32_4_1_U308       | 1   |        | v1503        | mul | dsp_slice | 3       |
|     mac_muladd_8s_8s_32s_32_4_1_U308       | 1   |        | v1507        | add | dsp_slice | 3       |
|  + pe_3_0                                  | 1   |        |              |     |           |         |
|   + pe_3_0_Pipeline_VITIS_LOOP_3386_1      | 1   |        |              |     |           |         |
|     v1605_2_fu_146_p2                      |     |        | v1605_2      | add | fabric    | 0       |
|     v1609_fu_158_p2                        |     |        | v1609        | add | fabric    | 0       |
|     mac_muladd_8s_8s_32s_32_4_1_U342       | 1   |        | v1632        | mul | dsp_slice | 3       |
|     mac_muladd_8s_8s_32s_32_4_1_U342       | 1   |        | v1636        | add | dsp_slice | 3       |
|  + wld_2_3                                 | 0   |        |              |     |           |         |
|   + wld_2_3_Pipeline_VITIS_LOOP_1998_1     | 0   |        |              |     |           |         |
|     v956_2_fu_87_p2                        |     |        | v956_2       | add | fabric    | 0       |
|  + wld_3_2                                 | 0   |        |              |     |           |         |
|   + wld_3_2_Pipeline_VITIS_LOOP_2216_1     | 0   |        |              |     |           |         |
|     v1041_2_fu_97_p2                       |     |        | v1041_2      | add | fabric    | 0       |
|  + pe_1_3                                  | 1   |        |              |     |           |         |
|   + pe_1_3_Pipeline_VITIS_LOOP_2952_1      | 1   |        |              |     |           |         |
|     v1389_2_fu_131_p2                      |     |        | v1389_2      | add | fabric    | 0       |
|     v1393_fu_143_p2                        |     |        | v1393        | add | fabric    | 0       |
|     mac_muladd_8s_8s_32s_32_4_1_U284       | 1   |        | v1414        | mul | dsp_slice | 3       |
|     mac_muladd_8s_8s_32s_32_4_1_U284       | 1   |        | v1418        | add | dsp_slice | 3       |
|  + pe_2_2                                  | 1   |        |              |     |           |         |
|   + pe_2_2_Pipeline_VITIS_LOOP_3217_1      | 1   |        |              |     |           |         |
|     v1521_2_fu_142_p2                      |     |        | v1521_2      | add | fabric    | 0       |
|     v1525_fu_154_p2                        |     |        | v1525        | add | fabric    | 0       |
|     mac_muladd_8s_8s_32s_32_4_1_U320       | 1   |        | v1546        | mul | dsp_slice | 3       |
|     mac_muladd_8s_8s_32s_32_4_1_U320       | 1   |        | v1550        | add | dsp_slice | 3       |
|  + pe_3_1                                  | 1   |        |              |     |           |         |
|   + pe_3_1_Pipeline_VITIS_LOOP_3488_1      | 1   |        |              |     |           |         |
|     v1654_2_fu_158_p2                      |     |        | v1654_2      | add | fabric    | 0       |
|     v1658_fu_170_p2                        |     |        | v1658        | add | fabric    | 0       |
|     mac_muladd_8s_8s_32s_32_4_1_U354       | 1   |        | v1679        | mul | dsp_slice | 3       |
|     mac_muladd_8s_8s_32s_32_4_1_U354       | 1   |        | v1683        | add | dsp_slice | 3       |
|  + wld_3_3                                 | 0   |        |              |     |           |         |
|   + wld_3_3_Pipeline_VITIS_LOOP_2287_1     | 0   |        |              |     |           |         |
|     v1068_2_fu_87_p2                       |     |        | v1068_2      | add | fabric    | 0       |
|  + pe_2_3                                  | 1   |        |              |     |           |         |
|   + pe_2_3_Pipeline_VITIS_LOOP_3302_1      | 1   |        |              |     |           |         |
|     v1563_2_fu_131_p2                      |     |        | v1563_2      | add | fabric    | 0       |
|     v1567_fu_143_p2                        |     |        | v1567        | add | fabric    | 0       |
|     mac_muladd_8s_8s_32s_32_4_1_U332       | 1   |        | v1588        | mul | dsp_slice | 3       |
|     mac_muladd_8s_8s_32s_32_4_1_U332       | 1   |        | v1592        | add | dsp_slice | 3       |
|  + pe_3_2                                  | 1   |        |              |     |           |         |
|   + pe_3_2_Pipeline_VITIS_LOOP_3586_1      | 1   |        |              |     |           |         |
|     v1702_2_fu_158_p2                      |     |        | v1702_2      | add | fabric    | 0       |
|     v1706_fu_170_p2                        |     |        | v1706        | add | fabric    | 0       |
|     mac_muladd_8s_8s_32s_32_4_1_U368       | 1   |        | v1727        | mul | dsp_slice | 3       |
|     mac_muladd_8s_8s_32s_32_4_1_U368       | 1   |        | v1731        | add | dsp_slice | 3       |
|  + pe_3_3                                  | 1   |        |              |     |           |         |
|   + pe_3_3_Pipeline_VITIS_LOOP_3683_1      | 1   |        |              |     |           |         |
|     v1749_2_fu_147_p2                      |     |        | v1749_2      | add | fabric    | 0       |
|     v1753_fu_159_p2                        |     |        | v1753        | add | fabric    | 0       |
|     mac_muladd_8s_8s_32s_32_4_1_U382       | 1   |        | v1774        | mul | dsp_slice | 3       |
|     mac_muladd_8s_8s_32s_32_4_1_U382       | 1   |        | v1778        | add | dsp_slice | 3       |
|  + accu_0                                  | 0   |        |              |     |           |         |
|   + accu_0_Pipeline_VITIS_LOOP_3785_1      | 0   |        |              |     |           |         |
|     v1793_2_fu_300_p2                      |     |        | v1793_2      | add | fabric    | 0       |
|     v1797_fu_312_p2                        |     |        | v1797        | add | fabric    | 0       |
|     v1834_fu_490_p2                        |     |        | v1834        | add | fabric    | 0       |
|     v1840_fu_496_p2                        |     |        | v1840        | add | fabric    | 0       |
|     v1866_fu_530_p2                        |     |        | v1866        | add | fabric    | 0       |
|     v1942_fu_696_p2                        |     |        | v1942        | add | fabric    | 0       |
|     v1955_fu_712_p2                        |     |        | v1955        | add | fabric    | 0       |
|     v1968_fu_728_p2                        |     |        | v1968        | add | fabric    | 0       |
|     v1981_fu_744_p2                        |     |        | v1981        | add | fabric    | 0       |
|     v1885_fu_765_p2                        |     |        | v1885        | add | fabric    | 0       |
|     v1898_fu_791_p2                        |     |        | v1898        | add | fabric    | 0       |
|     v1911_fu_817_p2                        |     |        | v1911        | add | fabric    | 0       |
|     v1924_fu_843_p2                        |     |        | v1924        | add | fabric    | 0       |
|  + dma_st_0_1                              | 0   |        |              |     |           |         |
|   + dma_st_0_1_Pipeline_VITIS_LOOP_4396_1  | 0   |        |              |     |           |         |
|     v2078_2_fu_185_p2                      |     |        | v2078_2      | add | fabric    | 0       |
|     v2082_fu_197_p2                        |     |        | v2082        | add | fabric    | 0       |
|     add_ln4453_fu_298_p2                   |     |        | add_ln4453   | add | fabric    | 0       |
|     add_ln4453_1_fu_317_p2                 |     |        | add_ln4453_1 | add | fabric    | 0       |
|     add_ln4453_2_fu_326_p2                 |     |        | add_ln4453_2 | add | fabric    | 0       |
+--------------------------------------------+-----+--------+--------------+-----+-----------+---------+


================================================================
== Storage Report
================================================================
+---------------------------------------+---------------+-------------+------+------+--------+----------+------+---------+------------------+
| Name                                  | Usage         | Type        | BRAM | URAM | Pragma | Variable | Impl | Latency | Bitwidth, Depth, |
|                                       |               |             |      |      |        |          |      |         | Banks            |
+---------------------------------------+---------------+-------------+------+------+--------+----------+------+---------+------------------+
| + tinytpu_isa                         |               |             | 42   | 0    |        |          |      |         |                  |
|   control_s_axi_U                     | interface     | s_axilite   |      |      |        |          |      |         |                  |
|   gmem0_m_axi_U                       | interface     | m_axi       | 30   |      |        |          |      |         |                  |
|   gmem1_m_axi_U                       | interface     | m_axi       | 2    |      |        |          |      |         |                  |
|   gmem2_m_axi_U                       | interface     | m_axi       | 2    |      |        |          |      |         |                  |
|   gmem3_m_axi_U                       | interface     | m_axi       | 2    |      |        |          |      |         |                  |
|   v2174_c_U                           | fifo channel  | scalar prop |      |      |        | v2174_c  | srl  | 0       | 64, 14, 1        |
|   v2175_U                             | fifo channel  | stream      |      |      |        | v2175    | srl  | 0       | 64, 8, 1         |
|   v2176_U                             | fifo channel  | stream      |      |      |        | v2176    | srl  | 0       | 64, 8, 1         |
|   v2177_U                             | fifo channel  | stream      |      |      |        | v2177    | srl  | 0       | 64, 8, 1         |
|   v2178_U                             | fifo channel  | stream      |      |      |        | v2178    | srl  | 0       | 64, 8, 1         |
|   v2179_U                             | fifo channel  | stream      |      |      |        | v2179    | srl  | 0       | 64, 8, 1         |
|   v2181_U                             | fifo channel  | stream      |      |      |        | v2181    | srl  | 0       | 32, 8, 1         |
|   v2180_U                             | fifo channel  | stream      |      |      |        | v2180    | srl  | 0       | 32, 8, 1         |
|   v2184_U                             | fifo channel  | stream      |      |      |        | v2184    | srl  | 0       | 32, 8, 1         |
|   v2182_U                             | fifo channel  | stream      |      |      |        | v2182    | srl  | 0       | 32, 8, 1         |
|   v2204_U                             | fifo channel  | stream      |      |      |        | v2204    | srl  | 0       | 32, 8, 1         |
|   v2185_U                             | fifo channel  | stream      |      |      |        | v2185    | srl  | 0       | 32, 8, 1         |
|   v2188_U                             | fifo channel  | stream      |      |      |        | v2188    | srl  | 0       | 32, 8, 1         |
|   v2244_U                             | fifo channel  | stream      |      |      |        | v2244    | srl  | 0       | 32, 4, 1         |
|   v2189_U                             | fifo channel  | stream      |      |      |        | v2189    | srl  | 0       | 32, 8, 1         |
|   v2245_U                             | fifo channel  | stream      |      |      |        | v2245    | srl  | 0       | 32, 4, 1         |
|   v2190_U                             | fifo channel  | stream      |      |      |        | v2190    | srl  | 0       | 32, 8, 1         |
|   v2246_U                             | fifo channel  | stream      |      |      |        | v2246    | srl  | 0       | 32, 4, 1         |
|   v2247_U                             | fifo channel  | stream      |      |      |        | v2247    | srl  | 0       | 32, 4, 1         |
|   v2186_U                             | fifo channel  | stream      |      |      |        | v2186    | srl  | 0       | 32, 8, 1         |
|   v2192_U                             | fifo channel  | stream      |      |      |        | v2192    | srl  | 0       | 32, 8, 1         |
|   v2248_U                             | fifo channel  | stream      |      |      |        | v2248    | srl  | 0       | 32, 4, 1         |
|   v2193_U                             | fifo channel  | stream      |      |      |        | v2193    | srl  | 0       | 32, 8, 1         |
|   v2249_U                             | fifo channel  | stream      |      |      |        | v2249    | srl  | 0       | 32, 4, 1         |
|   v2194_U                             | fifo channel  | stream      |      |      |        | v2194    | srl  | 0       | 32, 8, 1         |
|   v2250_U                             | fifo channel  | stream      |      |      |        | v2250    | srl  | 0       | 32, 4, 1         |
|   v2251_U                             | fifo channel  | stream      |      |      |        | v2251    | srl  | 0       | 32, 4, 1         |
|   v2187_U                             | fifo channel  | stream      |      |      |        | v2187    | srl  | 0       | 32, 8, 1         |
|   v2196_U                             | fifo channel  | stream      |      |      |        | v2196    | srl  | 0       | 32, 8, 1         |
|   v2252_U                             | fifo channel  | stream      |      |      |        | v2252    | srl  | 0       | 32, 4, 1         |
|   v2197_U                             | fifo channel  | stream      |      |      |        | v2197    | srl  | 0       | 32, 8, 1         |
|   v2253_U                             | fifo channel  | stream      |      |      |        | v2253    | srl  | 0       | 32, 4, 1         |
|   v2198_U                             | fifo channel  | stream      |      |      |        | v2198    | srl  | 0       | 32, 8, 1         |
|   v2254_U                             | fifo channel  | stream      |      |      |        | v2254    | srl  | 0       | 32, 4, 1         |
|   v2255_U                             | fifo channel  | stream      |      |      |        | v2255    | srl  | 0       | 32, 4, 1         |
|   v2200_U                             | fifo channel  | stream      |      |      |        | v2200    | srl  | 0       | 32, 8, 1         |
|   v2256_U                             | fifo channel  | stream      |      |      |        | v2256    | srl  | 0       | 32, 4, 1         |
|   v2201_U                             | fifo channel  | stream      |      |      |        | v2201    | srl  | 0       | 32, 8, 1         |
|   v2257_U                             | fifo channel  | stream      |      |      |        | v2257    | srl  | 0       | 32, 4, 1         |
|   v2202_U                             | fifo channel  | stream      |      |      |        | v2202    | srl  | 0       | 32, 8, 1         |
|   v2258_U                             | fifo channel  | stream      |      |      |        | v2258    | srl  | 0       | 32, 4, 1         |
|   v2259_U                             | fifo channel  | stream      |      |      |        | v2259    | srl  | 0       | 32, 4, 1         |
|   v2205_U                             | fifo channel  | stream      |      |      |        | v2205    | srl  | 0       | 32, 8, 1         |
|   v2224_U                             | fifo channel  | stream      |      |      |        | v2224    | srl  | 0       | 32, 8, 1         |
|   v2208_U                             | fifo channel  | stream      |      |      |        | v2208    | srl  | 0       | 8, 8, 1          |
|   v2225_U                             | fifo channel  | stream      |      |      |        | v2225    | srl  | 0       | 32, 8, 1         |
|   v2209_U                             | fifo channel  | stream      |      |      |        | v2209    | srl  | 0       | 8, 8, 1          |
|   v2226_U                             | fifo channel  | stream      |      |      |        | v2226    | srl  | 0       | 32, 8, 1         |
|   v2210_U                             | fifo channel  | stream      |      |      |        | v2210    | srl  | 0       | 8, 8, 1          |
|   v2227_U                             | fifo channel  | stream      |      |      |        | v2227    | srl  | 0       | 32, 8, 1         |
|   v2206_U                             | fifo channel  | stream      |      |      |        | v2206    | srl  | 0       | 32, 8, 1         |
|   v2228_U                             | fifo channel  | stream      |      |      |        | v2228    | srl  | 0       | 32, 8, 1         |
|   v2212_U                             | fifo channel  | stream      |      |      |        | v2212    | srl  | 0       | 8, 8, 1          |
|   v2229_U                             | fifo channel  | stream      |      |      |        | v2229    | srl  | 0       | 32, 8, 1         |
|   v2213_U                             | fifo channel  | stream      |      |      |        | v2213    | srl  | 0       | 8, 8, 1          |
|   v2230_U                             | fifo channel  | stream      |      |      |        | v2230    | srl  | 0       | 32, 8, 1         |
|   v2214_U                             | fifo channel  | stream      |      |      |        | v2214    | srl  | 0       | 8, 8, 1          |
|   v2231_U                             | fifo channel  | stream      |      |      |        | v2231    | srl  | 0       | 32, 8, 1         |
|   v2207_U                             | fifo channel  | stream      |      |      |        | v2207    | srl  | 0       | 32, 8, 1         |
|   v2232_U                             | fifo channel  | stream      |      |      |        | v2232    | srl  | 0       | 32, 8, 1         |
|   v2216_U                             | fifo channel  | stream      |      |      |        | v2216    | srl  | 0       | 8, 8, 1          |
|   v2233_U                             | fifo channel  | stream      |      |      |        | v2233    | srl  | 0       | 32, 8, 1         |
|   v2217_U                             | fifo channel  | stream      |      |      |        | v2217    | srl  | 0       | 8, 8, 1          |
|   v2234_U                             | fifo channel  | stream      |      |      |        | v2234    | srl  | 0       | 32, 8, 1         |
|   v2218_U                             | fifo channel  | stream      |      |      |        | v2218    | srl  | 0       | 8, 8, 1          |
|   v2235_U                             | fifo channel  | stream      |      |      |        | v2235    | srl  | 0       | 32, 8, 1         |
|   v2240_U                             | fifo channel  | stream      |      |      |        | v2240    | srl  | 0       | 128, 8, 1        |
|   v2220_U                             | fifo channel  | stream      |      |      |        | v2220    | srl  | 0       | 8, 8, 1          |
|   v2241_U                             | fifo channel  | stream      |      |      |        | v2241    | srl  | 0       | 128, 8, 1        |
|   v2221_U                             | fifo channel  | stream      |      |      |        | v2221    | srl  | 0       | 8, 8, 1          |
|   v2242_U                             | fifo channel  | stream      |      |      |        | v2242    | srl  | 0       | 128, 8, 1        |
|   v2222_U                             | fifo channel  | stream      |      |      |        | v2222    | srl  | 0       | 8, 8, 1          |
|   v2243_U                             | fifo channel  | stream      |      |      |        | v2243    | srl  | 0       | 128, 8, 1        |
|   v2183_U                             | fifo channel  | stream      |      |      |        | v2183    | srl  | 0       | 32, 8, 1         |
|  + sequencer_0_1                      |               |             | 0    | 0    |        |          |      |         |                  |
|    ib_U                               | ram_1p array  |             |      |      |        | ib       | auto | 1       | 64, 7, 1         |
|    ib_1_U                             | ram_1p array  |             |      |      |        | ib_1     | auto | 1       | 64, 7, 1         |
|    ib_2_U                             | ram_1p array  |             |      |      |        | ib_2     | auto | 1       | 64, 7, 1         |
|    ib_3_U                             | ram_1p array  |             |      |      |        | ib_3     | auto | 1       | 64, 7, 1         |
|    ib_4_U                             | ram_1p array  |             |      |      |        | ib_4     | auto | 1       | 64, 7, 1         |
|    ib_5_U                             | ram_1p array  |             |      |      |        | ib_5     | auto | 1       | 64, 7, 1         |
|    ib_6_U                             | ram_1p array  |             |      |      |        | ib_6     | auto | 1       | 64, 7, 1         |
|    ib_7_U                             | ram_1p array  |             |      |      |        | ib_7     | auto | 1       | 64, 7, 1         |
|    lp_start_U                         | ram_1p array  |             |      |      |        | lp_start | auto | 1       | 32, 4, 1         |
|    lp_iv_U                            | ram_1p array  |             |      |      |        | lp_iv    | auto | 1       | 32, 4, 1         |
|    lp_trip_U                          | ram_1p array  |             |      |      |        | lp_trip  | auto | 1       | 8, 4, 1          |
|    iv_now_U                           | rom_np array  |             |      |      |        | iv_now   | auto | 1       | 32, 4, 1         |
|  + dma_ld_0_1                         |               |             | 0    | 0    |        |          |      |         |                  |
|    rbA_U                              | ram_1p array  |             |      |      |        | rbA      | auto | 1       | 32, 64, 1        |
|    rbB_U                              | ram_1p array  |             |      |      |        | rbB      | auto | 1       | 32, 64, 1        |
|  + spm_0                              |               |             | 1    | 0    |        |          |      |         |                  |
|   + spm_0_Pipeline_VITIS_LOOP_904_1   |               |             | 1    | 0    |        |          |      |         |                  |
|     spad_U                            | ram_1p array  |             | 1    |      |        | spad     | auto | 1       | 32, 512, 1       |
|  + vru_0                              |               |             | 1    | 0    |        |          |      |         |                  |
|   + vru_0_Pipeline_VITIS_LOOP_1048_1  |               |             | 1    | 0    |        |          |      |         |                  |
|     vr_U                              | ram_1p array  |             | 1    |      |        | vr       | auto | 1       | 32, 256, 1       |
|  + accu_0                             |               |             | 4    | 0    |        |          |      |         |                  |
|   + accu_0_Pipeline_VITIS_LOOP_3785_1 |               |             | 4    | 0    |        |          |      |         |                  |
|     ar_U                              | ram_s2p array |             | 4    |      |        | ar       | auto | 1       | 128, 128, 1      |
+---------------------------------------+---------------+-------------+------+------+--------+----------+------+---------+------------------+


================================================================
== Pragma Report
================================================================
* Valid Pragma Syntax
+-----------------+------------------------------------------------------+---------------------------------------+
| Type            | Options                                              | Location                              |
+-----------------+------------------------------------------------------+---------------------------------------+
| array_partition | variable=ib cyclic dim=1 factor=8                    | kernel.cpp:29 in sequencer_0, ib      |
| dependence      | variable=ar inter false                              | kernel.cpp:3786 in accu_0, ar         |
| interface       | m_axi port=v2171 offset=slave bundle=gmem0 depth=56  | kernel.cpp:4536 in tinytpu_isa, v2171 |
| interface       | m_axi port=v2172 offset=slave bundle=gmem1 depth=256 | kernel.cpp:4537 in tinytpu_isa, v2172 |
| interface       | m_axi port=v2173 offset=slave bundle=gmem2 depth=256 | kernel.cpp:4538 in tinytpu_isa, v2173 |
| interface       | m_axi port=v2174 offset=slave bundle=gmem3 depth=256 | kernel.cpp:4539 in tinytpu_isa, v2174 |
| dataflow        |                                                      | kernel.cpp:4540 in tinytpu_isa        |
| stream          | variable=v2175 depth=8                               | kernel.cpp:4542 in tinytpu_isa, v2175 |
| stream          | variable=v2176 depth=8                               | kernel.cpp:4544 in tinytpu_isa, v2176 |
| stream          | variable=v2177 depth=8                               | kernel.cpp:4546 in tinytpu_isa, v2177 |
| stream          | variable=v2178 depth=8                               | kernel.cpp:4548 in tinytpu_isa, v2178 |
| stream          | variable=v2179 depth=8                               | kernel.cpp:4550 in tinytpu_isa, v2179 |
| stream          | variable=v2180 depth=8                               | kernel.cpp:4552 in tinytpu_isa, v2180 |
| stream          | variable=v2181 depth=8                               | kernel.cpp:4554 in tinytpu_isa, v2181 |
| stream          | variable=v2182 depth=8                               | kernel.cpp:4556 in tinytpu_isa, v2182 |
| stream          | variable=v2183 depth=8                               | kernel.cpp:4558 in tinytpu_isa, v2183 |
| stream          | variable=v2184 depth=8                               | kernel.cpp:4560 in tinytpu_isa, v2184 |
| stream          | variable=v2185 depth=8                               | kernel.cpp:4562 in tinytpu_isa, v2185 |
| stream          | variable=v2186 depth=8                               | kernel.cpp:4564 in tinytpu_isa, v2186 |
| stream          | variable=v2187 depth=8                               | kernel.cpp:4566 in tinytpu_isa, v2187 |
| stream          | variable=v2188 depth=8                               | kernel.cpp:4568 in tinytpu_isa, v2188 |
| stream          | variable=v2189 depth=8                               | kernel.cpp:4570 in tinytpu_isa, v2189 |
| stream          | variable=v2190 depth=8                               | kernel.cpp:4572 in tinytpu_isa, v2190 |
| stream          | variable=v2191 depth=8                               | kernel.cpp:4574 in tinytpu_isa, v2191 |
| stream          | variable=v2192 depth=8                               | kernel.cpp:4576 in tinytpu_isa, v2192 |
| stream          | variable=v2193 depth=8                               | kernel.cpp:4578 in tinytpu_isa, v2193 |
| stream          | variable=v2194 depth=8                               | kernel.cpp:4580 in tinytpu_isa, v2194 |
| stream          | variable=v2195 depth=8                               | kernel.cpp:4582 in tinytpu_isa, v2195 |
| stream          | variable=v2196 depth=8                               | kernel.cpp:4584 in tinytpu_isa, v2196 |
| stream          | variable=v2197 depth=8                               | kernel.cpp:4586 in tinytpu_isa, v2197 |
| stream          | variable=v2198 depth=8                               | kernel.cpp:4588 in tinytpu_isa, v2198 |
| stream          | variable=v2199 depth=8                               | kernel.cpp:4590 in tinytpu_isa, v2199 |
| stream          | variable=v2200 depth=8                               | kernel.cpp:4592 in tinytpu_isa, v2200 |
| stream          | variable=v2201 depth=8                               | kernel.cpp:4594 in tinytpu_isa, v2201 |
| stream          | variable=v2202 depth=8                               | kernel.cpp:4596 in tinytpu_isa, v2202 |
| stream          | variable=v2203 depth=8                               | kernel.cpp:4598 in tinytpu_isa, v2203 |
| stream          | variable=v2204 depth=8                               | kernel.cpp:4600 in tinytpu_isa, v2204 |
| stream          | variable=v2205 depth=8                               | kernel.cpp:4602 in tinytpu_isa, v2205 |
| stream          | variable=v2206 depth=8                               | kernel.cpp:4604 in tinytpu_isa, v2206 |
| stream          | variable=v2207 depth=8                               | kernel.cpp:4606 in tinytpu_isa, v2207 |
| stream          | variable=v2208 depth=8                               | kernel.cpp:4608 in tinytpu_isa, v2208 |
| stream          | variable=v2209 depth=8                               | kernel.cpp:4610 in tinytpu_isa, v2209 |
| stream          | variable=v2210 depth=8                               | kernel.cpp:4612 in tinytpu_isa, v2210 |
| stream          | variable=v2211 depth=8                               | kernel.cpp:4614 in tinytpu_isa, v2211 |
| stream          | variable=v2212 depth=8                               | kernel.cpp:4616 in tinytpu_isa, v2212 |
| stream          | variable=v2213 depth=8                               | kernel.cpp:4618 in tinytpu_isa, v2213 |
| stream          | variable=v2214 depth=8                               | kernel.cpp:4620 in tinytpu_isa, v2214 |
| stream          | variable=v2215 depth=8                               | kernel.cpp:4622 in tinytpu_isa, v2215 |
| stream          | variable=v2216 depth=8                               | kernel.cpp:4624 in tinytpu_isa, v2216 |
| stream          | variable=v2217 depth=8                               | kernel.cpp:4626 in tinytpu_isa, v2217 |
| stream          | variable=v2218 depth=8                               | kernel.cpp:4628 in tinytpu_isa, v2218 |
| stream          | variable=v2219 depth=8                               | kernel.cpp:4630 in tinytpu_isa, v2219 |
| stream          | variable=v2220 depth=8                               | kernel.cpp:4632 in tinytpu_isa, v2220 |
| stream          | variable=v2221 depth=8                               | kernel.cpp:4634 in tinytpu_isa, v2221 |
| stream          | variable=v2222 depth=8                               | kernel.cpp:4636 in tinytpu_isa, v2222 |
| stream          | variable=v2223 depth=8                               | kernel.cpp:4638 in tinytpu_isa, v2223 |
| stream          | variable=v2224 depth=8                               | kernel.cpp:4640 in tinytpu_isa, v2224 |
| stream          | variable=v2225 depth=8                               | kernel.cpp:4642 in tinytpu_isa, v2225 |
| stream          | variable=v2226 depth=8                               | kernel.cpp:4644 in tinytpu_isa, v2226 |
| stream          | variable=v2227 depth=8                               | kernel.cpp:4646 in tinytpu_isa, v2227 |
| stream          | variable=v2228 depth=8                               | kernel.cpp:4648 in tinytpu_isa, v2228 |
| stream          | variable=v2229 depth=8                               | kernel.cpp:4650 in tinytpu_isa, v2229 |
| stream          | variable=v2230 depth=8                               | kernel.cpp:4652 in tinytpu_isa, v2230 |
| stream          | variable=v2231 depth=8                               | kernel.cpp:4654 in tinytpu_isa, v2231 |
| stream          | variable=v2232 depth=8                               | kernel.cpp:4656 in tinytpu_isa, v2232 |
| stream          | variable=v2233 depth=8                               | kernel.cpp:4658 in tinytpu_isa, v2233 |
| stream          | variable=v2234 depth=8                               | kernel.cpp:4660 in tinytpu_isa, v2234 |
| stream          | variable=v2235 depth=8                               | kernel.cpp:4662 in tinytpu_isa, v2235 |
| stream          | variable=v2236 depth=8                               | kernel.cpp:4664 in tinytpu_isa, v2236 |
| stream          | variable=v2237 depth=8                               | kernel.cpp:4666 in tinytpu_isa, v2237 |
| stream          | variable=v2238 depth=8                               | kernel.cpp:4668 in tinytpu_isa, v2238 |
| stream          | variable=v2239 depth=8                               | kernel.cpp:4670 in tinytpu_isa, v2239 |
| stream          | variable=v2240 depth=8                               | kernel.cpp:4672 in tinytpu_isa, v2240 |
| stream          | variable=v2241 depth=8                               | kernel.cpp:4674 in tinytpu_isa, v2241 |
| stream          | variable=v2242 depth=8                               | kernel.cpp:4676 in tinytpu_isa, v2242 |
| stream          | variable=v2243 depth=8                               | kernel.cpp:4678 in tinytpu_isa, v2243 |
| stream          | variable=v2244 depth=4                               | kernel.cpp:4680 in tinytpu_isa, v2244 |
| stream          | variable=v2245 depth=4                               | kernel.cpp:4682 in tinytpu_isa, v2245 |
| stream          | variable=v2246 depth=4                               | kernel.cpp:4684 in tinytpu_isa, v2246 |
| stream          | variable=v2247 depth=4                               | kernel.cpp:4686 in tinytpu_isa, v2247 |
| stream          | variable=v2248 depth=4                               | kernel.cpp:4688 in tinytpu_isa, v2248 |
| stream          | variable=v2249 depth=4                               | kernel.cpp:4690 in tinytpu_isa, v2249 |
| stream          | variable=v2250 depth=4                               | kernel.cpp:4692 in tinytpu_isa, v2250 |
| stream          | variable=v2251 depth=4                               | kernel.cpp:4694 in tinytpu_isa, v2251 |
| stream          | variable=v2252 depth=4                               | kernel.cpp:4696 in tinytpu_isa, v2252 |
| stream          | variable=v2253 depth=4                               | kernel.cpp:4698 in tinytpu_isa, v2253 |
| stream          | variable=v2254 depth=4                               | kernel.cpp:4700 in tinytpu_isa, v2254 |
| stream          | variable=v2255 depth=4                               | kernel.cpp:4702 in tinytpu_isa, v2255 |
| stream          | variable=v2256 depth=4                               | kernel.cpp:4704 in tinytpu_isa, v2256 |
| stream          | variable=v2257 depth=4                               | kernel.cpp:4706 in tinytpu_isa, v2257 |
| stream          | variable=v2258 depth=4                               | kernel.cpp:4708 in tinytpu_isa, v2258 |
| stream          | variable=v2259 depth=4                               | kernel.cpp:4710 in tinytpu_isa, v2259 |
+-----------------+------------------------------------------------------+---------------------------------------+


