=== start 2026-09-22T02:20:40+00:00 ===
GEMMINI DIM=4 elem_t_bytes=1
TILES 4x4x4 tile=1,1,1  I0J0K0=1,1,1  loop_ws_calls=1
TILES 8x8x8 tile=2,2,2  I0J0K0=1,1,1  loop_ws_calls=1
TILES 12x12x12 tile=3,3,3  I0J0K0=1,1,1  loop_ws_calls=1
TILES 16x16x8 tile=4,2,4  I0J0K0=1,1,1  loop_ws_calls=1
TILES 16x16x16 tile=4,4,4  I0J0K0=1,1,1  loop_ws_calls=1
BARE 4x4x4 161
BARE 4x4x4 144
BARE00 4x4x4 160
BARE 8x8x8 220
BARE 8x8x8 218
BARE 12x12x12 347
BARE 12x12x12 344
BARE 16x16x8 391
BARE 16x16x8 390
BARE 16x16x16 593
BARE 16x16x16 590
DONE
[UART] UART0 is here (stdin/stdout).
- /home/sk3463/chipyard/sims/verilator/generated-src/chipyard.harness.TestHarness.Int8Dim4GemminiRocketConfig/gen-collateral/TestDriver.v:158: Verilog $finish
- S i m u l a t i o n   R e p o r t: Verilator 5.051 devel
- Verilator: $finish at 941us; walltime 75.599 s; speed 12.444 us/s
- Verilator: cpu 75.579 s on 1 threads; allocated 14 MB
	Command being timed: "./simulator-chipyard.harness-Int8Dim4GemminiRocketConfig +permissive +permissive-off ../../generators/gemmini/software/gemmini-rocc-tests/build/bareMetalC/allo_bare5-baremetal"
	User time (seconds): 75.37
	System time (seconds): 0.20
	Percent of CPU this job got: 99%
	Elapsed (wall clock) time (h:mm:ss or m:ss): 1:15.60
	Average shared text size (kbytes): 0
	Average unshared data size (kbytes): 0
	Average stack size (kbytes): 0
	Average total size (kbytes): 0
	Maximum resident set size (kbytes): 13900
	Average resident set size (kbytes): 0
	Major (requiring I/O) page faults: 0
	Minor (reclaiming a frame) page faults: 810
	Voluntary context switches: 20
	Involuntary context switches: 909
	Swaps: 0
	File system inputs: 0
	File system outputs: 16
	Socket messages sent: 0
	Socket messages received: 0
	Signals delivered: 0
	Page size (bytes): 4096
	Exit status: 0
=== end 2026-09-22T02:21:55+00:00 ===
