 
****************************************
Report : qor
Design : top
Version: W-2024.09
Date   : Fri Oct  2 15:20:49 2026
****************************************


  Timing Path Group 'ideal_clock'
  -----------------------------------
  Levels of Logic:              10.00
  Critical Path Length:          1.04
  Critical Path Slack:           2.25
  Critical Path Clk Period:      3.33
  Total Negative Slack:          0.00
  No. of Violating Paths:        0.00
  Worst Hold Violation:          0.00
  Total Hold Violation:          0.00
  No. of Hold Violations:        0.00
  -----------------------------------


  Cell Count
  -----------------------------------
  Hierarchical Cell Count:         26
  Hierarchical Port Count:        104
  Leaf Cell Count:               2580
  Buf/Inv Cell Count:             217
  Buf Cell Count:                 127
  Inv Cell Count:                  90
  CT Buf/Inv Cell Count:            0
  Combinational Cell Count:      1217
  Sequential Cell Count:         1363
  Macro Count:                      0
  -----------------------------------


  Area
  -----------------------------------
  Combinational Area:     1441.188027
  Noncombinational Area:  7216.580230
  Buf/Inv Area:            149.225998
  Total Buffer Area:           101.35
  Total Inverter Area:          47.88
  Macro/Black Box Area:      0.000000
  Net Area:                  0.000000
  -----------------------------------
  Cell Area:              8657.768257
  Design Area:            8657.768257


  Design Rules
  -----------------------------------
  Total Number of Nets:          2682
  Nets With Violations:             0
  Max Trans Violations:             0
  Max Cap Violations:               0
  -----------------------------------


  Hostname: zhang-21.ece.cornell.edu

  Compile CPU Statistics
  -----------------------------------------
  Resource Sharing:                    0.10
  Logic Optimization:                  1.13
  Mapping Optimization:                3.91
  -----------------------------------------
  Overall Compile Time:               13.75
  Overall Compile Wall Clock Time:    10.36

  --------------------------------------------------------------------

  Design  WNS: 0.00  TNS: 0.00  Number of Violating Paths: 0


  Design (Hold)  WNS: 0.00  TNS: 0.00  Number of Violating Paths: 0

  --------------------------------------------------------------------


1
