

================================================================
== Synthesis Summary Report of 'tinytpu_isa'
================================================================
+ General Information: 
    * Date:           Thu Sep 17 22:48:29 2026
    * Version:        2023.2 (Build 4023990 on Oct 11 2023)
    * Project:        out.prj
    * Solution:       solution1 (Vivado IP Flow Target)
    * Product family: virtexuplusHBM
    * Target device:  xcu280-fsvh2892-2L-e
    

+ Performance & Resource Estimates: 
    
    PS: '+' for module; 'o' for loop; '*' for dataflow
    +------------------------------------------+--------+-------+-----------+-----------+----------+----------+-------+----------+----------+----------+-------------+------------+-----+
    |                  Modules                 |  Issue |       |  Latency  |  Latency  | Iteration|          |  Trip |          |          |          |             |            |     |
    |                  & Loops                 |  Type  | Slack |  (cycles) |    (ns)   |  Latency | Interval | Count | Pipelined|   BRAM   |    DSP   |      FF     |     LUT    | URAM|
    +------------------------------------------+--------+-------+-----------+-----------+----------+----------+-------+----------+----------+----------+-------------+------------+-----+
    |+ tinytpu_isa*                            |  Timing|  -0.00|          -|          -|         -|         -|      -|  dataflow|  16 (~0%)|  15 (~0%)|  12835 (~0%)|  18968 (1%)|    -|
    | + entry_proc                             |       -|   1.22|          0|      0.000|         -|         0|      -|        no|         -|         -|      2 (~0%)|    20 (~0%)|    -|
    | + load_buf0_1                            |  Timing|  -0.00|         66|    219.780|         -|        56|      -|    rewind|         -|         -|    600 (~0%)|   257 (~0%)|    -|
    |  o l_S_load_buf0_load_buf0_l_0           |       -|   2.43|         65|    216.450|        11|         1|     56|       yes|         -|         -|            -|           -|    -|
    | + load_buf1_1                            |  Timing|  -0.00|        266|    885.780|         -|       256|      -|    rewind|         -|         -|    495 (~0%)|   277 (~0%)|    -|
    |  o l_S_load_buf1_load_buf1_l_0           |       -|   2.43|        265|    882.450|        11|         1|    256|       yes|         -|         -|            -|           -|    -|
    | + load_buf2_1                            |  Timing|  -0.00|        266|    885.780|         -|       256|      -|    rewind|         -|         -|    495 (~0%)|   277 (~0%)|    -|
    |  o l_S_load_buf2_load_buf2_l_0           |       -|   2.43|        265|    882.450|        11|         1|    256|       yes|         -|         -|            -|           -|    -|
    | + sequencer_0                            |       -|   0.17|          -|          -|         -|         -|      -|        no|         -|   3 (~0%)|    890 (~0%)|  1919 (~0%)|    -|
    |  + sequencer_0_Pipeline_VITIS_LOOP_51_1  |       -|   0.77|          6|     19.980|         -|         6|      -|        no|         -|         -|      5 (~0%)|    49 (~0%)|    -|
    |   o VITIS_LOOP_51_1                      |       -|   2.43|          4|     13.320|         1|         1|      4|       yes|         -|         -|            -|           -|    -|
    |  + sequencer_0_Pipeline_VITIS_LOOP_55_2  |       -|   0.77|          6|     19.980|         -|         6|      -|        no|         -|         -|      5 (~0%)|    49 (~0%)|    -|
    |   o VITIS_LOOP_55_2                      |       -|   2.43|          4|     13.320|         1|         1|      4|       yes|         -|         -|            -|           -|    -|
    |  + sequencer_0_Pipeline_VITIS_LOOP_59_3  |       -|   0.80|          6|     19.980|         -|         6|      -|        no|         -|         -|      5 (~0%)|    49 (~0%)|    -|
    |   o VITIS_LOOP_59_3                      |       -|   2.43|          4|     13.320|         1|         1|      4|       yes|         -|         -|            -|           -|    -|
    |  + sequencer_0_Pipeline_VITIS_LOOP_63_4  |       -|   0.79|          6|     19.980|         -|         6|      -|        no|         -|         -|      5 (~0%)|    49 (~0%)|    -|
    |   o VITIS_LOOP_63_4                      |       -|   2.43|          4|     13.320|         1|         1|      4|       yes|         -|         -|            -|           -|    -|
    |  + sequencer_0_Pipeline_VITIS_LOOP_72_5  |       -|   0.17|          -|          -|         -|         -|      -|        no|         -|   3 (~0%)|    495 (~0%)|  1075 (~0%)|    -|
    |   o VITIS_LOOP_72_5                      |      II|   2.43|          -|          -|         7|         5|      -|       yes|         -|         -|            -|           -|    -|
    | + dma_ld_0                               |       -|   0.13|      32773|  1.091e+05|         -|     32773|      -|        no|         -|         -|    210 (~0%)|   414 (~0%)|    -|
    |  + dma_ld_0_Pipeline_VITIS_LOOP_569_1    |       -|   0.13|      32771|  1.091e+05|         -|     32771|      -|        no|         -|         -|    189 (~0%)|   351 (~0%)|    -|
    |   o VITIS_LOOP_569_1                     |       -|   2.43|      32769|  1.091e+05|         4|         1|  32767|       yes|         -|         -|            -|           -|    -|
    | + spm_0                                  |       -|   0.02|      33289|  1.109e+05|         -|     33289|      -|        no|   1 (~0%)|         -|    250 (~0%)|   540 (~0%)|    -|
    |  + spm_0_Pipeline_VITIS_LOOP_817_1       |       -|   0.12|        514|  1.712e+03|         -|       514|      -|        no|         -|         -|     12 (~0%)|    62 (~0%)|    -|
    |   o VITIS_LOOP_817_1                     |       -|   2.43|        512|  1.705e+03|         1|         1|    512|       yes|         -|         -|            -|           -|    -|
    |  + spm_0_Pipeline_VITIS_LOOP_842_2       |       -|   0.02|      32772|  1.091e+05|         -|     32772|      -|        no|         -|         -|    215 (~0%)|   344 (~0%)|    -|
    |   o VITIS_LOOP_842_2                     |       -|   2.43|      32770|  1.091e+05|         5|         1|  32767|       yes|         -|         -|            -|           -|    -|
    | + vru_0                                  |  Timing|  -0.00|      33033|  1.100e+05|         -|     33033|      -|        no|   1 (~0%)|         -|    349 (~0%)|   840 (~0%)|    -|
    |  + vru_0_Pipeline_VITIS_LOOP_942_1       |       -|   0.13|        258|    859.140|         -|       258|      -|        no|         -|         -|     11 (~0%)|    60 (~0%)|    -|
    |   o VITIS_LOOP_942_1                     |       -|   2.43|        256|    852.480|         1|         1|    256|       yes|         -|         -|            -|           -|    -|
    |  + vru_0_Pipeline_VITIS_LOOP_979_2       |       -|   0.02|      32772|  1.091e+05|         -|     32772|      -|        no|         -|         -|    314 (~0%)|   603 (~0%)|    -|
    |   o VITIS_LOOP_979_2                     |       -|   2.43|      32770|  1.091e+05|         5|         1|  32767|       yes|         -|         -|            -|           -|    -|
    | + pe_0_0                                 |  Timing|  -0.00|   67434487|  2.246e+08|         -|  67434487|      -|        no|         -|         -|    224 (~0%)|   375 (~0%)|    -|
    |  o VITIS_LOOP_1131_1                     |       -|   2.43|   67434486|  2.246e+08|      2058|         -|  32767|        no|         -|         -|            -|           -|    -|
    |   + pe_0_0_Pipeline_VITIS_LOOP_1166_2    |       -|   0.88|       2051|  6.830e+03|         -|      2051|      -|        no|         -|         -|    130 (~0%)|   155 (~0%)|    -|
    |    o VITIS_LOOP_1166_2                   |       -|   2.43|       2049|  6.823e+03|         4|         1|   2047|       yes|         -|         -|            -|           -|    -|
    | + pe_0_1                                 |  Timing|  -0.00|   67368953|  2.243e+08|         -|  67368953|      -|        no|         -|         -|    126 (~0%)|   304 (~0%)|    -|
    |  o VITIS_LOOP_1233_1                     |       -|   2.43|   67368952|  2.243e+08|      2056|         -|  32767|        no|         -|         -|            -|           -|    -|
    |   + pe_0_1_Pipeline_VITIS_LOOP_1260_2    |       -|   0.88|       2051|  6.830e+03|         -|      2051|      -|        no|         -|         -|     66 (~0%)|   146 (~0%)|    -|
    |    o VITIS_LOOP_1260_2                   |       -|   2.43|       2049|  6.823e+03|         4|         1|   2047|       yes|         -|         -|            -|           -|    -|
    | + pe_1_0                                 |  Timing|  -0.00|   67434487|  2.246e+08|         -|  67434487|      -|        no|         -|   1 (~0%)|    361 (~0%)|   413 (~0%)|    -|
    |  o VITIS_LOOP_1486_1                     |       -|   2.43|   67434486|  2.246e+08|      2058|         -|  32767|        no|         -|         -|            -|           -|    -|
    |   + pe_1_0_Pipeline_VITIS_LOOP_1519_2    |       -|   0.22|       2052|  6.833e+03|         -|      2052|      -|        no|         -|   1 (~0%)|    268 (~0%)|   190 (~0%)|    -|
    |    o VITIS_LOOP_1519_2                   |       -|   2.43|       2050|  6.826e+03|         5|         1|   2047|       yes|         -|         -|            -|           -|    -|
    | + pe_0_2                                 |  Timing|  -0.00|   67368953|  2.243e+08|         -|  67368953|      -|        no|         -|         -|    126 (~0%)|   304 (~0%)|    -|
    |  o VITIS_LOOP_1319_1                     |       -|   2.43|   67368952|  2.243e+08|      2056|         -|  32767|        no|         -|         -|            -|           -|    -|
    |   + pe_0_2_Pipeline_VITIS_LOOP_1346_2    |       -|   0.88|       2051|  6.830e+03|         -|      2051|      -|        no|         -|         -|     66 (~0%)|   146 (~0%)|    -|
    |    o VITIS_LOOP_1346_2                   |       -|   2.43|       2049|  6.823e+03|         4|         1|   2047|       yes|         -|         -|            -|           -|    -|
    | + pe_1_1                                 |  Timing|  -0.00|   67401720|  2.244e+08|         -|  67401720|      -|        no|         -|   1 (~0%)|    232 (~0%)|   316 (~0%)|    -|
    |  o VITIS_LOOP_1589_1                     |       -|   2.43|   67401719|  2.244e+08|      2057|         -|  32767|        no|         -|         -|            -|           -|    -|
    |   + pe_1_1_Pipeline_VITIS_LOOP_1616_2    |       -|   0.22|       2052|  6.833e+03|         -|      2052|      -|        no|         -|   1 (~0%)|    172 (~0%)|   149 (~0%)|    -|
    |    o VITIS_LOOP_1616_2                   |       -|   2.43|       2050|  6.826e+03|         5|         1|   2047|       yes|         -|         -|            -|           -|    -|
    | + pe_2_0                                 |  Timing|  -0.00|   67401720|  2.244e+08|         -|  67401720|      -|        no|         -|   1 (~0%)|    360 (~0%)|   405 (~0%)|    -|
    |  o VITIS_LOOP_1850_1                     |       -|   2.43|   67401719|  2.244e+08|      2057|         -|  32767|        no|         -|         -|            -|           -|    -|
    |   + pe_2_0_Pipeline_VITIS_LOOP_1881_2    |       -|   0.22|       2052|  6.833e+03|         -|      2052|      -|        no|         -|   1 (~0%)|    268 (~0%)|   190 (~0%)|    -|
    |    o VITIS_LOOP_1881_2                   |       -|   2.43|       2050|  6.826e+03|         5|         1|   2047|       yes|         -|         -|            -|           -|    -|
    | + pe_0_3                                 |       -|   0.43|   67336186|  2.242e+08|         -|  67336186|      -|        no|         -|         -|    117 (~0%)|   269 (~0%)|    -|
    |  o VITIS_LOOP_1401_1                     |       -|   2.43|   67336185|  2.242e+08|      2055|         -|  32767|        no|         -|         -|            -|           -|    -|
    |   + pe_0_3_Pipeline_VITIS_LOOP_1424_2    |       -|   0.88|       2051|  6.830e+03|         -|      2051|      -|        no|         -|         -|     58 (~0%)|   135 (~0%)|    -|
    |    o VITIS_LOOP_1424_2                   |       -|   2.43|       2049|  6.823e+03|         4|         1|   2047|       yes|         -|         -|            -|           -|    -|
    | + pe_1_2                                 |  Timing|  -0.00|   67401720|  2.244e+08|         -|  67401720|      -|        no|         -|   1 (~0%)|    232 (~0%)|   316 (~0%)|    -|
    |  o VITIS_LOOP_1678_1                     |       -|   2.43|   67401719|  2.244e+08|      2057|         -|  32767|        no|         -|         -|            -|           -|    -|
    |   + pe_1_2_Pipeline_VITIS_LOOP_1705_2    |       -|   0.22|       2052|  6.833e+03|         -|      2052|      -|        no|         -|   1 (~0%)|    172 (~0%)|   149 (~0%)|    -|
    |    o VITIS_LOOP_1705_2                   |       -|   2.43|       2050|  6.826e+03|         5|         1|   2047|       yes|         -|         -|            -|           -|    -|
    | + pe_2_1                                 |  Timing|  -0.00|   67401720|  2.244e+08|         -|  67401720|      -|        no|         -|   1 (~0%)|    232 (~0%)|   316 (~0%)|    -|
    |  o VITIS_LOOP_1951_1                     |       -|   2.43|   67401719|  2.244e+08|      2057|         -|  32767|        no|         -|         -|            -|           -|    -|
    |   + pe_2_1_Pipeline_VITIS_LOOP_1978_2    |       -|   0.22|       2052|  6.833e+03|         -|      2052|      -|        no|         -|   1 (~0%)|    172 (~0%)|   149 (~0%)|    -|
    |    o VITIS_LOOP_1978_2                   |       -|   2.43|       2050|  6.826e+03|         5|         1|   2047|       yes|         -|         -|            -|           -|    -|
    | + pe_3_0                                 |  Timing|  -0.00|   67401720|  2.244e+08|         -|  67401720|      -|        no|         -|   1 (~0%)|    231 (~0%)|   307 (~0%)|    -|
    |  o VITIS_LOOP_2208_1                     |       -|   2.43|   67401719|  2.244e+08|      2057|         -|  32767|        no|         -|         -|            -|           -|    -|
    |   + pe_3_0_Pipeline_VITIS_LOOP_2235_2    |       -|   0.22|       2052|  6.833e+03|         -|      2052|      -|        no|         -|   1 (~0%)|    172 (~0%)|   149 (~0%)|    -|
    |    o VITIS_LOOP_2235_2                   |       -|   2.43|       2050|  6.826e+03|         5|         1|   2047|       yes|         -|         -|            -|           -|    -|
    | + pe_1_3                                 |       -|   0.22|   67368953|  2.243e+08|         -|  67368953|      -|        no|         -|   1 (~0%)|    159 (~0%)|   249 (~0%)|    -|
    |  o VITIS_LOOP_1763_1                     |       -|   2.43|   67368952|  2.243e+08|      2056|         -|  32767|        no|         -|         -|            -|           -|    -|
    |   + pe_1_3_Pipeline_VITIS_LOOP_1786_2    |       -|   0.22|       2052|  6.833e+03|         -|      2052|      -|        no|         -|   1 (~0%)|    100 (~0%)|   106 (~0%)|    -|
    |    o VITIS_LOOP_1786_2                   |       -|   2.43|       2050|  6.826e+03|         5|         1|   2047|       yes|         -|         -|            -|           -|    -|
    | + pe_2_2                                 |  Timing|  -0.00|   67401720|  2.244e+08|         -|  67401720|      -|        no|         -|   1 (~0%)|    232 (~0%)|   316 (~0%)|    -|
    |  o VITIS_LOOP_2040_1                     |       -|   2.43|   67401719|  2.244e+08|      2057|         -|  32767|        no|         -|         -|            -|           -|    -|
    |   + pe_2_2_Pipeline_VITIS_LOOP_2067_2    |       -|   0.22|       2052|  6.833e+03|         -|      2052|      -|        no|         -|   1 (~0%)|    172 (~0%)|   149 (~0%)|    -|
    |    o VITIS_LOOP_2067_2                   |       -|   2.43|       2050|  6.826e+03|         5|         1|   2047|       yes|         -|         -|            -|           -|    -|
    | + pe_3_1                                 |  Timing|  -0.00|   67401720|  2.244e+08|         -|  67401720|      -|        no|         -|   1 (~0%)|    423 (~0%)|   357 (~0%)|    -|
    |  o VITIS_LOOP_2313_1                     |       -|   2.43|   67401719|  2.244e+08|      2057|         -|  32767|        no|         -|         -|            -|           -|    -|
    |   + pe_3_1_Pipeline_VITIS_LOOP_2340_2    |       -|   0.22|       2052|  6.833e+03|         -|      2052|      -|        no|         -|   1 (~0%)|    364 (~0%)|   190 (~0%)|    -|
    |    o VITIS_LOOP_2340_2                   |       -|   2.43|       2050|  6.826e+03|         5|         1|   2047|       yes|         -|         -|            -|           -|    -|
    | + pe_2_3                                 |       -|   0.22|   67368953|  2.243e+08|         -|  67368953|      -|        no|         -|   1 (~0%)|    159 (~0%)|   249 (~0%)|    -|
    |  o VITIS_LOOP_2125_1                     |       -|   2.43|   67368952|  2.243e+08|      2056|         -|  32767|        no|         -|         -|            -|           -|    -|
    |   + pe_2_3_Pipeline_VITIS_LOOP_2148_2    |       -|   0.22|       2052|  6.833e+03|         -|      2052|      -|        no|         -|   1 (~0%)|    100 (~0%)|   106 (~0%)|    -|
    |    o VITIS_LOOP_2148_2                   |       -|   2.43|       2050|  6.826e+03|         5|         1|   2047|       yes|         -|         -|            -|           -|    -|
    | + pe_3_2                                 |  Timing|  -0.00|   67401720|  2.244e+08|         -|  67401720|      -|        no|         -|   1 (~0%)|    423 (~0%)|   357 (~0%)|    -|
    |  o VITIS_LOOP_2414_1                     |       -|   2.43|   67401719|  2.244e+08|      2057|         -|  32767|        no|         -|         -|            -|           -|    -|
    |   + pe_3_2_Pipeline_VITIS_LOOP_2441_2    |       -|   0.22|       2052|  6.833e+03|         -|      2052|      -|        no|         -|   1 (~0%)|    364 (~0%)|   190 (~0%)|    -|
    |    o VITIS_LOOP_2441_2                   |       -|   2.43|       2050|  6.826e+03|         5|         1|   2047|       yes|         -|         -|            -|           -|    -|
    | + pe_3_3                                 |       -|   0.22|   67368953|  2.243e+08|         -|  67368953|      -|        no|         -|   1 (~0%)|    350 (~0%)|   290 (~0%)|    -|
    |  o VITIS_LOOP_2511_1                     |       -|   2.43|   67368952|  2.243e+08|      2056|         -|  32767|        no|         -|         -|            -|           -|    -|
    |   + pe_3_3_Pipeline_VITIS_LOOP_2534_2    |       -|   0.22|       2052|  6.833e+03|         -|      2052|      -|        no|         -|   1 (~0%)|    292 (~0%)|   147 (~0%)|    -|
    |    o VITIS_LOOP_2534_2                   |       -|   2.43|       2050|  6.826e+03|         5|         1|   2047|       yes|         -|         -|            -|           -|    -|
    | + accu_0                                 |       -|   0.00|    8552319|  2.848e+07|         -|   8552319|      -|        no|   4 (~0%)|         -|   1270 (~0%)|  2465 (~0%)|    -|
    |  + accu_0_Pipeline_VITIS_LOOP_2586_1     |       -|   0.14|        130|    432.900|         -|       130|      -|        no|         -|         -|     10 (~0%)|    58 (~0%)|    -|
    |   o VITIS_LOOP_2586_1                    |       -|   2.43|        128|    426.240|         1|         1|    128|       yes|         -|         -|            -|           -|    -|
    |  o VITIS_LOOP_2601_2                     |       -|   2.43|    8552187|  2.848e+07|       261|         -|  32767|        no|         -|         -|            -|           -|    -|
    |   + accu_0_Pipeline_VITIS_LOOP_2793_4    |       -|   0.00|        257|    855.810|         -|       257|      -|        no|         -|         -|    492 (~0%)|   726 (~0%)|    -|
    |    o VITIS_LOOP_2793_4                   |      II|   2.43|        255|    849.150|         4|         2|    127|       yes|         -|         -|            -|           -|    -|
    |   + accu_0_Pipeline_VITIS_LOOP_3040_6    |       -|   0.03|        130|    432.900|         -|       130|      -|        no|         -|         -|    172 (~0%)|   540 (~0%)|    -|
    |    o VITIS_LOOP_3040_6                   |       -|   2.43|        128|    426.240|         3|         1|    127|       yes|         -|         -|            -|           -|    -|
    |   + accu_0_Pipeline_VITIS_LOOP_2932_5    |       -|   0.14|        257|    855.810|         -|       257|      -|        no|         -|         -|    346 (~0%)|   454 (~0%)|    -|
    |    o VITIS_LOOP_2932_5                   |      II|   2.43|        255|    849.150|         3|         2|    127|       yes|         -|         -|            -|           -|    -|
    |   + accu_0_Pipeline_VITIS_LOOP_2652_3    |       -|   0.00|        130|    432.900|         -|       130|      -|        no|         -|         -|    154 (~0%)|   371 (~0%)|    -|
    |    o VITIS_LOOP_2652_3                   |       -|   2.43|        128|    426.240|         3|         1|    127|       yes|         -|         -|            -|           -|    -|
    | + dma_st_0                               |       -|   0.13|      32772|  1.091e+05|         -|     32772|      -|        no|         -|         -|    175 (~0%)|   334 (~0%)|    -|
    |  + dma_st_0_Pipeline_VITIS_LOOP_3191_1   |       -|   0.13|      32770|  1.091e+05|         -|     32770|      -|        no|         -|         -|    154 (~0%)|   271 (~0%)|    -|
    |   o VITIS_LOOP_3191_1                    |       -|   2.43|      32768|  1.091e+05|         3|         1|  32767|       yes|         -|         -|            -|           -|    -|
    | + store_res3_1                           |  Timing|  -0.00|        264|    879.120|         -|       256|      -|    rewind|         -|         -|    430 (~0%)|   243 (~0%)|    -|
    |  o l_S_store_res3_store_res3_l_0         |       -|   2.43|        263|    875.790|         9|         1|    256|       yes|         -|         -|            -|           -|    -|
    +------------------------------------------+--------+-------+-----------+-----------+----------+----------+-------+----------+----------+----------+-------------+------------+-----+


================================================================
== HW Interfaces
================================================================
* M_AXI
+-------------+------------+---------------+---------+--------+----------+-----------+--------------+--------------+-------------+-------------+-------------------+
| Interface   | Data Width | Address Width | Latency | Offset | Register | Max Widen | Max Read     | Max Write    | Num Read    | Num Write   | Resource Estimate |
|             | (SW->HW)   |               |         |        |          | Bitwidth  | Burst Length | Burst Length | Outstanding | Outstanding |                   |
+-------------+------------+---------------+---------+--------+----------+-----------+--------------+--------------+-------------+-------------+-------------------+
| m_axi_gmem0 | 64 -> 64   | 64            | 0       | slave  | 0        | 0         | 16           | 16           | 16          | 16          | BRAM=4            |
| m_axi_gmem1 | 8 -> 8     | 64            | 0       | slave  | 0        | 0         | 16           | 16           | 16          | 16          | BRAM=2            |
| m_axi_gmem2 | 8 -> 8     | 64            | 0       | slave  | 0        | 0         | 16           | 16           | 16          | 16          | BRAM=2            |
| m_axi_gmem3 | 8 -> 8     | 64            | 0       | slave  | 0        | 0         | 16           | 16           | 16          | 16          | BRAM=2            |
+-------------+------------+---------------+---------+--------+----------+-----------+--------------+--------------+-------------+-------------+-------------------+

* S_AXILITE Interfaces
+---------------+------------+---------------+--------+----------+
| Interface     | Data Width | Address Width | Offset | Register |
+---------------+------------+---------------+--------+----------+
| s_axi_control | 32         | 6             | 16     | 0        |
+---------------+------------+---------------+--------+----------+

* S_AXILITE Registers
+---------------+----------+--------+-------+--------+----------------------+
| Interface     | Register | Offset | Width | Access | Description          |
+---------------+----------+--------+-------+--------+----------------------+
| s_axi_control | v2087_1  | 0x10   | 32    | W      | Data signal of v2087 |
| s_axi_control | v2087_2  | 0x14   | 32    | W      | Data signal of v2087 |
| s_axi_control | v2088_1  | 0x1c   | 32    | W      | Data signal of v2088 |
| s_axi_control | v2088_2  | 0x20   | 32    | W      | Data signal of v2088 |
| s_axi_control | v2089_1  | 0x28   | 32    | W      | Data signal of v2089 |
| s_axi_control | v2089_2  | 0x2c   | 32    | W      | Data signal of v2089 |
| s_axi_control | v2090_1  | 0x34   | 32    | W      | Data signal of v2090 |
| s_axi_control | v2090_2  | 0x38   | 32    | W      | Data signal of v2090 |
+---------------+----------+--------+-------+--------+----------------------+

* TOP LEVEL CONTROL
+-----------+------------+-----------------------------------+
| Interface | Type       | Ports                             |
+-----------+------------+-----------------------------------+
| ap_clk    | clock      | ap_clk                            |
| ap_rst_n  | reset      | ap_rst_n                          |
| ap_ctrl   | ap_ctrl_hs | ap_done ap_idle ap_ready ap_start |
+-----------+------------+-----------------------------------+


================================================================
== SW I/O Information
================================================================
* Top Function Arguments
+----------+-----------+--------------------+
| Argument | Direction | Datatype           |
+----------+-----------+--------------------+
| v2087    | in        | long unsigned int* |
| v2088    | in        | signed char*       |
| v2089    | in        | signed char*       |
| v2090    | out       | signed char*       |
+----------+-----------+--------------------+

* SW-to-HW Mapping
+----------+---------------+-----------+----------+-----------------------------------+
| Argument | HW Interface  | HW Type   | HW Usage | HW Info                           |
+----------+---------------+-----------+----------+-----------------------------------+
| v2087    | m_axi_gmem0   | interface |          |                                   |
| v2087    | s_axi_control | register  | offset   | name=v2087_1 offset=0x10 range=32 |
| v2087    | s_axi_control | register  | offset   | name=v2087_2 offset=0x14 range=32 |
| v2088    | m_axi_gmem1   | interface |          |                                   |
| v2088    | s_axi_control | register  | offset   | name=v2088_1 offset=0x1c range=32 |
| v2088    | s_axi_control | register  | offset   | name=v2088_2 offset=0x20 range=32 |
| v2089    | m_axi_gmem2   | interface |          |                                   |
| v2089    | s_axi_control | register  | offset   | name=v2089_1 offset=0x28 range=32 |
| v2089    | s_axi_control | register  | offset   | name=v2089_2 offset=0x2c range=32 |
| v2090    | m_axi_gmem3   | interface |          |                                   |
| v2090    | s_axi_control | register  | offset   | name=v2090_1 offset=0x34 range=32 |
| v2090    | s_axi_control | register  | offset   | name=v2090_2 offset=0x38 range=32 |
+----------+---------------+-----------+----------+-----------------------------------+


================================================================
== M_AXI Burst Information
================================================================
 Note: All burst requests might be further partitioned into multiple requests during RTL generation based on max_read_burst_length or max_write_burst_length settings.

* Inferred Burst Summary
+--------------+-----------+--------+-------+-------------------------------+--------------------+
| HW Interface | Direction | Length | Width | Loop                          | Loop Location      |
+--------------+-----------+--------+-------+-------------------------------+--------------------+
| m_axi_gmem0  | read      | 56     | 64    | l_S_load_buf0_load_buf0_l_0   | kernel.cpp:3328:32 |
| m_axi_gmem1  | read      | 256    | 8     | l_S_load_buf1_load_buf1_l_0   | kernel.cpp:3339:32 |
| m_axi_gmem2  | read      | 256    | 8     | l_S_load_buf2_load_buf2_l_0   | kernel.cpp:3350:32 |
| m_axi_gmem3  | write     | 256    | 8     | l_S_store_res3_store_res3_l_0 | kernel.cpp:3361:34 |
+--------------+-----------+--------+-------+-------------------------------+--------------------+

* All M_AXI Variable Accesses
+--------------+----------+--------------------+-----------+--------------+--------+-------------------------------+--------------------+------------+-------------------------------------------------------------------------------------------------------+
| HW Interface | Variable | Access Location    | Direction | Burst Status | Length | Loop                          | Loop Location      | Resolution | Problem                                                                                               |
+--------------+----------+--------------------+-----------+--------------+--------+-------------------------------+--------------------+------------+-------------------------------------------------------------------------------------------------------+
| m_axi_gmem0  | v2071    | kernel.cpp:3330:19 | read      | Widen Fail   |        | l_S_load_buf0_load_buf0_l_0   | kernel.cpp:3328:32 | 214-353    | Could not widen since type i64 size is greater than or equal to the max_widen_bitwidth threshold of 0 |
| m_axi_gmem0  | v2071    | kernel.cpp:3330:19 | read      | Inferred     | 56     | l_S_load_buf0_load_buf0_l_0   | kernel.cpp:3328:32 |            |                                                                                                       |
| m_axi_gmem1  | v2075    | kernel.cpp:3330:19 | read      | Inferred     | 256    | l_S_load_buf1_load_buf1_l_0   | kernel.cpp:3339:32 |            |                                                                                                       |
| m_axi_gmem1  | v2075    | kernel.cpp:3341:17 | read      | Widen Fail   |        | l_S_load_buf1_load_buf1_l_0   | kernel.cpp:3339:32 | 214-353    | Could not widen since type i8 size is greater than or equal to the max_widen_bitwidth threshold of 0  |
| m_axi_gmem2  | v2079    | kernel.cpp:3330:19 | read      | Inferred     | 256    | l_S_load_buf2_load_buf2_l_0   | kernel.cpp:3350:32 |            |                                                                                                       |
| m_axi_gmem2  | v2079    | kernel.cpp:3352:17 | read      | Widen Fail   |        | l_S_load_buf2_load_buf2_l_0   | kernel.cpp:3350:32 | 214-353    | Could not widen since type i8 size is greater than or equal to the max_widen_bitwidth threshold of 0  |
| m_axi_gmem3  | v2084    | kernel.cpp:3364:27 | write     | Widen Fail   |        | l_S_store_res3_store_res3_l_0 | kernel.cpp:3361:34 | 214-353    | Could not widen since type i8 size is greater than or equal to the max_widen_bitwidth threshold of 0  |
| m_axi_gmem3  | v2084    | kernel.cpp:3364:27 | write     | Inferred     | 256    | l_S_store_res3_store_res3_l_0 | kernel.cpp:3361:34 |            |                                                                                                       |
+--------------+----------+--------------------+-----------+--------------+--------+-------------------------------+--------------------+------------+-------------------------------------------------------------------------------------------------------+

    * Resolution URL: docs.xilinx.com/access/sources/dita/topic?Doc_Version=2023.2%20English&url=ug1448-hls-guidance&resourceid=XXX-YYY.html (replace XXX-YYY with column value)

================================================================
== Bind Op Report
================================================================
+------------------------------------------+-----+--------+----------------+-----+-----------+---------+
| Name                                     | DSP | Pragma | Variable       | Op  | Impl      | Latency |
+------------------------------------------+-----+--------+----------------+-----+-----------+---------+
| + tinytpu_isa                            | 15  |        |                |     |           |         |
|  + load_buf0_1                           | 0   |        |                |     |           |         |
|    load_buf0_l_0_fu_158_p2               |     |        | load_buf0_l_0  | add | fabric    | 0       |
|  + load_buf1_1                           | 0   |        |                |     |           |         |
|    load_buf1_l_0_fu_174_p2               |     |        | load_buf1_l_0  | add | fabric    | 0       |
|  + load_buf2_1                           | 0   |        |                |     |           |         |
|    load_buf2_l_0_fu_174_p2               |     |        | load_buf2_l_0  | add | fabric    | 0       |
|  + sequencer_0                           | 3   |        |                |     |           |         |
|   + sequencer_0_Pipeline_VITIS_LOOP_51_1 | 0   |        |                |     |           |         |
|     add_ln51_fu_60_p2                    |     |        | add_ln51       | add | fabric    | 0       |
|   + sequencer_0_Pipeline_VITIS_LOOP_55_2 | 0   |        |                |     |           |         |
|     add_ln55_fu_60_p2                    |     |        | add_ln55       | add | fabric    | 0       |
|   + sequencer_0_Pipeline_VITIS_LOOP_59_3 | 0   |        |                |     |           |         |
|     add_ln59_fu_62_p2                    |     |        | add_ln59       | add | fabric    | 0       |
|   + sequencer_0_Pipeline_VITIS_LOOP_63_4 | 0   |        |                |     |           |         |
|     add_ln63_fu_62_p2                    |     |        | add_ln63       | add | fabric    | 0       |
|   + sequencer_0_Pipeline_VITIS_LOOP_72_5 | 3   |        |                |     |           |         |
|     v36_fu_373_p2                        |     |        | v36            | add | fabric    | 0       |
|     v102_fu_413_p2                       |     |        | v102           | add | fabric    | 0       |
|     v98_fu_543_p2                        |     |        | v98            | add | fabric    | 0       |
|     lp_start_d0                          |     |        | v120           | add | fabric    | 0       |
|     lp_start_d0                          |     |        | v62            | add | fabric    | 0       |
|     v75_fu_433_p2                        |     |        | v75            | add | fabric    | 0       |
|     mul_12s_12s_12_1_1_U18               | 1   |        | v156           | mul | auto      | 0       |
|     v165_fu_634_p2                       |     |        | v165           | add | fabric    | 0       |
|     v173_fu_652_p2                       |     |        | v173           | add | fabric    | 0       |
|     v181_fu_670_p2                       |     |        | v181           | add | fabric    | 0       |
|     v189_fu_688_p2                       |     |        | v189           | add | fabric    | 0       |
|     mul_12s_12s_12_1_1_U19               | 1   |        | v238           | mul | auto      | 0       |
|     v218_fu_706_p2                       |     |        | v218           | add | fabric    | 0       |
|     f1_6_fu_724_p2                       |     |        | f1_6           | add | fabric    | 0       |
|     v234_fu_742_p2                       |     |        | v234           | add | fabric    | 0       |
|     f3_6_fu_760_p2                       |     |        | f3_6           | add | fabric    | 0       |
|     mul_12s_12s_12_1_1_U20               | 1   |        | v291           | mul | auto      | 0       |
|     v271_fu_791_p2                       |     |        | v271           | add | fabric    | 0       |
|     f1_7_fu_807_p2                       |     |        | f1_7           | add | fabric    | 0       |
|     v287_fu_823_p2                       |     |        | v287           | add | fabric    | 0       |
|     f3_7_fu_839_p2                       |     |        | f3_7           | add | fabric    | 0       |
|     lp_start_d0                          |     |        | v339           | add | fabric    | 0       |
|  + dma_ld_0                              | 0   |        |                |     |           |         |
|   + dma_ld_0_Pipeline_VITIS_LOOP_569_1   | 0   |        |                |     |           |         |
|     add_ln569_fu_271_p2                  |     |        | add_ln569      | add | fabric    | 0       |
|     v364_fu_283_p2                       |     |        | v364           | add | fabric    | 0       |
|     add_ln628_fu_412_p2                  |     |        | add_ln628      | add | fabric    | 0       |
|     v399_fu_437_p2                       |     |        | v399           | add | fabric    | 0       |
|  + spm_0                                 | 0   |        |                |     |           |         |
|   + spm_0_Pipeline_VITIS_LOOP_817_1      | 0   |        |                |     |           |         |
|     add_ln817_fu_60_p2                   |     |        | add_ln817      | add | fabric    | 0       |
|   + spm_0_Pipeline_VITIS_LOOP_842_2      | 0   |        |                |     |           |         |
|     add_ln842_fu_178_p2                  |     |        | add_ln842      | add | fabric    | 0       |
|     v562_fu_190_p2                       |     |        | v562           | add | fabric    | 0       |
|     v594_fu_317_p2                       |     |        | v594           | add | fabric    | 0       |
|     v588_fu_322_p2                       |     |        | v588           | add | fabric    | 0       |
|  + vru_0                                 | 0   |        |                |     |           |         |
|   + vru_0_Pipeline_VITIS_LOOP_942_1      | 0   |        |                |     |           |         |
|     add_ln942_fu_60_p2                   |     |        | add_ln942      | add | fabric    | 0       |
|   + vru_0_Pipeline_VITIS_LOOP_979_2      | 0   |        |                |     |           |         |
|     add_ln979_fu_219_p2                  |     |        | add_ln979      | add | fabric    | 0       |
|     v642_fu_228_p2                       |     |        | v642           | add | fabric    | 0       |
|     v668_fu_335_p2                       |     |        | v668           | add | fabric    | 0       |
|     v677_fu_436_p2                       |     |        | v677           | add | fabric    | 0       |
|  + pe_0_0                                | 0   |        |                |     |           |         |
|    add_ln1131_fu_117_p2                  |     |        | add_ln1131     | add | fabric    | 0       |
|   + pe_0_0_Pipeline_VITIS_LOOP_1166_2    | 0   |        |                |     |           |         |
|     add_ln1166_fu_117_p2                 |     |        | add_ln1166     | add | fabric    | 0       |
|     mul_8s_8s_16_1_1_U77                 |     |        | v771           | mul | auto      | 0       |
|  + pe_0_1                                | 0   |        |                |     |           |         |
|    add_ln1233_fu_103_p2                  |     |        | add_ln1233     | add | fabric    | 0       |
|   + pe_0_1_Pipeline_VITIS_LOOP_1260_2    | 0   |        |                |     |           |         |
|     add_ln1260_fu_108_p2                 |     |        | add_ln1260     | add | fabric    | 0       |
|     mul_8s_8s_16_1_1_U92                 |     |        | v824           | mul | auto      | 0       |
|  + pe_1_0                                | 1   |        |                |     |           |         |
|    add_ln1486_fu_121_p2                  |     |        | add_ln1486     | add | fabric    | 0       |
|   + pe_1_0_Pipeline_VITIS_LOOP_1519_2    | 1   |        |                |     |           |         |
|     add_ln1519_fu_131_p2                 |     |        | add_ln1519     | add | fabric    | 0       |
|     mac_muladd_8s_8s_32s_32_4_1_U122     | 1   |        | v989           | mul | dsp_slice | 3       |
|     mac_muladd_8s_8s_32s_32_4_1_U122     | 1   |        | v993           | add | dsp_slice | 3       |
|  + pe_0_2                                | 0   |        |                |     |           |         |
|    add_ln1319_fu_103_p2                  |     |        | add_ln1319     | add | fabric    | 0       |
|   + pe_0_2_Pipeline_VITIS_LOOP_1346_2    | 0   |        |                |     |           |         |
|     add_ln1346_fu_108_p2                 |     |        | add_ln1346     | add | fabric    | 0       |
|     mul_8s_8s_16_1_1_U103                |     |        | v877           | mul | auto      | 0       |
|  + pe_1_1                                | 1   |        |                |     |           |         |
|    add_ln1589_fu_107_p2                  |     |        | add_ln1589     | add | fabric    | 0       |
|   + pe_1_1_Pipeline_VITIS_LOOP_1616_2    | 1   |        |                |     |           |         |
|     add_ln1616_fu_118_p2                 |     |        | add_ln1616     | add | fabric    | 0       |
|     mac_muladd_8s_8s_32s_32_4_1_U139     | 1   |        | v1044          | mul | dsp_slice | 3       |
|     mac_muladd_8s_8s_32s_32_4_1_U139     | 1   |        | v1048          | add | dsp_slice | 3       |
|  + pe_2_0                                | 1   |        |                |     |           |         |
|    add_ln1850_fu_121_p2                  |     |        | add_ln1850     | add | fabric    | 0       |
|   + pe_2_0_Pipeline_VITIS_LOOP_1881_2    | 1   |        |                |     |           |         |
|     add_ln1881_fu_131_p2                 |     |        | add_ln1881     | add | fabric    | 0       |
|     mac_muladd_8s_8s_32s_32_4_1_U175     | 1   |        | v1212          | mul | dsp_slice | 3       |
|     mac_muladd_8s_8s_32s_32_4_1_U175     | 1   |        | v1216          | add | dsp_slice | 3       |
|  + pe_0_3                                | 0   |        |                |     |           |         |
|    add_ln1401_fu_87_p2                   |     |        | add_ln1401     | add | fabric    | 0       |
|   + pe_0_3_Pipeline_VITIS_LOOP_1424_2    | 0   |        |                |     |           |         |
|     add_ln1424_fu_97_p2                  |     |        | add_ln1424     | add | fabric    | 0       |
|     mul_8s_8s_16_1_1_U114                |     |        | v925           | mul | auto      | 0       |
|  + pe_1_2                                | 1   |        |                |     |           |         |
|    add_ln1678_fu_107_p2                  |     |        | add_ln1678     | add | fabric    | 0       |
|   + pe_1_2_Pipeline_VITIS_LOOP_1705_2    | 1   |        |                |     |           |         |
|     add_ln1705_fu_118_p2                 |     |        | add_ln1705     | add | fabric    | 0       |
|     mac_muladd_8s_8s_32s_32_4_1_U152     | 1   |        | v1099          | mul | dsp_slice | 3       |
|     mac_muladd_8s_8s_32s_32_4_1_U152     | 1   |        | v1103          | add | dsp_slice | 3       |
|  + pe_2_1                                | 1   |        |                |     |           |         |
|    add_ln1951_fu_107_p2                  |     |        | add_ln1951     | add | fabric    | 0       |
|   + pe_2_1_Pipeline_VITIS_LOOP_1978_2    | 1   |        |                |     |           |         |
|     add_ln1978_fu_118_p2                 |     |        | add_ln1978     | add | fabric    | 0       |
|     mac_muladd_8s_8s_32s_32_4_1_U191     | 1   |        | v1267          | mul | dsp_slice | 3       |
|     mac_muladd_8s_8s_32s_32_4_1_U191     | 1   |        | v1271          | add | dsp_slice | 3       |
|  + pe_3_0                                | 1   |        |                |     |           |         |
|    add_ln2208_fu_101_p2                  |     |        | add_ln2208     | add | fabric    | 0       |
|   + pe_3_0_Pipeline_VITIS_LOOP_2235_2    | 1   |        |                |     |           |         |
|     add_ln2235_fu_122_p2                 |     |        | add_ln2235     | add | fabric    | 0       |
|     mac_muladd_8s_8s_32s_32_4_1_U227     | 1   |        | v1429          | mul | dsp_slice | 3       |
|     mac_muladd_8s_8s_32s_32_4_1_U227     | 1   |        | v1433          | add | dsp_slice | 3       |
|  + pe_1_3                                | 1   |        |                |     |           |         |
|    add_ln1763_fu_91_p2                   |     |        | add_ln1763     | add | fabric    | 0       |
|   + pe_1_3_Pipeline_VITIS_LOOP_1786_2    | 1   |        |                |     |           |         |
|     add_ln1786_fu_107_p2                 |     |        | add_ln1786     | add | fabric    | 0       |
|     mac_muladd_8s_8s_32s_32_4_1_U165     | 1   |        | v1149          | mul | dsp_slice | 3       |
|     mac_muladd_8s_8s_32s_32_4_1_U165     | 1   |        | v1153          | add | dsp_slice | 3       |
|  + pe_2_2                                | 1   |        |                |     |           |         |
|    add_ln2040_fu_107_p2                  |     |        | add_ln2040     | add | fabric    | 0       |
|   + pe_2_2_Pipeline_VITIS_LOOP_2067_2    | 1   |        |                |     |           |         |
|     add_ln2067_fu_118_p2                 |     |        | add_ln2067     | add | fabric    | 0       |
|     mac_muladd_8s_8s_32s_32_4_1_U204     | 1   |        | v1322          | mul | dsp_slice | 3       |
|     mac_muladd_8s_8s_32s_32_4_1_U204     | 1   |        | v1326          | add | dsp_slice | 3       |
|  + pe_3_1                                | 1   |        |                |     |           |         |
|    add_ln2313_fu_111_p2                  |     |        | add_ln2313     | add | fabric    | 0       |
|   + pe_3_1_Pipeline_VITIS_LOOP_2340_2    | 1   |        |                |     |           |         |
|     add_ln2340_fu_134_p2                 |     |        | add_ln2340     | add | fabric    | 0       |
|     mac_muladd_8s_8s_32s_32_4_1_U240     | 1   |        | v1489          | mul | dsp_slice | 3       |
|     mac_muladd_8s_8s_32s_32_4_1_U240     | 1   |        | v1493          | add | dsp_slice | 3       |
|  + pe_2_3                                | 1   |        |                |     |           |         |
|    add_ln2125_fu_91_p2                   |     |        | add_ln2125     | add | fabric    | 0       |
|   + pe_2_3_Pipeline_VITIS_LOOP_2148_2    | 1   |        |                |     |           |         |
|     add_ln2148_fu_107_p2                 |     |        | add_ln2148     | add | fabric    | 0       |
|     mac_muladd_8s_8s_32s_32_4_1_U217     | 1   |        | v1372          | mul | dsp_slice | 3       |
|     mac_muladd_8s_8s_32s_32_4_1_U217     | 1   |        | v1376          | add | dsp_slice | 3       |
|  + pe_3_2                                | 1   |        |                |     |           |         |
|    add_ln2414_fu_111_p2                  |     |        | add_ln2414     | add | fabric    | 0       |
|   + pe_3_2_Pipeline_VITIS_LOOP_2441_2    | 1   |        |                |     |           |         |
|     add_ln2441_fu_134_p2                 |     |        | add_ln2441     | add | fabric    | 0       |
|     mac_muladd_8s_8s_32s_32_4_1_U255     | 1   |        | v1550          | mul | dsp_slice | 3       |
|     mac_muladd_8s_8s_32s_32_4_1_U255     | 1   |        | v1554          | add | dsp_slice | 3       |
|  + pe_3_3                                | 1   |        |                |     |           |         |
|    add_ln2511_fu_95_p2                   |     |        | add_ln2511     | add | fabric    | 0       |
|   + pe_3_3_Pipeline_VITIS_LOOP_2534_2    | 1   |        |                |     |           |         |
|     add_ln2534_fu_123_p2                 |     |        | add_ln2534     | add | fabric    | 0       |
|     mac_muladd_8s_8s_32s_32_4_1_U270     | 1   |        | v1606          | mul | dsp_slice | 3       |
|     mac_muladd_8s_8s_32s_32_4_1_U270     | 1   |        | v1610          | add | dsp_slice | 3       |
|  + accu_0                                | 0   |        |                |     |           |         |
|    add_ln2601_fu_197_p2                  |     |        | add_ln2601     | add | fabric    | 0       |
|   + accu_0_Pipeline_VITIS_LOOP_2586_1    | 0   |        |                |     |           |         |
|     add_ln2586_fu_62_p2                  |     |        | add_ln2586     | add | fabric    | 0       |
|   + accu_0_Pipeline_VITIS_LOOP_2793_4    | 0   |        |                |     |           |         |
|     v1749_2_fu_185_p2                    |     |        | v1749_2        | add | fabric    | 0       |
|     v1754_fu_156_p2                      |     |        | v1754          | add | fabric    | 0       |
|     v1760_fu_166_p2                      |     |        | v1760          | add | fabric    | 0       |
|     v1775_fu_227_p2                      |     |        | v1775          | add | fabric    | 0       |
|     v1791_fu_253_p2                      |     |        | v1791          | add | fabric    | 0       |
|     v1807_fu_279_p2                      |     |        | v1807          | add | fabric    | 0       |
|     v1823_fu_305_p2                      |     |        | v1823          | add | fabric    | 0       |
|     v1832_fu_311_p2                      |     |        | v1832          | add | fabric    | 0       |
|   + accu_0_Pipeline_VITIS_LOOP_3040_6    | 0   |        |                |     |           |         |
|     v1895_2_fu_132_p2                    |     |        | v1895_2        | add | fabric    | 0       |
|     v1900_fu_138_p2                      |     |        | v1900          | add | fabric    | 0       |
|   + accu_0_Pipeline_VITIS_LOOP_2932_5    | 0   |        |                |     |           |         |
|     v1837_2_fu_164_p2                    |     |        | v1837_2        | add | fabric    | 0       |
|     v1842_fu_153_p2                      |     |        | v1842          | add | fabric    | 0       |
|     v1890_fu_314_p2                      |     |        | v1890          | add | fabric    | 0       |
|   + accu_0_Pipeline_VITIS_LOOP_2652_3    | 0   |        |                |     |           |         |
|     v1662_2_fu_129_p2                    |     |        | v1662_2        | add | fabric    | 0       |
|     v1672_fu_135_p2                      |     |        | v1672          | add | fabric    | 0       |
|     v1686_fu_166_p2                      |     |        | v1686          | add | fabric    | 0       |
|     v1702_fu_192_p2                      |     |        | v1702          | add | fabric    | 0       |
|     v1718_fu_218_p2                      |     |        | v1718          | add | fabric    | 0       |
|     v1734_fu_244_p2                      |     |        | v1734          | add | fabric    | 0       |
|  + dma_st_0                              | 0   |        |                |     |           |         |
|   + dma_st_0_Pipeline_VITIS_LOOP_3191_1  | 0   |        |                |     |           |         |
|     add_ln3191_fu_215_p2                 |     |        | add_ln3191     | add | fabric    | 0       |
|     v1976_fu_227_p2                      |     |        | v1976          | add | fabric    | 0       |
|     add_ln3247_fu_333_p2                 |     |        | add_ln3247     | add | fabric    | 0       |
|     v2010_fu_358_p2                      |     |        | v2010          | add | fabric    | 0       |
|  + store_res3_1                          | 0   |        |                |     |           |         |
|    store_res3_l_0_fu_198_p2              |     |        | store_res3_l_0 | add | fabric    | 0       |
+------------------------------------------+-----+--------+----------------+-----+-----------+---------+


================================================================
== Storage Report
================================================================
+-------------------+-----------------+-------------+------+------+--------+----------+------+---------+------------------+
| Name              | Usage           | Type        | BRAM | URAM | Pragma | Variable | Impl | Latency | Bitwidth, Depth, |
|                   |                 |             |      |      |        |          |      |         | Banks            |
+-------------------+-----------------+-------------+------+------+--------+----------+------+---------+------------------+
| + tinytpu_isa     |                 |             | 16   | 0    |        |          |      |         |                  |
|   control_s_axi_U | interface       | s_axilite   |      |      |        |          |      |         |                  |
|   gmem0_m_axi_U   | interface       | m_axi       | 4    |      |        |          |      |         |                  |
|   gmem1_m_axi_U   | interface       | m_axi       | 2    |      |        |          |      |         |                  |
|   gmem2_m_axi_U   | interface       | m_axi       | 2    |      |        |          |      |         |                  |
|   gmem3_m_axi_U   | interface       | m_axi       | 2    |      |        |          |      |         |                  |
|   v2090_c_U       | fifo channel    | scalar prop |      |      |        | v2090_c  | srl  | 0       | 64, 16, 1        |
|   buf0_U          | ram_s2p channel | pipo        | 2    |      |        | buf0     | auto | 1       | 64, 56, 2        |
|   buf1_U          | ram_s2p channel | pipo        |      |      |        | buf1     | auto | 1       | 8, 128, 2        |
|   buf1_1_U        | ram_s2p channel | pipo        |      |      |        | buf1_1   | auto | 1       | 8, 128, 2        |
|   buf2_U          | ram_s2p channel | pipo        |      |      |        | buf2     | auto | 1       | 8, 128, 2        |
|   buf2_1_U        | ram_s2p channel | pipo        |      |      |        | buf2_1   | auto | 1       | 8, 128, 2        |
|   v2095_U         | fifo channel    | stream      |      |      |        | v2095    | srl  | 0       | 64, 8, 1         |
|   v2096_U         | fifo channel    | stream      |      |      |        | v2096    | srl  | 0       | 64, 8, 1         |
|   v2097_U         | fifo channel    | stream      |      |      |        | v2097    | srl  | 0       | 64, 8, 1         |
|   v2098_U         | fifo channel    | stream      |      |      |        | v2098    | srl  | 0       | 64, 8, 1         |
|   v2099_U         | fifo channel    | stream      |      |      |        | v2099    | srl  | 0       | 64, 8, 1         |
|   v2100_U         | fifo channel    | stream      |      |      |        | v2100    | srl  | 0       | 32, 8, 1         |
|   v2101_U         | fifo channel    | stream      |      |      |        | v2101    | srl  | 0       | 32, 8, 1         |
|   v2103_U         | fifo channel    | stream      |      |      |        | v2103    | srl  | 0       | 32, 8, 1         |
|   v2123_U         | fifo channel    | stream      |      |      |        | v2123    | srl  | 0       | 32, 8, 1         |
|   v2104_U         | fifo channel    | stream      |      |      |        | v2104    | srl  | 0       | 32, 8, 1         |
|   v2107_U         | fifo channel    | stream      |      |      |        | v2107    | srl  | 0       | 32, 8, 1         |
|   v2124_U         | fifo channel    | stream      |      |      |        | v2124    | srl  | 0       | 32, 8, 1         |
|   v2143_U         | fifo channel    | stream      |      |      |        | v2143    | srl  | 0       | 32, 8, 1         |
|   v2127_U         | fifo channel    | stream      |      |      |        | v2127    | srl  | 0       | 8, 8, 1          |
|   v2108_U         | fifo channel    | stream      |      |      |        | v2108    | srl  | 0       | 32, 8, 1         |
|   v2144_U         | fifo channel    | stream      |      |      |        | v2144    | srl  | 0       | 32, 8, 1         |
|   v2128_U         | fifo channel    | stream      |      |      |        | v2128    | srl  | 0       | 8, 8, 1          |
|   v2109_U         | fifo channel    | stream      |      |      |        | v2109    | srl  | 0       | 32, 8, 1         |
|   v2145_U         | fifo channel    | stream      |      |      |        | v2145    | srl  | 0       | 32, 8, 1         |
|   v2129_U         | fifo channel    | stream      |      |      |        | v2129    | srl  | 0       | 8, 8, 1          |
|   v2146_U         | fifo channel    | stream      |      |      |        | v2146    | srl  | 0       | 32, 8, 1         |
|   v2105_U         | fifo channel    | stream      |      |      |        | v2105    | srl  | 0       | 32, 8, 1         |
|   v2111_U         | fifo channel    | stream      |      |      |        | v2111    | srl  | 0       | 32, 8, 1         |
|   v2125_U         | fifo channel    | stream      |      |      |        | v2125    | srl  | 0       | 32, 8, 1         |
|   v2147_U         | fifo channel    | stream      |      |      |        | v2147    | srl  | 0       | 32, 8, 1         |
|   v2131_U         | fifo channel    | stream      |      |      |        | v2131    | srl  | 0       | 8, 8, 1          |
|   v2112_U         | fifo channel    | stream      |      |      |        | v2112    | srl  | 0       | 32, 8, 1         |
|   v2148_U         | fifo channel    | stream      |      |      |        | v2148    | srl  | 0       | 32, 8, 1         |
|   v2132_U         | fifo channel    | stream      |      |      |        | v2132    | srl  | 0       | 8, 8, 1          |
|   v2113_U         | fifo channel    | stream      |      |      |        | v2113    | srl  | 0       | 32, 8, 1         |
|   v2149_U         | fifo channel    | stream      |      |      |        | v2149    | srl  | 0       | 32, 8, 1         |
|   v2133_U         | fifo channel    | stream      |      |      |        | v2133    | srl  | 0       | 8, 8, 1          |
|   v2150_U         | fifo channel    | stream      |      |      |        | v2150    | srl  | 0       | 32, 8, 1         |
|   v2106_U         | fifo channel    | stream      |      |      |        | v2106    | srl  | 0       | 32, 8, 1         |
|   v2115_U         | fifo channel    | stream      |      |      |        | v2115    | srl  | 0       | 32, 8, 1         |
|   v2126_U         | fifo channel    | stream      |      |      |        | v2126    | srl  | 0       | 32, 8, 1         |
|   v2151_U         | fifo channel    | stream      |      |      |        | v2151    | srl  | 0       | 32, 8, 1         |
|   v2135_U         | fifo channel    | stream      |      |      |        | v2135    | srl  | 0       | 8, 8, 1          |
|   v2116_U         | fifo channel    | stream      |      |      |        | v2116    | srl  | 0       | 32, 8, 1         |
|   v2152_U         | fifo channel    | stream      |      |      |        | v2152    | srl  | 0       | 32, 8, 1         |
|   v2136_U         | fifo channel    | stream      |      |      |        | v2136    | srl  | 0       | 8, 8, 1          |
|   v2117_U         | fifo channel    | stream      |      |      |        | v2117    | srl  | 0       | 32, 8, 1         |
|   v2153_U         | fifo channel    | stream      |      |      |        | v2153    | srl  | 0       | 32, 8, 1         |
|   v2137_U         | fifo channel    | stream      |      |      |        | v2137    | srl  | 0       | 8, 8, 1          |
|   v2154_U         | fifo channel    | stream      |      |      |        | v2154    | srl  | 0       | 32, 8, 1         |
|   v2119_U         | fifo channel    | stream      |      |      |        | v2119    | srl  | 0       | 32, 8, 1         |
|   v2159_U         | fifo channel    | stream      |      |      |        | v2159    | srl  | 0       | 128, 8, 1        |
|   v2139_U         | fifo channel    | stream      |      |      |        | v2139    | srl  | 0       | 8, 8, 1          |
|   v2120_U         | fifo channel    | stream      |      |      |        | v2120    | srl  | 0       | 32, 8, 1         |
|   v2160_U         | fifo channel    | stream      |      |      |        | v2160    | srl  | 0       | 128, 8, 1        |
|   v2140_U         | fifo channel    | stream      |      |      |        | v2140    | srl  | 0       | 8, 8, 1          |
|   v2121_U         | fifo channel    | stream      |      |      |        | v2121    | srl  | 0       | 32, 8, 1         |
|   v2161_U         | fifo channel    | stream      |      |      |        | v2161    | srl  | 0       | 128, 8, 1        |
|   v2141_U         | fifo channel    | stream      |      |      |        | v2141    | srl  | 0       | 8, 8, 1          |
|   v2162_U         | fifo channel    | stream      |      |      |        | v2162    | srl  | 0       | 128, 8, 1        |
|   v2102_U         | fifo channel    | stream      |      |      |        | v2102    | srl  | 0       | 32, 8, 1         |
|   buf3_U          | ram_t2p channel | pipo        |      |      |        | buf3     | auto | 1       | 8, 128, 2        |
|   buf3_1_U        | ram_t2p channel | pipo        |      |      |        | buf3_1   | auto | 1       | 8, 128, 2        |
|  + sequencer_0    |                 |             | 0    | 0    |        |          |      |         |                  |
|    lp_start_U     | ram_1p array    |             |      |      |        | lp_start | auto | 1       | 32, 4, 1         |
|    lp_iv_U        | ram_1p array    |             |      |      |        | lp_iv    | auto | 1       | 32, 4, 1         |
|    lp_trip_U      | ram_1p array    |             |      |      |        | lp_trip  | auto | 1       | 8, 4, 1          |
|    iv_now_U       | rom_np array    |             |      |      |        | iv_now   | auto | 1       | 12, 4, 1         |
|  + spm_0          |                 |             | 1    | 0    |        |          |      |         |                  |
|    spad_U         | ram_1p array    |             | 1    |      |        | spad     | auto | 1       | 32, 512, 1       |
|  + vru_0          |                 |             | 1    | 0    |        |          |      |         |                  |
|    vr_U           | ram_1p array    |             | 1    |      |        | vr       | auto | 1       | 32, 256, 1       |
|  + accu_0         |                 |             | 4    | 0    |        |          |      |         |                  |
|    ar_U           | rom_np array    |             | 4    |      |        | ar       | auto | 1       | 128, 128, 1      |
+-------------------+-----------------+-------------+------+------+--------+----------+------+---------+------------------+


================================================================
== Pragma Report
================================================================
* Valid Pragma Syntax
+-----------+------------------------------------------------------+---------------------------------------+
| Type      | Options                                              | Location                              |
+-----------+------------------------------------------------------+---------------------------------------+
| pipeline  | II=1 rewind                                          | kernel.cpp:3329 in load_buf0          |
| pipeline  | II=1 rewind                                          | kernel.cpp:3340 in load_buf1          |
| pipeline  | II=1 rewind                                          | kernel.cpp:3351 in load_buf2          |
| pipeline  | II=1 rewind                                          | kernel.cpp:3362 in store_res3         |
| interface | m_axi port=v2087 offset=slave bundle=gmem0 depth=56  | kernel.cpp:3375 in tinytpu_isa, v2087 |
| interface | m_axi port=v2088 offset=slave bundle=gmem1 depth=256 | kernel.cpp:3376 in tinytpu_isa, v2088 |
| interface | m_axi port=v2089 offset=slave bundle=gmem2 depth=256 | kernel.cpp:3377 in tinytpu_isa, v2089 |
| interface | m_axi port=v2090 offset=slave bundle=gmem3 depth=256 | kernel.cpp:3378 in tinytpu_isa, v2090 |
| dataflow  |                                                      | kernel.cpp:3379 in tinytpu_isa        |
| stream    | variable=v2095 depth=8                               | kernel.cpp:3388 in tinytpu_isa, v2095 |
| stream    | variable=v2096 depth=8                               | kernel.cpp:3390 in tinytpu_isa, v2096 |
| stream    | variable=v2097 depth=8                               | kernel.cpp:3392 in tinytpu_isa, v2097 |
| stream    | variable=v2098 depth=8                               | kernel.cpp:3394 in tinytpu_isa, v2098 |
| stream    | variable=v2099 depth=8                               | kernel.cpp:3396 in tinytpu_isa, v2099 |
| stream    | variable=v2100 depth=8                               | kernel.cpp:3398 in tinytpu_isa, v2100 |
| stream    | variable=v2101 depth=8                               | kernel.cpp:3400 in tinytpu_isa, v2101 |
| stream    | variable=v2102 depth=8                               | kernel.cpp:3402 in tinytpu_isa, v2102 |
| stream    | variable=v2103 depth=8                               | kernel.cpp:3404 in tinytpu_isa, v2103 |
| stream    | variable=v2104 depth=8                               | kernel.cpp:3406 in tinytpu_isa, v2104 |
| stream    | variable=v2105 depth=8                               | kernel.cpp:3408 in tinytpu_isa, v2105 |
| stream    | variable=v2106 depth=8                               | kernel.cpp:3410 in tinytpu_isa, v2106 |
| stream    | variable=v2107 depth=8                               | kernel.cpp:3412 in tinytpu_isa, v2107 |
| stream    | variable=v2108 depth=8                               | kernel.cpp:3414 in tinytpu_isa, v2108 |
| stream    | variable=v2109 depth=8                               | kernel.cpp:3416 in tinytpu_isa, v2109 |
| stream    | variable=v2110 depth=8                               | kernel.cpp:3418 in tinytpu_isa, v2110 |
| stream    | variable=v2111 depth=8                               | kernel.cpp:3420 in tinytpu_isa, v2111 |
| stream    | variable=v2112 depth=8                               | kernel.cpp:3422 in tinytpu_isa, v2112 |
| stream    | variable=v2113 depth=8                               | kernel.cpp:3424 in tinytpu_isa, v2113 |
| stream    | variable=v2114 depth=8                               | kernel.cpp:3426 in tinytpu_isa, v2114 |
| stream    | variable=v2115 depth=8                               | kernel.cpp:3428 in tinytpu_isa, v2115 |
| stream    | variable=v2116 depth=8                               | kernel.cpp:3430 in tinytpu_isa, v2116 |
| stream    | variable=v2117 depth=8                               | kernel.cpp:3432 in tinytpu_isa, v2117 |
| stream    | variable=v2118 depth=8                               | kernel.cpp:3434 in tinytpu_isa, v2118 |
| stream    | variable=v2119 depth=8                               | kernel.cpp:3436 in tinytpu_isa, v2119 |
| stream    | variable=v2120 depth=8                               | kernel.cpp:3438 in tinytpu_isa, v2120 |
| stream    | variable=v2121 depth=8                               | kernel.cpp:3440 in tinytpu_isa, v2121 |
| stream    | variable=v2122 depth=8                               | kernel.cpp:3442 in tinytpu_isa, v2122 |
| stream    | variable=v2123 depth=8                               | kernel.cpp:3444 in tinytpu_isa, v2123 |
| stream    | variable=v2124 depth=8                               | kernel.cpp:3446 in tinytpu_isa, v2124 |
| stream    | variable=v2125 depth=8                               | kernel.cpp:3448 in tinytpu_isa, v2125 |
| stream    | variable=v2126 depth=8                               | kernel.cpp:3450 in tinytpu_isa, v2126 |
| stream    | variable=v2127 depth=8                               | kernel.cpp:3452 in tinytpu_isa, v2127 |
| stream    | variable=v2128 depth=8                               | kernel.cpp:3454 in tinytpu_isa, v2128 |
| stream    | variable=v2129 depth=8                               | kernel.cpp:3456 in tinytpu_isa, v2129 |
| stream    | variable=v2130 depth=8                               | kernel.cpp:3458 in tinytpu_isa, v2130 |
| stream    | variable=v2131 depth=8                               | kernel.cpp:3460 in tinytpu_isa, v2131 |
| stream    | variable=v2132 depth=8                               | kernel.cpp:3462 in tinytpu_isa, v2132 |
| stream    | variable=v2133 depth=8                               | kernel.cpp:3464 in tinytpu_isa, v2133 |
| stream    | variable=v2134 depth=8                               | kernel.cpp:3466 in tinytpu_isa, v2134 |
| stream    | variable=v2135 depth=8                               | kernel.cpp:3468 in tinytpu_isa, v2135 |
| stream    | variable=v2136 depth=8                               | kernel.cpp:3470 in tinytpu_isa, v2136 |
| stream    | variable=v2137 depth=8                               | kernel.cpp:3472 in tinytpu_isa, v2137 |
| stream    | variable=v2138 depth=8                               | kernel.cpp:3474 in tinytpu_isa, v2138 |
| stream    | variable=v2139 depth=8                               | kernel.cpp:3476 in tinytpu_isa, v2139 |
| stream    | variable=v2140 depth=8                               | kernel.cpp:3478 in tinytpu_isa, v2140 |
| stream    | variable=v2141 depth=8                               | kernel.cpp:3480 in tinytpu_isa, v2141 |
| stream    | variable=v2142 depth=8                               | kernel.cpp:3482 in tinytpu_isa, v2142 |
| stream    | variable=v2143 depth=8                               | kernel.cpp:3484 in tinytpu_isa, v2143 |
| stream    | variable=v2144 depth=8                               | kernel.cpp:3486 in tinytpu_isa, v2144 |
| stream    | variable=v2145 depth=8                               | kernel.cpp:3488 in tinytpu_isa, v2145 |
| stream    | variable=v2146 depth=8                               | kernel.cpp:3490 in tinytpu_isa, v2146 |
| stream    | variable=v2147 depth=8                               | kernel.cpp:3492 in tinytpu_isa, v2147 |
| stream    | variable=v2148 depth=8                               | kernel.cpp:3494 in tinytpu_isa, v2148 |
| stream    | variable=v2149 depth=8                               | kernel.cpp:3496 in tinytpu_isa, v2149 |
| stream    | variable=v2150 depth=8                               | kernel.cpp:3498 in tinytpu_isa, v2150 |
| stream    | variable=v2151 depth=8                               | kernel.cpp:3500 in tinytpu_isa, v2151 |
| stream    | variable=v2152 depth=8                               | kernel.cpp:3502 in tinytpu_isa, v2152 |
| stream    | variable=v2153 depth=8                               | kernel.cpp:3504 in tinytpu_isa, v2153 |
| stream    | variable=v2154 depth=8                               | kernel.cpp:3506 in tinytpu_isa, v2154 |
| stream    | variable=v2155 depth=8                               | kernel.cpp:3508 in tinytpu_isa, v2155 |
| stream    | variable=v2156 depth=8                               | kernel.cpp:3510 in tinytpu_isa, v2156 |
| stream    | variable=v2157 depth=8                               | kernel.cpp:3512 in tinytpu_isa, v2157 |
| stream    | variable=v2158 depth=8                               | kernel.cpp:3514 in tinytpu_isa, v2158 |
| stream    | variable=v2159 depth=8                               | kernel.cpp:3516 in tinytpu_isa, v2159 |
| stream    | variable=v2160 depth=8                               | kernel.cpp:3518 in tinytpu_isa, v2160 |
| stream    | variable=v2161 depth=8                               | kernel.cpp:3520 in tinytpu_isa, v2161 |
| stream    | variable=v2162 depth=8                               | kernel.cpp:3522 in tinytpu_isa, v2162 |
+-----------+------------------------------------------------------+---------------------------------------+


