Warning: Layer 'metal1' is missing the optional 'edge capacitance' attribute. (PSYN-101)
Warning: Layer 'metal2' is missing the optional 'edge capacitance' attribute. (PSYN-101)
Warning: Layer 'metal3' is missing the optional 'edge capacitance' attribute. (PSYN-101)
Warning: Layer 'metal4' is missing the optional 'edge capacitance' attribute. (PSYN-101)
Warning: Layer 'metal5' is missing the optional 'edge capacitance' attribute. (PSYN-101)
Warning: Layer 'metal6' is missing the optional 'edge capacitance' attribute. (PSYN-101)
Warning: Layer 'metal7' is missing the optional 'edge capacitance' attribute. (PSYN-101)
Warning: Layer 'metal8' is missing the optional 'edge capacitance' attribute. (PSYN-101)
Warning: Layer 'metal9' is missing the optional 'edge capacitance' attribute. (PSYN-101)
Warning: Layer 'metal10' is missing the optional 'edge capacitance' attribute. (PSYN-101)
 
****************************************
Report : area
Design : Gemmini
Version: W-2024.09
Date   : Tue Sep 22 16:37:09 2026
****************************************

Library(s) Used:

    NangateOpenCellLibrary (File: /scratch/users/sk3463/build_gemmini_DIM4_full/4-synopsys-dc-synthesis/inputs/adk/stdcells.db)

Number of ports:                        56355
Number of nets:                        475160
Number of cells:                       420352
Number of combinational cells:         264174
Number of sequential cells:            143364
Number of macros/black boxes:               0
Number of buf/inv:                      42793
Number of references:                   12641

Combinational area:             349404.303614
Buf/Inv area:                    28326.073796
Noncombinational area:          641533.724706
Macro/Black Box area:                0.000000
Net Interconnect area:      undefined  (Wire load has zero net area)

Total cell area:                990938.028320
Total area:                 undefined

