 
****************************************
Report : area
Design : add_0
Version: W-2024.09
Date   : Fri Oct  2 00:30:56 2026
****************************************

Information: Updating design information... (UID-85)
Library(s) Used:

    NangateOpenCellLibrary (File: /scratch/users/sk3463/build_T4_MAXDIM16_shipped_baseline/1-freepdk-45nm/view-standard/stdcells.db)

Number of ports:                           63
Number of nets:                           838
Number of cells:                          778
Number of combinational cells:            721
Number of sequential cells:                53
Number of macros/black boxes:               0
Number of buf/inv:                        159
Number of references:                      40

Combinational area:                772.198004
Buf/Inv area:                       90.440000
Noncombinational area:             277.970009
Macro/Black Box area:                0.000000
Net Interconnect area:      undefined  (Wire load has zero net area)

Total cell area:                  1050.168012
Total area:                 undefined
1
